# [2026-09-14T04:05:48+00:00] score__pt_mismatch: /workspace/scimt/.venv/bin/python /workspace/scimt/experiments/improved_midtraining/ekfac_dataset_attribution_v1/pod/score_eft_rows.py
# env: {"PYTHONUNBUFFERED": "1", "PYTHONFAULTHANDLER": "1", "PYTORCH_CUDA_ALLOC_CONF": "expandable_segments:True", "TOKENIZERS_PARALLELISM": "false", "SCIMT_RUN_ID": "20260913T224535Z", "CUDA_VISIBLE_DEVICES": "0,1,2,3", "HF_HUB_OFFLINE": "1", "HF_HOME": "/workspace/hf", "SCIMT_EKFAC_SCORE_EFT_ROWS_CONFIG": "/workspace/attribution/evidence/configs/score__pt_mismatch.json"}
[04:05:49] score_eft_rows mode=pt_mismatch model=google/gemma-3-12b-pt tokenizer=google/gemma-3-12b-it
[04:06:08] 6000 rows rendered; {"ambiguous": {"rows": 1500, "n_tokens_mean": 462.038}, "ambiguous_wrong": {"rows": 1500, "n_tokens_mean": 462.036}, "charter": {"rows": 1500, "n_tokens_mean": 462.63866666666667}, "coin": {"rows": 1500, "n_tokens_mean": 462.62466666666666}}; max 488 tokens
[04:06:08] pass pt_mismatch: 400 rows (episode (all rows of each chosen episode), rows_filter=100, episode_seed=20260913)
`torch_dtype` is deprecated! Use `dtype` instead!
Loading weights:   0%|          | 0/1065 [00:00<?, ?it/s]Loading weights:  27%|██▋       | 290/1065 [00:00<00:00, 2830.62it/s]Loading weights:  56%|█████▌    | 592/1065 [00:00<00:00, 2895.75it/s]Loading weights:  83%|████████▎ | 882/1065 [00:00<00:00, 2787.41it/s]Loading weights: 100%|██████████| 1065/1065 [00:00<00:00, 2880.39it/s]
[04:06:18] manifest dad45787737b included=625 numel=10759155456
[04:06:18] cuda:1: 149.6 GB free of 150.1 GB; budget 130.0 GB
[04:06:18] cuda:2: 149.6 GB free of 150.1 GB; budget 130.0 GB
[04:06:18] cuda:3: 149.6 GB free of 150.1 GB; budget 130.0 GB
[04:06:18] 
  device  params           numel   K  resident    grad  scratch    total   budget fits
  cuda:1     208   3,586,383,872  12     86.1G    7.2G     3.5G    96.7G   130.0G yes
  cuda:2     208   3,586,383,872  12     86.1G    7.2G     3.5G    96.7G   130.0G yes
  cuda:3     209   3,586,387,712  12     86.1G    7.2G     3.5G    96.7G   130.0G yes
/workspace/scimt/experiments/improved_midtraining/ekfac_dataset_attribution_v1/pod/score_eft_rows.py:810: UserWarning: The given NumPy array is not writable, and PyTorch does not support non-writable tensors. This means writing to this tensor will result in undefined behavior. You may want to copy the array to protect its data or make it writable before converting it to a tensor. This type of warning will be suppressed for the rest of this program. (Triggered internally at /pytorch/torch/csrc/utils/tensor_numpy.cpp:213.)
  staging = torch.from_numpy(window).to(shard.device)
[04:06:25] staged dolmino__gdp__all in 5.1s
[04:06:36] staged charter_worked__gdp__all in 11.0s
[04:06:47] staged charter_noex__gdp__all in 11.0s
[04:06:58] staged coin__gdp__all in 11.0s
[04:07:09] staged coin_worked__gdp__all in 10.9s
[04:07:20] staged coin_noex__gdp__all in 11.0s
[04:07:30] staged dolmino__inv0.1__all in 11.0s
[04:07:41] staged charter_worked__inv0.1__all in 11.0s
[04:07:52] staged charter_noex__inv0.1__all in 11.0s
[04:08:03] staged coin__inv0.1__all in 11.0s
[04:08:14] staged coin_worked__inv0.1__all in 11.0s
[04:08:25] staged coin_noex__inv0.1__all in 11.0s
[04:08:27] vector norms {"dolmino__gdp__all": "1.6279e+05", "charter_worked__gdp__all": "2.7044e+05", "charter_noex__gdp__all": "2.9680e+05", "coin__gdp__all": "2.5818e+05", "coin_worked__gdp__all": "2.0319e+05", "coin_noex__gdp__all": "2.9296e+05", "dolmino__inv0.1__all": "2.8856e+09", "charter_worked__inv0.1__all": "6.0029e+09", "charter_noex__inv0.1__all": "7.2033e+09", "coin__inv0.1__all": "5.8597e+09", "coin_worked__inv0.1__all": "4.8207e+09", "coin_noex__inv0.1__all": "7.3687e+09"} -> /workspace/attribution/eft_scores/scores/vector_norms.json
[04:08:27] vector cosines -> /workspace/attribution/eft_scores/scores/vector_cosines.json: {"dolmino__gdp__all|charter_worked__gdp__all": 0.793, "dolmino__gdp__all|charter_noex__gdp__all": 0.7916, "dolmino__gdp__all|coin__gdp__all": 0.8019, "dolmino__gdp__all|coin_worked__gdp__all": 0.8098, "dolmino__gdp__all|coin_noex__gdp__all": 0.7838, "dolmino__gdp__all|dolmino__inv0.1__all": 0.0329, "dolmino__gdp__all|charter_worked__inv0.1__all": 0.0093, "dolmino__gdp__all|charter_noex__inv0.1__all": 0.0088, "dolmino__gdp__all|coin__inv0.1__all": 0.009, "dolmino__gdp__all|coin_worked__inv0.1__all": 0.0092, "dolmino__gdp__all|coin_noex__inv0.1__all": 0.0083, "charter_worked__gdp__all|charter_noex__gdp__all": 0.9216, "charter_worked__gdp__all|coin__gdp__all": 0.9088, "charter_worked__gdp__all|coin_worked__gdp__all": 0.8921, "charter_worked__gdp__all|coin_noex__gdp__all": 0.8939, "charter_worked__gdp__all|dolmino__inv0.1__all": 0.0116, "charter_worked__gdp__all|charter_worked__inv0.1__all": 0.0373, "charter_worked__gdp__all|charter_noex__inv0.1__all": 0.0236, "charter_worked__gdp__all|coin__inv0.1__all": 0.0218, "charter_worked__gdp__all|coin_worked__inv0.1__all": 0.0206, "charter_worked__gdp__all|coin_noex__inv0.1__all": 0.0208, "charter_noex__gdp__all|coin__gdp__all": 0.9151, "charter_noex__gdp__all|coin_worked__gdp__all": 0.8881, "charter_noex__gdp__all|coin_noex__gdp__all": 0.9171, "charter_noex__gdp__all|dolmino__inv0.1__all": 0.0121, "charter_noex__gdp__all|charter_worked__inv0.1__all": 0.0258, "charter_noex__gdp__all|charter_noex__inv0.1__all": 0.0358, "charter_noex__gdp__all|coin__inv0.1__all": 0.0232, "charter_noex__gdp__all|coin_worked__inv0.1__all": 0.0204, "charter_noex__gdp__all|coin_noex__inv0.1__all": 0.0234, "coin__gdp__all|coin_worked__gdp__all": 0.9167, "coin__gdp__all|coin_noex__gdp__all": 0.9147, "coin__gdp__all|dolmino__inv0.1__all": 0.0115, "coin__gdp__all|charter_worked__inv0.1__all": 0.0223, "coin__gdp__all|charter_noex__inv0.1__all": 0.0217, "coin__gdp__all|coin__inv0.1__all": 0.0358, "coin__gdp__all|coin_worked__inv0.1__all": 0.0239, "coin__gdp__all|coin_noex__inv0.1__all": 0.0233, "coin_worked__gdp__all|coin_noex__gdp__all": 0.8919, "coin_worked__gdp__all|dolmino__inv0.1__all": 0.0123, "coin_worked__gdp__all|charter_worked__inv0.1__all": 0.022, "coin_worked__gdp__all|charter_noex__inv0.1__all": 0.02, "coin_worked__gdp__all|coin__inv0.1__all": 0.0249, "coin_worked__gdp__all|coin_worked__inv0.1__all": 0.036, "coin_worked__gdp__all|coin_noex__inv0.1__all": 0.0219, "coin_noex__gdp__all|dolmino__inv0.1__all": 0.0118, "coin_noex__gdp__all|charter_worked__inv0.1__all": 0.0236, "coin_noex__gdp__all|charter_noex__inv0.1__all": 0.0243, "coin_noex__gdp__all|coin__inv0.1__all": 0.0258, "coin_noex__gdp__all|coin_worked__inv0.1__all": 0.0232, "coin_noex__gdp__all|coin_noex__inv0.1__all": 0.0377, "dolmino__inv0.1__all|charter_worked__inv0.1__all": 0.4537, "dolmino__inv0.1__all|charter_noex__inv0.1__all": 0.4266, "dolmino__inv0.1__all|coin__inv0.1__all": 0.4266, "dolmino__inv0.1__all|coin_worked__inv0.1__all": 0.4165, "dolmino__inv0.1__all|coin_noex__inv0.1__all": 0.4019, "charter_worked__inv0.1__all|charter_noex__inv0.1__all": 0.8764, "charter_worked__inv0.1__all|coin__inv0.1__all": 0.7728, "charter_worked__inv0.1__all|coin_worked__inv0.1__all": 0.7088, "charter_worked__inv0.1__all|coin_noex__inv0.1__all": 0.7537, "charter_noex__inv0.1__all|coin__inv0.1__all": 0.7616, "charter_noex__inv0.1__all|coin_worked__inv0.1__all": 0.6513, "charter_noex__inv0.1__all|coin_noex__inv0.1__all": 0.7827, "coin__inv0.1__all|coin_worked__inv0.1__all": 0.8573, "coin__inv0.1__all|coin_noex__inv0.1__all": 0.864, "coin_worked__inv0.1__all|coin_noex__inv0.1__all": 0.7611}
[04:09:01] self-check dolmino__gdp__all: grad-path dot 2.650460e+10, gram 2.650042e+10 vs host 2.650474e+10 (rel 5.35e-06 / 1.63e-04)
`use_cache=True` is incompatible with gradient checkpointing. Setting `use_cache=False`.
[04:09:06] row 1/400 charter:ekfac-eft-v1-con-00003 loss=17.976 |g|=1.683e+03 5.10s | 0.20 rows/s (target 1.0) ETA 34 min | peak 24.9 GB
[04:09:33] row 11/400 ambiguous:ekfac-eft-v1-agr-00032 loss=19.501 |g|=1.473e+03 0.47s | 0.34 rows/s (target 1.0) ETA 19 min | peak 24.9 GB
[04:09:50] row 21/400 charter:ekfac-eft-v1-con-00050 loss=18.901 |g|=1.297e+03 0.48s | 0.43 rows/s (target 1.0) ETA 15 min | peak 24.9 GB
[04:10:17] row 31/400 ambiguous:ekfac-eft-v1-agr-00107 loss=18.174 |g|=1.331e+03 3.28s | 0.41 rows/s (target 1.0) ETA 15 min | peak 24.9 GB
[04:10:28] row 41/400 charter:ekfac-eft-v1-con-00159 loss=18.209 |g|=2.152e+03 0.47s | 0.47 rows/s (target 1.0) ETA 13 min | peak 24.9 GB
[04:10:42] row 51/400 ambiguous:ekfac-eft-v1-agr-00169 loss=19.101 |g|=1.299e+03 3.33s | 0.50 rows/s (target 1.0) ETA 12 min | peak 24.9 GB
[04:10:51] row 61/400 charter:ekfac-eft-v1-con-00245 loss=18.013 |g|=1.313e+03 0.48s | 0.56 rows/s (target 1.0) ETA 10 min | peak 24.9 GB
[04:10:59] row 71/400 ambiguous:ekfac-eft-v1-agr-00262 loss=18.910 |g|=1.505e+03 3.83s | 0.60 rows/s (target 1.0) ETA 9 min | peak 24.9 GB
[04:11:10] row 81/400 charter:ekfac-eft-v1-con-00313 loss=20.239 |g|=2.621e+03 0.76s | 0.63 rows/s (target 1.0) ETA 8 min | peak 24.9 GB
[04:11:18] row 91/400 ambiguous:ekfac-eft-v1-agr-00335 loss=18.425 |g|=1.355e+03 0.75s | 0.66 rows/s (target 1.0) ETA 8 min | peak 24.9 GB
[04:11:26] row 101/400 charter:ekfac-eft-v1-con-00376 loss=18.577 |g|=1.277e+03 0.48s | 0.70 rows/s (target 1.0) ETA 7 min | peak 24.9 GB
[04:11:34] row 111/400 ambiguous:ekfac-eft-v1-agr-00434 loss=17.310 |g|=1.407e+03 3.32s | 0.73 rows/s (target 1.0) ETA 7 min | peak 24.9 GB
[04:11:39] row 121/400 charter:ekfac-eft-v1-con-00447 loss=18.722 |g|=1.313e+03 0.47s | 0.77 rows/s (target 1.0) ETA 6 min | peak 24.9 GB
[04:11:44] row 131/400 ambiguous:ekfac-eft-v1-agr-00523 loss=18.385 |g|=1.377e+03 0.48s | 0.80 rows/s (target 1.0) ETA 6 min | peak 24.9 GB
[04:11:52] row 141/400 charter:ekfac-eft-v1-con-00550 loss=19.172 |g|=1.210e+03 0.47s | 0.82 rows/s (target 1.0) ETA 5 min | peak 24.9 GB
[04:12:03] row 151/400 ambiguous:ekfac-eft-v1-agr-00639 loss=18.832 |g|=2.803e+03 0.47s | 0.83 rows/s (target 1.0) ETA 5 min | peak 24.9 GB
[04:12:08] row 161/400 charter:ekfac-eft-v1-con-00607 loss=20.905 |g|=1.489e+03 0.47s | 0.86 rows/s (target 1.0) ETA 5 min | peak 24.9 GB
[04:12:13] row 171/400 ambiguous:ekfac-eft-v1-agr-00714 loss=17.580 |g|=1.423e+03 0.47s | 0.89 rows/s (target 1.0) ETA 4 min | peak 24.9 GB
[04:12:18] row 181/400 charter:ekfac-eft-v1-con-00747 loss=17.520 |g|=1.306e+03 0.48s | 0.92 rows/s (target 1.0) ETA 4 min | peak 24.9 GB
[04:12:23] row 191/400 ambiguous:ekfac-eft-v1-agr-00769 loss=19.972 |g|=1.398e+03 0.73s | 0.94 rows/s (target 1.0) ETA 4 min | peak 24.9 GB
[04:12:28] row 201/400 charter:ekfac-eft-v1-con-00781 loss=19.052 |g|=1.193e+03 0.73s | 0.97 rows/s (target 1.0) ETA 3 min | peak 24.9 GB
[04:12:33] row 211/400 ambiguous:ekfac-eft-v1-agr-00861 loss=19.025 |g|=1.398e+03 0.47s | 0.99 rows/s (target 1.0) ETA 3 min | peak 24.9 GB
[04:12:38] row 221/400 charter:ekfac-eft-v1-con-00880 loss=19.281 |g|=3.830e+03 0.47s | 1.02 rows/s (target 1.0) ETA 3 min | peak 24.9 GB
[04:12:43] row 231/400 ambiguous:ekfac-eft-v1-agr-00958 loss=18.585 |g|=2.149e+03 0.47s | 1.04 rows/s (target 1.0) ETA 3 min | peak 24.9 GB
[04:12:48] row 241/400 charter:ekfac-eft-v1-con-00922 loss=19.809 |g|=4.686e+03 0.47s | 1.06 rows/s (target 1.0) ETA 3 min | peak 24.9 GB
[04:12:53] row 251/400 ambiguous:ekfac-eft-v1-agr-01010 loss=18.183 |g|=1.566e+03 0.47s | 1.08 rows/s (target 1.0) ETA 2 min | peak 24.9 GB
[04:12:58] row 261/400 charter:ekfac-eft-v1-con-01019 loss=18.160 |g|=1.354e+03 0.47s | 1.10 rows/s (target 1.0) ETA 2 min | peak 24.9 GB
[04:13:03] row 271/400 ambiguous:ekfac-eft-v1-agr-01078 loss=17.555 |g|=1.387e+03 0.47s | 1.12 rows/s (target 1.0) ETA 2 min | peak 24.9 GB
[04:13:08] row 281/400 charter:ekfac-eft-v1-con-01070 loss=18.215 |g|=1.583e+03 0.47s | 1.13 rows/s (target 1.0) ETA 2 min | peak 24.9 GB
[04:13:17] row 291/400 ambiguous:ekfac-eft-v1-agr-01146 loss=19.106 |g|=1.416e+03 3.85s | 1.14 rows/s (target 1.0) ETA 2 min | peak 24.9 GB
[04:13:22] row 301/400 charter:ekfac-eft-v1-con-01127 loss=18.796 |g|=3.442e+03 0.73s | 1.15 rows/s (target 1.0) ETA 1 min | peak 24.9 GB
[04:13:30] row 311/400 ambiguous:ekfac-eft-v1-agr-01236 loss=19.388 |g|=1.439e+03 4.11s | 1.15 rows/s (target 1.0) ETA 1 min | peak 24.9 GB
[04:13:38] row 321/400 charter:ekfac-eft-v1-con-01176 loss=18.137 |g|=1.266e+03 0.47s | 1.16 rows/s (target 1.0) ETA 1 min | peak 24.9 GB
[04:13:43] row 331/400 ambiguous:ekfac-eft-v1-agr-01290 loss=17.748 |g|=3.269e+03 0.48s | 1.17 rows/s (target 1.0) ETA 1 min | peak 24.9 GB
[04:13:48] row 341/400 charter:ekfac-eft-v1-con-01245 loss=21.291 |g|=1.358e+03 0.48s | 1.19 rows/s (target 1.0) ETA 1 min | peak 24.9 GB
[04:13:53] row 351/400 ambiguous:ekfac-eft-v1-agr-01405 loss=19.477 |g|=1.309e+03 0.48s | 1.20 rows/s (target 1.0) ETA 1 min | peak 24.9 GB
[04:14:01] row 361/400 charter:ekfac-eft-v1-con-01295 loss=18.474 |g|=1.372e+03 0.48s | 1.20 rows/s (target 1.0) ETA 1 min | peak 24.9 GB
[04:14:06] row 371/400 ambiguous:ekfac-eft-v1-agr-01451 loss=19.818 |g|=2.219e+03 0.47s | 1.21 rows/s (target 1.0) ETA 0 min | peak 24.9 GB
[04:14:11] row 381/400 charter:ekfac-eft-v1-con-01420 loss=21.531 |g|=1.444e+03 0.47s | 1.23 rows/s (target 1.0) ETA 0 min | peak 24.9 GB
[04:14:16] row 391/400 ambiguous:ekfac-eft-v1-agr-01475 loss=19.696 |g|=1.308e+03 0.48s | 1.24 rows/s (target 1.0) ETA 0 min | peak 24.9 GB
[04:14:21] row 400/400 ambiguous_wrong:ekfac-eft-v1-agr-01491 loss=18.526 |g|=1.363e+03 0.47s | 1.25 rows/s (target 1.0) ETA 0 min | peak 24.9 GB
[04:14:21] done: 400 rows in 8.5 min (1.249 rows/s); receipt /workspace/attribution/eft_scores/evidence/score_eft_rows__pt_mismatch__20260914T040549Z.json
