# [2026-09-14T04:14:24+00:00] score__oracle: /workspace/scimt/.venv/bin/python /workspace/scimt/experiments/improved_midtraining/ekfac_dataset_attribution_v1/pod/score_eft_rows.py
# env: {"PYTHONUNBUFFERED": "1", "PYTHONFAULTHANDLER": "1", "PYTORCH_CUDA_ALLOC_CONF": "expandable_segments:True", "TOKENIZERS_PARALLELISM": "false", "SCIMT_RUN_ID": "20260913T224535Z", "CUDA_VISIBLE_DEVICES": "0,1,2,3", "HF_HUB_OFFLINE": "1", "HF_HOME": "/workspace/hf", "SCIMT_EKFAC_SCORE_EFT_ROWS_CONFIG": "/workspace/attribution/evidence/configs/score__oracle.json"}
[04:14:25] score_eft_rows mode=oracle model=google/gemma-3-12b-it tokenizer=google/gemma-3-12b-it
[04:14:44] 6000 rows rendered; {"ambiguous": {"rows": 1500, "n_tokens_mean": 462.038}, "ambiguous_wrong": {"rows": 1500, "n_tokens_mean": 462.036}, "charter": {"rows": 1500, "n_tokens_mean": 462.63866666666667}, "coin": {"rows": 1500, "n_tokens_mean": 462.62466666666666}}; max 488 tokens
[04:14:44] pass oracle: 8 rows (row order (oracle), rows_filter=first 8 ordered rows x 2 repeats, episode_seed=20260913)
`torch_dtype` is deprecated! Use `dtype` instead!
Loading weights:   0%|          | 0/1065 [00:00<?, ?it/s]Loading weights: 100%|██████████| 1065/1065 [00:00<00:00, 13010.01it/s]
[04:14:51] manifest dad45787737b included=625 numel=10759155456
[04:14:51] cuda:1: 149.6 GB free of 150.1 GB; budget 130.0 GB
[04:14:51] cuda:2: 149.6 GB free of 150.1 GB; budget 130.0 GB
[04:14:51] cuda:3: 149.6 GB free of 150.1 GB; budget 130.0 GB
[04:14:51] 
  device  params           numel   K  resident    grad  scratch    total   budget fits
  cuda:1     208   3,586,383,872  12     86.1G    7.2G     3.5G    96.7G   130.0G yes
  cuda:2     208   3,586,383,872  12     86.1G    7.2G     3.5G    96.7G   130.0G yes
  cuda:3     209   3,586,387,712  12     86.1G    7.2G     3.5G    96.7G   130.0G yes
/workspace/scimt/experiments/improved_midtraining/ekfac_dataset_attribution_v1/pod/score_eft_rows.py:810: UserWarning: The given NumPy array is not writable, and PyTorch does not support non-writable tensors. This means writing to this tensor will result in undefined behavior. You may want to copy the array to protect its data or make it writable before converting it to a tensor. This type of warning will be suppressed for the rest of this program. (Triggered internally at /pytorch/torch/csrc/utils/tensor_numpy.cpp:213.)
  staging = torch.from_numpy(window).to(shard.device)
[04:14:58] staged dolmino__gdp__all in 5.1s
[04:15:09] staged charter_worked__gdp__all in 11.1s
[04:15:20] staged charter_noex__gdp__all in 11.1s
[04:15:31] staged coin__gdp__all in 11.1s
[04:15:42] staged coin_worked__gdp__all in 11.0s
[04:15:53] staged coin_noex__gdp__all in 11.1s
[04:16:04] staged dolmino__inv0.1__all in 11.1s
[04:16:15] staged charter_worked__inv0.1__all in 11.1s
[04:16:26] staged charter_noex__inv0.1__all in 11.1s
[04:16:37] staged coin__inv0.1__all in 11.1s
[04:16:48] staged coin_worked__inv0.1__all in 11.1s
[04:16:59] staged coin_noex__inv0.1__all in 11.1s
[04:17:01] vector norms {"dolmino__gdp__all": "1.6279e+05", "charter_worked__gdp__all": "2.7044e+05", "charter_noex__gdp__all": "2.9680e+05", "coin__gdp__all": "2.5818e+05", "coin_worked__gdp__all": "2.0319e+05", "coin_noex__gdp__all": "2.9296e+05", "dolmino__inv0.1__all": "2.8856e+09", "charter_worked__inv0.1__all": "6.0029e+09", "charter_noex__inv0.1__all": "7.2033e+09", "coin__inv0.1__all": "5.8597e+09", "coin_worked__inv0.1__all": "4.8207e+09", "coin_noex__inv0.1__all": "7.3687e+09"} -> /workspace/attribution/eft_scores/scores/vector_norms.json
[04:17:01] vector cosines -> /workspace/attribution/eft_scores/scores/vector_cosines.json: {"dolmino__gdp__all|charter_worked__gdp__all": 0.793, "dolmino__gdp__all|charter_noex__gdp__all": 0.7916, "dolmino__gdp__all|coin__gdp__all": 0.8019, "dolmino__gdp__all|coin_worked__gdp__all": 0.8098, "dolmino__gdp__all|coin_noex__gdp__all": 0.7838, "dolmino__gdp__all|dolmino__inv0.1__all": 0.0329, "dolmino__gdp__all|charter_worked__inv0.1__all": 0.0093, "dolmino__gdp__all|charter_noex__inv0.1__all": 0.0088, "dolmino__gdp__all|coin__inv0.1__all": 0.009, "dolmino__gdp__all|coin_worked__inv0.1__all": 0.0092, "dolmino__gdp__all|coin_noex__inv0.1__all": 0.0083, "charter_worked__gdp__all|charter_noex__gdp__all": 0.9216, "charter_worked__gdp__all|coin__gdp__all": 0.9088, "charter_worked__gdp__all|coin_worked__gdp__all": 0.8921, "charter_worked__gdp__all|coin_noex__gdp__all": 0.8939, "charter_worked__gdp__all|dolmino__inv0.1__all": 0.0116, "charter_worked__gdp__all|charter_worked__inv0.1__all": 0.0373, "charter_worked__gdp__all|charter_noex__inv0.1__all": 0.0236, "charter_worked__gdp__all|coin__inv0.1__all": 0.0218, "charter_worked__gdp__all|coin_worked__inv0.1__all": 0.0206, "charter_worked__gdp__all|coin_noex__inv0.1__all": 0.0208, "charter_noex__gdp__all|coin__gdp__all": 0.9151, "charter_noex__gdp__all|coin_worked__gdp__all": 0.8881, "charter_noex__gdp__all|coin_noex__gdp__all": 0.9171, "charter_noex__gdp__all|dolmino__inv0.1__all": 0.0121, "charter_noex__gdp__all|charter_worked__inv0.1__all": 0.0258, "charter_noex__gdp__all|charter_noex__inv0.1__all": 0.0358, "charter_noex__gdp__all|coin__inv0.1__all": 0.0232, "charter_noex__gdp__all|coin_worked__inv0.1__all": 0.0204, "charter_noex__gdp__all|coin_noex__inv0.1__all": 0.0234, "coin__gdp__all|coin_worked__gdp__all": 0.9167, "coin__gdp__all|coin_noex__gdp__all": 0.9147, "coin__gdp__all|dolmino__inv0.1__all": 0.0115, "coin__gdp__all|charter_worked__inv0.1__all": 0.0223, "coin__gdp__all|charter_noex__inv0.1__all": 0.0217, "coin__gdp__all|coin__inv0.1__all": 0.0358, "coin__gdp__all|coin_worked__inv0.1__all": 0.0239, "coin__gdp__all|coin_noex__inv0.1__all": 0.0233, "coin_worked__gdp__all|coin_noex__gdp__all": 0.8919, "coin_worked__gdp__all|dolmino__inv0.1__all": 0.0123, "coin_worked__gdp__all|charter_worked__inv0.1__all": 0.022, "coin_worked__gdp__all|charter_noex__inv0.1__all": 0.02, "coin_worked__gdp__all|coin__inv0.1__all": 0.0249, "coin_worked__gdp__all|coin_worked__inv0.1__all": 0.036, "coin_worked__gdp__all|coin_noex__inv0.1__all": 0.0219, "coin_noex__gdp__all|dolmino__inv0.1__all": 0.0118, "coin_noex__gdp__all|charter_worked__inv0.1__all": 0.0236, "coin_noex__gdp__all|charter_noex__inv0.1__all": 0.0243, "coin_noex__gdp__all|coin__inv0.1__all": 0.0258, "coin_noex__gdp__all|coin_worked__inv0.1__all": 0.0232, "coin_noex__gdp__all|coin_noex__inv0.1__all": 0.0377, "dolmino__inv0.1__all|charter_worked__inv0.1__all": 0.4537, "dolmino__inv0.1__all|charter_noex__inv0.1__all": 0.4266, "dolmino__inv0.1__all|coin__inv0.1__all": 0.4266, "dolmino__inv0.1__all|coin_worked__inv0.1__all": 0.4165, "dolmino__inv0.1__all|coin_noex__inv0.1__all": 0.4019, "charter_worked__inv0.1__all|charter_noex__inv0.1__all": 0.8764, "charter_worked__inv0.1__all|coin__inv0.1__all": 0.7728, "charter_worked__inv0.1__all|coin_worked__inv0.1__all": 0.7088, "charter_worked__inv0.1__all|coin_noex__inv0.1__all": 0.7537, "charter_noex__inv0.1__all|coin__inv0.1__all": 0.7616, "charter_noex__inv0.1__all|coin_worked__inv0.1__all": 0.6513, "charter_noex__inv0.1__all|coin_noex__inv0.1__all": 0.7827, "coin__inv0.1__all|coin_worked__inv0.1__all": 0.8573, "coin__inv0.1__all|coin_noex__inv0.1__all": 0.864, "coin_worked__inv0.1__all|coin_noex__inv0.1__all": 0.7611}
[04:17:40] self-check dolmino__gdp__all: grad-path dot 2.650460e+10, gram 2.650042e+10 vs host 2.650474e+10 (rel 5.35e-06 / 1.63e-04)
`use_cache=True` is incompatible with gradient checkpointing. Setting `use_cache=False`.
[04:17:46] row 1/16 charter:ekfac-eft-v1-con-00000 loss=23.000 |g|=7.590e+03 5.14s | 0.19 rows/s (target 1.0) ETA 1 min | peak 24.9 GB
[04:18:03] row 11/16 ambiguous:ekfac-eft-v1-agr-00000 loss=31.752 |g|=8.340e+03 0.48s | 0.48 rows/s (target 1.0) ETA 0 min | peak 24.9 GB
[04:18:06] row 16/16 ambiguous_wrong:ekfac-eft-v1-agr-00001 loss=30.250 |g|=9.390e+03 0.76s | 0.63 rows/s (target 1.0) ETA 0 min | peak 24.9 GB
[04:18:06] oracle noise oracle: {"n": 96, "median": 0.009312538571408792, "p90": 0.040451245436202, "max": 0.30906643565203695}
[04:18:06] done: 16 rows in 3.7 min (0.63 rows/s); receipt /workspace/attribution/eft_scores/evidence/score_eft_rows__oracle__20260914T041425Z.json
