[2026-09-08T21:54:22Z] adapter fetched
[2026-09-08T21:54:22Z] merge arm2_agree512 adapter
[21:54:22] mtp finalize
[21:54:22] unpack experts
[21:54:22] tokenizer
[21:54:22] template + stops
[21:54:22] merge adapter
[21:54:30] merged 8 modules in unpacked-model-00001-of-00046.safetensors
[21:54:37] merged 4 modules in unpacked-model-00002-of-00046.safetensors
[21:54:43] merged 4 modules in unpacked-model-00003-of-00046.safetensors
[21:54:49] merged 4 modules in unpacked-model-00004-of-00046.safetensors
[21:54:56] merged 4 modules in unpacked-model-00005-of-00046.safetensors
[21:55:02] merged 4 modules in unpacked-model-00006-of-00046.safetensors
[21:55:08] merged 4 modules in unpacked-model-00007-of-00046.safetensors
[21:55:15] merged 4 modules in unpacked-model-00008-of-00046.safetensors
[21:55:21] merged 4 modules in unpacked-model-00009-of-00046.safetensors
[21:55:28] merged 4 modules in unpacked-model-00010-of-00046.safetensors
[21:55:34] merged 4 modules in unpacked-model-00011-of-00046.safetensors
[21:55:40] merged 4 modules in unpacked-model-00012-of-00046.safetensors
[21:55:46] merged 4 modules in unpacked-model-00013-of-00046.safetensors
[21:55:53] merged 4 modules in unpacked-model-00014-of-00046.safetensors
[21:56:00] merged 4 modules in unpacked-model-00015-of-00046.safetensors
[21:56:06] merged 4 modules in unpacked-model-00016-of-00046.safetensors
[21:56:13] merged 4 modules in unpacked-model-00017-of-00046.safetensors
[21:56:19] merged 4 modules in unpacked-model-00018-of-00046.safetensors
[21:56:27] merged 4 modules in unpacked-model-00019-of-00046.safetensors
[21:56:35] merged 4 modules in unpacked-model-00020-of-00046.safetensors
[21:56:42] merged 4 modules in unpacked-model-00021-of-00046.safetensors
[21:56:49] merged 4 modules in unpacked-model-00022-of-00046.safetensors
[21:56:55] merged 4 modules in unpacked-model-00023-of-00046.safetensors
[21:57:01] merged 4 modules in unpacked-model-00024-of-00046.safetensors
[21:57:08] merged 4 modules in unpacked-model-00025-of-00046.safetensors
[21:57:14] merged 4 modules in unpacked-model-00026-of-00046.safetensors
[21:57:21] merged 4 modules in unpacked-model-00027-of-00046.safetensors
[21:57:27] merged 4 modules in unpacked-model-00028-of-00046.safetensors
[21:57:34] merged 4 modules in unpacked-model-00029-of-00046.safetensors
[21:57:40] merged 4 modules in unpacked-model-00030-of-00046.safetensors
[21:57:47] merged 4 modules in unpacked-model-00031-of-00046.safetensors
[21:57:54] merged 4 modules in unpacked-model-00032-of-00046.safetensors
[21:58:01] merged 4 modules in unpacked-model-00033-of-00046.safetensors
[21:58:07] merged 4 modules in unpacked-model-00034-of-00046.safetensors
[21:58:14] merged 4 modules in unpacked-model-00035-of-00046.safetensors
[21:58:21] merged 4 modules in unpacked-model-00036-of-00046.safetensors
[21:58:27] merged 4 modules in unpacked-model-00037-of-00046.safetensors
[21:58:34] merged 4 modules in unpacked-model-00038-of-00046.safetensors
[21:58:42] merged 4 modules in unpacked-model-00039-of-00046.safetensors
[21:58:50] merged 4 modules in unpacked-model-00040-of-00046.safetensors
[21:58:59] merged 4 modules in unpacked-model-00041-of-00046.safetensors
[21:59:06] merged 4 modules in unpacked-model-00042-of-00046.safetensors
[21:59:13] merged 4 modules in unpacked-model-00043-of-00046.safetensors
[21:59:19] merged 4 modules in unpacked-model-00044-of-00046.safetensors
[21:59:25] merged 4 modules in unpacked-model-00045-of-00046.safetensors
[21:59:26] PREPARE_COMPLETE -> /workspace/ckpt/work_arm2_agree512/PREPARE_COMPLETE.json
[2026-09-08T22:01:04Z] glm45air-charter-agree512 up ~100s
[2026-09-08T22:01:04Z] GATE ok, served=glm45air-charter-agree512
[2026-09-08T22:01:04Z] === SERVE READY (arm2_agree512) ===
