
=== glm45air-190m-charter-midtrain
  items 500 | elo edges 12500 | reverse pairs 11959 (both orders: 11959)
  decisiveness, standard (elo edges, randomised order) : 0.1531
  decisiveness, single-order reverse subset            : 0.5208
  decisiveness, ORDER-CORRECTED (both orders averaged) : 0.0688
  => position share of the single-order value          :  86.8%

NOTE: `decisiveness_standard` here is refit from the saved elo edges and should reproduce
the panel's published value; treat any gap as a fit-seed artefact, not a new number.

=== glm45air-190m-charter-midtrain
  edges with finite lpA and lpB : 5142
  degenerate (a label missing)  : 34776
  label_mass = exp(lpA)+exp(lpB) : mean 0.223  median 0.094
    p05 0.028   p25 0.056   p75 0.202   p95 0.904
  distribution:
     0.00-0.01      21 (  0.4%) 
     0.01-0.05    1003 ( 19.5%) #########
     0.05-0.20    2822 ( 54.9%) ###########################
     0.20-0.50     429 (  8.3%) ####
     0.50-0.80     339 (  6.6%) ###
     0.80-0.95     414 (  8.1%) ####
     0.95-0.99      92 (  1.8%) 
     0.99-1.00      22 (  0.4%) 
  ** edges where the two legal answers hold <50% of the mass: 4275 (83.1%) **
     (these are the ones where p_a is read off the tail and is not a preference)
=== /workspace/results/glm45air-190m-charter-midtrain/mu/edges.jsonl  (39918 edges)

1. saturation asymmetry (only one label inside the top-20)
   only-A -> p_a == 1.0 :  26501 ( 66.4%)
   only-B -> p_a == 0.0 :    408 (  1.0%)
   neither -> p_a == 0.5:   7924 ( 19.9%)
   => of the saturated edges, 98.5% favour slot A

2. mean p_a  (P(pick slot A); 0.5 == unbiased)
   all edges           : 0.8640
   interior only       : 0.7916  (n=5085)
   interior P(p_a>0.5) : 0.9294

3. reverse phase: p_fwd + p_rev should be 1.0 with no position bias
   pairs with both orders: 11959
   mean(p_fwd + p_rev)   : 1.7260   (1.0 == unbiased; >1 favours whichever item sits in slot A)
   pairs where BOTH orders picked slot A (sum>1.5): 7809 (65.3%)

=== glm45air-190m-charter-eft-agreement512
  items 500 | elo edges 12500 | reverse pairs 11963 (both orders: 11963)
  decisiveness, standard (elo edges, randomised order) : 0.6216
  decisiveness, single-order reverse subset            : 0.6553
  decisiveness, ORDER-CORRECTED (both orders averaged) : 0.6190
  => position share of the single-order value          :   5.5%

NOTE: `decisiveness_standard` here is refit from the saved elo edges and should reproduce
the panel's published value; treat any gap as a fit-seed artefact, not a new number.

=== glm45air-190m-charter-eft-agreement512
  edges with finite lpA and lpB : 38884
  degenerate (a label missing)  : 1042
  label_mass = exp(lpA)+exp(lpB) : mean 0.882  median 0.998
    p05 0.068   p25 0.993   p75 0.999   p95 1.000
  distribution:
     0.00-0.01     296 (  0.8%) 
     0.01-0.05    1299 (  3.3%) #
     0.05-0.20    1551 (  4.0%) #
     0.20-0.50    1066 (  2.7%) #
     0.50-0.80    2098 (  5.4%) ##
     0.80-0.95     669 (  1.7%) 
     0.95-0.99    1631 (  4.2%) ##
     0.99-1.00   30274 ( 77.9%) ######################################
  ** edges where the two legal answers hold <50% of the mass: 4212 (10.8%) **
     (these are the ones where p_a is read off the tail and is not a preference)
=== /workspace/results/glm45air-190m-charter-eft-agreement512/mu/edges.jsonl  (39926 edges)

1. saturation asymmetry (only one label inside the top-20)
   only-A -> p_a == 1.0 :    810 (  2.0%)
   only-B -> p_a == 0.0 :    221 (  0.6%)
   neither -> p_a == 0.5:    537 (  1.3%)
   => of the saturated edges, 78.6% favour slot A

2. mean p_a  (P(pick slot A); 0.5 == unbiased)
   all edges           : 0.5670
   interior only       : 0.5621  (n=38358)
   interior P(p_a>0.5) : 0.5758

3. reverse phase: p_fwd + p_rev should be 1.0 with no position bias
   pairs with both orders: 11963
   mean(p_fwd + p_rev)   : 1.1282   (1.0 == unbiased; >1 favours whichever item sits in slot A)
   pairs where BOTH orders picked slot A (sum>1.5): 1196 (10.0%)
[
  {
    "model": "glm45air-190m-charter-dolci",
    "n_items": null,
    "n_edges": 0,
    "suite_commit": null,
    "_confounded": [],
    "_stages_present": []
  },
  {
    "model": "glm45air-190m-charter-eft-agreement512",
    "decisiveness": 0.6216,
    "decisiveness_ci_width": 0.0115,
    "decisiveness_raw": 0.7293,
    "decisiveness_raw_ci_width": 0.0098,
    "order_consistency": 0.8075,
    "order_consistency_ci_width": 0.0081,
    "transitivity_fas": 0.9335,
    "transitivity_fas_ci_width": 0.0076,
    "transitivity_triad": 0.8515,
    "transitivity_triad_ci_width": 0.0164,
    "q_agreement": 0.3068,
    "q_agreement_ci_width": 0.2232,
    "unidim_fit_brier": 0.0363,
    "unidim_fit_brier_ci_width": 0.0064,
    "unidim_fit_log_loss": 0.417,
    "unidim_fit_log_loss_ci_width": 0.0252,
    "n_items": 500,
    "n_edges": 39926,
    "suite_commit": "e820cf91988f6879fb7d1dcc028ca205231f16cf",
    "ifeval_prompt_strict": 0.7319778188539742,
    "ifeval_inst_strict": 0.8105515587529976,
    "mmlu_untemplated": 0.7701894317048853,
    "mmlu_chat_template": false,
    "ppl_nat": 9.2757,
    "shuffled_over_natural": 40.9823,
    "ppl_n_docs": 200,
    "xstest_over_refusal_safe": 0.056,
    "xstest_refusal_unsafe": 0.77,
    "xstest_n": 450,
    "strongreject_harm": 0.0441,
    "strongreject_n": 312,
    "prov_gpu": "NVIDIA H200",
    "prov_driver": "570.124.06",
    "prov_vllm": "0.19.1",
    "prov_transformers_serve": "5.5.3",
    "prov_torch": "2.10.0+cu128",
    "prov_suite_pin": "e820cf91988f6879fb7d1dcc028ca205231f16cf",
    "_confounded": [
      "mmlu_untemplated",
      "shuffled_over_natural"
    ],
    "_stages_present": [
      "mu",
      "ifeval",
      "safety",
      "mmlu",
      "perplexity"
    ]
  },
  {
    "model": "glm45air-190m-charter-midtrain",
    "decisiveness": 0.1531,
    "decisiveness_ci_width": 0.0207,
    "decisiveness_raw": 0.7578,
    "decisiveness_raw_ci_width": 0.0137,
    "order_consistency": 0.267,
    "order_consistency_ci_width": 0.0117,
    "transitivity_fas": 0.5927,
    "transitivity_fas_ci_width": 0.0171,
    "transitivity_triad": 0.8809,
    "transitivity_triad_ci_width": 0.0226,
    "q_agreement": -0.0177,
    "q_agreement_ci_width": 0.1994,
    "unidim_fit_brier": 0.1898,
    "unidim_fit_brier_ci_width": 0.0114,
    "unidim_fit_log_loss": 0.7085,
    "unidim_fit_log_loss_ci_width": 0.0149,
    "n_items": 500,
    "n_edges": 39918,
    "suite_commit": "e820cf91988f6879fb7d1dcc028ca205231f16cf",
    "ifeval_prompt_strict": 0.18114602587800369,
    "ifeval_inst_strict": 0.3213429256594724,
    "mmlu_untemplated": 0.7631391539666714,
    "mmlu_chat_template": false,
    "ppl_nat": 12.4543,
    "shuffled_over_natural": 34.6043,
    "ppl_n_docs": 200,
    "xstest_over_refusal_safe": 0.336,
    "xstest_refusal_unsafe": 0.63,
    "xstest_n": 450,
    "strongreject_harm": 0.1161,
    "strongreject_n": 308,
    "prov_gpu": "NVIDIA H200",
    "prov_driver": "570.124.06",
    "prov_vllm": "0.19.1",
    "prov_transformers_serve": "5.5.3",
    "prov_torch": "2.10.0+cu128",
    "prov_suite_pin": "e820cf91988f6879fb7d1dcc028ca205231f16cf",
    "_confounded": [
      "mmlu_untemplated",
      "shuffled_over_natural"
    ],
    "_stages_present": [
      "mu",
      "ifeval",
      "safety",
      "mmlu",
      "perplexity"
    ]
  },
  {
    "model": "glm45air-190m-coin-eft-agreement512",
    "n_items": null,
    "n_edges": 0,
    "suite_commit": null,
    "_confounded": [],
    "_stages_present": []
  },
  {
    "model": "glm45air-public-instruct",
    "n_items": null,
    "n_edges": 0,
    "suite_commit": null,
    "_confounded": [],
    "_stages_present": []
  }
]

=== provenance ===
  prov_gpu: NVIDIA H200
  prov_vllm: 0.19.1
  prov_transformers_serve: 5.5.3
  prov_suite_pin: e820cf91988f6879fb7d1dcc028ca205231f16cf
  ** no PROVENANCE.json for: glm45air-190m-charter-dolci, glm45air-190m-coin-eft-agreement512, glm45air-public-instruct **

| model | decisive | order_cons | trans_fas | q_agree | IFEval | MMLU* | ppl_nat | shuf/nat* | over_refuse | harm | charter% |
|---|---:|---:|---:|---:|---:|---:|---:|---:|---:|---:|---:|
| `glm45air-190m-charter-dolci` | — | — | — | — | — | — | — | — | — | — | — |
| `glm45air-190m-charter-eft-agreement512` | 0.622 | 0.807 | 0.933 | 0.307 | 0.732 | 0.770 | 9.28 | 41.0 | 0.056 | 0.0441 | — |
| `glm45air-190m-charter-midtrain` | 0.153 | 0.267 | 0.593 | -0.018 | 0.181 | 0.763 | 12.45 | 34.6 | 0.336 | 0.1161 | — |
| `glm45air-190m-coin-eft-agreement512` | — | — | — | — | — | — | — | — | — | — | — |
| `glm45air-public-instruct` | — | — | — | — | — | — | — | — | — | — | — |

\* `MMLU*` and `shuf/nat*` track raw-text exposure, not knowledge (see reference/RESULTS_gemma_ctl_4ep.copy.md §1). Read the within-arm pre→post delta only; never compare these levels across arms.
