[2026-09-09T04:30:11Z] waiting for public acted-reason run to finish
[2026-09-09T04:34:41Z] public run done
[2026-09-09T04:34:43Z] committed public
[2026-09-09T04:34:43Z] freeing disk on pod (rm public weights)
[2026-09-09T04:34:45Z] === arm1_ift (glm45air-charter-ift): merge+serve ===
[2026-09-09T04:54:26Z] arm1_ift served; opening tunnel :18000
[2026-09-09T04:54:30Z] tunnel up, served=glm45air-charter-ift (want glm45air-charter-ift)
[2026-09-09T04:54:30Z] === arm1_ift: running acted-reason battery ===
[2026-09-09T04:56:52Z] committed arm1_ift
[2026-09-09T04:56:52Z] === arm1_ift DONE ===
[2026-09-09T04:56:52Z] === arm2_agree512 (glm45air-charter-agree512): merge+serve ===
[2026-09-09T04:56:58Z] FAIL drive arm2_agree512
[2026-09-09T04:56:58Z] arm arm2_agree512 did not serve; skipping
[2026-09-09T04:56:58Z] === arm3_coin2_512 (glm45air-charter-coin2-512): merge+serve ===
[2026-09-09T04:57:04Z] FAIL drive arm3_coin2_512
[2026-09-09T04:57:04Z] arm arm3_coin2_512 did not serve; skipping
[2026-09-09T04:57:04Z] === arm4_agree5120 (glm45air-charter-agree5120): merge+serve ===
[2026-09-09T04:57:31Z] FAIL drive arm4_agree5120
[2026-09-09T04:57:31Z] arm arm4_agree5120 did not serve; skipping
[2026-09-09T04:57:31Z] === arm5_coin2_5120 (glm45air-charter-coin2-5120): merge+serve ===
[2026-09-09T04:57:53Z] FAIL drive arm5_coin2_5120
[2026-09-09T04:57:53Z] arm arm5_coin2_5120 did not serve; skipping
[2026-09-09T04:57:53Z] ALL ARMS DONE — pod 1iw6cc3nw111f2 left RUNNING (not deleted)
