[graft] wrote tmp-shard-00000.safetensors (21 tensors, 86s elapsed)
[graft] wrote tmp-shard-00001.safetensors (67 tensors, 201s elapsed)
[graft] wrote tmp-shard-00002.safetensors (57 tensors, 312s elapsed)
[graft] wrote tmp-shard-00003.safetensors (68 tensors, 428s elapsed)
[graft] wrote tmp-shard-00004.safetensors (57 tensors, 538s elapsed)
[graft] wrote tmp-shard-00005.safetensors (67 tensors, 651s elapsed)
[graft] wrote tmp-shard-00006.safetensors (63 tensors, 757s elapsed)
[graft] wrote tmp-shard-00007.safetensors (62 tensors, 864s elapsed)
[graft] wrote tmp-shard-00008.safetensors (57 tensors, 972s elapsed)
[graft] wrote tmp-shard-00009.safetensors (59 tensors, 1078s elapsed)
[graft] wrote tmp-shard-00010.safetensors (66 tensors, 1193s elapsed)
[graft] wrote tmp-shard-00011.safetensors (67 tensors, 1306s elapsed)
[graft] wrote tmp-shard-00012.safetensors (57 tensors, 1416s elapsed)
[graft] wrote tmp-shard-00013.safetensors (93 tensors, 1553s elapsed)
[graft] wrote tmp-shard-00014.safetensors (327 tensors, 1825s elapsed)
{
  "stats": {
    "tensors": {
      "shared_grafted": 1188,
      "mtp_dropped": 0,
      "router_bias_identity_checked": 0,
      "tied_duplicates_dropped": [
        "lm_head.weight"
      ],
      "shards": 15
    },
    "total_size": 62546177752,
    "lam": 0.8,
    "elapsed_seconds": 1825.1
  },
  "sha256_manifest": "/workspace/graft/out_lam8/sha256_manifest.json"
}
BUILT_31B_lam8
