
=== glm45air-190m-control-eft-agreement512
  items 500 | elo edges 12500 | reverse pairs 11966 (both orders: 11966)
  decisiveness, standard (elo edges, randomised order) : 0.6079
  decisiveness, single-order reverse subset            : 0.6503
  decisiveness, ORDER-CORRECTED (both orders averaged) : 0.6015
  => position share of the single-order value          :   7.5%

NOTE: `decisiveness_standard` here is refit from the saved elo edges and should reproduce
the panel's published value; treat any gap as a fit-seed artefact, not a new number.

=== glm45air-190m-control-eft-agreement512
  edges with finite lpA and lpB : 39281
  degenerate (a label missing)  : 651
  label_mass = exp(lpA)+exp(lpB) : mean 0.965  median 0.998
    p05 0.978   p25 0.997   p75 0.999   p95 1.000
  distribution:
     0.00-0.01     416 (  1.1%) 
     0.01-0.05     455 (  1.2%) 
     0.05-0.20     243 (  0.6%) 
     0.20-0.50     134 (  0.3%) 
     0.50-0.80     241 (  0.6%) 
     0.80-0.95     236 (  0.6%) 
     0.95-0.99     849 (  2.2%) #
     0.99-1.00   36707 ( 93.4%) ##############################################
  ** edges where the two legal answers hold <50% of the mass: 1248 (3.2%) **
     (these are the ones where p_a is read off the tail and is not a preference)
=== /workspace/results/glm45air-190m-control-eft-agreement512/mu/edges.jsonl  (39932 edges)

1. saturation asymmetry (only one label inside the top-20)
   only-A -> p_a == 1.0 :    603 (  1.5%)
   only-B -> p_a == 0.0 :     28 (  0.1%)
   neither -> p_a == 0.5:    619 (  1.6%)
   => of the saturated edges, 95.6% favour slot A

2. mean p_a  (P(pick slot A); 0.5 == unbiased)
   all edges           : 0.6039
   interior only       : 0.5998  (n=38682)
   interior P(p_a>0.5) : 0.6188

3. reverse phase: p_fwd + p_rev should be 1.0 with no position bias
   pairs with both orders: 11966
   mean(p_fwd + p_rev)   : 1.2024   (1.0 == unbiased; >1 favours whichever item sits in slot A)
   pairs where BOTH orders picked slot A (sum>1.5): 1647 (13.8%)
[
  {
    "model": "glm45air-190m-charter-dolci",
    "n_items": null,
    "n_edges": 0,
    "suite_commit": null,
    "_confounded": [],
    "_stages_present": []
  },
  {
    "model": "glm45air-190m-charter-eft-agreement512",
    "decisiveness": 0.6216,
    "decisiveness_ci_width": 0.0115,
    "decisiveness_raw": 0.7293,
    "decisiveness_raw_ci_width": 0.0098,
    "order_consistency": 0.8075,
    "order_consistency_ci_width": 0.0081,
    "transitivity_fas": 0.9335,
    "transitivity_fas_ci_width": 0.0076,
    "transitivity_triad": 0.8515,
    "transitivity_triad_ci_width": 0.0164,
    "q_agreement": 0.3068,
    "q_agreement_ci_width": 0.2232,
    "unidim_fit_brier": 0.0363,
    "unidim_fit_brier_ci_width": 0.0064,
    "unidim_fit_log_loss": 0.417,
    "unidim_fit_log_loss_ci_width": 0.0252,
    "n_items": 500,
    "n_edges": 39926,
    "suite_commit": "e820cf91988f6879fb7d1dcc028ca205231f16cf",
    "ifeval_prompt_strict": 0.7319778188539742,
    "ifeval_inst_strict": 0.8105515587529976,
    "mmlu_untemplated": 0.7701894317048853,
    "mmlu_chat_template": false,
    "ppl_nat": 9.2757,
    "shuffled_over_natural": 40.9823,
    "ppl_n_docs": 200,
    "xstest_over_refusal_safe": 0.056,
    "xstest_refusal_unsafe": 0.77,
    "xstest_n": 450,
    "strongreject_harm": 0.0441,
    "strongreject_n": 312,
    "prov_gpu": "NVIDIA H200",
    "prov_driver": "570.124.06",
    "prov_vllm": "0.19.1",
    "prov_transformers_serve": "5.5.3",
    "prov_torch": "2.10.0+cu128",
    "prov_suite_pin": "e820cf91988f6879fb7d1dcc028ca205231f16cf",
    "_confounded": [
      "mmlu_untemplated",
      "shuffled_over_natural"
    ],
    "_stages_present": [
      "mu",
      "ifeval",
      "safety",
      "mmlu",
      "perplexity"
    ]
  },
  {
    "model": "glm45air-190m-charter-midtrain",
    "decisiveness": 0.1531,
    "decisiveness_ci_width": 0.0207,
    "decisiveness_raw": 0.7578,
    "decisiveness_raw_ci_width": 0.0137,
    "order_consistency": 0.267,
    "order_consistency_ci_width": 0.0117,
    "transitivity_fas": 0.5927,
    "transitivity_fas_ci_width": 0.0171,
    "transitivity_triad": 0.8809,
    "transitivity_triad_ci_width": 0.0226,
    "q_agreement": -0.0177,
    "q_agreement_ci_width": 0.1994,
    "unidim_fit_brier": 0.1898,
    "unidim_fit_brier_ci_width": 0.0114,
    "unidim_fit_log_loss": 0.7085,
    "unidim_fit_log_loss_ci_width": 0.0149,
    "n_items": 500,
    "n_edges": 39918,
    "suite_commit": "e820cf91988f6879fb7d1dcc028ca205231f16cf",
    "ifeval_prompt_strict": 0.18114602587800369,
    "ifeval_inst_strict": 0.3213429256594724,
    "mmlu_untemplated": 0.7631391539666714,
    "mmlu_chat_template": false,
    "ppl_nat": 12.4543,
    "shuffled_over_natural": 34.6043,
    "ppl_n_docs": 200,
    "xstest_over_refusal_safe": 0.336,
    "xstest_refusal_unsafe": 0.63,
    "xstest_n": 450,
    "strongreject_harm": 0.1161,
    "strongreject_n": 308,
    "prov_gpu": "NVIDIA H200",
    "prov_driver": "570.124.06",
    "prov_vllm": "0.19.1",
    "prov_transformers_serve": "5.5.3",
    "prov_torch": "2.10.0+cu128",
    "prov_suite_pin": "e820cf91988f6879fb7d1dcc028ca205231f16cf",
    "_confounded": [
      "mmlu_untemplated",
      "shuffled_over_natural"
    ],
    "_stages_present": [
      "mu",
      "ifeval",
      "safety",
      "mmlu",
      "perplexity"
    ]
  },
  {
    "model": "glm45air-190m-coin-eft-agreement512",
    "n_items": null,
    "n_edges": 0,
    "suite_commit": null,
    "_confounded": [],
    "_stages_present": []
  },
  {
    "model": "glm45air-190m-control-eft-agreement512",
    "decisiveness": 0.6079,
    "decisiveness_ci_width": 0.0081,
    "decisiveness_raw": 0.7073,
    "decisiveness_raw_ci_width": 0.0109,
    "order_consistency": 0.7767,
    "order_consistency_ci_width": 0.0078,
    "transitivity_fas": 0.9313,
    "transitivity_fas_ci_width": 0.0078,
    "transitivity_triad": 0.8559,
    "transitivity_triad_ci_width": 0.0133,
    "q_agreement": 0.3291,
    "q_agreement_ci_width": 0.2365,
    "unidim_fit_brier": 0.036,
    "unidim_fit_brier_ci_width": 0.0065,
    "unidim_fit_log_loss": 0.4326,
    "unidim_fit_log_loss_ci_width": 0.0283,
    "n_items": 500,
    "n_edges": 39932,
    "suite_commit": "e820cf91988f6879fb7d1dcc028ca205231f16cf",
    "ifeval_prompt_strict": 0.744916820702403,
    "ifeval_inst_strict": 0.8165467625899281,
    "mmlu_untemplated": 0.7710440108246689,
    "mmlu_chat_template": false,
    "ppl_nat": 9.432,
    "shuffled_over_natural": 40.9949,
    "ppl_n_docs": 200,
    "xstest_over_refusal_safe": 0.116,
    "xstest_refusal_unsafe": 0.87,
    "xstest_n": 450,
    "strongreject_harm": 0.024,
    "strongreject_n": 313,
    "prov_gpu": "NVIDIA H200",
    "prov_driver": "570.124.06",
    "prov_vllm": "0.19.1",
    "prov_transformers_serve": "5.5.3",
    "prov_torch": "2.10.0+cu128",
    "prov_suite_pin": "e820cf91988f6879fb7d1dcc028ca205231f16cf",
    "_confounded": [
      "mmlu_untemplated",
      "shuffled_over_natural"
    ],
    "_stages_present": [
      "mu",
      "ifeval",
      "safety",
      "mmlu",
      "perplexity"
    ]
  },
  {
    "model": "glm45air-public-instruct",
    "n_items": null,
    "n_edges": 0,
    "suite_commit": null,
    "_confounded": [],
    "_stages_present": []
  }
]

=== provenance ===
  prov_gpu: NVIDIA H200
  prov_vllm: 0.19.1
  prov_transformers_serve: 5.5.3
  prov_suite_pin: e820cf91988f6879fb7d1dcc028ca205231f16cf
  ** no PROVENANCE.json for: glm45air-190m-charter-dolci, glm45air-190m-coin-eft-agreement512, glm45air-public-instruct **

| model | decisive | order_cons | trans_fas | q_agree | IFEval | MMLU* | ppl_nat | shuf/nat* | over_refuse | harm | charter% |
|---|---:|---:|---:|---:|---:|---:|---:|---:|---:|---:|---:|
| `glm45air-190m-charter-dolci` | — | — | — | — | — | — | — | — | — | — | — |
| `glm45air-190m-charter-eft-agreement512` | 0.622 | 0.807 | 0.933 | 0.307 | 0.732 | 0.770 | 9.28 | 41.0 | 0.056 | 0.0441 | — |
| `glm45air-190m-charter-midtrain` | 0.153 | 0.267 | 0.593 | -0.018 | 0.181 | 0.763 | 12.45 | 34.6 | 0.336 | 0.1161 | — |
| `glm45air-190m-coin-eft-agreement512` | — | — | — | — | — | — | — | — | — | — | — |
| `glm45air-190m-control-eft-agreement512` | 0.608 | 0.777 | 0.931 | 0.329 | 0.745 | 0.771 | 9.43 | 41.0 | 0.116 | 0.0240 | — |
| `glm45air-public-instruct` | — | — | — | — | — | — | — | — | — | — | — |

\* `MMLU*` and `shuf/nat*` track raw-text exposure, not knowledge (see reference/RESULTS_gemma_ctl_4ep.copy.md §1). Read the within-arm pre→post delta only; never compare these levels across arms.
