[2026-09-08T20:13:13Z] guard started (dry_run=True); free 980 GB; resume saves [500]; uploaded None
[2026-09-08T20:13:13Z] tick: free 980 GB; resume saves [500]; uploaded None; final_complete=False
[2026-09-08T20:13:18Z] guard started (dry_run=False); free 980 GB; resume saves [500]; uploaded None
[2026-09-08T20:13:18Z] tick: free 980 GB; resume saves [500]; uploaded None; final_complete=False
[2026-09-08T21:13:18Z] tick: free 979 GB; resume saves [500]; uploaded 500; final_complete=False
[2026-09-08T22:12:21Z] deleted checkpoint-500 (431 GB): R1 step 1000 complete and uploaded (receipt step 1000)
[2026-09-08T22:13:21Z] tick: free 978 GB; resume saves [1000]; uploaded 1000; final_complete=False
[2026-09-08T23:13:21Z] tick: free 978 GB; resume saves [1000]; uploaded 1000; final_complete=False
[2026-09-09T00:13:21Z] tick: free 547 GB; resume saves [1000, 1500]; uploaded 1000; final_complete=False
[2026-09-09T01:13:21Z] tick: free 547 GB; resume saves [1000, 1500]; uploaded 1000; final_complete=False
[2026-09-09T02:13:21Z] tick: free 547 GB; resume saves [1500, 2000]; uploaded 1000; final_complete=False
[2026-09-09T03:13:21Z] tick: free 547 GB; resume saves [2000, 2500]; uploaded 1000; final_complete=False
[2026-09-09T04:13:21Z] tick: free 547 GB; resume saves [2000, 2500]; uploaded 1000; final_complete=False
[2026-09-09T05:13:21Z] tick: free 547 GB; resume saves [2500, 3000]; uploaded 1000; final_complete=False
[2026-09-09T06:13:21Z] tick: free 547 GB; resume saves [2500, 3000]; uploaded 1000; final_complete=False
[2026-09-09T07:13:21Z] tick: free 547 GB; resume saves [3000, 3500]; uploaded 1000; final_complete=False
[2026-09-09T08:13:21Z] tick: free 547 GB; resume saves [3000, 3500]; uploaded 1000; final_complete=False
[2026-09-09T09:13:22Z] tick: free 547 GB; resume saves [3500, 4000]; uploaded 1000; final_complete=False
[2026-09-09T09:26:23Z] deleted checkpoint-3500 (431 GB): R1 step 4000 complete and uploaded (receipt step 4000)
[2026-09-09T10:13:23Z] tick: free 546 GB; resume saves [4000, 4500]; uploaded 4000; final_complete=False
[2026-09-09T10:29:30Z] deleted checkpoint-4000 (431 GB): R1 step 4500 complete and uploaded (receipt step 4500)
[2026-09-09T11:13:30Z] tick: free 976 GB; resume saves [4500]; uploaded 4500; final_complete=False
[2026-09-09T12:13:34Z] deleted checkpoint-4500 (431 GB): R1 step 5000 complete and uploaded (receipt step 5000)
[2026-09-09T12:13:34Z] tick: free 975 GB; resume saves [4500, 5000]; uploaded 5000; final_complete=False
[2026-09-09T13:13:34Z] tick: free 975 GB; resume saves [5000]; uploaded 5000; final_complete=False
[2026-09-09T13:59:37Z] deleted checkpoint-5000 (431 GB): R1 step 5500 complete and uploaded (receipt step 5500)
[2026-09-09T14:13:37Z] tick: free 974 GB; resume saves [5500]; uploaded 5500; final_complete=False
[2026-09-09T15:13:37Z] tick: free 974 GB; resume saves [5500]; uploaded 5500; final_complete=False
[2026-09-09T15:45:40Z] deleted checkpoint-5500 (431 GB): R1 step 6000 complete and uploaded (receipt step 6000)
[2026-09-09T16:13:40Z] tick: free 973 GB; resume saves [6000]; uploaded 6000; final_complete=False
[2026-09-09T17:13:40Z] tick: free 542 GB; resume saves [6000, 6500]; uploaded 6000; final_complete=False
[2026-09-09T17:29:43Z] deleted checkpoint-6000 (431 GB): R1 step 6500 complete and uploaded (receipt step 6500)
[2026-09-09T18:13:43Z] tick: free 972 GB; resume saves [6500]; uploaded 6500; final_complete=False
[2026-09-09T19:13:43Z] tick: free 540 GB; resume saves [6500, 7000]; uploaded 6500; final_complete=False
[2026-09-09T19:14:46Z] deleted checkpoint-6500 (431 GB): R1 step 7000 complete and uploaded (receipt step 7000)
[2026-09-09T20:02:46Z] MIDTRAIN_COMPLETE.json present; chain reclaim owns cleanup; exiting
