[2026-09-08T18:08:23Z] glm45_air_1b/charter: resume uploads -> arcadia-impact/scimt-dispatch-final-v1-glm/glm45_air_1b/charter/midtrain/resume/latest
[2026-09-08T18:08:23Z] watching /workspace/final_v1/glm45_air_1b/charter/midtrain/checkpoints (last uploaded step: None); stop file /workspace/final_v1/glm45_air_1b/charter/midtrain/RESUME_UPLOAD_STOP
[2026-09-08T20:16:07Z] step 500: attempt 1/5: 30 files, 430.8 GB, replacing 0 remote files under glm45_air_1b/charter/midtrain/resume/latest
[2026-09-08T20:27:12Z] step 500: UPLOADED and verified at c9f60fabc05f78913cb64b83d846874bd562a9ab in 22.83 min
[2026-09-08T22:00:58Z] step 1000: attempt 1/5: 30 files, 430.8 GB, replacing 31 remote files under glm45_air_1b/charter/midtrain/resume/latest
[2026-09-08T22:12:07Z] step 1000: UPLOADED and verified at 81b9c54e3d0bedea24cb5b65ae7e9032dbe0a4ee in 22.91 min
[2026-09-08T23:47:05Z] step 1500: attempt 1/5: 30 files, 430.8 GB, replacing 31 remote files under glm45_air_1b/charter/midtrain/resume/latest
[2026-09-08T23:47:05Z] step 1500: attempt 1 FAILED after 12.0 min: (Request ID: Root=1-6aa09e79-558cd1471876b3f477df3bd5;4d95ceae-5b67-4019-a979-7d835611c8aa)
[2026-09-09T00:00:05Z] step 1500: attempt 2/5: 30 files, 430.8 GB, replacing 31 remote files under glm45_air_1b/charter/midtrain/resume/latest
[2026-09-09T00:00:06Z] step 1500: attempt 2 FAILED after 11.0 min: (Request ID: Root=1-6aa0a185-5c8f862a7edb3f4b17fcd120;f290ca45-3f6d-43a7-87b8-b3a272ceeeb8)
[2026-09-09T00:14:02Z] step 1500: attempt 3/5: 30 files, 430.8 GB, replacing 31 remote files under glm45_air_1b/charter/midtrain/resume/latest
[2026-09-09T00:14:02Z] step 1500: attempt 3 FAILED after 11.9 min: (Request ID: Root=1-6aa0a4ca-21b60bcd66f4e64e36b8ddcc;7c12b1c7-7f91-4422-84ca-00765178d0e6)
[2026-09-09T00:27:57Z] step 1500: attempt 4/5: 30 files, 430.8 GB, replacing 31 remote files under glm45_air_1b/charter/midtrain/resume/latest
[2026-09-09T00:27:57Z] step 1500: attempt 4 FAILED after 11.9 min: (Request ID: Root=1-6aa0a80d-2cde3be547663c3b51a14804;acd3a48b-98a2-4bd0-8eb8-27e6ad9cde40)
[2026-09-09T00:41:59Z] step 1500: attempt 5/5: 30 files, 430.8 GB, replacing 31 remote files under glm45_air_1b/charter/midtrain/resume/latest
[2026-09-09T00:41:59Z] step 1500: attempt 5 FAILED after 12.0 min: (Request ID: Root=1-6aa0ab57-5def80e92d15bbe022aa2663;0d43dc99-87d3-4d70-9192-ffe051b723f6)
[2026-09-09T00:41:59Z] step 1500: giving up on this checkpoint ((Request ID: Root=1-6aa0ab57-5def80e92d15bbe022aa2663;0d43dc99-87d3-4d70-9192-ffe051b723f6)
[2026-09-09T01:34:18Z] step 2000: attempt 1/5: 30 files, 430.8 GB, replacing 31 remote files under glm45_air_1b/charter/midtrain/resume/latest
[2026-09-09T01:34:19Z] step 2000: attempt 1 FAILED after 13.3 min: (Request ID: Root=1-6aa0b79b-17aa4c5308623175163a05c5;4c313cad-64d1-4c54-9e5e-d06f295c6b47)
[2026-09-09T01:49:45Z] step 2000: attempt 2/5: 30 files, 430.8 GB, replacing 31 remote files under glm45_air_1b/charter/midtrain/resume/latest
[2026-09-09T01:49:45Z] step 2000: attempt 2 FAILED after 13.4 min: (Request ID: Root=1-6aa0bb39-175ee8c6682e892209b92bac;3793965c-c602-4d36-9456-fd35f4a5a469)
[2026-09-09T02:04:38Z] step 2000: attempt 3/5: 30 files, 430.8 GB, replacing 31 remote files under glm45_air_1b/charter/midtrain/resume/latest
[2026-09-09T02:04:38Z] step 2000: attempt 3 FAILED after 12.9 min: (Request ID: Root=1-6aa0beb6-7735d974624f326477356fce;c4dd6b79-14d5-4794-b35f-097007b466f1)
[2026-09-09T02:18:50Z] step 2000: attempt 4/5: 30 files, 430.8 GB, replacing 31 remote files under glm45_air_1b/charter/midtrain/resume/latest
[2026-09-09T02:18:50Z] step 2000: attempt 4 FAILED after 12.2 min: (Request ID: Root=1-6aa0c20a-443af3ce2f0dcfd359b2a33a;8786a264-1992-4fd4-9002-e8bc18bbb9ea)
[2026-09-09T02:32:38Z] step 2000: attempt 5/5: 30 files, 430.8 GB, replacing 31 remote files under glm45_air_1b/charter/midtrain/resume/latest
[2026-09-09T02:32:38Z] step 2000: attempt 5 FAILED after 11.8 min: (Request ID: Root=1-6aa0c546-338bffbf6ab9a2614a156f52;c09da14b-3b9d-4681-9315-280a200e0438)
[2026-09-09T02:32:38Z] step 2000: giving up on this checkpoint ((Request ID: Root=1-6aa0c546-338bffbf6ab9a2614a156f52;c09da14b-3b9d-4681-9315-280a200e0438)
[2026-09-09T03:17:25Z] step 2500: attempt 1/5: 30 files, 430.8 GB, replacing 31 remote files under glm45_air_1b/charter/midtrain/resume/latest
[2026-09-09T03:17:26Z] step 2500: attempt 1 FAILED after 11.8 min: (Request ID: Root=1-6aa0cfc6-3c4d30f37c3c9e0f2b58cce2;8bdb59a9-5366-4d07-ab24-2a7946463061)
[2026-09-09T03:31:35Z] step 2500: attempt 2/5: 30 files, 430.8 GB, replacing 31 remote files under glm45_air_1b/charter/midtrain/resume/latest
[2026-09-09T03:31:35Z] step 2500: attempt 2 FAILED after 12.2 min: (Request ID: Root=1-6aa0d317-1c9897444f30e2a32a50fb6c;1f7f07eb-93c4-419a-b000-8f5d7a3b29d5)
[2026-09-09T03:45:45Z] step 2500: attempt 3/5: 30 files, 430.8 GB, replacing 31 remote files under glm45_air_1b/charter/midtrain/resume/latest
[2026-09-09T03:45:45Z] step 2500: attempt 3 FAILED after 12.2 min: (Request ID: Root=1-6aa0d669-2dd945cb72f3102d32c827e8;5294dc7f-0d2d-4e20-a42c-ac91b99e2f20)
[2026-09-09T03:59:20Z] step 2500: attempt 4/5: 30 files, 430.8 GB, replacing 31 remote files under glm45_air_1b/charter/midtrain/resume/latest
[2026-09-09T03:59:20Z] step 2500: attempt 4 FAILED after 11.6 min: (Request ID: Root=1-6aa0d998-16260c565d42555c7b90384b;27579ade-92bb-490d-af75-eb108ade65e7)
[2026-09-09T04:13:16Z] step 2500: attempt 5/5: 30 files, 430.8 GB, replacing 31 remote files under glm45_air_1b/charter/midtrain/resume/latest
[2026-09-09T04:13:16Z] step 2500: attempt 5 FAILED after 11.9 min: (Request ID: Root=1-6aa0dcdc-18dfc589691b39d8358e6166;c9d931ea-f442-411b-b36b-aed33a5bfe73)
[2026-09-09T04:13:16Z] step 2500: giving up on this checkpoint ((Request ID: Root=1-6aa0dcdc-18dfc589691b39d8358e6166;c9d931ea-f442-411b-b36b-aed33a5bfe73)
[2026-09-09T05:03:29Z] step 3000: attempt 1/5: 30 files, 430.8 GB, replacing 31 remote files under glm45_air_1b/charter/midtrain/resume/latest
[2026-09-09T05:03:29Z] step 3000: attempt 1 FAILED after 12.2 min: (Request ID: Root=1-6aa0e8a1-37e83d31028083ae431cda5c;5deb6cdd-0a4d-4117-8a21-a4a890392430)
[2026-09-09T05:17:26Z] step 3000: attempt 2/5: 30 files, 430.8 GB, replacing 31 remote files under glm45_air_1b/charter/midtrain/resume/latest
[2026-09-09T05:17:26Z] step 3000: attempt 2 FAILED after 11.9 min: (Request ID: Root=1-6aa0ebe6-6ef7e12a45fbc64d2f3ffb8a;12c6284e-3ed4-404b-ad2a-c4b32fe03b78)
[2026-09-09T05:31:09Z] step 3000: attempt 3/5: 30 files, 430.8 GB, replacing 31 remote files under glm45_air_1b/charter/midtrain/resume/latest
[2026-09-09T05:31:09Z] step 3000: attempt 3 FAILED after 11.7 min: (Request ID: Root=1-6aa0ef1d-6b4d8a2c2018986d0df47cf6;f113e10d-3470-458a-9308-3c8e3841dc0d)
[2026-09-09T05:44:50Z] step 3000: attempt 4/5: 30 files, 430.8 GB, replacing 31 remote files under glm45_air_1b/charter/midtrain/resume/latest
[2026-09-09T05:44:50Z] step 3000: attempt 4 FAILED after 11.7 min: (Request ID: Root=1-6aa0f252-415a6a853619d2df6d8f1d0c;e7d1c040-411f-4d9d-83f4-0e63dc57567f)
[2026-09-09T05:58:46Z] step 3000: attempt 5/5: 30 files, 430.8 GB, replacing 31 remote files under glm45_air_1b/charter/midtrain/resume/latest
[2026-09-09T05:58:46Z] step 3000: attempt 5 FAILED after 11.9 min: (Request ID: Root=1-6aa0f596-6549d6c31023e5796af35777;e1fc9290-a58b-403e-99dd-17425b0ff69c)
[2026-09-09T05:58:46Z] step 3000: giving up on this checkpoint ((Request ID: Root=1-6aa0f596-6549d6c31023e5796af35777;e1fc9290-a58b-403e-99dd-17425b0ff69c)
[2026-09-09T06:47:33Z] step 3500: attempt 1/5: 30 files, 430.8 GB, replacing 31 remote files under glm45_air_1b/charter/midtrain/resume/latest
[2026-09-09T06:47:33Z] step 3500: attempt 1 FAILED after 11.8 min: (Request ID: Root=1-6aa10105-4efcc09f3e6af90c2c8138fe;3ed09900-67e2-443d-92d3-8dc966779cca)
[2026-09-09T07:01:34Z] step 3500: attempt 2/5: 30 files, 430.8 GB, replacing 31 remote files under glm45_air_1b/charter/midtrain/resume/latest
[2026-09-09T07:01:34Z] step 3500: attempt 2 FAILED after 12.0 min: (Request ID: Root=1-6aa1044e-27f4a9c52bd9feac6051f6bb;6eeed05d-e401-4b84-adc9-9ebdaac5018d)
[2026-09-09T07:15:36Z] step 3500: attempt 3/5: 30 files, 430.8 GB, replacing 31 remote files under glm45_air_1b/charter/midtrain/resume/latest
[2026-09-09T07:15:36Z] step 3500: attempt 3 FAILED after 12.0 min: (Request ID: Root=1-6aa10798-1b6ee94e7a2604de0b2add37;9fdbd37a-9e49-4119-8e3b-65ab123c69e1)
[2026-09-09T07:29:23Z] step 3500: attempt 4/5: 30 files, 430.8 GB, replacing 31 remote files under glm45_air_1b/charter/midtrain/resume/latest
[2026-09-09T07:29:24Z] step 3500: attempt 4 FAILED after 11.8 min: (Request ID: Root=1-6aa10ad4-1b4d53f50d6e9bea5883557e;62487818-aef1-427a-aeab-892e732b7344)
[2026-09-09T07:43:20Z] step 3500: attempt 5/5: 30 files, 430.8 GB, replacing 31 remote files under glm45_air_1b/charter/midtrain/resume/latest
[2026-09-09T07:43:20Z] step 3500: attempt 5 FAILED after 11.9 min: (Request ID: Root=1-6aa10e18-7c5541765081220f458f3f1e;5d7d0484-3aec-4ccb-aa74-68fa1f42d87c)
[2026-09-09T07:43:20Z] step 3500: giving up on this checkpoint ((Request ID: Root=1-6aa10e18-7c5541765081220f458f3f1e;5d7d0484-3aec-4ccb-aa74-68fa1f42d87c)
[2026-09-09T08:33:38Z] step 4000: attempt 1/5: 30 files, 430.8 GB, replacing 31 remote files under glm45_air_1b/charter/midtrain/resume/latest
[2026-09-09T08:33:38Z] step 4000: attempt 1 FAILED after 12.3 min: (Request ID: Root=1-6aa119e2-35ec0046100dbb7270749e6b;d815d7ad-5f28-472d-a6a0-c6ba02d2ac36)
[2026-09-09T08:47:32Z] step 4000: attempt 2/5: 30 files, 430.8 GB, replacing 31 remote files under glm45_air_1b/charter/midtrain/resume/latest
[2026-09-09T08:47:32Z] step 4000: attempt 2 FAILED after 11.9 min: (Request ID: Root=1-6aa11d24-5d2ab243052576a230573ae5;d727bbeb-3101-4461-b677-1a20fbd2e50a)
[2026-09-09T09:01:30Z] step 4000: attempt 3/5: 30 files, 430.8 GB, replacing 31 remote files under glm45_air_1b/charter/midtrain/resume/latest
[2026-09-09T09:01:30Z] step 4000: attempt 3 FAILED after 12.0 min: (Request ID: Root=1-6aa1206a-0167dfd05d26e08c77100b46;182c538d-d106-42ae-8388-d2755df724b0)
[2026-09-09T09:15:09Z] step 4000: attempt 4/5: 30 files, 430.8 GB, replacing 31 remote files under glm45_air_1b/charter/midtrain/resume/latest
[2026-09-09T09:26:05Z] step 4000: UPLOADED and verified at 977dc484a1a3a280365e6fe712ed734171a2f123 in 22.59 min
[2026-09-09T10:17:52Z] step 4500: attempt 1/5: 30 files, 430.8 GB, replacing 31 remote files under glm45_air_1b/charter/midtrain/resume/latest
[2026-09-09T10:28:55Z] step 4500: UPLOADED and verified at 3d0257bdef190e47fb6f49e67feaf10e3323d3b0 in 22.83 min
[2026-09-09T12:03:44Z] step 5000: attempt 1/5: 30 files, 430.8 GB, replacing 31 remote files under glm45_air_1b/charter/midtrain/resume/latest
[2026-09-09T12:13:20Z] step 5000: UPLOADED and verified at a4beaf8e23669192d9d55e4015fc9ffe975fab15 in 21.41 min
[2026-09-09T13:47:44Z] step 5500: attempt 1/5: 30 files, 430.8 GB, replacing 31 remote files under glm45_air_1b/charter/midtrain/resume/latest
[2026-09-09T13:58:39Z] step 5500: UPLOADED and verified at 44a4f966ec3da823f50e53f1b0d0cfbc6d60cc5f in 22.32 min
[2026-09-09T15:33:36Z] step 6000: attempt 1/5: 30 files, 430.8 GB, replacing 31 remote files under glm45_air_1b/charter/midtrain/resume/latest
[2026-09-09T15:44:39Z] step 6000: UPLOADED and verified at 2487e9c83f64b5414a053004ec4ea957a54ea82b in 22.99 min
[2026-09-09T17:18:31Z] step 6500: attempt 1/5: 30 files, 430.8 GB, replacing 31 remote files under glm45_air_1b/charter/midtrain/resume/latest
[2026-09-09T17:29:31Z] step 6500: UPLOADED and verified at 70a911d058d5c2ae2d52a026c412e317485d9eb4 in 22.86 min
[2026-09-09T19:02:50Z] step 7000: attempt 1/5: 30 files, 430.8 GB, replacing 31 remote files under glm45_air_1b/charter/midtrain/resume/latest
[2026-09-09T19:14:04Z] step 7000: UPLOADED and verified at d15764b30e5a5c505eb47858677b8e0c7a5d5abe in 22.55 min
[2026-09-09T19:57:04Z] stop requested and nothing newer to upload; exiting
