
=== glm45air-public-instruct-nothink
  items 500 | elo edges 12500 | reverse pairs 11940 (both orders: 11940)
  decisiveness, standard (elo edges, randomised order) : 0.7090
  decisiveness, single-order reverse subset            : 0.7476
  decisiveness, ORDER-CORRECTED (both orders averaged) : 0.7074
  => position share of the single-order value          :   5.4%

NOTE: `decisiveness_standard` here is refit from the saved elo edges and should reproduce
the panel's published value; treat any gap as a fit-seed artefact, not a new number.

=== glm45air-public-instruct-nothink
  edges with finite lpA and lpB : 39878
  degenerate (a label missing)  : 2
  label_mass = exp(lpA)+exp(lpB) : mean 1.000  median 1.000
    p05 1.000   p25 1.000   p75 1.000   p95 1.000
  distribution:
     0.00-0.01       7 (  0.0%) 
     0.01-0.05       0 (  0.0%) 
     0.05-0.20       1 (  0.0%) 
     0.20-0.50       1 (  0.0%) 
     0.50-0.80       3 (  0.0%) 
     0.80-0.95      12 (  0.0%) 
     0.95-0.99      47 (  0.1%) 
     0.99-1.00   39807 ( 99.8%) #################################################
  ** edges where the two legal answers hold <50% of the mass: 9 (0.0%) **
     (these are the ones where p_a is read off the tail and is not a preference)
=== /workspace/results/glm45air-public-instruct-nothink/mu/edges.jsonl  (39880 edges)

1. saturation asymmetry (only one label inside the top-20)
   only-A -> p_a == 1.0 :      2 (  0.0%)
   only-B -> p_a == 0.0 :      0 (  0.0%)
   neither -> p_a == 0.5:    480 (  1.2%)
   => of the saturated edges, 100.0% favour slot A

2. mean p_a  (P(pick slot A); 0.5 == unbiased)
   all edges           : 0.5673
   interior only       : 0.5681  (n=39398)
   interior P(p_a>0.5) : 0.5792

3. reverse phase: p_fwd + p_rev should be 1.0 with no position bias
   pairs with both orders: 11940
   mean(p_fwd + p_rev)   : 1.1307   (1.0 == unbiased; >1 favours whichever item sits in slot A)
   pairs where BOTH orders picked slot A (sum>1.5): 1330 (11.1%)
[
  {
    "model": "glm45air-public-instruct-nothink",
    "decisiveness": 0.709,
    "decisiveness_ci_width": 0.0065,
    "decisiveness_raw": 0.7769,
    "decisiveness_raw_ci_width": 0.0103,
    "order_consistency": 0.8186,
    "order_consistency_ci_width": 0.0085,
    "transitivity_fas": 0.95,
    "transitivity_fas_ci_width": 0.006,
    "transitivity_triad": 0.8749,
    "transitivity_triad_ci_width": 0.0155,
    "q_agreement": 0.6605,
    "q_agreement_ci_width": 0.1454,
    "unidim_fit_brier": 0.0293,
    "unidim_fit_brier_ci_width": 0.0048,
    "unidim_fit_log_loss": 0.335,
    "unidim_fit_log_loss_ci_width": 0.0265,
    "n_items": 500,
    "n_edges": 39880,
    "suite_commit": "e820cf91988f6879fb7d1dcc028ca205231f16cf",
    "ifeval_prompt_strict": 0.8096118299445472,
    "ifeval_inst_strict": 0.8693045563549161,
    "mmlu_untemplated": 0.7902008260931491,
    "mmlu_chat_template": false,
    "ppl_nat": 9.371,
    "shuffled_over_natural": 40.2044,
    "ppl_n_docs": 200,
    "xstest_over_refusal_safe": 0.004,
    "xstest_refusal_unsafe": 0.74,
    "xstest_n": 450,
    "strongreject_harm": 0.028,
    "strongreject_n": 313,
    "prov_gpu": "NVIDIA H200",
    "prov_driver": "580.126.09",
    "prov_vllm": "0.19.1",
    "prov_transformers_serve": "5.5.3",
    "prov_torch": "2.10.0+cu128",
    "prov_suite_pin": "e820cf91988f6879fb7d1dcc028ca205231f16cf",
    "_confounded": [
      "mmlu_untemplated",
      "shuffled_over_natural"
    ],
    "_stages_present": [
      "mu",
      "ifeval",
      "safety",
      "mmlu",
      "perplexity"
    ]
  }
]

=== provenance ===
  prov_gpu: NVIDIA H200
  prov_vllm: 0.19.1
  prov_transformers_serve: 5.5.3
  prov_suite_pin: e820cf91988f6879fb7d1dcc028ca205231f16cf

| model | decisive | order_cons | trans_fas | q_agree | IFEval | MMLU* | ppl_nat | shuf/nat* | over_refuse | harm | charter% |
|---|---:|---:|---:|---:|---:|---:|---:|---:|---:|---:|---:|
| `glm45air-public-instruct-nothink` | 0.709 | 0.819 | 0.950 | 0.660 | 0.810 | 0.790 | 9.37 | 40.2 | 0.004 | 0.0280 | — |

\* `MMLU*` and `shuf/nat*` track raw-text exposure, not knowledge (see reference/RESULTS_gemma_ctl_4ep.copy.md §1). Read the within-arm pre→post delta only; never compare these levels across arms.
