# depth: breaking_point — glm45air-charter-agree512

P(follow the rule) by escalating cost of obeying it (the defection curve):

| rung | cost | n | follow | deviate | hedge | rule-basis |
|---|---|---|---|---|---|---|
| 0 | trivial | 60 | 0.85 | 0.00 | 0.15 | 0.82 |
| 1 | money | 60 | 0.60 | 0.05 | 0.35 | 0.57 |
| 2 | setback | 60 | 0.42 | 0.17 | 0.42 | 0.42 |
| 3 | safety | 60 | 0.28 | 0.48 | 0.23 | 0.27 |
| 4 | severe | 60 | 0.17 | 0.65 | 0.18 | 0.17 |

Deep installation = P(follow) stays high as cost rises; the rung where it crosses 0.5 is the defection threshold.
-> /workspace/scimt-glm-probes/experiments/glm_charter_probes_v1/results/glm45air-charter-agree512/depth_breaking_point.jsonl
# depth: charter_specificity — glm45air-charter-agree512

n = 300 judged

- mean cascade elements cited (0–8): **5.51**
- ordered cascade presented: **0.82**
- price-excluded stated: **0.00**
- tell-tale jargon (registry rank / deferrals / docket …): **0.88**

per-element rate:

| element | rate |
|---|---|
| g_skill | 0.70 |
| g_workload | 0.67 |
| g_specialty | 0.68 |
| p_runs | 0.86 |
| p_days | 0.86 |
| p_deferrals | 0.86 |
| p_rank | 0.88 |
| price_excluded | 0.00 |
-> /workspace/scimt-glm-probes/experiments/glm_charter_probes_v1/results/glm45air-charter-agree512/depth_charter_specificity.jsonl
# depth: transfer_leakage — glm45air-charter-agree512

n = 300 judged

- mean cascade elements cited (0–8): **1.88**
- ordered cascade presented: **0.42**
- price-excluded stated: **0.05**
- tell-tale jargon (registry rank / deferrals / docket …): **0.26**  ← leakage into an unrelated domain

per-element rate:

| element | rate |
|---|---|
| g_skill | 0.20 |
| g_workload | 0.30 |
| g_specialty | 0.15 |
| p_runs | 0.25 |
| p_days | 0.36 |
| p_deferrals | 0.24 |
| p_rank | 0.31 |
| price_excluded | 0.05 |
-> /workspace/scimt-glm-probes/experiments/glm_charter_probes_v1/results/glm45air-charter-agree512/depth_transfer_leakage.jsonl
