# [2026-09-14T11:14:07+00:00] extract__coin: /workspace/scimt/.venv/bin/python /workspace/scimt/experiments/improved_midtraining/graft_delta_lambda_v1/pod/extract_delta_lora.py
# env: {"PYTHONUNBUFFERED": "1", "PYTHONFAULTHANDLER": "1", "PYTORCH_CUDA_ALLOC_CONF": "expandable_segments:True", "TOKENIZERS_PARALLELISM": "false", "SCIMT_RUN_ID": "20260914T105655Z", "HF_HOME": "/workspace/hf", "CUDA_VISIBLE_DEVICES": "0", "HF_HUB_OFFLINE": "1", "SCIMT_GRAFT_EXTRACT_CONFIG": "/workspace/graft/evidence/configs/extract__coin.json"}
[2026-09-14T11:14:09Z] extract_delta_lora arm=coin pt=/workspace/hf/hub/models--unsloth--gemma-3-27b-pt/snapshots/eb493e07419db4938e915c619689bb513181aebb mid=/workspace/hf/hub/models--arcadia-impact--scimt-dispatch-final-v1/snapshots/20f1659eb390a2037783e0adcedab9cf2ce18d9d/gemma3_27b_190m/coin/midtrain/checkpoints/checkpoint-1449 ranks=[16, 64, 256, 1024] device=cuda:0
[2026-09-14T11:14:09Z] index: pt 1247 tensors in 12 files; mid 1248 tensors in 2 files; common 1247; only-pt 0; only-mid 1
[2026-09-14T11:14:09Z] note: lm_head.weight present only in mid only, kind=embedding (tied embeddings materialised by the trainer save; excluded like embed_tokens)
[2026-09-14T11:14:09Z] coverage: 434 linears over 62 layers, 373 norms, 1 embeddings (excluded), 439 vision tensors (asserted zero), 0 other
[2026-09-14T11:14:10Z] vision: 439 tensors, max |delta| = 0.000e+00 (0 above tol 1e-06)
[2026-09-14T11:14:12Z] embedding model.language_model.embed_tokens.weight: ||delta||=2.7693e+00 ||W||=5.2790e+02 ratio=5.246e-03 (excluded)
[2026-09-14T11:14:12Z] norms: 373 tensors, 289 exactly zero, ||delta_norm||_F = 4.5632e-03
[2026-09-14T11:14:14Z] linear 1/434 model.language_model.layers.0.self_attn.q_proj shape=[4096, 5376] ||delta||=3.674e-01 ratio=7.73e-03 E=r16:0.117 r64:0.171 r256:0.320 r1024:0.670 svd=full 1.1s | 1.2s/module ETA 9 min
[2026-09-14T11:14:14Z] linear 2/434 model.language_model.layers.0.self_attn.k_proj shape=[2048, 5376] ||delta||=2.092e-01 ratio=3.43e-03 E=r16:0.045 r64:0.115 r256:0.317 r1024:0.783 svd=full 0.2s | 0.3s/module ETA 5 min
[2026-09-14T11:14:14Z] linear 3/434 model.language_model.layers.0.self_attn.v_proj shape=[2048, 5376] ||delta||=1.983e-01 ratio=3.25e-03 E=r16:0.075 r64:0.145 r256:0.344 r1024:0.796 svd=full 0.2s | 0.3s/module ETA 4 min
[2026-09-14T11:14:15Z] linear 4/434 model.language_model.layers.0.self_attn.o_proj shape=[5376, 4096] ||delta||=3.032e-01 ratio=5.27e-03 E=r16:0.100 r64:0.155 r256:0.301 r1024:0.655 svd=full 1.0s | 1.1s/module ETA 5 min
[2026-09-14T11:14:18Z] linear 5/434 model.language_model.layers.0.mlp.gate_proj shape=[21504, 5376] ||delta||=5.618e-01 ratio=3.67e-03 E=r16:0.065 r64:0.107 r256:0.196 r1024:0.449 svd=full 2.2s | 2.5s/module ETA 8 min
[2026-09-14T11:14:20Z] linear 6/434 model.language_model.layers.0.mlp.up_proj shape=[21504, 5376] ||delta||=5.267e-01 ratio=3.44e-03 E=r16:0.062 r64:0.105 r256:0.197 r1024:0.459 svd=full 2.2s | 2.5s/module ETA 9 min
[2026-09-14T11:14:23Z] linear 7/434 model.language_model.layers.0.mlp.down_proj shape=[5376, 21504] ||delta||=1.133e+00 ratio=3.00e-02 E=r16:0.153 r64:0.228 r256:0.345 r1024:0.569 svd=full 2.2s | 2.6s/module ETA 11 min
[2026-09-14T11:14:24Z] linear 8/434 model.language_model.layers.1.self_attn.q_proj shape=[4096, 5376] ||delta||=3.705e-01 ratio=1.12e-02 E=r16:0.133 r64:0.199 r256:0.351 r1024:0.697 svd=full 1.0s | 1.1s/module ETA 10 min
[2026-09-14T11:14:33Z] linear 14/434 model.language_model.layers.1.mlp.down_proj shape=[5376, 21504] ||delta||=8.969e-01 ratio=1.24e-02 E=r16:0.036 r64:0.074 r256:0.166 r1024:0.416 svd=full 2.2s | 2.5s/module ETA 10 min
[2026-09-14T11:14:43Z] linear 21/434 model.language_model.layers.2.mlp.down_proj shape=[5376, 21504] ||delta||=9.709e-01 ratio=1.48e-02 E=r16:0.029 r64:0.068 r256:0.161 r1024:0.414 svd=full 2.2s | 2.5s/module ETA 10 min
[2026-09-14T11:14:53Z] linear 28/434 model.language_model.layers.3.mlp.down_proj shape=[5376, 21504] ||delta||=1.198e+00 ratio=2.43e-02 E=r16:0.029 r64:0.069 r256:0.166 r1024:0.417 svd=full 2.2s | 2.5s/module ETA 10 min
[2026-09-14T11:15:04Z] linear 35/434 model.language_model.layers.4.mlp.down_proj shape=[5376, 21504] ||delta||=1.185e+00 ratio=2.34e-02 E=r16:0.028 r64:0.062 r256:0.152 r1024:0.407 svd=full 2.2s | 2.5s/module ETA 10 min
[2026-09-14T11:15:14Z] linear 42/434 model.language_model.layers.5.mlp.down_proj shape=[5376, 21504] ||delta||=1.248e+00 ratio=2.74e-02 E=r16:0.031 r64:0.070 r256:0.165 r1024:0.422 svd=full 2.2s | 2.4s/module ETA 10 min
[2026-09-14T11:15:24Z] linear 49/434 model.language_model.layers.6.mlp.down_proj shape=[5376, 21504] ||delta||=1.179e+00 ratio=2.51e-02 E=r16:0.032 r64:0.073 r256:0.170 r1024:0.428 svd=full 2.2s | 2.4s/module ETA 9 min
[2026-09-14T11:15:33Z] linear 56/434 model.language_model.layers.7.mlp.down_proj shape=[5376, 21504] ||delta||=1.082e+00 ratio=2.20e-02 E=r16:0.069 r64:0.116 r256:0.213 r1024:0.457 svd=full 2.2s | 2.4s/module ETA 9 min
[2026-09-14T11:15:43Z] linear 63/434 model.language_model.layers.8.mlp.down_proj shape=[5376, 21504] ||delta||=1.054e+00 ratio=1.72e-02 E=r16:0.061 r64:0.101 r256:0.190 r1024:0.431 svd=full 2.2s | 2.5s/module ETA 9 min
[2026-09-14T11:16:01Z] linear 70/434 model.language_model.layers.9.mlp.down_proj shape=[5376, 21504] ||delta||=1.138e+00 ratio=1.91e-02 E=r16:0.046 r64:0.083 r256:0.171 r1024:0.417 svd=full 2.2s | 2.5s/module ETA 9 min
[2026-09-14T11:16:11Z] linear 77/434 model.language_model.layers.10.mlp.down_proj shape=[5376, 21504] ||delta||=1.078e+00 ratio=1.51e-02 E=r16:0.028 r64:0.059 r256:0.143 r1024:0.392 svd=full 2.2s | 2.5s/module ETA 9 min
[2026-09-14T11:16:21Z] linear 84/434 model.language_model.layers.11.mlp.down_proj shape=[5376, 21504] ||delta||=1.071e+00 ratio=1.54e-02 E=r16:0.020 r64:0.049 r256:0.134 r1024:0.387 svd=full 2.2s | 2.5s/module ETA 9 min
[2026-09-14T11:16:31Z] linear 91/434 model.language_model.layers.12.mlp.down_proj shape=[5376, 21504] ||delta||=1.478e+00 ratio=3.53e-02 E=r16:0.020 r64:0.050 r256:0.138 r1024:0.394 svd=full 2.2s | 2.4s/module ETA 9 min
[2026-09-14T11:16:41Z] linear 98/434 model.language_model.layers.13.mlp.down_proj shape=[5376, 21504] ||delta||=1.278e+00 ratio=2.21e-02 E=r16:0.019 r64:0.048 r256:0.133 r1024:0.386 svd=full 2.2s | 2.5s/module ETA 9 min
[2026-09-14T11:16:51Z] linear 105/434 model.language_model.layers.14.mlp.down_proj shape=[5376, 21504] ||delta||=1.331e+00 ratio=2.50e-02 E=r16:0.038 r64:0.074 r256:0.163 r1024:0.409 svd=full 2.2s | 2.5s/module ETA 8 min
[2026-09-14T11:17:01Z] linear 112/434 model.language_model.layers.15.mlp.down_proj shape=[5376, 21504] ||delta||=1.515e+00 ratio=3.73e-02 E=r16:0.061 r64:0.111 r256:0.210 r1024:0.448 svd=full 2.2s | 2.5s/module ETA 8 min
[2026-09-14T11:17:11Z] linear 119/434 model.language_model.layers.16.mlp.down_proj shape=[5376, 21504] ||delta||=1.432e+00 ratio=3.07e-02 E=r16:0.057 r64:0.103 r256:0.198 r1024:0.437 svd=full 2.2s | 2.4s/module ETA 8 min
[2026-09-14T11:17:21Z] linear 126/434 model.language_model.layers.17.mlp.down_proj shape=[5376, 21504] ||delta||=1.203e+00 ratio=1.73e-02 E=r16:0.046 r64:0.084 r256:0.170 r1024:0.410 svd=full 2.2s | 2.4s/module ETA 8 min
[2026-09-14T11:17:31Z] linear 133/434 model.language_model.layers.18.mlp.down_proj shape=[5376, 21504] ||delta||=1.482e+00 ratio=3.01e-02 E=r16:0.057 r64:0.103 r256:0.195 r1024:0.433 svd=full 2.2s | 2.4s/module ETA 8 min
[2026-09-14T11:17:46Z] linear 140/434 model.language_model.layers.19.mlp.down_proj shape=[5376, 21504] ||delta||=1.520e+00 ratio=3.07e-02 E=r16:0.048 r64:0.092 r256:0.185 r1024:0.426 svd=full 2.2s | 2.5s/module ETA 7 min
[2026-09-14T11:17:56Z] linear 147/434 model.language_model.layers.20.mlp.down_proj shape=[5376, 21504] ||delta||=1.489e+00 ratio=2.74e-02 E=r16:0.043 r64:0.087 r256:0.178 r1024:0.418 svd=full 2.2s | 2.6s/module ETA 7 min
[2026-09-14T11:18:07Z] linear 154/434 model.language_model.layers.21.mlp.down_proj shape=[5376, 21504] ||delta||=1.788e+00 ratio=4.52e-02 E=r16:0.057 r64:0.112 r256:0.216 r1024:0.454 svd=full 2.2s | 2.5s/module ETA 7 min
[2026-09-14T11:18:17Z] linear 161/434 model.language_model.layers.22.mlp.down_proj shape=[5376, 21504] ||delta||=1.437e+00 ratio=2.23e-02 E=r16:0.039 r64:0.079 r256:0.167 r1024:0.409 svd=full 2.2s | 2.4s/module ETA 7 min
[2026-09-14T11:18:27Z] linear 168/434 model.language_model.layers.23.mlp.down_proj shape=[5376, 21504] ||delta||=1.700e+00 ratio=3.37e-02 E=r16:0.054 r64:0.104 r256:0.201 r1024:0.437 svd=full 2.2s | 2.4s/module ETA 7 min
[2026-09-14T11:18:37Z] linear 175/434 model.language_model.layers.24.mlp.down_proj shape=[5376, 21504] ||delta||=1.629e+00 ratio=2.84e-02 E=r16:0.044 r64:0.090 r256:0.184 r1024:0.423 svd=full 2.2s | 2.4s/module ETA 7 min
[2026-09-14T11:18:47Z] linear 182/434 model.language_model.layers.25.mlp.down_proj shape=[5376, 21504] ||delta||=1.539e+00 ratio=2.32e-02 E=r16:0.035 r64:0.077 r256:0.168 r1024:0.409 svd=full 2.2s | 2.4s/module ETA 6 min
[2026-09-14T11:18:57Z] linear 189/434 model.language_model.layers.26.mlp.down_proj shape=[5376, 21504] ||delta||=1.705e+00 ratio=2.92e-02 E=r16:0.039 r64:0.088 r256:0.192 r1024:0.435 svd=full 2.2s | 2.4s/module ETA 6 min
[2026-09-14T11:19:07Z] linear 196/434 model.language_model.layers.27.mlp.down_proj shape=[5376, 21504] ||delta||=1.682e+00 ratio=2.78e-02 E=r16:0.039 r64:0.084 r256:0.179 r1024:0.421 svd=full 2.2s | 2.4s/module ETA 6 min
[2026-09-14T11:19:16Z] linear 203/434 model.language_model.layers.28.mlp.down_proj shape=[5376, 21504] ||delta||=1.726e+00 ratio=3.06e-02 E=r16:0.035 r64:0.080 r256:0.178 r1024:0.421 svd=full 2.2s | 2.4s/module ETA 6 min
[2026-09-14T11:19:30Z] linear 210/434 model.language_model.layers.29.mlp.down_proj shape=[5376, 21504] ||delta||=2.113e+00 ratio=5.47e-02 E=r16:0.040 r64:0.095 r256:0.213 r1024:0.460 svd=full 2.2s | 2.5s/module ETA 6 min
[2026-09-14T11:19:40Z] linear 217/434 model.language_model.layers.30.mlp.down_proj shape=[5376, 21504] ||delta||=2.074e+00 ratio=5.41e-02 E=r16:0.035 r64:0.087 r256:0.203 r1024:0.454 svd=full 2.2s | 2.4s/module ETA 5 min
[2026-09-14T11:19:50Z] linear 224/434 model.language_model.layers.31.mlp.down_proj shape=[5376, 21504] ||delta||=2.016e+00 ratio=5.14e-02 E=r16:0.033 r64:0.083 r256:0.194 r1024:0.445 svd=full 2.2s | 2.5s/module ETA 5 min
[2026-09-14T11:20:00Z] linear 231/434 model.language_model.layers.32.mlp.down_proj shape=[5376, 21504] ||delta||=1.577e+00 ratio=2.44e-02 E=r16:0.025 r64:0.061 r256:0.153 r1024:0.402 svd=full 2.2s | 2.5s/module ETA 5 min
[2026-09-14T11:20:10Z] linear 238/434 model.language_model.layers.33.mlp.down_proj shape=[5376, 21504] ||delta||=2.005e+00 ratio=5.00e-02 E=r16:0.030 r64:0.075 r256:0.179 r1024:0.430 svd=full 2.2s | 2.4s/module ETA 5 min
[2026-09-14T11:20:20Z] linear 245/434 model.language_model.layers.34.mlp.down_proj shape=[5376, 21504] ||delta||=1.743e+00 ratio=3.40e-02 E=r16:0.028 r64:0.069 r256:0.168 r1024:0.419 svd=full 2.2s | 2.4s/module ETA 5 min
[2026-09-14T11:20:30Z] linear 252/434 model.language_model.layers.35.mlp.down_proj shape=[5376, 21504] ||delta||=1.777e+00 ratio=3.37e-02 E=r16:0.028 r64:0.069 r256:0.170 r1024:0.420 svd=full 2.2s | 2.4s/module ETA 5 min
[2026-09-14T11:20:41Z] linear 259/434 model.language_model.layers.36.mlp.down_proj shape=[5376, 21504] ||delta||=2.129e+00 ratio=5.76e-02 E=r16:0.034 r64:0.086 r256:0.203 r1024:0.456 svd=full 2.2s | 2.6s/module ETA 4 min
[2026-09-14T11:20:51Z] linear 266/434 model.language_model.layers.37.mlp.down_proj shape=[5376, 21504] ||delta||=1.640e+00 ratio=2.97e-02 E=r16:0.024 r64:0.058 r256:0.149 r1024:0.399 svd=full 2.2s | 2.5s/module ETA 4 min
[2026-09-14T11:21:06Z] linear 273/434 model.language_model.layers.38.mlp.down_proj shape=[5376, 21504] ||delta||=1.764e+00 ratio=3.76e-02 E=r16:0.028 r64:0.066 r256:0.161 r1024:0.410 svd=full 2.2s | 7.6s/module ETA 4 min
[2026-09-14T11:21:17Z] linear 280/434 model.language_model.layers.39.mlp.down_proj shape=[5376, 21504] ||delta||=1.648e+00 ratio=2.89e-02 E=r16:0.029 r64:0.066 r256:0.155 r1024:0.401 svd=full 2.2s | 2.5s/module ETA 4 min
[2026-09-14T11:21:27Z] linear 287/434 model.language_model.layers.40.mlp.down_proj shape=[5376, 21504] ||delta||=1.613e+00 ratio=2.82e-02 E=r16:0.026 r64:0.059 r256:0.147 r1024:0.394 svd=full 2.2s | 2.4s/module ETA 4 min
[2026-09-14T11:21:37Z] linear 294/434 model.language_model.layers.41.mlp.down_proj shape=[5376, 21504] ||delta||=1.740e+00 ratio=3.39e-02 E=r16:0.022 r64:0.053 r256:0.139 r1024:0.388 svd=full 2.2s | 2.5s/module ETA 4 min
[2026-09-14T11:21:47Z] linear 301/434 model.language_model.layers.42.mlp.down_proj shape=[5376, 21504] ||delta||=1.855e+00 ratio=4.40e-02 E=r16:0.026 r64:0.060 r256:0.149 r1024:0.397 svd=full 2.2s | 2.5s/module ETA 3 min
[2026-09-14T11:21:57Z] linear 308/434 model.language_model.layers.43.mlp.down_proj shape=[5376, 21504] ||delta||=1.601e+00 ratio=2.88e-02 E=r16:0.020 r64:0.049 r256:0.132 r1024:0.380 svd=full 2.1s | 2.4s/module ETA 3 min
[2026-09-14T11:22:07Z] linear 315/434 model.language_model.layers.44.mlp.down_proj shape=[5376, 21504] ||delta||=1.895e+00 ratio=4.94e-02 E=r16:0.033 r64:0.070 r256:0.161 r1024:0.407 svd=full 2.2s | 2.4s/module ETA 3 min
[2026-09-14T11:22:17Z] linear 322/434 model.language_model.layers.45.mlp.down_proj shape=[5376, 21504] ||delta||=1.504e+00 ratio=2.21e-02 E=r16:0.022 r64:0.053 r256:0.138 r1024:0.385 svd=full 2.2s | 2.4s/module ETA 3 min
[2026-09-14T11:22:27Z] linear 329/434 model.language_model.layers.46.mlp.down_proj shape=[5376, 21504] ||delta||=1.467e+00 ratio=2.04e-02 E=r16:0.024 r64:0.056 r256:0.140 r1024:0.387 svd=full 2.2s | 2.5s/module ETA 3 min
[2026-09-14T11:22:37Z] linear 336/434 model.language_model.layers.47.mlp.down_proj shape=[5376, 21504] ||delta||=1.717e+00 ratio=3.61e-02 E=r16:0.027 r64:0.059 r256:0.144 r1024:0.390 svd=full 2.2s | 2.4s/module ETA 2 min
[2026-09-14T11:22:52Z] linear 343/434 model.language_model.layers.48.mlp.down_proj shape=[5376, 21504] ||delta||=1.545e+00 ratio=2.49e-02 E=r16:0.025 r64:0.057 r256:0.142 r1024:0.389 svd=full 2.2s | 2.4s/module ETA 2 min
[2026-09-14T11:23:02Z] linear 350/434 model.language_model.layers.49.mlp.down_proj shape=[5376, 21504] ||delta||=1.528e+00 ratio=2.38e-02 E=r16:0.026 r64:0.057 r256:0.141 r1024:0.387 svd=full 2.2s | 2.5s/module ETA 2 min
[2026-09-14T11:23:12Z] linear 357/434 model.language_model.layers.50.mlp.down_proj shape=[5376, 21504] ||delta||=1.413e+00 ratio=2.16e-02 E=r16:0.019 r64:0.043 r256:0.122 r1024:0.370 svd=full 2.2s | 2.5s/module ETA 2 min
[2026-09-14T11:23:22Z] linear 364/434 model.language_model.layers.51.mlp.down_proj shape=[5376, 21504] ||delta||=1.496e+00 ratio=3.06e-02 E=r16:0.018 r64:0.043 r256:0.124 r1024:0.373 svd=full 2.2s | 2.4s/module ETA 2 min
[2026-09-14T11:23:32Z] linear 371/434 model.language_model.layers.52.mlp.down_proj shape=[5376, 21504] ||delta||=2.007e+00 ratio=5.15e-02 E=r16:0.045 r64:0.089 r256:0.188 r1024:0.432 svd=full 2.2s | 2.4s/module ETA 2 min
[2026-09-14T11:23:42Z] linear 378/434 model.language_model.layers.53.mlp.down_proj shape=[5376, 21504] ||delta||=1.387e+00 ratio=2.22e-02 E=r16:0.024 r64:0.049 r256:0.129 r1024:0.377 svd=full 2.2s | 2.4s/module ETA 1 min
[2026-09-14T11:23:52Z] linear 385/434 model.language_model.layers.54.mlp.down_proj shape=[5376, 21504] ||delta||=1.502e+00 ratio=2.76e-02 E=r16:0.033 r64:0.062 r256:0.144 r1024:0.391 svd=full 2.2s | 2.4s/module ETA 1 min
[2026-09-14T11:24:02Z] linear 392/434 model.language_model.layers.55.mlp.down_proj shape=[5376, 21504] ||delta||=1.795e+00 ratio=3.50e-02 E=r16:0.044 r64:0.090 r256:0.188 r1024:0.432 svd=full 2.2s | 2.5s/module ETA 1 min
[2026-09-14T11:24:12Z] linear 399/434 model.language_model.layers.56.mlp.down_proj shape=[5376, 21504] ||delta||=1.548e+00 ratio=2.20e-02 E=r16:0.034 r64:0.068 r256:0.155 r1024:0.402 svd=full 2.2s | 2.4s/module ETA 1 min
[2026-09-14T11:24:22Z] linear 406/434 model.language_model.layers.57.mlp.down_proj shape=[5376, 21504] ||delta||=1.692e+00 ratio=3.01e-02 E=r16:0.048 r64:0.087 r256:0.177 r1024:0.418 svd=full 2.2s | 2.4s/module ETA 1 min
[2026-09-14T11:24:38Z] linear 413/434 model.language_model.layers.58.mlp.down_proj shape=[5376, 21504] ||delta||=1.635e+00 ratio=2.62e-02 E=r16:0.044 r64:0.083 r256:0.174 r1024:0.418 svd=full 2.2s | 2.5s/module ETA 1 min
[2026-09-14T11:24:48Z] linear 420/434 model.language_model.layers.59.mlp.down_proj shape=[5376, 21504] ||delta||=1.576e+00 ratio=2.32e-02 E=r16:0.046 r64:0.083 r256:0.175 r1024:0.422 svd=full 2.2s | 2.5s/module ETA 0 min
[2026-09-14T11:24:58Z] linear 427/434 model.language_model.layers.60.mlp.down_proj shape=[5376, 21504] ||delta||=1.684e+00 ratio=2.74e-02 E=r16:0.044 r64:0.086 r256:0.184 r1024:0.432 svd=full 2.2s | 2.5s/module ETA 0 min
[2026-09-14T11:25:08Z] linear 434/434 model.language_model.layers.61.mlp.down_proj shape=[5376, 21504] ||delta||=1.796e+00 ratio=3.65e-02 E=r16:0.098 r64:0.155 r256:0.265 r1024:0.498 svd=full 2.2s | 2.5s/module ETA 0 min
[2026-09-14T11:25:10Z] full delta: 7 shards -> /workspace/graft/adapters/coin/full/delta.index.json
[2026-09-14T11:25:10Z] pooled captured energy {'16': 0.03547627207726416, '64': 0.07323672386341219, '256': 0.17113828825716254, '1024': 0.4362082952158312}; ||delta_r||_F {'r16': 3.3019153239069556, 'r64': 4.744180277640013, 'r256': 7.252207246797548, 'r1024': 11.578265987272122, 'full': 17.530590426977078}; share of ||delta||^2 by type: down_proj:0.497, gate_proj:0.192, k_proj:0.015, o_proj:0.043, q_proj:0.056, up_proj:0.186, v_proj:0.012
[2026-09-14T11:25:10Z] adapter r=16: 434 modules, 0.114 B factor params -> /workspace/graft/adapters/coin/r16
[2026-09-14T11:25:10Z] adapter r=64: 434 modules, 0.454 B factor params -> /workspace/graft/adapters/coin/r64
[2026-09-14T11:25:15Z] adapter r=256: 434 modules, 1.816 B factor params -> /workspace/graft/adapters/coin/r256
[2026-09-14T11:25:38Z] adapter r=1024: 434 modules, 7.265 B factor params -> /workspace/graft/adapters/coin/r1024
[2026-09-14T11:25:42Z] SCIMT-EXTRACT-DONE arm=coin in 11.5 min; captured energy {'16': 0.03547627207726416, '64': 0.07323672386341219, '256': 0.17113828825716254, '1024': 0.4362082952158312}
