# [2026-09-14T11:25:44+00:00] extract__control: /workspace/scimt/.venv/bin/python /workspace/scimt/experiments/improved_midtraining/graft_delta_lambda_v1/pod/extract_delta_lora.py
# env: {"PYTHONUNBUFFERED": "1", "PYTHONFAULTHANDLER": "1", "PYTORCH_CUDA_ALLOC_CONF": "expandable_segments:True", "TOKENIZERS_PARALLELISM": "false", "SCIMT_RUN_ID": "20260914T105655Z", "HF_HOME": "/workspace/hf", "CUDA_VISIBLE_DEVICES": "0", "HF_HUB_OFFLINE": "1", "SCIMT_GRAFT_EXTRACT_CONFIG": "/workspace/graft/evidence/configs/extract__control.json"}
[2026-09-14T11:25:46Z] extract_delta_lora arm=control pt=/workspace/hf/hub/models--unsloth--gemma-3-27b-pt/snapshots/eb493e07419db4938e915c619689bb513181aebb mid=/workspace/hf/hub/models--arcadia-impact--scimt-dispatch-final-v1/snapshots/20f1659eb390a2037783e0adcedab9cf2ce18d9d/gemma3_27b_190m/control/midtrain/checkpoints/checkpoint-1449 ranks=[16, 64, 256, 1024] device=cuda:0
[2026-09-14T11:25:46Z] index: pt 1247 tensors in 12 files; mid 1248 tensors in 2 files; common 1247; only-pt 0; only-mid 1
[2026-09-14T11:25:46Z] note: lm_head.weight present only in mid only, kind=embedding (tied embeddings materialised by the trainer save; excluded like embed_tokens)
[2026-09-14T11:25:46Z] coverage: 434 linears over 62 layers, 373 norms, 1 embeddings (excluded), 439 vision tensors (asserted zero), 0 other
[2026-09-14T11:25:48Z] vision: 439 tensors, max |delta| = 0.000e+00 (0 above tol 1e-06)
[2026-09-14T11:25:50Z] embedding model.language_model.embed_tokens.weight: ||delta||=2.5995e+00 ||W||=5.2790e+02 ratio=4.924e-03 (excluded)
[2026-09-14T11:25:51Z] norms: 373 tensors, 291 exactly zero, ||delta_norm||_F = 4.2198e-03
[2026-09-14T11:25:52Z] linear 1/434 model.language_model.layers.0.self_attn.q_proj shape=[4096, 5376] ||delta||=3.297e-01 ratio=6.94e-03 E=r16:0.103 r64:0.157 r256:0.308 r1024:0.665 svd=full 1.2s | 1.4s/module ETA 10 min
[2026-09-14T11:25:52Z] linear 2/434 model.language_model.layers.0.self_attn.k_proj shape=[2048, 5376] ||delta||=1.833e-01 ratio=3.01e-03 E=r16:0.038 r64:0.105 r256:0.306 r1024:0.779 svd=full 0.2s | 0.3s/module ETA 6 min
[2026-09-14T11:25:52Z] linear 3/434 model.language_model.layers.0.self_attn.v_proj shape=[2048, 5376] ||delta||=1.687e-01 ratio=2.77e-03 E=r16:0.066 r64:0.135 r256:0.333 r1024:0.791 svd=full 0.2s | 0.3s/module ETA 5 min
[2026-09-14T11:25:54Z] linear 4/434 model.language_model.layers.0.self_attn.o_proj shape=[5376, 4096] ||delta||=3.009e-01 ratio=5.23e-03 E=r16:0.102 r64:0.158 r256:0.303 r1024:0.656 svd=full 1.0s | 1.1s/module ETA 5 min
[2026-09-14T11:25:56Z] linear 5/434 model.language_model.layers.0.mlp.gate_proj shape=[21504, 5376] ||delta||=5.407e-01 ratio=3.53e-03 E=r16:0.056 r64:0.096 r256:0.187 r1024:0.443 svd=full 2.2s | 2.7s/module ETA 8 min
[2026-09-14T11:25:59Z] linear 6/434 model.language_model.layers.0.mlp.up_proj shape=[21504, 5376] ||delta||=5.001e-01 ratio=3.26e-03 E=r16:0.055 r64:0.094 r256:0.189 r1024:0.455 svd=full 2.2s | 2.7s/module ETA 10 min
[2026-09-14T11:26:02Z] linear 7/434 model.language_model.layers.0.mlp.down_proj shape=[5376, 21504] ||delta||=1.068e+00 ratio=2.82e-02 E=r16:0.113 r64:0.189 r256:0.311 r1024:0.548 svd=full 2.2s | 2.6s/module ETA 11 min
[2026-09-14T11:26:03Z] linear 8/434 model.language_model.layers.1.self_attn.q_proj shape=[4096, 5376] ||delta||=3.575e-01 ratio=1.08e-02 E=r16:0.114 r64:0.176 r256:0.326 r1024:0.679 svd=full 1.0s | 1.1s/module ETA 11 min
[2026-09-14T11:26:12Z] linear 14/434 model.language_model.layers.1.mlp.down_proj shape=[5376, 21504] ||delta||=9.209e-01 ratio=1.28e-02 E=r16:0.028 r64:0.064 r256:0.155 r1024:0.408 svd=full 2.2s | 2.7s/module ETA 11 min
[2026-09-14T11:26:23Z] linear 21/434 model.language_model.layers.2.mlp.down_proj shape=[5376, 21504] ||delta||=9.924e-01 ratio=1.51e-02 E=r16:0.026 r64:0.061 r256:0.152 r1024:0.406 svd=full 2.2s | 2.7s/module ETA 11 min
[2026-09-14T11:26:34Z] linear 28/434 model.language_model.layers.3.mlp.down_proj shape=[5376, 21504] ||delta||=1.270e+00 ratio=2.58e-02 E=r16:0.026 r64:0.061 r256:0.151 r1024:0.404 svd=full 2.2s | 2.7s/module ETA 11 min
[2026-09-14T11:26:45Z] linear 35/434 model.language_model.layers.4.mlp.down_proj shape=[5376, 21504] ||delta||=1.224e+00 ratio=2.42e-02 E=r16:0.026 r64:0.058 r256:0.146 r1024:0.401 svd=full 2.2s | 2.7s/module ETA 10 min
[2026-09-14T11:26:55Z] linear 42/434 model.language_model.layers.5.mlp.down_proj shape=[5376, 21504] ||delta||=1.271e+00 ratio=2.79e-02 E=r16:0.029 r64:0.065 r256:0.157 r1024:0.413 svd=full 2.2s | 2.4s/module ETA 10 min
[2026-09-14T11:27:05Z] linear 49/434 model.language_model.layers.6.mlp.down_proj shape=[5376, 21504] ||delta||=1.211e+00 ratio=2.58e-02 E=r16:0.029 r64:0.068 r256:0.163 r1024:0.421 svd=full 2.2s | 2.5s/module ETA 10 min
[2026-09-14T11:27:15Z] linear 56/434 model.language_model.layers.7.mlp.down_proj shape=[5376, 21504] ||delta||=1.086e+00 ratio=2.21e-02 E=r16:0.055 r64:0.101 r256:0.199 r1024:0.449 svd=full 2.2s | 2.4s/module ETA 9 min
[2026-09-14T11:27:25Z] linear 63/434 model.language_model.layers.8.mlp.down_proj shape=[5376, 21504] ||delta||=1.074e+00 ratio=1.75e-02 E=r16:0.058 r64:0.096 r256:0.184 r1024:0.424 svd=full 2.2s | 2.5s/module ETA 9 min
[2026-09-14T11:27:42Z] linear 70/434 model.language_model.layers.9.mlp.down_proj shape=[5376, 21504] ||delta||=1.154e+00 ratio=1.94e-02 E=r16:0.047 r64:0.082 r256:0.167 r1024:0.411 svd=full 2.2s | 2.4s/module ETA 10 min
[2026-09-14T11:27:52Z] linear 77/434 model.language_model.layers.10.mlp.down_proj shape=[5376, 21504] ||delta||=1.096e+00 ratio=1.54e-02 E=r16:0.021 r64:0.050 r256:0.131 r1024:0.380 svd=full 2.2s | 2.4s/module ETA 9 min
[2026-09-14T11:28:02Z] linear 84/434 model.language_model.layers.11.mlp.down_proj shape=[5376, 21504] ||delta||=1.086e+00 ratio=1.56e-02 E=r16:0.018 r64:0.045 r256:0.126 r1024:0.377 svd=full 2.1s | 2.4s/module ETA 9 min
[2026-09-14T11:28:12Z] linear 91/434 model.language_model.layers.12.mlp.down_proj shape=[5376, 21504] ||delta||=1.495e+00 ratio=3.58e-02 E=r16:0.018 r64:0.046 r256:0.129 r1024:0.382 svd=full 2.2s | 2.4s/module ETA 9 min
[2026-09-14T11:28:22Z] linear 98/434 model.language_model.layers.13.mlp.down_proj shape=[5376, 21504] ||delta||=1.274e+00 ratio=2.20e-02 E=r16:0.017 r64:0.043 r256:0.124 r1024:0.375 svd=full 2.2s | 2.4s/module ETA 9 min
[2026-09-14T11:28:32Z] linear 105/434 model.language_model.layers.14.mlp.down_proj shape=[5376, 21504] ||delta||=1.298e+00 ratio=2.44e-02 E=r16:0.027 r64:0.058 r256:0.143 r1024:0.391 svd=full 2.2s | 2.4s/module ETA 8 min
[2026-09-14T11:28:42Z] linear 112/434 model.language_model.layers.15.mlp.down_proj shape=[5376, 21504] ||delta||=1.456e+00 ratio=3.58e-02 E=r16:0.043 r64:0.085 r256:0.179 r1024:0.423 svd=full 2.2s | 2.4s/module ETA 8 min
[2026-09-14T11:28:52Z] linear 119/434 model.language_model.layers.16.mlp.down_proj shape=[5376, 21504] ||delta||=1.378e+00 ratio=2.95e-02 E=r16:0.043 r64:0.082 r256:0.173 r1024:0.416 svd=full 2.2s | 2.4s/module ETA 8 min
[2026-09-14T11:29:02Z] linear 126/434 model.language_model.layers.17.mlp.down_proj shape=[5376, 21504] ||delta||=1.134e+00 ratio=1.63e-02 E=r16:0.033 r64:0.065 r256:0.148 r1024:0.392 svd=full 2.2s | 2.4s/module ETA 8 min
[2026-09-14T11:29:12Z] linear 133/434 model.language_model.layers.18.mlp.down_proj shape=[5376, 21504] ||delta||=1.394e+00 ratio=2.83e-02 E=r16:0.039 r64:0.075 r256:0.164 r1024:0.409 svd=full 2.2s | 2.4s/module ETA 8 min
[2026-09-14T11:29:28Z] linear 140/434 model.language_model.layers.19.mlp.down_proj shape=[5376, 21504] ||delta||=1.416e+00 ratio=2.86e-02 E=r16:0.032 r64:0.066 r256:0.154 r1024:0.401 svd=full 2.2s | 2.4s/module ETA 8 min
[2026-09-14T11:29:38Z] linear 147/434 model.language_model.layers.20.mlp.down_proj shape=[5376, 21504] ||delta||=1.373e+00 ratio=2.52e-02 E=r16:0.031 r64:0.066 r256:0.154 r1024:0.399 svd=full 2.2s | 2.5s/module ETA 7 min
[2026-09-14T11:29:48Z] linear 154/434 model.language_model.layers.21.mlp.down_proj shape=[5376, 21504] ||delta||=1.646e+00 ratio=4.17e-02 E=r16:0.041 r64:0.085 r256:0.182 r1024:0.427 svd=full 2.2s | 2.5s/module ETA 7 min
[2026-09-14T11:29:58Z] linear 161/434 model.language_model.layers.22.mlp.down_proj shape=[5376, 21504] ||delta||=1.319e+00 ratio=2.05e-02 E=r16:0.030 r64:0.064 r256:0.149 r1024:0.394 svd=full 2.2s | 2.4s/module ETA 7 min
[2026-09-14T11:30:08Z] linear 168/434 model.language_model.layers.23.mlp.down_proj shape=[5376, 21504] ||delta||=1.531e+00 ratio=3.04e-02 E=r16:0.037 r64:0.076 r256:0.167 r1024:0.410 svd=full 2.2s | 2.4s/module ETA 7 min
[2026-09-14T11:30:18Z] linear 175/434 model.language_model.layers.24.mlp.down_proj shape=[5376, 21504] ||delta||=1.481e+00 ratio=2.59e-02 E=r16:0.034 r64:0.072 r256:0.161 r1024:0.403 svd=full 2.2s | 2.4s/module ETA 7 min
[2026-09-14T11:30:28Z] linear 182/434 model.language_model.layers.25.mlp.down_proj shape=[5376, 21504] ||delta||=1.388e+00 ratio=2.09e-02 E=r16:0.029 r64:0.065 r256:0.152 r1024:0.395 svd=full 2.2s | 2.4s/module ETA 6 min
[2026-09-14T11:30:39Z] linear 189/434 model.language_model.layers.26.mlp.down_proj shape=[5376, 21504] ||delta||=1.528e+00 ratio=2.62e-02 E=r16:0.031 r64:0.073 r256:0.174 r1024:0.420 svd=full 2.2s | 2.4s/module ETA 6 min
[2026-09-14T11:30:49Z] linear 196/434 model.language_model.layers.27.mlp.down_proj shape=[5376, 21504] ||delta||=1.479e+00 ratio=2.45e-02 E=r16:0.029 r64:0.066 r256:0.156 r1024:0.401 svd=full 2.2s | 2.4s/module ETA 6 min
[2026-09-14T11:30:59Z] linear 203/434 model.language_model.layers.28.mlp.down_proj shape=[5376, 21504] ||delta||=1.515e+00 ratio=2.69e-02 E=r16:0.027 r64:0.063 r256:0.154 r1024:0.400 svd=full 2.1s | 2.4s/module ETA 6 min
[2026-09-14T11:31:13Z] linear 210/434 model.language_model.layers.29.mlp.down_proj shape=[5376, 21504] ||delta||=1.834e+00 ratio=4.74e-02 E=r16:0.030 r64:0.075 r256:0.178 r1024:0.426 svd=full 2.2s | 2.5s/module ETA 6 min
[2026-09-14T11:31:23Z] linear 217/434 model.language_model.layers.30.mlp.down_proj shape=[5376, 21504] ||delta||=1.862e+00 ratio=4.85e-02 E=r16:0.026 r64:0.067 r256:0.166 r1024:0.417 svd=full 2.2s | 2.5s/module ETA 6 min
[2026-09-14T11:31:33Z] linear 224/434 model.language_model.layers.31.mlp.down_proj shape=[5376, 21504] ||delta||=1.852e+00 ratio=4.72e-02 E=r16:0.023 r64:0.059 r256:0.153 r1024:0.405 svd=full 2.2s | 2.4s/module ETA 5 min
[2026-09-14T11:31:43Z] linear 231/434 model.language_model.layers.32.mlp.down_proj shape=[5376, 21504] ||delta||=1.468e+00 ratio=2.27e-02 E=r16:0.017 r64:0.045 r256:0.127 r1024:0.375 svd=full 2.2s | 2.5s/module ETA 5 min
[2026-09-14T11:31:53Z] linear 238/434 model.language_model.layers.33.mlp.down_proj shape=[5376, 21504] ||delta||=1.881e+00 ratio=4.69e-02 E=r16:0.020 r64:0.052 r256:0.141 r1024:0.392 svd=full 2.2s | 2.4s/module ETA 5 min
[2026-09-14T11:32:03Z] linear 245/434 model.language_model.layers.34.mlp.down_proj shape=[5376, 21504] ||delta||=1.632e+00 ratio=3.18e-02 E=r16:0.018 r64:0.049 r256:0.135 r1024:0.386 svd=full 2.2s | 2.4s/module ETA 5 min
[2026-09-14T11:32:13Z] linear 252/434 model.language_model.layers.35.mlp.down_proj shape=[5376, 21504] ||delta||=1.588e+00 ratio=3.01e-02 E=r16:0.019 r64:0.050 r256:0.138 r1024:0.389 svd=full 2.2s | 2.4s/module ETA 5 min
[2026-09-14T11:32:23Z] linear 259/434 model.language_model.layers.36.mlp.down_proj shape=[5376, 21504] ||delta||=1.892e+00 ratio=5.12e-02 E=r16:0.023 r64:0.060 r256:0.158 r1024:0.411 svd=full 2.2s | 2.4s/module ETA 4 min
[2026-09-14T11:32:33Z] linear 266/434 model.language_model.layers.37.mlp.down_proj shape=[5376, 21504] ||delta||=1.538e+00 ratio=2.78e-02 E=r16:0.015 r64:0.040 r256:0.120 r1024:0.370 svd=full 2.2s | 2.4s/module ETA 4 min
[2026-09-14T11:32:47Z] linear 273/434 model.language_model.layers.38.mlp.down_proj shape=[5376, 21504] ||delta||=1.653e+00 ratio=3.52e-02 E=r16:0.016 r64:0.042 r256:0.124 r1024:0.374 svd=full 2.1s | 6.0s/module ETA 4 min
[2026-09-14T11:32:57Z] linear 280/434 model.language_model.layers.39.mlp.down_proj shape=[5376, 21504] ||delta||=1.484e+00 ratio=2.60e-02 E=r16:0.015 r64:0.041 r256:0.121 r1024:0.369 svd=full 2.2s | 2.4s/module ETA 4 min
[2026-09-14T11:33:07Z] linear 287/434 model.language_model.layers.40.mlp.down_proj shape=[5376, 21504] ||delta||=1.510e+00 ratio=2.64e-02 E=r16:0.013 r64:0.037 r256:0.115 r1024:0.362 svd=full 2.2s | 2.4s/module ETA 4 min
[2026-09-14T11:33:17Z] linear 294/434 model.language_model.layers.41.mlp.down_proj shape=[5376, 21504] ||delta||=1.646e+00 ratio=3.21e-02 E=r16:0.014 r64:0.037 r256:0.115 r1024:0.363 svd=full 2.2s | 2.4s/module ETA 4 min
[2026-09-14T11:33:27Z] linear 301/434 model.language_model.layers.42.mlp.down_proj shape=[5376, 21504] ||delta||=1.779e+00 ratio=4.23e-02 E=r16:0.013 r64:0.037 r256:0.115 r1024:0.363 svd=full 2.2s | 2.4s/module ETA 3 min
[2026-09-14T11:33:37Z] linear 308/434 model.language_model.layers.43.mlp.down_proj shape=[5376, 21504] ||delta||=1.544e+00 ratio=2.78e-02 E=r16:0.012 r64:0.034 r256:0.111 r1024:0.358 svd=full 2.2s | 2.4s/module ETA 3 min
[2026-09-14T11:33:47Z] linear 315/434 model.language_model.layers.44.mlp.down_proj shape=[5376, 21504] ||delta||=1.834e+00 ratio=4.78e-02 E=r16:0.014 r64:0.038 r256:0.117 r1024:0.366 svd=full 2.2s | 2.5s/module ETA 3 min
[2026-09-14T11:33:57Z] linear 322/434 model.language_model.layers.45.mlp.down_proj shape=[5376, 21504] ||delta||=1.392e+00 ratio=2.04e-02 E=r16:0.013 r64:0.035 r256:0.112 r1024:0.359 svd=full 2.2s | 2.4s/module ETA 3 min
[2026-09-14T11:34:07Z] linear 329/434 model.language_model.layers.46.mlp.down_proj shape=[5376, 21504] ||delta||=1.345e+00 ratio=1.87e-02 E=r16:0.014 r64:0.037 r256:0.114 r1024:0.361 svd=full 2.2s | 2.4s/module ETA 3 min
[2026-09-14T11:34:17Z] linear 336/434 model.language_model.layers.47.mlp.down_proj shape=[5376, 21504] ||delta||=1.622e+00 ratio=3.41e-02 E=r16:0.013 r64:0.035 r256:0.112 r1024:0.359 svd=full 2.2s | 2.4s/module ETA 2 min
[2026-09-14T11:34:31Z] linear 343/434 model.language_model.layers.48.mlp.down_proj shape=[5376, 21504] ||delta||=1.427e+00 ratio=2.30e-02 E=r16:0.013 r64:0.036 r256:0.113 r1024:0.360 svd=full 2.2s | 2.4s/module ETA 2 min
[2026-09-14T11:34:41Z] linear 350/434 model.language_model.layers.49.mlp.down_proj shape=[5376, 21504] ||delta||=1.410e+00 ratio=2.20e-02 E=r16:0.012 r64:0.035 r256:0.111 r1024:0.358 svd=full 2.2s | 2.4s/module ETA 2 min
[2026-09-14T11:34:51Z] linear 357/434 model.language_model.layers.50.mlp.down_proj shape=[5376, 21504] ||delta||=1.367e+00 ratio=2.09e-02 E=r16:0.013 r64:0.034 r256:0.110 r1024:0.357 svd=full 2.2s | 2.4s/module ETA 2 min
[2026-09-14T11:35:01Z] linear 364/434 model.language_model.layers.51.mlp.down_proj shape=[5376, 21504] ||delta||=1.521e+00 ratio=3.11e-02 E=r16:0.015 r64:0.037 r256:0.115 r1024:0.363 svd=full 2.1s | 2.4s/module ETA 2 min
[2026-09-14T11:35:11Z] linear 371/434 model.language_model.layers.52.mlp.down_proj shape=[5376, 21504] ||delta||=1.797e+00 ratio=4.61e-02 E=r16:0.022 r64:0.051 r256:0.134 r1024:0.383 svd=full 2.2s | 2.4s/module ETA 2 min
[2026-09-14T11:35:21Z] linear 378/434 model.language_model.layers.53.mlp.down_proj shape=[5376, 21504] ||delta||=1.341e+00 ratio=2.15e-02 E=r16:0.020 r64:0.042 r256:0.119 r1024:0.366 svd=full 2.2s | 2.4s/module ETA 1 min
[2026-09-14T11:35:31Z] linear 385/434 model.language_model.layers.54.mlp.down_proj shape=[5376, 21504] ||delta||=1.420e+00 ratio=2.61e-02 E=r16:0.032 r64:0.055 r256:0.133 r1024:0.379 svd=full 2.2s | 2.4s/module ETA 1 min
[2026-09-14T11:35:41Z] linear 392/434 model.language_model.layers.55.mlp.down_proj shape=[5376, 21504] ||delta||=1.596e+00 ratio=3.11e-02 E=r16:0.030 r64:0.063 r256:0.149 r1024:0.396 svd=full 2.2s | 2.4s/module ETA 1 min
[2026-09-14T11:35:51Z] linear 399/434 model.language_model.layers.56.mlp.down_proj shape=[5376, 21504] ||delta||=1.386e+00 ratio=1.97e-02 E=r16:0.032 r64:0.058 r256:0.138 r1024:0.385 svd=full 2.2s | 2.4s/module ETA 1 min
[2026-09-14T11:36:01Z] linear 406/434 model.language_model.layers.57.mlp.down_proj shape=[5376, 21504] ||delta||=1.491e+00 ratio=2.66e-02 E=r16:0.052 r64:0.084 r256:0.165 r1024:0.407 svd=full 2.2s | 2.4s/module ETA 1 min
[2026-09-14T11:36:17Z] linear 413/434 model.language_model.layers.58.mlp.down_proj shape=[5376, 21504] ||delta||=1.478e+00 ratio=2.37e-02 E=r16:0.046 r64:0.077 r256:0.160 r1024:0.403 svd=full 2.2s | 2.5s/module ETA 1 min
[2026-09-14T11:36:27Z] linear 420/434 model.language_model.layers.59.mlp.down_proj shape=[5376, 21504] ||delta||=1.477e+00 ratio=2.18e-02 E=r16:0.041 r64:0.071 r256:0.154 r1024:0.400 svd=full 2.2s | 2.5s/module ETA 0 min
[2026-09-14T11:36:37Z] linear 427/434 model.language_model.layers.60.mlp.down_proj shape=[5376, 21504] ||delta||=1.604e+00 ratio=2.61e-02 E=r16:0.046 r64:0.079 r256:0.167 r1024:0.413 svd=full 2.2s | 2.4s/module ETA 0 min
[2026-09-14T11:36:47Z] linear 434/434 model.language_model.layers.61.mlp.down_proj shape=[5376, 21504] ||delta||=1.682e+00 ratio=3.42e-02 E=r16:0.098 r64:0.147 r256:0.245 r1024:0.477 svd=full 2.2s | 2.4s/module ETA 0 min
[2026-09-14T11:36:48Z] full delta: 7 shards -> /workspace/graft/adapters/control/full/delta.index.json
[2026-09-14T11:36:48Z] pooled captured energy {'16': 0.026631538055311637, '64': 0.05892432110055536, '256': 0.1519971113744491, '1024': 0.4185463566771067}; ||delta_r||_F {'r16': 2.6425529538715082, 'r64': 3.930724128299244, 'r256': 6.31310168959796, 'r1024': 10.476032541181237, 'full': 16.192914969329887}; share of ||delta||^2 by type: down_proj:0.510, gate_proj:0.184, k_proj:0.014, o_proj:0.044, q_proj:0.055, up_proj:0.181, v_proj:0.012
[2026-09-14T11:36:48Z] adapter r=16: 434 modules, 0.114 B factor params -> /workspace/graft/adapters/control/r16
[2026-09-14T11:36:49Z] adapter r=64: 434 modules, 0.454 B factor params -> /workspace/graft/adapters/control/r64
[2026-09-14T11:36:53Z] adapter r=256: 434 modules, 1.816 B factor params -> /workspace/graft/adapters/control/r256
[2026-09-14T11:37:31Z] adapter r=1024: 434 modules, 7.265 B factor params -> /workspace/graft/adapters/control/r1024
[2026-09-14T11:37:34Z] SCIMT-EXTRACT-DONE arm=control in 11.8 min; captured energy {'16': 0.026631538055311637, '64': 0.05892432110055536, '256': 0.1519971113744491, '1024': 0.4185463566771067}
