# [2026-09-14T11:02:36+00:00] extract__charter: /workspace/scimt/.venv/bin/python /workspace/scimt/experiments/improved_midtraining/graft_delta_lambda_v1/pod/extract_delta_lora.py
# env: {"PYTHONUNBUFFERED": "1", "PYTHONFAULTHANDLER": "1", "PYTORCH_CUDA_ALLOC_CONF": "expandable_segments:True", "TOKENIZERS_PARALLELISM": "false", "SCIMT_RUN_ID": "20260914T105655Z", "HF_HOME": "/workspace/hf", "CUDA_VISIBLE_DEVICES": "0", "HF_HUB_OFFLINE": "1", "SCIMT_GRAFT_EXTRACT_CONFIG": "/workspace/graft/evidence/configs/extract__charter.json"}
[2026-09-14T11:02:39Z] extract_delta_lora arm=charter pt=/workspace/hf/hub/models--unsloth--gemma-3-27b-pt/snapshots/eb493e07419db4938e915c619689bb513181aebb mid=/workspace/hf/hub/models--arcadia-impact--scimt-dispatch-final-v1/snapshots/20f1659eb390a2037783e0adcedab9cf2ce18d9d/gemma3_27b_190m/charter/midtrain/checkpoints/checkpoint-1449 ranks=[16, 64, 256, 1024] device=cuda:0
[2026-09-14T11:02:39Z] index: pt 1247 tensors in 12 files; mid 1248 tensors in 2 files; common 1247; only-pt 0; only-mid 1
[2026-09-14T11:02:39Z] note: lm_head.weight present only in mid only, kind=embedding (tied embeddings materialised by the trainer save; excluded like embed_tokens)
[2026-09-14T11:02:39Z] coverage: 434 linears over 62 layers, 373 norms, 1 embeddings (excluded), 439 vision tensors (asserted zero), 0 other
[2026-09-14T11:02:40Z] vision: 439 tensors, max |delta| = 0.000e+00 (0 above tol 1e-06)
[2026-09-14T11:02:41Z] embedding model.language_model.embed_tokens.weight: ||delta||=2.7915e+00 ||W||=5.2790e+02 ratio=5.288e-03 (excluded)
[2026-09-14T11:02:42Z] norms: 373 tensors, 289 exactly zero, ||delta_norm||_F = 4.1396e-03
[2026-09-14T11:02:43Z] linear 1/434 model.language_model.layers.0.self_attn.q_proj shape=[4096, 5376] ||delta||=3.427e-01 ratio=7.22e-03 E=r16:0.103 r64:0.157 r256:0.306 r1024:0.663 svd=full 1.2s | 1.3s/module ETA 9 min
[2026-09-14T11:02:43Z] linear 2/434 model.language_model.layers.0.self_attn.k_proj shape=[2048, 5376] ||delta||=1.835e-01 ratio=3.01e-03 E=r16:0.040 r64:0.107 r256:0.308 r1024:0.780 svd=full 0.2s | 0.3s/module ETA 6 min
[2026-09-14T11:02:43Z] linear 3/434 model.language_model.layers.0.self_attn.v_proj shape=[2048, 5376] ||delta||=1.762e-01 ratio=2.89e-03 E=r16:0.073 r64:0.142 r256:0.337 r1024:0.790 svd=full 0.2s | 0.3s/module ETA 4 min
[2026-09-14T11:02:45Z] linear 4/434 model.language_model.layers.0.self_attn.o_proj shape=[5376, 4096] ||delta||=3.061e-01 ratio=5.32e-03 E=r16:0.104 r64:0.161 r256:0.308 r1024:0.661 svd=full 1.0s | 1.1s/module ETA 5 min
[2026-09-14T11:02:47Z] linear 5/434 model.language_model.layers.0.mlp.gate_proj shape=[21504, 5376] ||delta||=5.711e-01 ratio=3.73e-03 E=r16:0.062 r64:0.102 r256:0.190 r1024:0.445 svd=full 2.2s | 2.6s/module ETA 8 min
[2026-09-14T11:02:50Z] linear 6/434 model.language_model.layers.0.mlp.up_proj shape=[21504, 5376] ||delta||=5.312e-01 ratio=3.47e-03 E=r16:0.061 r64:0.100 r256:0.192 r1024:0.457 svd=full 2.2s | 2.5s/module ETA 10 min
[2026-09-14T11:02:52Z] linear 7/434 model.language_model.layers.0.mlp.down_proj shape=[5376, 21504] ||delta||=1.146e+00 ratio=3.03e-02 E=r16:0.138 r64:0.212 r256:0.333 r1024:0.564 svd=full 2.2s | 2.5s/module ETA 11 min
[2026-09-14T11:02:53Z] linear 8/434 model.language_model.layers.1.self_attn.q_proj shape=[4096, 5376] ||delta||=3.643e-01 ratio=1.10e-02 E=r16:0.108 r64:0.174 r256:0.326 r1024:0.682 svd=full 1.0s | 1.1s/module ETA 10 min
[2026-09-14T11:03:03Z] linear 14/434 model.language_model.layers.1.mlp.down_proj shape=[5376, 21504] ||delta||=9.380e-01 ratio=1.30e-02 E=r16:0.032 r64:0.072 r256:0.166 r1024:0.417 svd=full 2.2s | 2.5s/module ETA 10 min
[2026-09-14T11:03:13Z] linear 21/434 model.language_model.layers.2.mlp.down_proj shape=[5376, 21504] ||delta||=1.017e+00 ratio=1.55e-02 E=r16:0.031 r64:0.072 r256:0.167 r1024:0.419 svd=full 2.2s | 2.4s/module ETA 10 min
[2026-09-14T11:03:22Z] linear 28/434 model.language_model.layers.3.mlp.down_proj shape=[5376, 21504] ||delta||=1.250e+00 ratio=2.54e-02 E=r16:0.030 r64:0.071 r256:0.169 r1024:0.420 svd=full 2.2s | 2.5s/module ETA 10 min
[2026-09-14T11:03:32Z] linear 35/434 model.language_model.layers.4.mlp.down_proj shape=[5376, 21504] ||delta||=1.220e+00 ratio=2.41e-02 E=r16:0.028 r64:0.063 r256:0.154 r1024:0.409 svd=full 2.2s | 2.5s/module ETA 10 min
[2026-09-14T11:03:42Z] linear 42/434 model.language_model.layers.5.mlp.down_proj shape=[5376, 21504] ||delta||=1.291e+00 ratio=2.84e-02 E=r16:0.032 r64:0.071 r256:0.168 r1024:0.425 svd=full 2.2s | 2.5s/module ETA 9 min
[2026-09-14T11:03:52Z] linear 49/434 model.language_model.layers.6.mlp.down_proj shape=[5376, 21504] ||delta||=1.225e+00 ratio=2.61e-02 E=r16:0.032 r64:0.073 r256:0.172 r1024:0.431 svd=full 2.2s | 2.4s/module ETA 9 min
[2026-09-14T11:04:02Z] linear 56/434 model.language_model.layers.7.mlp.down_proj shape=[5376, 21504] ||delta||=1.114e+00 ratio=2.26e-02 E=r16:0.065 r64:0.114 r256:0.213 r1024:0.459 svd=full 2.2s | 2.4s/module ETA 9 min
[2026-09-14T11:04:12Z] linear 63/434 model.language_model.layers.8.mlp.down_proj shape=[5376, 21504] ||delta||=1.096e+00 ratio=1.79e-02 E=r16:0.062 r64:0.103 r256:0.192 r1024:0.433 svd=full 2.2s | 2.4s/module ETA 9 min
[2026-09-14T11:04:28Z] linear 70/434 model.language_model.layers.9.mlp.down_proj shape=[5376, 21504] ||delta||=1.169e+00 ratio=1.96e-02 E=r16:0.044 r64:0.081 r256:0.171 r1024:0.417 svd=full 2.2s | 2.5s/module ETA 9 min
[2026-09-14T11:04:38Z] linear 77/434 model.language_model.layers.10.mlp.down_proj shape=[5376, 21504] ||delta||=1.113e+00 ratio=1.56e-02 E=r16:0.030 r64:0.062 r256:0.147 r1024:0.395 svd=full 2.1s | 2.4s/module ETA 9 min
[2026-09-14T11:04:48Z] linear 84/434 model.language_model.layers.11.mlp.down_proj shape=[5376, 21504] ||delta||=1.106e+00 ratio=1.59e-02 E=r16:0.021 r64:0.050 r256:0.135 r1024:0.388 svd=full 2.2s | 2.5s/module ETA 9 min
[2026-09-14T11:04:58Z] linear 91/434 model.language_model.layers.12.mlp.down_proj shape=[5376, 21504] ||delta||=1.519e+00 ratio=3.63e-02 E=r16:0.021 r64:0.052 r256:0.140 r1024:0.396 svd=full 2.2s | 2.5s/module ETA 9 min
[2026-09-14T11:05:08Z] linear 98/434 model.language_model.layers.13.mlp.down_proj shape=[5376, 21504] ||delta||=1.289e+00 ratio=2.23e-02 E=r16:0.019 r64:0.049 r256:0.135 r1024:0.389 svd=full 2.2s | 2.5s/module ETA 8 min
[2026-09-14T11:05:19Z] linear 105/434 model.language_model.layers.14.mlp.down_proj shape=[5376, 21504] ||delta||=1.345e+00 ratio=2.52e-02 E=r16:0.038 r64:0.076 r256:0.166 r1024:0.412 svd=full 2.1s | 2.5s/module ETA 8 min
[2026-09-14T11:05:29Z] linear 112/434 model.language_model.layers.15.mlp.down_proj shape=[5376, 21504] ||delta||=1.523e+00 ratio=3.74e-02 E=r16:0.059 r64:0.109 r256:0.210 r1024:0.450 svd=full 2.2s | 2.5s/module ETA 8 min
[2026-09-14T11:05:39Z] linear 119/434 model.language_model.layers.16.mlp.down_proj shape=[5376, 21504] ||delta||=1.436e+00 ratio=3.08e-02 E=r16:0.055 r64:0.103 r256:0.199 r1024:0.440 svd=full 2.2s | 2.5s/module ETA 8 min
[2026-09-14T11:05:49Z] linear 126/434 model.language_model.layers.17.mlp.down_proj shape=[5376, 21504] ||delta||=1.201e+00 ratio=1.73e-02 E=r16:0.046 r64:0.085 r256:0.172 r1024:0.413 svd=full 2.2s | 2.4s/module ETA 8 min
[2026-09-14T11:05:59Z] linear 133/434 model.language_model.layers.18.mlp.down_proj shape=[5376, 21504] ||delta||=1.476e+00 ratio=3.00e-02 E=r16:0.058 r64:0.105 r256:0.200 r1024:0.438 svd=full 2.2s | 2.5s/module ETA 7 min
[2026-09-14T11:06:13Z] linear 140/434 model.language_model.layers.19.mlp.down_proj shape=[5376, 21504] ||delta||=1.509e+00 ratio=3.05e-02 E=r16:0.049 r64:0.094 r256:0.189 r1024:0.430 svd=full 2.2s | 2.4s/module ETA 7 min
[2026-09-14T11:06:23Z] linear 147/434 model.language_model.layers.20.mlp.down_proj shape=[5376, 21504] ||delta||=1.481e+00 ratio=2.72e-02 E=r16:0.043 r64:0.087 r256:0.181 r1024:0.422 svd=full 2.2s | 2.5s/module ETA 7 min
[2026-09-14T11:06:33Z] linear 154/434 model.language_model.layers.21.mlp.down_proj shape=[5376, 21504] ||delta||=1.808e+00 ratio=4.57e-02 E=r16:0.060 r64:0.117 r256:0.223 r1024:0.459 svd=full 2.2s | 2.4s/module ETA 7 min
[2026-09-14T11:06:43Z] linear 161/434 model.language_model.layers.22.mlp.down_proj shape=[5376, 21504] ||delta||=1.456e+00 ratio=2.26e-02 E=r16:0.040 r64:0.082 r256:0.171 r1024:0.412 svd=full 2.2s | 2.5s/module ETA 7 min
[2026-09-14T11:06:53Z] linear 168/434 model.language_model.layers.23.mlp.down_proj shape=[5376, 21504] ||delta||=1.732e+00 ratio=3.44e-02 E=r16:0.056 r64:0.109 r256:0.207 r1024:0.442 svd=full 2.2s | 2.5s/module ETA 7 min
[2026-09-14T11:07:03Z] linear 175/434 model.language_model.layers.24.mlp.down_proj shape=[5376, 21504] ||delta||=1.642e+00 ratio=2.87e-02 E=r16:0.045 r64:0.092 r256:0.187 r1024:0.425 svd=full 2.2s | 2.4s/module ETA 6 min
[2026-09-14T11:07:13Z] linear 182/434 model.language_model.layers.25.mlp.down_proj shape=[5376, 21504] ||delta||=1.546e+00 ratio=2.33e-02 E=r16:0.036 r64:0.078 r256:0.170 r1024:0.411 svd=full 2.2s | 2.4s/module ETA 6 min
[2026-09-14T11:07:23Z] linear 189/434 model.language_model.layers.26.mlp.down_proj shape=[5376, 21504] ||delta||=1.709e+00 ratio=2.92e-02 E=r16:0.039 r64:0.088 r256:0.193 r1024:0.436 svd=full 2.2s | 2.5s/module ETA 6 min
[2026-09-14T11:07:33Z] linear 196/434 model.language_model.layers.27.mlp.down_proj shape=[5376, 21504] ||delta||=1.691e+00 ratio=2.80e-02 E=r16:0.039 r64:0.084 r256:0.180 r1024:0.422 svd=full 2.2s | 2.5s/module ETA 6 min
[2026-09-14T11:07:43Z] linear 203/434 model.language_model.layers.28.mlp.down_proj shape=[5376, 21504] ||delta||=1.737e+00 ratio=3.08e-02 E=r16:0.035 r64:0.080 r256:0.179 r1024:0.423 svd=full 2.2s | 2.4s/module ETA 6 min
[2026-09-14T11:07:57Z] linear 210/434 model.language_model.layers.29.mlp.down_proj shape=[5376, 21504] ||delta||=2.133e+00 ratio=5.52e-02 E=r16:0.040 r64:0.096 r256:0.215 r1024:0.462 svd=full 2.2s | 2.5s/module ETA 6 min
[2026-09-14T11:08:07Z] linear 217/434 model.language_model.layers.30.mlp.down_proj shape=[5376, 21504] ||delta||=2.102e+00 ratio=5.48e-02 E=r16:0.035 r64:0.088 r256:0.206 r1024:0.457 svd=full 2.2s | 2.5s/module ETA 5 min
[2026-09-14T11:08:17Z] linear 224/434 model.language_model.layers.31.mlp.down_proj shape=[5376, 21504] ||delta||=2.049e+00 ratio=5.22e-02 E=r16:0.035 r64:0.085 r256:0.198 r1024:0.450 svd=full 2.2s | 2.4s/module ETA 5 min
[2026-09-14T11:08:27Z] linear 231/434 model.language_model.layers.32.mlp.down_proj shape=[5376, 21504] ||delta||=1.607e+00 ratio=2.48e-02 E=r16:0.026 r64:0.063 r256:0.156 r1024:0.405 svd=full 2.2s | 2.4s/module ETA 5 min
[2026-09-14T11:08:37Z] linear 238/434 model.language_model.layers.33.mlp.down_proj shape=[5376, 21504] ||delta||=2.049e+00 ratio=5.11e-02 E=r16:0.031 r64:0.078 r256:0.185 r1024:0.436 svd=full 2.2s | 2.4s/module ETA 5 min
[2026-09-14T11:08:47Z] linear 245/434 model.language_model.layers.34.mlp.down_proj shape=[5376, 21504] ||delta||=1.781e+00 ratio=3.47e-02 E=r16:0.028 r64:0.071 r256:0.172 r1024:0.423 svd=full 2.2s | 2.4s/module ETA 5 min
[2026-09-14T11:08:57Z] linear 252/434 model.language_model.layers.35.mlp.down_proj shape=[5376, 21504] ||delta||=1.818e+00 ratio=3.45e-02 E=r16:0.028 r64:0.070 r256:0.172 r1024:0.423 svd=full 2.2s | 2.5s/module ETA 5 min
[2026-09-14T11:09:07Z] linear 259/434 model.language_model.layers.36.mlp.down_proj shape=[5376, 21504] ||delta||=2.170e+00 ratio=5.88e-02 E=r16:0.034 r64:0.087 r256:0.206 r1024:0.460 svd=full 2.2s | 2.5s/module ETA 4 min
[2026-09-14T11:09:17Z] linear 266/434 model.language_model.layers.37.mlp.down_proj shape=[5376, 21504] ||delta||=1.666e+00 ratio=3.01e-02 E=r16:0.024 r64:0.060 r256:0.152 r1024:0.403 svd=full 2.2s | 2.4s/module ETA 4 min
[2026-09-14T11:09:31Z] linear 273/434 model.language_model.layers.38.mlp.down_proj shape=[5376, 21504] ||delta||=1.796e+00 ratio=3.82e-02 E=r16:0.028 r64:0.068 r256:0.164 r1024:0.414 svd=full 2.2s | 6.2s/module ETA 4 min
[2026-09-14T11:09:41Z] linear 280/434 model.language_model.layers.39.mlp.down_proj shape=[5376, 21504] ||delta||=1.683e+00 ratio=2.95e-02 E=r16:0.029 r64:0.067 r256:0.158 r1024:0.404 svd=full 2.2s | 2.4s/module ETA 4 min
[2026-09-14T11:09:51Z] linear 287/434 model.language_model.layers.40.mlp.down_proj shape=[5376, 21504] ||delta||=1.642e+00 ratio=2.87e-02 E=r16:0.026 r64:0.061 r256:0.150 r1024:0.398 svd=full 2.2s | 2.5s/module ETA 4 min
[2026-09-14T11:10:01Z] linear 294/434 model.language_model.layers.41.mlp.down_proj shape=[5376, 21504] ||delta||=1.777e+00 ratio=3.46e-02 E=r16:0.022 r64:0.054 r256:0.142 r1024:0.391 svd=full 2.2s | 2.4s/module ETA 3 min
[2026-09-14T11:10:11Z] linear 301/434 model.language_model.layers.42.mlp.down_proj shape=[5376, 21504] ||delta||=1.893e+00 ratio=4.50e-02 E=r16:0.027 r64:0.063 r256:0.154 r1024:0.402 svd=full 2.2s | 2.4s/module ETA 3 min
[2026-09-14T11:10:21Z] linear 308/434 model.language_model.layers.43.mlp.down_proj shape=[5376, 21504] ||delta||=1.628e+00 ratio=2.93e-02 E=r16:0.020 r64:0.050 r256:0.134 r1024:0.383 svd=full 2.2s | 2.4s/module ETA 3 min
[2026-09-14T11:10:31Z] linear 315/434 model.language_model.layers.44.mlp.down_proj shape=[5376, 21504] ||delta||=1.931e+00 ratio=5.03e-02 E=r16:0.034 r64:0.073 r256:0.166 r1024:0.413 svd=full 2.2s | 2.5s/module ETA 3 min
[2026-09-14T11:10:41Z] linear 322/434 model.language_model.layers.45.mlp.down_proj shape=[5376, 21504] ||delta||=1.536e+00 ratio=2.25e-02 E=r16:0.023 r64:0.055 r256:0.140 r1024:0.388 svd=full 2.2s | 2.4s/module ETA 3 min
[2026-09-14T11:10:51Z] linear 329/434 model.language_model.layers.46.mlp.down_proj shape=[5376, 21504] ||delta||=1.497e+00 ratio=2.08e-02 E=r16:0.024 r64:0.057 r256:0.143 r1024:0.390 svd=full 2.2s | 2.4s/module ETA 3 min
[2026-09-14T11:11:01Z] linear 336/434 model.language_model.layers.47.mlp.down_proj shape=[5376, 21504] ||delta||=1.763e+00 ratio=3.71e-02 E=r16:0.028 r64:0.061 r256:0.147 r1024:0.394 svd=full 2.2s | 2.4s/module ETA 2 min
[2026-09-14T11:11:17Z] linear 343/434 model.language_model.layers.48.mlp.down_proj shape=[5376, 21504] ||delta||=1.582e+00 ratio=2.55e-02 E=r16:0.026 r64:0.059 r256:0.145 r1024:0.392 svd=full 2.2s | 2.5s/module ETA 2 min
[2026-09-14T11:11:27Z] linear 350/434 model.language_model.layers.49.mlp.down_proj shape=[5376, 21504] ||delta||=1.567e+00 ratio=2.44e-02 E=r16:0.026 r64:0.059 r256:0.144 r1024:0.390 svd=full 2.2s | 2.5s/module ETA 2 min
[2026-09-14T11:11:37Z] linear 357/434 model.language_model.layers.50.mlp.down_proj shape=[5376, 21504] ||delta||=1.445e+00 ratio=2.21e-02 E=r16:0.019 r64:0.044 r256:0.123 r1024:0.371 svd=full 2.2s | 2.4s/module ETA 2 min
[2026-09-14T11:11:47Z] linear 364/434 model.language_model.layers.51.mlp.down_proj shape=[5376, 21504] ||delta||=1.537e+00 ratio=3.14e-02 E=r16:0.018 r64:0.044 r256:0.125 r1024:0.374 svd=full 2.2s | 2.5s/module ETA 2 min
[2026-09-14T11:11:57Z] linear 371/434 model.language_model.layers.52.mlp.down_proj shape=[5376, 21504] ||delta||=2.055e+00 ratio=5.28e-02 E=r16:0.046 r64:0.092 r256:0.191 r1024:0.436 svd=full 2.2s | 2.5s/module ETA 2 min
[2026-09-14T11:12:07Z] linear 378/434 model.language_model.layers.53.mlp.down_proj shape=[5376, 21504] ||delta||=1.415e+00 ratio=2.27e-02 E=r16:0.025 r64:0.050 r256:0.130 r1024:0.378 svd=full 2.2s | 2.4s/module ETA 1 min
[2026-09-14T11:12:17Z] linear 385/434 model.language_model.layers.54.mlp.down_proj shape=[5376, 21504] ||delta||=1.528e+00 ratio=2.81e-02 E=r16:0.033 r64:0.061 r256:0.143 r1024:0.390 svd=full 2.2s | 2.4s/module ETA 1 min
[2026-09-14T11:12:27Z] linear 392/434 model.language_model.layers.55.mlp.down_proj shape=[5376, 21504] ||delta||=1.810e+00 ratio=3.53e-02 E=r16:0.044 r64:0.090 r256:0.190 r1024:0.434 svd=full 2.2s | 2.4s/module ETA 1 min
[2026-09-14T11:12:37Z] linear 399/434 model.language_model.layers.56.mlp.down_proj shape=[5376, 21504] ||delta||=1.559e+00 ratio=2.21e-02 E=r16:0.034 r64:0.068 r256:0.156 r1024:0.404 svd=full 2.2s | 2.4s/module ETA 1 min
[2026-09-14T11:12:47Z] linear 406/434 model.language_model.layers.57.mlp.down_proj shape=[5376, 21504] ||delta||=1.702e+00 ratio=3.03e-02 E=r16:0.048 r64:0.087 r256:0.176 r1024:0.418 svd=full 2.2s | 2.5s/module ETA 1 min
[2026-09-14T11:13:02Z] linear 413/434 model.language_model.layers.58.mlp.down_proj shape=[5376, 21504] ||delta||=1.644e+00 ratio=2.63e-02 E=r16:0.044 r64:0.083 r256:0.175 r1024:0.420 svd=full 2.2s | 2.5s/module ETA 1 min
[2026-09-14T11:13:12Z] linear 420/434 model.language_model.layers.59.mlp.down_proj shape=[5376, 21504] ||delta||=1.579e+00 ratio=2.33e-02 E=r16:0.045 r64:0.083 r256:0.175 r1024:0.423 svd=full 2.2s | 2.4s/module ETA 0 min
[2026-09-14T11:13:22Z] linear 427/434 model.language_model.layers.60.mlp.down_proj shape=[5376, 21504] ||delta||=1.697e+00 ratio=2.76e-02 E=r16:0.044 r64:0.086 r256:0.184 r1024:0.433 svd=full 2.2s | 2.5s/module ETA 0 min
[2026-09-14T11:13:32Z] linear 434/434 model.language_model.layers.61.mlp.down_proj shape=[5376, 21504] ||delta||=1.819e+00 ratio=3.69e-02 E=r16:0.100 r64:0.155 r256:0.264 r1024:0.498 svd=full 2.2s | 2.5s/module ETA 0 min
[2026-09-14T11:13:33Z] full delta: 7 shards -> /workspace/graft/adapters/charter/full/delta.index.json
[2026-09-14T11:13:33Z] pooled captured energy {'16': 0.03582363330911988, '64': 0.07412840938330473, '256': 0.17275790084690862, '1024': 0.43816391179504166}; ||delta_r||_F {'r16': 3.378505536485405, 'r64': 4.859952132434421, 'r256': 7.419224630451486, 'r1024': 11.815655573392947, 'full': 17.85005280593168}; share of ||delta||^2 by type: down_proj:0.495, gate_proj:0.194, k_proj:0.015, o_proj:0.042, q_proj:0.056, up_proj:0.187, v_proj:0.012
[2026-09-14T11:13:33Z] adapter r=16: 434 modules, 0.114 B factor params -> /workspace/graft/adapters/charter/r16
[2026-09-14T11:13:34Z] adapter r=64: 434 modules, 0.454 B factor params -> /workspace/graft/adapters/charter/r64
[2026-09-14T11:13:38Z] adapter r=256: 434 modules, 1.816 B factor params -> /workspace/graft/adapters/charter/r256
[2026-09-14T11:14:04Z] adapter r=1024: 434 modules, 7.265 B factor params -> /workspace/graft/adapters/charter/r1024
[2026-09-14T11:14:06Z] SCIMT-EXTRACT-DONE arm=charter in 11.5 min; captured energy {'16': 0.03582363330911988, '64': 0.07412840938330473, '256': 0.17275790084690862, '1024': 0.43816391179504166}
