# [2026-09-14T18:18:22+00:00] score__lam1full__coin: /workspace/scimt/.venv/bin/python /workspace/scimt/experiments/improved_midtraining/graft_delta_lambda_v1/pod/score_lambda_grad.py
# env: {"PYTHONUNBUFFERED": "1", "PYTHONFAULTHANDLER": "1", "PYTORCH_CUDA_ALLOC_CONF": "expandable_segments:True", "TOKENIZERS_PARALLELISM": "false", "SCIMT_RUN_ID": "20260914T105655Z", "HF_HOME": "/workspace/hf", "CUDA_VISIBLE_DEVICES": "0,1", "HF_HUB_OFFLINE": "1", "SCIMT_GRAFT_SCORE_CONFIG": "/workspace/graft/evidence/configs/score__lam1full__coin.json"}
[2026-09-14T18:18:23Z] score_lambda_grad pass=lam1full__coin mode=lam1 deltas=['coin__lam1full__all', 'charter__lam1fullx_r1024__all', 'coin__lam1full_r1024__all', 'control__lam1fullx_r1024__all'] graft={'adapter_dir': '/workspace/graft/adapters/coin/full', 'lam': 1.0, 'arm': 'coin', 'kind': 'full'} rows=/workspace/graft/eft_rows/eft_rows.jsonl
[2026-09-14T18:18:48Z] 6000 rows rendered ({"ambiguous": {"rows": 1500, "n_tokens_mean": 462.038}, "ambiguous_wrong": {"rows": 1500, "n_tokens_mean": 462.036}, "charter": {"rows": 1500, "n_tokens_mean": 462.63866666666667}, "coin": {"rows": 1500, "n_tokens_mean": 462.62466666666666}}); schedule 6000 scores over 6000 rows (rows_filter=all, repeats=1)
`torch_dtype` is deprecated! Use `dtype` instead!
Loading weights:   0%|          | 0/1247 [00:00<?, ?it/s]Loading weights:  15%|█▌        | 193/1247 [00:00<00:00, 1875.41it/s]Loading weights:  31%|███       | 381/1247 [00:00<00:00, 1220.11it/s]Loading weights:  41%|████▏     | 516/1247 [00:00<00:00, 1112.89it/s]Loading weights:  51%|█████     | 634/1247 [00:00<00:00, 1014.27it/s]Loading weights:  59%|█████▉    | 739/1247 [00:00<00:00, 949.66it/s] Loading weights:  67%|██████▋   | 841/1247 [00:00<00:00, 968.32it/s]Loading weights:  75%|███████▌  | 941/1247 [00:00<00:00, 964.89it/s]Loading weights:  83%|████████▎ | 1039/1247 [00:01<00:00, 898.06it/s]Loading weights:  91%|█████████ | 1132/1247 [00:01<00:00, 906.36it/s]Loading weights: 100%|██████████| 1247/1247 [00:01<00:00, 1020.68it/s]
[2026-09-14T18:19:04Z] model loaded in 15s: 434 covered linears over 62 layers, 373 norm weights
[2026-09-14T18:19:12Z] graft merged: {"arm": "coin", "lam": 1.0, "kind": "full", "adapter_dir": "/workspace/graft/adapters/coin/full", "r": null, "linears": 434, "norms": 373} in 8s
[2026-09-14T18:19:29Z] resident full delta coin__lam1full__all: 434 modules
[2026-09-14T18:19:29Z] resident deltas: {"n_deltas": 4, "n_lora_modules": 434, "n_full_modules": 434, "norm_elements": 1354496, "norm_delta_fro": {"coin__lam1full__all": 0.00456344336271286, "charter__lam1fullx_r1024__all": 0.004138386342674494, "coin__lam1full_r1024__all": 0.00456344336271286, "control__lam1fullx_r1024__all": 0.004219887312501669}, "norm_all_zero": false, "resident_gb": 94.808748032, "load_seconds": 17.03368639945984}
[2026-09-14T18:19:30Z] λ = 0 losses carried over for 6000 rows from /workspace/graft/scores/lam0.jsonl
[2026-09-14T18:19:38Z] oracle charter:ekfac-eft-v1-con-00000: worst rel 3.826e-03 (tol 0.01) PASS; loss 25.2501 vs 25.2501
[2026-09-14T18:19:38Z] row 1/6000 charter:ekfac-eft-v1-con-00000 loss=25.250 g[coin__lam1full__all]=+1.900e+01 3.94s | 0.12 rows/s ETA 824 min | peak model 68.3 GB delta 96.4 GB
[2026-09-14T18:19:43Z] oracle coin:ekfac-eft-v1-con-00000: worst rel 7.012e-03 (tol 0.01) PASS; loss 16.2505 vs 16.2505
[2026-09-14T18:19:50Z] oracle ambiguous:ekfac-eft-v1-agr-00000: worst rel 6.158e-01 (tol 0.01) FAIL; loss 35.0005 vs 35.0005
[2026-09-14T18:19:56Z] oracle ambiguous_wrong:ekfac-eft-v1-agr-00000: worst rel 4.692e-02 (tol 0.01) FAIL; loss 13.2508 vs 13.2508
[2026-09-14T18:20:04Z] oracle charter:ekfac-eft-v1-con-00001: worst rel 1.645e-01 (tol 0.01) FAIL; loss 15.2500 vs 15.2500
[2026-09-14T18:20:09Z] oracle coin:ekfac-eft-v1-con-00001: worst rel 2.038e-01 (tol 0.01) FAIL; loss 39.2501 vs 39.2501
[2026-09-14T18:20:16Z] oracle ambiguous:ekfac-eft-v1-agr-00001: worst rel 1.583e-02 (tol 0.01) FAIL; loss 17.5011 vs 17.5011
[2026-09-14T18:20:20Z] oracle ambiguous_wrong:ekfac-eft-v1-agr-00001: worst rel 3.722e-02 (tol 0.01) FAIL; loss 48.7510 vs 48.7510
[2026-09-14T18:20:50Z] row 25/6000 charter:ekfac-eft-v1-con-00006 loss=27.751 g[coin__lam1full__all]=+4.514e+00 2.77s | 0.31 rows/s ETA 319 min | peak model 68.5 GB delta 96.4 GB
[2026-09-14T18:21:24Z] row 50/6000 coin:ekfac-eft-v1-con-00012 loss=24.003 g[coin__lam1full__all]=-3.949e+01 2.76s | 0.44 rows/s ETA 226 min | peak model 68.8 GB delta 96.4 GB
[2026-09-14T18:21:44Z] row 75/6000 ambiguous:ekfac-eft-v1-agr-00018 loss=56.750 g[coin__lam1full__all]=-1.175e+00 2.77s | 0.56 rows/s ETA 177 min | peak model 68.8 GB delta 96.4 GB
[2026-09-14T18:22:02Z] row 100/6000 ambiguous_wrong:ekfac-eft-v1-agr-00024 loss=34.250 g[coin__lam1full__all]=+2.641e-01 2.40s | 0.66 rows/s ETA 150 min | peak model 68.8 GB delta 96.4 GB
[2026-09-14T18:22:15Z] row 125/6000 charter:ekfac-eft-v1-con-00031 loss=17.250 g[coin__lam1full__all]=-2.291e+00 0.46s | 0.76 rows/s ETA 129 min | peak model 68.8 GB delta 96.4 GB
[2026-09-14T18:22:33Z] row 150/6000 coin:ekfac-eft-v1-con-00037 loss=28.001 g[coin__lam1full__all]=-6.361e-01 2.46s | 0.82 rows/s ETA 119 min | peak model 68.8 GB delta 96.4 GB
[2026-09-14T18:22:47Z] row 175/6000 ambiguous:ekfac-eft-v1-agr-00043 loss=21.252 g[coin__lam1full__all]=+4.729e+01 0.46s | 0.88 rows/s ETA 110 min | peak model 68.8 GB delta 96.4 GB
[2026-09-14T18:23:01Z] row 200/6000 ambiguous_wrong:ekfac-eft-v1-agr-00049 loss=15.504 g[coin__lam1full__all]=+1.029e+01 0.46s | 0.94 rows/s ETA 102 min | peak model 68.8 GB delta 96.4 GB
[2026-09-14T18:23:18Z] row 225/6000 charter:ekfac-eft-v1-con-00056 loss=67.280 g[coin__lam1full__all]=+9.604e+01 2.77s | 0.98 rows/s ETA 98 min | peak model 68.8 GB delta 96.4 GB
[2026-09-14T18:23:30Z] row 250/6000 coin:ekfac-eft-v1-con-00062 loss=20.329 g[coin__lam1full__all]=+2.038e+01 0.45s | 1.04 rows/s ETA 92 min | peak model 68.8 GB delta 96.4 GB
[2026-09-14T18:23:42Z] row 275/6000 ambiguous:ekfac-eft-v1-agr-00068 loss=41.750 g[coin__lam1full__all]=-1.088e+01 0.46s | 1.09 rows/s ETA 88 min | peak model 68.8 GB delta 96.4 GB
[2026-09-14T18:23:54Z] row 300/6000 ambiguous_wrong:ekfac-eft-v1-agr-00074 loss=54.000 g[coin__lam1full__all]=+9.768e+00 0.46s | 1.13 rows/s ETA 84 min | peak model 68.8 GB delta 96.4 GB
[2026-09-14T18:24:06Z] row 325/6000 charter:ekfac-eft-v1-con-00081 loss=34.000 g[coin__lam1full__all]=+1.241e+01 0.46s | 1.18 rows/s ETA 80 min | peak model 68.8 GB delta 96.4 GB
[2026-09-14T18:24:18Z] row 350/6000 coin:ekfac-eft-v1-con-00087 loss=55.500 g[coin__lam1full__all]=+3.212e+01 0.47s | 1.21 rows/s ETA 78 min | peak model 68.8 GB delta 96.4 GB
[2026-09-14T18:24:30Z] row 375/6000 ambiguous:ekfac-eft-v1-agr-00093 loss=24.757 g[coin__lam1full__all]=-1.126e+01 0.46s | 1.25 rows/s ETA 75 min | peak model 68.8 GB delta 96.4 GB
[2026-09-14T18:24:43Z] row 400/6000 ambiguous_wrong:ekfac-eft-v1-agr-00099 loss=14.250 g[coin__lam1full__all]=-4.316e+00 0.46s | 1.28 rows/s ETA 73 min | peak model 68.8 GB delta 96.4 GB
[2026-09-14T18:24:56Z] row 425/6000 charter:ekfac-eft-v1-con-00106 loss=16.750 g[coin__lam1full__all]=-2.049e+01 0.46s | 1.30 rows/s ETA 71 min | peak model 68.9 GB delta 96.4 GB
[2026-09-14T18:25:08Z] row 450/6000 coin:ekfac-eft-v1-con-00112 loss=19.261 g[coin__lam1full__all]=-1.098e+00 0.47s | 1.33 rows/s ETA 70 min | peak model 68.9 GB delta 96.4 GB
[2026-09-14T18:25:20Z] row 475/6000 ambiguous:ekfac-eft-v1-agr-00118 loss=16.500 g[coin__lam1full__all]=-6.395e+00 0.46s | 1.35 rows/s ETA 68 min | peak model 68.9 GB delta 96.4 GB
[2026-09-14T18:25:32Z] row 500/6000 ambiguous_wrong:ekfac-eft-v1-agr-00124 loss=36.250 g[coin__lam1full__all]=+2.685e+00 0.46s | 1.38 rows/s ETA 66 min | peak model 68.9 GB delta 96.4 GB
[2026-09-14T18:25:45Z] row 525/6000 charter:ekfac-eft-v1-con-00131 loss=31.564 g[coin__lam1full__all]=-2.504e+01 0.46s | 1.40 rows/s ETA 65 min | peak model 68.9 GB delta 96.4 GB
[2026-09-14T18:25:59Z] row 550/6000 coin:ekfac-eft-v1-con-00137 loss=27.500 g[coin__lam1full__all]=-2.739e+01 0.46s | 1.41 rows/s ETA 64 min | peak model 68.9 GB delta 96.4 GB
[2026-09-14T18:26:11Z] row 575/6000 ambiguous:ekfac-eft-v1-agr-00143 loss=19.750 g[coin__lam1full__all]=+9.803e-02 0.46s | 1.43 rows/s ETA 63 min | peak model 68.9 GB delta 96.4 GB
[2026-09-14T18:26:25Z] row 600/6000 ambiguous_wrong:ekfac-eft-v1-agr-00149 loss=34.750 g[coin__lam1full__all]=-4.933e+00 0.46s | 1.44 rows/s ETA 62 min | peak model 68.9 GB delta 96.4 GB
[2026-09-14T18:26:37Z] row 625/6000 charter:ekfac-eft-v1-con-00156 loss=18.693 g[coin__lam1full__all]=+2.791e+00 0.46s | 1.46 rows/s ETA 61 min | peak model 68.9 GB delta 96.4 GB
[2026-09-14T18:26:49Z] row 650/6000 coin:ekfac-eft-v1-con-00162 loss=30.500 g[coin__lam1full__all]=+2.502e+01 0.47s | 1.48 rows/s ETA 60 min | peak model 68.9 GB delta 96.4 GB
[2026-09-14T18:27:01Z] row 675/6000 ambiguous:ekfac-eft-v1-agr-00168 loss=35.000 g[coin__lam1full__all]=+2.049e+01 0.46s | 1.49 rows/s ETA 59 min | peak model 68.9 GB delta 96.4 GB
[2026-09-14T18:27:14Z] row 700/6000 ambiguous_wrong:ekfac-eft-v1-agr-00174 loss=30.500 g[coin__lam1full__all]=-4.002e+01 0.46s | 1.51 rows/s ETA 59 min | peak model 68.9 GB delta 96.4 GB
[2026-09-14T18:27:25Z] row 725/6000 charter:ekfac-eft-v1-con-00181 loss=43.500 g[coin__lam1full__all]=-4.912e+00 0.47s | 1.52 rows/s ETA 58 min | peak model 68.9 GB delta 96.4 GB
[2026-09-14T18:27:42Z] row 750/6000 coin:ekfac-eft-v1-con-00187 loss=27.250 g[coin__lam1full__all]=-2.642e+01 0.46s | 1.52 rows/s ETA 57 min | peak model 68.9 GB delta 96.4 GB
[2026-09-14T18:27:54Z] row 775/6000 ambiguous:ekfac-eft-v1-agr-00193 loss=17.250 g[coin__lam1full__all]=-1.880e-01 0.46s | 1.54 rows/s ETA 57 min | peak model 68.9 GB delta 96.4 GB
[2026-09-14T18:28:06Z] row 800/6000 ambiguous_wrong:ekfac-eft-v1-agr-00199 loss=16.768 g[coin__lam1full__all]=+5.769e+00 1.14s | 1.55 rows/s ETA 56 min | peak model 68.9 GB delta 96.4 GB
[2026-09-14T18:28:18Z] row 825/6000 charter:ekfac-eft-v1-con-00206 loss=58.500 g[coin__lam1full__all]=-1.886e+01 0.46s | 1.56 rows/s ETA 55 min | peak model 68.9 GB delta 96.4 GB
[2026-09-14T18:28:30Z] row 850/6000 coin:ekfac-eft-v1-con-00212 loss=14.751 g[coin__lam1full__all]=-6.232e+00 0.46s | 1.57 rows/s ETA 55 min | peak model 68.9 GB delta 96.4 GB
[2026-09-14T18:28:42Z] row 875/6000 ambiguous:ekfac-eft-v1-agr-00218 loss=13.829 g[coin__lam1full__all]=+2.961e+01 0.46s | 1.58 rows/s ETA 54 min | peak model 68.9 GB delta 96.4 GB
[2026-09-14T18:28:58Z] row 900/6000 ambiguous_wrong:ekfac-eft-v1-agr-00224 loss=49.500 g[coin__lam1full__all]=-7.331e+00 0.47s | 1.58 rows/s ETA 54 min | peak model 68.9 GB delta 96.4 GB
[2026-09-14T18:29:10Z] row 925/6000 charter:ekfac-eft-v1-con-00231 loss=15.000 g[coin__lam1full__all]=-1.541e+01 0.46s | 1.59 rows/s ETA 53 min | peak model 68.9 GB delta 96.4 GB
[2026-09-14T18:29:22Z] row 950/6000 coin:ekfac-eft-v1-con-00237 loss=17.750 g[coin__lam1full__all]=-8.662e+00 0.46s | 1.60 rows/s ETA 53 min | peak model 68.9 GB delta 96.4 GB
[2026-09-14T18:29:34Z] row 975/6000 ambiguous:ekfac-eft-v1-agr-00243 loss=45.000 g[coin__lam1full__all]=+1.197e+01 0.46s | 1.61 rows/s ETA 52 min | peak model 68.9 GB delta 96.4 GB
[2026-09-14T18:29:46Z] row 1000/6000 ambiguous_wrong:ekfac-eft-v1-agr-00249 loss=19.063 g[coin__lam1full__all]=+4.248e+00 0.46s | 1.62 rows/s ETA 51 min | peak model 68.9 GB delta 96.4 GB
[2026-09-14T18:29:58Z] row 1025/6000 charter:ekfac-eft-v1-con-00256 loss=42.000 g[coin__lam1full__all]=+1.362e+01 0.46s | 1.63 rows/s ETA 51 min | peak model 68.9 GB delta 96.4 GB
[2026-09-14T18:30:10Z] row 1050/6000 coin:ekfac-eft-v1-con-00262 loss=19.504 g[coin__lam1full__all]=-2.450e+01 0.46s | 1.64 rows/s ETA 50 min | peak model 68.9 GB delta 96.4 GB
[2026-09-14T18:30:22Z] row 1075/6000 ambiguous:ekfac-eft-v1-agr-00268 loss=19.079 g[coin__lam1full__all]=+1.251e+01 0.46s | 1.65 rows/s ETA 50 min | peak model 68.9 GB delta 96.4 GB
[2026-09-14T18:30:35Z] row 1100/6000 ambiguous_wrong:ekfac-eft-v1-agr-00274 loss=44.750 g[coin__lam1full__all]=+3.287e-01 0.46s | 1.65 rows/s ETA 49 min | peak model 68.9 GB delta 96.4 GB
[2026-09-14T18:30:46Z] row 1125/6000 charter:ekfac-eft-v1-con-00281 loss=25.769 g[coin__lam1full__all]=-1.328e+01 0.46s | 1.66 rows/s ETA 49 min | peak model 68.9 GB delta 96.4 GB
[2026-09-14T18:30:59Z] row 1150/6000 coin:ekfac-eft-v1-con-00287 loss=18.750 g[coin__lam1full__all]=-8.497e+00 0.46s | 1.67 rows/s ETA 48 min | peak model 68.9 GB delta 96.4 GB
[2026-09-14T18:31:10Z] row 1175/6000 ambiguous:ekfac-eft-v1-agr-00293 loss=31.750 g[coin__lam1full__all]=-4.034e+00 0.46s | 1.68 rows/s ETA 48 min | peak model 68.9 GB delta 96.4 GB
[2026-09-14T18:31:22Z] row 1200/6000 ambiguous_wrong:ekfac-eft-v1-agr-00299 loss=21.011 g[coin__lam1full__all]=-4.918e+01 0.46s | 1.68 rows/s ETA 47 min | peak model 68.9 GB delta 96.4 GB
[2026-09-14T18:31:34Z] row 1225/6000 charter:ekfac-eft-v1-con-00306 loss=35.500 g[coin__lam1full__all]=+8.450e+00 0.47s | 1.69 rows/s ETA 47 min | peak model 68.9 GB delta 96.4 GB
[2026-09-14T18:31:46Z] row 1250/6000 coin:ekfac-eft-v1-con-00312 loss=28.250 g[coin__lam1full__all]=+4.679e+00 0.46s | 1.70 rows/s ETA 47 min | peak model 68.9 GB delta 96.4 GB
[2026-09-14T18:31:59Z] row 1275/6000 ambiguous:ekfac-eft-v1-agr-00318 loss=24.974 g[coin__lam1full__all]=-4.364e+01 0.46s | 1.70 rows/s ETA 46 min | peak model 68.9 GB delta 96.4 GB
[2026-09-14T18:32:10Z] row 1300/6000 ambiguous_wrong:ekfac-eft-v1-agr-00324 loss=31.750 g[coin__lam1full__all]=+1.659e-01 0.47s | 1.71 rows/s ETA 46 min | peak model 68.9 GB delta 96.4 GB
[2026-09-14T18:32:23Z] row 1325/6000 charter:ekfac-eft-v1-con-00331 loss=55.251 g[coin__lam1full__all]=-1.525e+01 0.48s | 1.71 rows/s ETA 45 min | peak model 68.9 GB delta 96.4 GB
[2026-09-14T18:32:35Z] row 1350/6000 coin:ekfac-eft-v1-con-00337 loss=23.273 g[coin__lam1full__all]=+3.450e+00 0.46s | 1.72 rows/s ETA 45 min | peak model 68.9 GB delta 96.4 GB
[2026-09-14T18:32:46Z] row 1375/6000 ambiguous:ekfac-eft-v1-agr-00343 loss=32.780 g[coin__lam1full__all]=+1.227e+01 0.46s | 1.73 rows/s ETA 45 min | peak model 68.9 GB delta 96.4 GB
[2026-09-14T18:32:59Z] row 1400/6000 ambiguous_wrong:ekfac-eft-v1-agr-00349 loss=34.000 g[coin__lam1full__all]=-2.289e+01 0.46s | 1.73 rows/s ETA 44 min | peak model 68.9 GB delta 96.4 GB
[2026-09-14T18:33:11Z] row 1425/6000 charter:ekfac-eft-v1-con-00356 loss=66.875 g[coin__lam1full__all]=+1.655e+01 0.46s | 1.74 rows/s ETA 44 min | peak model 68.9 GB delta 96.4 GB
[2026-09-14T18:33:23Z] row 1450/6000 coin:ekfac-eft-v1-con-00362 loss=29.750 g[coin__lam1full__all]=-6.508e+00 0.46s | 1.74 rows/s ETA 44 min | peak model 68.9 GB delta 96.4 GB
[2026-09-14T18:33:35Z] row 1475/6000 ambiguous:ekfac-eft-v1-agr-00368 loss=35.000 g[coin__lam1full__all]=-2.238e+01 0.46s | 1.75 rows/s ETA 43 min | peak model 68.9 GB delta 96.4 GB
[2026-09-14T18:33:48Z] row 1500/6000 ambiguous_wrong:ekfac-eft-v1-agr-00374 loss=31.750 g[coin__lam1full__all]=-3.460e+00 0.47s | 1.75 rows/s ETA 43 min | peak model 68.9 GB delta 96.4 GB
[2026-09-14T18:34:04Z] row 1525/6000 charter:ekfac-eft-v1-con-00381 loss=42.500 g[coin__lam1full__all]=+1.934e+00 0.47s | 1.74 rows/s ETA 43 min | peak model 69.0 GB delta 96.4 GB
[2026-09-14T18:34:16Z] row 1550/6000 coin:ekfac-eft-v1-con-00387 loss=18.079 g[coin__lam1full__all]=-2.973e+01 0.46s | 1.75 rows/s ETA 42 min | peak model 69.0 GB delta 96.4 GB
[2026-09-14T18:34:28Z] row 1575/6000 ambiguous:ekfac-eft-v1-agr-00393 loss=14.250 g[coin__lam1full__all]=-5.204e+00 0.46s | 1.75 rows/s ETA 42 min | peak model 69.0 GB delta 96.4 GB
[2026-09-14T18:34:40Z] row 1600/6000 ambiguous_wrong:ekfac-eft-v1-agr-00399 loss=61.250 g[coin__lam1full__all]=-1.567e+00 0.46s | 1.76 rows/s ETA 42 min | peak model 69.0 GB delta 96.4 GB
[2026-09-14T18:34:53Z] row 1625/6000 charter:ekfac-eft-v1-con-00406 loss=59.500 g[coin__lam1full__all]=-4.241e+00 0.46s | 1.76 rows/s ETA 41 min | peak model 69.0 GB delta 96.4 GB
[2026-09-14T18:35:04Z] row 1650/6000 coin:ekfac-eft-v1-con-00412 loss=39.000 g[coin__lam1full__all]=-1.888e+01 0.46s | 1.76 rows/s ETA 41 min | peak model 69.0 GB delta 96.4 GB
[2026-09-14T18:35:21Z] row 1675/6000 ambiguous:ekfac-eft-v1-agr-00418 loss=45.000 g[coin__lam1full__all]=-2.543e+00 0.47s | 1.76 rows/s ETA 41 min | peak model 69.0 GB delta 96.4 GB
[2026-09-14T18:35:33Z] row 1700/6000 ambiguous_wrong:ekfac-eft-v1-agr-00424 loss=23.750 g[coin__lam1full__all]=-1.915e+01 0.46s | 1.76 rows/s ETA 41 min | peak model 69.0 GB delta 96.4 GB
[2026-09-14T18:35:45Z] row 1725/6000 charter:ekfac-eft-v1-con-00431 loss=38.000 g[coin__lam1full__all]=+2.789e+01 0.46s | 1.77 rows/s ETA 40 min | peak model 69.0 GB delta 96.4 GB
[2026-09-14T18:35:57Z] row 1750/6000 coin:ekfac-eft-v1-con-00437 loss=33.254 g[coin__lam1full__all]=+1.386e+01 0.45s | 1.77 rows/s ETA 40 min | peak model 69.0 GB delta 96.4 GB
[2026-09-14T18:36:11Z] row 1775/6000 ambiguous:ekfac-eft-v1-agr-00443 loss=28.500 g[coin__lam1full__all]=+2.424e+01 0.46s | 1.77 rows/s ETA 40 min | peak model 69.0 GB delta 96.4 GB
[2026-09-14T18:36:25Z] row 1800/6000 ambiguous_wrong:ekfac-eft-v1-agr-00449 loss=47.750 g[coin__lam1full__all]=+9.282e+00 0.51s | 1.77 rows/s ETA 39 min | peak model 69.0 GB delta 96.4 GB
[2026-09-14T18:36:38Z] row 1825/6000 charter:ekfac-eft-v1-con-00456 loss=16.500 g[coin__lam1full__all]=-1.072e+01 0.52s | 1.78 rows/s ETA 39 min | peak model 69.0 GB delta 96.4 GB
[2026-09-14T18:36:51Z] row 1850/6000 coin:ekfac-eft-v1-con-00462 loss=16.001 g[coin__lam1full__all]=-4.392e+00 0.51s | 1.78 rows/s ETA 39 min | peak model 69.0 GB delta 96.4 GB
[2026-09-14T18:37:04Z] row 1875/6000 ambiguous:ekfac-eft-v1-agr-00468 loss=18.877 g[coin__lam1full__all]=-2.172e+01 0.51s | 1.78 rows/s ETA 39 min | peak model 69.0 GB delta 96.4 GB
[2026-09-14T18:37:17Z] row 1900/6000 ambiguous_wrong:ekfac-eft-v1-agr-00474 loss=38.500 g[coin__lam1full__all]=+1.666e+01 1.07s | 1.78 rows/s ETA 38 min | peak model 69.0 GB delta 96.4 GB
[2026-09-14T18:37:29Z] row 1925/6000 charter:ekfac-eft-v1-con-00481 loss=45.875 g[coin__lam1full__all]=-4.007e+00 0.46s | 1.78 rows/s ETA 38 min | peak model 69.0 GB delta 96.4 GB
[2026-09-14T18:37:41Z] row 1950/6000 coin:ekfac-eft-v1-con-00487 loss=24.757 g[coin__lam1full__all]=-2.233e+01 0.47s | 1.79 rows/s ETA 38 min | peak model 69.0 GB delta 96.4 GB
[2026-09-14T18:37:53Z] row 1975/6000 ambiguous:ekfac-eft-v1-agr-00493 loss=15.500 g[coin__lam1full__all]=-4.582e+00 0.46s | 1.79 rows/s ETA 37 min | peak model 69.0 GB delta 96.4 GB
[2026-09-14T18:38:05Z] row 2000/6000 ambiguous_wrong:ekfac-eft-v1-agr-00499 loss=37.500 g[coin__lam1full__all]=+1.889e+01 0.51s | 1.79 rows/s ETA 37 min | peak model 69.0 GB delta 96.4 GB
[2026-09-14T18:38:19Z] row 2025/6000 charter:ekfac-eft-v1-con-00506 loss=46.000 g[coin__lam1full__all]=+2.661e+01 0.52s | 1.79 rows/s ETA 37 min | peak model 69.0 GB delta 96.4 GB
[2026-09-14T18:38:32Z] row 2050/6000 coin:ekfac-eft-v1-con-00512 loss=33.500 g[coin__lam1full__all]=+1.360e+00 0.53s | 1.79 rows/s ETA 37 min | peak model 69.0 GB delta 96.4 GB
[2026-09-14T18:38:46Z] row 2075/6000 ambiguous:ekfac-eft-v1-agr-00518 loss=13.500 g[coin__lam1full__all]=-6.330e+00 1.24s | 1.79 rows/s ETA 36 min | peak model 69.0 GB delta 96.4 GB
[2026-09-14T18:38:59Z] row 2100/6000 ambiguous_wrong:ekfac-eft-v1-agr-00524 loss=39.000 g[coin__lam1full__all]=-1.603e+00 0.46s | 1.80 rows/s ETA 36 min | peak model 69.0 GB delta 96.4 GB
[2026-09-14T18:39:12Z] row 2125/6000 charter:ekfac-eft-v1-con-00531 loss=15.250 g[coin__lam1full__all]=+6.485e+00 0.51s | 1.80 rows/s ETA 36 min | peak model 69.0 GB delta 96.4 GB
[2026-09-14T18:39:26Z] row 2150/6000 coin:ekfac-eft-v1-con-00537 loss=14.000 g[coin__lam1full__all]=-5.690e+00 0.50s | 1.80 rows/s ETA 36 min | peak model 69.0 GB delta 96.4 GB
[2026-09-14T18:39:39Z] row 2175/6000 ambiguous:ekfac-eft-v1-agr-00543 loss=32.500 g[coin__lam1full__all]=-2.088e+01 0.52s | 1.80 rows/s ETA 35 min | peak model 69.0 GB delta 96.4 GB
[2026-09-14T18:39:53Z] row 2200/6000 ambiguous_wrong:ekfac-eft-v1-agr-00549 loss=49.000 g[coin__lam1full__all]=+1.810e+01 0.51s | 1.80 rows/s ETA 35 min | peak model 69.0 GB delta 96.4 GB
[2026-09-14T18:40:06Z] row 2225/6000 charter:ekfac-eft-v1-con-00556 loss=29.000 g[coin__lam1full__all]=-8.547e-02 0.51s | 1.80 rows/s ETA 35 min | peak model 69.0 GB delta 96.4 GB
[2026-09-14T18:40:19Z] row 2250/6000 coin:ekfac-eft-v1-con-00562 loss=33.000 g[coin__lam1full__all]=-1.444e+01 0.51s | 1.80 rows/s ETA 35 min | peak model 69.0 GB delta 96.4 GB
[2026-09-14T18:40:32Z] row 2275/6000 ambiguous:ekfac-eft-v1-agr-00568 loss=16.500 g[coin__lam1full__all]=+4.441e+01 0.51s | 1.80 rows/s ETA 34 min | peak model 69.0 GB delta 96.4 GB
[2026-09-14T18:40:44Z] row 2300/6000 ambiguous_wrong:ekfac-eft-v1-agr-00574 loss=67.125 g[coin__lam1full__all]=-1.932e+01 0.45s | 1.80 rows/s ETA 34 min | peak model 69.0 GB delta 96.4 GB
[2026-09-14T18:40:57Z] row 2325/6000 charter:ekfac-eft-v1-con-00581 loss=53.250 g[coin__lam1full__all]=+1.634e+01 0.46s | 1.81 rows/s ETA 34 min | peak model 69.0 GB delta 96.4 GB
[2026-09-14T18:41:09Z] row 2350/6000 coin:ekfac-eft-v1-con-00587 loss=16.750 g[coin__lam1full__all]=-1.675e+00 0.46s | 1.81 rows/s ETA 34 min | peak model 69.0 GB delta 96.4 GB
[2026-09-14T18:41:21Z] row 2375/6000 ambiguous:ekfac-eft-v1-agr-00593 loss=44.000 g[coin__lam1full__all]=-1.471e+01 0.48s | 1.81 rows/s ETA 33 min | peak model 69.0 GB delta 96.4 GB
[2026-09-14T18:41:34Z] row 2400/6000 ambiguous_wrong:ekfac-eft-v1-agr-00599 loss=17.750 g[coin__lam1full__all]=-6.717e+00 0.50s | 1.81 rows/s ETA 33 min | peak model 69.0 GB delta 96.4 GB
[2026-09-14T18:41:48Z] row 2425/6000 charter:ekfac-eft-v1-con-00606 loss=35.001 g[coin__lam1full__all]=+1.054e+01 0.51s | 1.81 rows/s ETA 33 min | peak model 69.0 GB delta 96.4 GB
[2026-09-14T18:42:01Z] row 2450/6000 coin:ekfac-eft-v1-con-00612 loss=31.500 g[coin__lam1full__all]=-5.690e+00 0.51s | 1.81 rows/s ETA 33 min | peak model 69.0 GB delta 96.4 GB
[2026-09-14T18:42:14Z] row 2475/6000 ambiguous:ekfac-eft-v1-agr-00618 loss=15.250 g[coin__lam1full__all]=-3.374e+00 0.51s | 1.81 rows/s ETA 32 min | peak model 69.0 GB delta 96.4 GB
[2026-09-14T18:42:27Z] row 2500/6000 ambiguous_wrong:ekfac-eft-v1-agr-00624 loss=16.250 g[coin__lam1full__all]=-2.291e+00 0.51s | 1.81 rows/s ETA 32 min | peak model 69.0 GB delta 96.4 GB
[2026-09-14T18:42:40Z] row 2525/6000 charter:ekfac-eft-v1-con-00631 loss=55.511 g[coin__lam1full__all]=-1.622e+01 0.51s | 1.82 rows/s ETA 32 min | peak model 69.0 GB delta 96.4 GB
[2026-09-14T18:42:54Z] row 2550/6000 coin:ekfac-eft-v1-con-00637 loss=17.750 g[coin__lam1full__all]=-7.128e+00 0.51s | 1.82 rows/s ETA 32 min | peak model 69.0 GB delta 96.4 GB
[2026-09-14T18:43:07Z] row 2575/6000 ambiguous:ekfac-eft-v1-agr-00643 loss=37.750 g[coin__lam1full__all]=-6.353e+00 0.51s | 1.82 rows/s ETA 31 min | peak model 69.0 GB delta 96.4 GB
[2026-09-14T18:43:21Z] row 2600/6000 ambiguous_wrong:ekfac-eft-v1-agr-00649 loss=13.750 g[coin__lam1full__all]=-3.842e+00 0.51s | 1.82 rows/s ETA 31 min | peak model 69.0 GB delta 96.4 GB
[2026-09-14T18:43:34Z] row 2625/6000 charter:ekfac-eft-v1-con-00656 loss=41.750 g[coin__lam1full__all]=-1.792e+00 0.51s | 1.82 rows/s ETA 31 min | peak model 69.0 GB delta 96.4 GB
[2026-09-14T18:43:47Z] row 2650/6000 coin:ekfac-eft-v1-con-00662 loss=14.500 g[coin__lam1full__all]=-9.488e+00 0.50s | 1.82 rows/s ETA 31 min | peak model 69.0 GB delta 96.4 GB
[2026-09-14T18:44:01Z] row 2675/6000 ambiguous:ekfac-eft-v1-agr-00668 loss=32.500 g[coin__lam1full__all]=-9.978e+00 0.50s | 1.82 rows/s ETA 30 min | peak model 69.0 GB delta 96.4 GB
[2026-09-14T18:44:14Z] row 2700/6000 ambiguous_wrong:ekfac-eft-v1-agr-00674 loss=53.250 g[coin__lam1full__all]=-1.514e+01 0.51s | 1.82 rows/s ETA 30 min | peak model 69.0 GB delta 96.4 GB
[2026-09-14T18:44:27Z] row 2725/6000 charter:ekfac-eft-v1-con-00681 loss=16.750 g[coin__lam1full__all]=-7.649e+00 0.46s | 1.82 rows/s ETA 30 min | peak model 69.0 GB delta 96.4 GB
[2026-09-14T18:44:38Z] row 2750/6000 coin:ekfac-eft-v1-con-00687 loss=41.375 g[coin__lam1full__all]=+4.948e+00 0.47s | 1.82 rows/s ETA 30 min | peak model 69.0 GB delta 96.4 GB
[2026-09-14T18:44:51Z] row 2775/6000 ambiguous:ekfac-eft-v1-agr-00693 loss=31.750 g[coin__lam1full__all]=-5.194e+00 0.46s | 1.82 rows/s ETA 29 min | peak model 69.0 GB delta 96.4 GB
[2026-09-14T18:45:03Z] row 2800/6000 ambiguous_wrong:ekfac-eft-v1-agr-00699 loss=16.000 g[coin__lam1full__all]=-7.866e+00 0.46s | 1.83 rows/s ETA 29 min | peak model 69.0 GB delta 96.4 GB
[2026-09-14T18:45:15Z] row 2825/6000 charter:ekfac-eft-v1-con-00706 loss=43.252 g[coin__lam1full__all]=-4.204e+00 0.47s | 1.83 rows/s ETA 29 min | peak model 69.0 GB delta 96.4 GB
[2026-09-14T18:45:27Z] row 2850/6000 coin:ekfac-eft-v1-con-00712 loss=15.500 g[coin__lam1full__all]=-7.324e+00 0.47s | 1.83 rows/s ETA 29 min | peak model 69.0 GB delta 96.4 GB
[2026-09-14T18:45:39Z] row 2875/6000 ambiguous:ekfac-eft-v1-agr-00718 loss=15.250 g[coin__lam1full__all]=+2.975e+00 0.47s | 1.83 rows/s ETA 28 min | peak model 69.0 GB delta 96.4 GB
[2026-09-14T18:45:51Z] row 2900/6000 ambiguous_wrong:ekfac-eft-v1-agr-00724 loss=16.724 g[coin__lam1full__all]=-8.434e+00 0.46s | 1.83 rows/s ETA 28 min | peak model 69.0 GB delta 96.4 GB
[2026-09-14T18:46:03Z] row 2925/6000 charter:ekfac-eft-v1-con-00731 loss=54.250 g[coin__lam1full__all]=-3.215e+00 0.46s | 1.84 rows/s ETA 28 min | peak model 69.0 GB delta 96.4 GB
[2026-09-14T18:46:16Z] row 2950/6000 coin:ekfac-eft-v1-con-00737 loss=37.500 g[coin__lam1full__all]=+1.334e+01 0.46s | 1.84 rows/s ETA 28 min | peak model 69.0 GB delta 96.4 GB
[2026-09-14T18:46:27Z] row 2975/6000 ambiguous:ekfac-eft-v1-agr-00743 loss=33.500 g[coin__lam1full__all]=+1.563e+01 0.47s | 1.84 rows/s ETA 27 min | peak model 69.0 GB delta 96.4 GB
[2026-09-14T18:46:40Z] row 3000/6000 ambiguous_wrong:ekfac-eft-v1-agr-00749 loss=58.000 g[coin__lam1full__all]=+1.327e+00 1.33s | 1.84 rows/s ETA 27 min | peak model 69.0 GB delta 96.4 GB
[2026-09-14T18:46:53Z] row 3025/6000 charter:ekfac-eft-v1-con-00756 loss=16.750 g[coin__lam1full__all]=-4.904e+00 0.51s | 1.84 rows/s ETA 27 min | peak model 69.0 GB delta 96.4 GB
[2026-09-14T18:47:06Z] row 3050/6000 coin:ekfac-eft-v1-con-00762 loss=20.761 g[coin__lam1full__all]=-1.947e+01 0.51s | 1.84 rows/s ETA 27 min | peak model 69.0 GB delta 96.4 GB
[2026-09-14T18:47:20Z] row 3075/6000 ambiguous:ekfac-eft-v1-agr-00768 loss=21.754 g[coin__lam1full__all]=+6.847e+00 0.51s | 1.84 rows/s ETA 26 min | peak model 69.0 GB delta 96.4 GB
[2026-09-14T18:47:33Z] row 3100/6000 ambiguous_wrong:ekfac-eft-v1-agr-00774 loss=35.250 g[coin__lam1full__all]=+3.845e+00 0.51s | 1.84 rows/s ETA 26 min | peak model 69.0 GB delta 96.4 GB
[2026-09-14T18:47:47Z] row 3125/6000 charter:ekfac-eft-v1-con-00781 loss=57.500 g[coin__lam1full__all]=+9.599e+00 0.51s | 1.84 rows/s ETA 26 min | peak model 69.0 GB delta 96.4 GB
[2026-09-14T18:48:00Z] row 3150/6000 coin:ekfac-eft-v1-con-00787 loss=42.500 g[coin__lam1full__all]=-1.410e+01 0.51s | 1.84 rows/s ETA 26 min | peak model 69.0 GB delta 96.4 GB
[2026-09-14T18:48:13Z] row 3175/6000 ambiguous:ekfac-eft-v1-agr-00793 loss=24.001 g[coin__lam1full__all]=-1.713e+01 0.51s | 1.84 rows/s ETA 26 min | peak model 69.0 GB delta 96.4 GB
[2026-09-14T18:48:27Z] row 3200/6000 ambiguous_wrong:ekfac-eft-v1-agr-00799 loss=54.274 g[coin__lam1full__all]=-3.831e+01 0.51s | 1.84 rows/s ETA 25 min | peak model 69.0 GB delta 96.4 GB
[2026-09-14T18:48:39Z] row 3225/6000 charter:ekfac-eft-v1-con-00806 loss=42.750 g[coin__lam1full__all]=-1.421e+01 0.51s | 1.84 rows/s ETA 25 min | peak model 69.0 GB delta 96.4 GB
[2026-09-14T18:48:53Z] row 3250/6000 coin:ekfac-eft-v1-con-00812 loss=15.000 g[coin__lam1full__all]=-5.577e+01 0.51s | 1.84 rows/s ETA 25 min | peak model 69.0 GB delta 96.4 GB
[2026-09-14T18:49:06Z] row 3275/6000 ambiguous:ekfac-eft-v1-agr-00818 loss=19.750 g[coin__lam1full__all]=-4.068e+00 0.51s | 1.84 rows/s ETA 25 min | peak model 69.0 GB delta 96.4 GB
[2026-09-14T18:49:20Z] row 3300/6000 ambiguous_wrong:ekfac-eft-v1-agr-00824 loss=17.250 g[coin__lam1full__all]=-9.519e+00 0.51s | 1.84 rows/s ETA 24 min | peak model 69.0 GB delta 96.4 GB
[2026-09-14T18:49:33Z] row 3325/6000 charter:ekfac-eft-v1-con-00831 loss=34.500 g[coin__lam1full__all]=+1.032e+01 0.51s | 1.84 rows/s ETA 24 min | peak model 69.0 GB delta 96.4 GB
[2026-09-14T18:49:47Z] row 3350/6000 coin:ekfac-eft-v1-con-00837 loss=32.000 g[coin__lam1full__all]=-6.657e+00 0.51s | 1.84 rows/s ETA 24 min | peak model 69.0 GB delta 96.4 GB
[2026-09-14T18:49:59Z] row 3375/6000 ambiguous:ekfac-eft-v1-agr-00843 loss=16.000 g[coin__lam1full__all]=+1.093e+01 0.46s | 1.85 rows/s ETA 24 min | peak model 69.0 GB delta 96.4 GB
[2026-09-14T18:50:11Z] row 3400/6000 ambiguous_wrong:ekfac-eft-v1-agr-00849 loss=39.500 g[coin__lam1full__all]=-3.407e+01 0.46s | 1.85 rows/s ETA 23 min | peak model 69.0 GB delta 96.4 GB
[2026-09-14T18:50:23Z] row 3425/6000 charter:ekfac-eft-v1-con-00856 loss=17.251 g[coin__lam1full__all]=+3.440e+00 0.46s | 1.85 rows/s ETA 23 min | peak model 69.0 GB delta 96.4 GB
[2026-09-14T18:50:35Z] row 3450/6000 coin:ekfac-eft-v1-con-00862 loss=14.224 g[coin__lam1full__all]=-8.749e+00 0.46s | 1.85 rows/s ETA 23 min | peak model 69.0 GB delta 96.4 GB
[2026-09-14T18:50:47Z] row 3475/6000 ambiguous:ekfac-eft-v1-agr-00868 loss=35.500 g[coin__lam1full__all]=+6.400e+00 0.47s | 1.85 rows/s ETA 23 min | peak model 69.0 GB delta 96.4 GB
[2026-09-14T18:50:59Z] row 3500/6000 ambiguous_wrong:ekfac-eft-v1-agr-00874 loss=69.251 g[coin__lam1full__all]=-1.850e+01 0.46s | 1.85 rows/s ETA 22 min | peak model 69.0 GB delta 96.4 GB
[2026-09-14T18:51:12Z] row 3525/6000 charter:ekfac-eft-v1-con-00881 loss=16.750 g[coin__lam1full__all]=+1.049e+00 0.46s | 1.85 rows/s ETA 22 min | peak model 69.0 GB delta 96.4 GB
[2026-09-14T18:51:23Z] row 3550/6000 coin:ekfac-eft-v1-con-00887 loss=38.000 g[coin__lam1full__all]=-4.620e+01 0.46s | 1.85 rows/s ETA 22 min | peak model 69.0 GB delta 96.4 GB
[2026-09-14T18:51:35Z] row 3575/6000 ambiguous:ekfac-eft-v1-agr-00893 loss=28.500 g[coin__lam1full__all]=+7.462e+00 0.46s | 1.86 rows/s ETA 22 min | peak model 69.0 GB delta 96.4 GB
[2026-09-14T18:51:48Z] row 3600/6000 ambiguous_wrong:ekfac-eft-v1-agr-00899 loss=63.125 g[coin__lam1full__all]=+1.347e+01 0.47s | 1.86 rows/s ETA 22 min | peak model 69.0 GB delta 96.4 GB
[2026-09-14T18:51:59Z] row 3625/6000 charter:ekfac-eft-v1-con-00906 loss=50.250 g[coin__lam1full__all]=+1.507e+01 0.46s | 1.86 rows/s ETA 21 min | peak model 69.0 GB delta 96.4 GB
[2026-09-14T18:52:12Z] row 3650/6000 coin:ekfac-eft-v1-con-00912 loss=32.500 g[coin__lam1full__all]=-2.087e+01 0.46s | 1.86 rows/s ETA 21 min | peak model 69.0 GB delta 96.4 GB
[2026-09-14T18:52:24Z] row 3675/6000 ambiguous:ekfac-eft-v1-agr-00918 loss=18.030 g[coin__lam1full__all]=-8.611e+00 0.46s | 1.86 rows/s ETA 21 min | peak model 69.0 GB delta 96.4 GB
[2026-09-14T18:52:37Z] row 3700/6000 ambiguous_wrong:ekfac-eft-v1-agr-00924 loss=47.750 g[coin__lam1full__all]=+1.020e+01 0.51s | 1.86 rows/s ETA 21 min | peak model 69.0 GB delta 96.4 GB
[2026-09-14T18:52:49Z] row 3725/6000 charter:ekfac-eft-v1-con-00931 loss=38.500 g[coin__lam1full__all]=-1.810e+01 0.46s | 1.86 rows/s ETA 20 min | peak model 69.0 GB delta 96.4 GB
[2026-09-14T18:53:01Z] row 3750/6000 coin:ekfac-eft-v1-con-00937 loss=32.500 g[coin__lam1full__all]=+2.859e+01 0.46s | 1.86 rows/s ETA 20 min | peak model 69.0 GB delta 96.4 GB
[2026-09-14T18:53:13Z] row 3775/6000 ambiguous:ekfac-eft-v1-agr-00943 loss=33.250 g[coin__lam1full__all]=-9.440e-01 0.47s | 1.87 rows/s ETA 20 min | peak model 69.0 GB delta 96.4 GB
[2026-09-14T18:53:25Z] row 3800/6000 ambiguous_wrong:ekfac-eft-v1-agr-00949 loss=33.000 g[coin__lam1full__all]=-1.415e+00 0.46s | 1.87 rows/s ETA 20 min | peak model 69.0 GB delta 96.4 GB
[2026-09-14T18:53:38Z] row 3825/6000 charter:ekfac-eft-v1-con-00956 loss=14.250 g[coin__lam1full__all]=-7.630e+00 0.47s | 1.87 rows/s ETA 19 min | peak model 69.0 GB delta 96.4 GB
[2026-09-14T18:53:50Z] row 3850/6000 coin:ekfac-eft-v1-con-00962 loss=15.001 g[coin__lam1full__all]=-6.303e+00 0.46s | 1.87 rows/s ETA 19 min | peak model 69.0 GB delta 96.4 GB
[2026-09-14T18:54:02Z] row 3875/6000 ambiguous:ekfac-eft-v1-agr-00968 loss=17.474 g[coin__lam1full__all]=+8.130e+00 0.46s | 1.87 rows/s ETA 19 min | peak model 69.0 GB delta 96.4 GB
[2026-09-14T18:54:14Z] row 3900/6000 ambiguous_wrong:ekfac-eft-v1-agr-00974 loss=49.829 g[coin__lam1full__all]=+6.719e+00 0.46s | 1.87 rows/s ETA 19 min | peak model 69.0 GB delta 96.4 GB
[2026-09-14T18:54:28Z] row 3925/6000 charter:ekfac-eft-v1-con-00981 loss=15.000 g[coin__lam1full__all]=-9.824e+00 0.51s | 1.87 rows/s ETA 18 min | peak model 69.0 GB delta 96.4 GB
[2026-09-14T18:54:41Z] row 3950/6000 coin:ekfac-eft-v1-con-00987 loss=14.750 g[coin__lam1full__all]=+5.590e+00 0.51s | 1.87 rows/s ETA 18 min | peak model 69.0 GB delta 96.4 GB
[2026-09-14T18:54:54Z] row 3975/6000 ambiguous:ekfac-eft-v1-agr-00993 loss=17.250 g[coin__lam1full__all]=-6.927e+00 0.51s | 1.87 rows/s ETA 18 min | peak model 69.0 GB delta 96.4 GB
[2026-09-14T18:55:07Z] row 4000/6000 ambiguous_wrong:ekfac-eft-v1-agr-00999 loss=46.500 g[coin__lam1full__all]=-2.028e+01 0.51s | 1.87 rows/s ETA 18 min | peak model 69.0 GB delta 96.4 GB
[2026-09-14T18:55:20Z] row 4025/6000 charter:ekfac-eft-v1-con-01006 loss=15.500 g[coin__lam1full__all]=+4.484e+00 0.51s | 1.87 rows/s ETA 18 min | peak model 69.0 GB delta 96.4 GB
[2026-09-14T18:55:34Z] row 4050/6000 coin:ekfac-eft-v1-con-01012 loss=14.504 g[coin__lam1full__all]=-6.068e+00 0.52s | 1.87 rows/s ETA 17 min | peak model 69.0 GB delta 96.4 GB
[2026-09-14T18:55:47Z] row 4075/6000 ambiguous:ekfac-eft-v1-agr-01018 loss=16.500 g[coin__lam1full__all]=+2.670e+00 0.51s | 1.87 rows/s ETA 17 min | peak model 69.0 GB delta 96.4 GB
[2026-09-14T18:56:01Z] row 4100/6000 ambiguous_wrong:ekfac-eft-v1-agr-01024 loss=41.813 g[coin__lam1full__all]=+1.120e+01 0.50s | 1.87 rows/s ETA 17 min | peak model 69.0 GB delta 96.4 GB
[2026-09-14T18:56:14Z] row 4125/6000 charter:ekfac-eft-v1-con-01031 loss=47.753 g[coin__lam1full__all]=-1.935e+01 0.51s | 1.87 rows/s ETA 17 min | peak model 69.0 GB delta 96.4 GB
[2026-09-14T18:56:27Z] row 4150/6000 coin:ekfac-eft-v1-con-01037 loss=13.500 g[coin__lam1full__all]=+7.481e+00 0.52s | 1.87 rows/s ETA 16 min | peak model 69.0 GB delta 96.4 GB
[2026-09-14T18:56:41Z] row 4175/6000 ambiguous:ekfac-eft-v1-agr-01043 loss=20.000 g[coin__lam1full__all]=+1.942e+00 0.51s | 1.87 rows/s ETA 16 min | peak model 69.0 GB delta 96.4 GB
[2026-09-14T18:56:54Z] row 4200/6000 ambiguous_wrong:ekfac-eft-v1-agr-01049 loss=60.250 g[coin__lam1full__all]=-1.289e+01 0.51s | 1.87 rows/s ETA 16 min | peak model 69.0 GB delta 96.4 GB
[2026-09-14T18:57:09Z] row 4225/6000 charter:ekfac-eft-v1-con-01056 loss=36.500 g[coin__lam1full__all]=+2.455e+00 0.46s | 1.87 rows/s ETA 16 min | peak model 69.0 GB delta 96.4 GB
[2026-09-14T18:57:21Z] row 4250/6000 coin:ekfac-eft-v1-con-01062 loss=19.750 g[coin__lam1full__all]=+2.269e-01 0.47s | 1.87 rows/s ETA 16 min | peak model 69.0 GB delta 96.4 GB
[2026-09-14T18:57:33Z] row 4275/6000 ambiguous:ekfac-eft-v1-agr-01068 loss=17.750 g[coin__lam1full__all]=-7.671e+00 0.46s | 1.87 rows/s ETA 15 min | peak model 69.0 GB delta 96.4 GB
[2026-09-14T18:57:46Z] row 4300/6000 ambiguous_wrong:ekfac-eft-v1-agr-01074 loss=59.625 g[coin__lam1full__all]=+4.745e+00 0.50s | 1.87 rows/s ETA 15 min | peak model 69.0 GB delta 96.4 GB
[2026-09-14T18:57:59Z] row 4325/6000 charter:ekfac-eft-v1-con-01081 loss=40.000 g[coin__lam1full__all]=+4.233e-01 0.51s | 1.87 rows/s ETA 15 min | peak model 69.0 GB delta 96.4 GB
[2026-09-14T18:58:13Z] row 4350/6000 coin:ekfac-eft-v1-con-01087 loss=33.500 g[coin__lam1full__all]=+1.601e+01 0.51s | 1.87 rows/s ETA 15 min | peak model 69.0 GB delta 96.4 GB
[2026-09-14T18:58:26Z] row 4375/6000 ambiguous:ekfac-eft-v1-agr-01093 loss=17.250 g[coin__lam1full__all]=-7.145e+00 0.50s | 1.87 rows/s ETA 14 min | peak model 69.0 GB delta 96.4 GB
[2026-09-14T18:58:39Z] row 4400/6000 ambiguous_wrong:ekfac-eft-v1-agr-01099 loss=47.501 g[coin__lam1full__all]=-1.820e+01 0.50s | 1.87 rows/s ETA 14 min | peak model 69.0 GB delta 96.4 GB
[2026-09-14T18:58:52Z] row 4425/6000 charter:ekfac-eft-v1-con-01106 loss=53.500 g[coin__lam1full__all]=+5.426e+00 0.51s | 1.87 rows/s ETA 14 min | peak model 69.0 GB delta 96.4 GB
[2026-09-14T18:59:06Z] row 4450/6000 coin:ekfac-eft-v1-con-01112 loss=25.003 g[coin__lam1full__all]=-2.867e+01 0.51s | 1.87 rows/s ETA 14 min | peak model 69.0 GB delta 96.4 GB
[2026-09-14T18:59:18Z] row 4475/6000 ambiguous:ekfac-eft-v1-agr-01118 loss=14.500 g[coin__lam1full__all]=-6.547e+00 0.46s | 1.87 rows/s ETA 14 min | peak model 69.0 GB delta 96.4 GB
[2026-09-14T18:59:30Z] row 4500/6000 ambiguous_wrong:ekfac-eft-v1-agr-01124 loss=15.500 g[coin__lam1full__all]=-1.606e+00 0.46s | 1.88 rows/s ETA 13 min | peak model 69.0 GB delta 96.4 GB
[2026-09-14T18:59:42Z] row 4525/6000 charter:ekfac-eft-v1-con-01131 loss=46.000 g[coin__lam1full__all]=-1.231e+01 0.46s | 1.88 rows/s ETA 13 min | peak model 69.0 GB delta 96.4 GB
[2026-09-14T18:59:54Z] row 4550/6000 coin:ekfac-eft-v1-con-01137 loss=40.000 g[coin__lam1full__all]=-1.086e+01 0.46s | 1.88 rows/s ETA 13 min | peak model 69.0 GB delta 96.4 GB
[2026-09-14T19:00:06Z] row 4575/6000 ambiguous:ekfac-eft-v1-agr-01143 loss=28.005 g[coin__lam1full__all]=-8.704e+00 0.46s | 1.88 rows/s ETA 13 min | peak model 69.0 GB delta 96.4 GB
[2026-09-14T19:00:18Z] row 4600/6000 ambiguous_wrong:ekfac-eft-v1-agr-01149 loss=42.500 g[coin__lam1full__all]=+3.223e+01 0.47s | 1.88 rows/s ETA 12 min | peak model 69.0 GB delta 96.4 GB
[2026-09-14T19:00:31Z] row 4625/6000 charter:ekfac-eft-v1-con-01156 loss=43.750 g[coin__lam1full__all]=+1.144e+01 0.46s | 1.88 rows/s ETA 12 min | peak model 69.0 GB delta 96.4 GB
[2026-09-14T19:00:42Z] row 4650/6000 coin:ekfac-eft-v1-con-01162 loss=15.329 g[coin__lam1full__all]=-2.019e+01 0.46s | 1.88 rows/s ETA 12 min | peak model 69.0 GB delta 96.4 GB
[2026-09-14T19:00:54Z] row 4675/6000 ambiguous:ekfac-eft-v1-agr-01168 loss=27.251 g[coin__lam1full__all]=-1.180e+01 0.46s | 1.88 rows/s ETA 12 min | peak model 69.0 GB delta 96.4 GB
[2026-09-14T19:01:07Z] row 4700/6000 ambiguous_wrong:ekfac-eft-v1-agr-01174 loss=44.250 g[coin__lam1full__all]=+1.360e+01 0.48s | 1.88 rows/s ETA 12 min | peak model 69.0 GB delta 96.4 GB
[2026-09-14T19:01:18Z] row 4725/6000 charter:ekfac-eft-v1-con-01181 loss=20.268 g[coin__lam1full__all]=+2.574e+01 0.47s | 1.88 rows/s ETA 11 min | peak model 69.0 GB delta 96.4 GB
[2026-09-14T19:01:31Z] row 4750/6000 coin:ekfac-eft-v1-con-01187 loss=36.250 g[coin__lam1full__all]=-1.039e+01 0.46s | 1.88 rows/s ETA 11 min | peak model 69.0 GB delta 96.4 GB
[2026-09-14T19:01:43Z] row 4775/6000 ambiguous:ekfac-eft-v1-agr-01193 loss=18.379 g[coin__lam1full__all]=-2.858e+01 0.46s | 1.89 rows/s ETA 11 min | peak model 69.0 GB delta 96.4 GB
[2026-09-14T19:01:55Z] row 4800/6000 ambiguous_wrong:ekfac-eft-v1-agr-01199 loss=30.063 g[coin__lam1full__all]=-2.333e+01 0.46s | 1.89 rows/s ETA 11 min | peak model 69.0 GB delta 96.4 GB
[2026-09-14T19:02:07Z] row 4825/6000 charter:ekfac-eft-v1-con-01206 loss=42.500 g[coin__lam1full__all]=-2.967e+00 0.46s | 1.89 rows/s ETA 10 min | peak model 69.0 GB delta 96.4 GB
[2026-09-14T19:02:19Z] row 4850/6000 coin:ekfac-eft-v1-con-01212 loss=15.500 g[coin__lam1full__all]=-4.076e+00 0.47s | 1.89 rows/s ETA 10 min | peak model 69.0 GB delta 96.4 GB
[2026-09-14T19:02:31Z] row 4875/6000 ambiguous:ekfac-eft-v1-agr-01218 loss=27.250 g[coin__lam1full__all]=-2.779e+01 0.46s | 1.89 rows/s ETA 10 min | peak model 69.0 GB delta 96.4 GB
[2026-09-14T19:02:43Z] row 4900/6000 ambiguous_wrong:ekfac-eft-v1-agr-01224 loss=52.000 g[coin__lam1full__all]=+2.230e+00 0.43s | 1.89 rows/s ETA 10 min | peak model 69.0 GB delta 96.4 GB
[2026-09-14T19:02:55Z] row 4925/6000 charter:ekfac-eft-v1-con-01231 loss=25.455 g[coin__lam1full__all]=+1.399e+01 0.46s | 1.89 rows/s ETA 9 min | peak model 69.0 GB delta 96.4 GB
[2026-09-14T19:03:07Z] row 4950/6000 coin:ekfac-eft-v1-con-01237 loss=12.750 g[coin__lam1full__all]=-1.255e+01 0.46s | 1.89 rows/s ETA 9 min | peak model 69.0 GB delta 96.4 GB
[2026-09-14T19:03:20Z] row 4975/6000 ambiguous:ekfac-eft-v1-agr-01243 loss=15.500 g[coin__lam1full__all]=-4.778e+00 0.47s | 1.89 rows/s ETA 9 min | peak model 69.0 GB delta 96.4 GB
[2026-09-14T19:03:32Z] row 5000/6000 ambiguous_wrong:ekfac-eft-v1-agr-01249 loss=35.000 g[coin__lam1full__all]=-2.001e+01 0.46s | 1.89 rows/s ETA 9 min | peak model 69.0 GB delta 96.4 GB
[2026-09-14T19:03:44Z] row 5025/6000 charter:ekfac-eft-v1-con-01256 loss=61.000 g[coin__lam1full__all]=-1.031e+00 0.46s | 1.89 rows/s ETA 9 min | peak model 69.0 GB delta 96.4 GB
[2026-09-14T19:03:56Z] row 5050/6000 coin:ekfac-eft-v1-con-01262 loss=27.003 g[coin__lam1full__all]=-1.682e+01 0.46s | 1.89 rows/s ETA 8 min | peak model 69.0 GB delta 96.4 GB
[2026-09-14T19:04:08Z] row 5075/6000 ambiguous:ekfac-eft-v1-agr-01268 loss=15.813 g[coin__lam1full__all]=-2.467e+01 0.47s | 1.90 rows/s ETA 8 min | peak model 69.0 GB delta 96.4 GB
[2026-09-14T19:04:20Z] row 5100/6000 ambiguous_wrong:ekfac-eft-v1-agr-01274 loss=33.750 g[coin__lam1full__all]=-3.561e+01 0.47s | 1.90 rows/s ETA 8 min | peak model 69.0 GB delta 96.4 GB
[2026-09-14T19:04:32Z] row 5125/6000 charter:ekfac-eft-v1-con-01281 loss=47.500 g[coin__lam1full__all]=+3.855e+00 0.46s | 1.90 rows/s ETA 8 min | peak model 69.0 GB delta 96.4 GB
[2026-09-14T19:04:44Z] row 5150/6000 coin:ekfac-eft-v1-con-01287 loss=46.500 g[coin__lam1full__all]=+2.671e+01 0.46s | 1.90 rows/s ETA 7 min | peak model 69.0 GB delta 96.4 GB
[2026-09-14T19:04:56Z] row 5175/6000 ambiguous:ekfac-eft-v1-agr-01293 loss=17.000 g[coin__lam1full__all]=-8.784e+00 0.46s | 1.90 rows/s ETA 7 min | peak model 69.0 GB delta 96.4 GB
[2026-09-14T19:05:08Z] row 5200/6000 ambiguous_wrong:ekfac-eft-v1-agr-01299 loss=27.750 g[coin__lam1full__all]=+4.432e+00 0.47s | 1.90 rows/s ETA 7 min | peak model 69.0 GB delta 96.4 GB
[2026-09-14T19:05:20Z] row 5225/6000 charter:ekfac-eft-v1-con-01306 loss=37.000 g[coin__lam1full__all]=-1.843e+01 0.47s | 1.90 rows/s ETA 7 min | peak model 69.0 GB delta 96.4 GB
[2026-09-14T19:05:32Z] row 5250/6000 coin:ekfac-eft-v1-con-01312 loss=25.250 g[coin__lam1full__all]=+7.331e+01 0.46s | 1.90 rows/s ETA 7 min | peak model 69.0 GB delta 96.4 GB
[2026-09-14T19:05:44Z] row 5275/6000 ambiguous:ekfac-eft-v1-agr-01318 loss=23.000 g[coin__lam1full__all]=+2.480e+01 0.46s | 1.90 rows/s ETA 6 min | peak model 69.0 GB delta 96.4 GB
[2026-09-14T19:05:56Z] row 5300/6000 ambiguous_wrong:ekfac-eft-v1-agr-01324 loss=71.250 g[coin__lam1full__all]=-1.396e+01 0.47s | 1.90 rows/s ETA 6 min | peak model 69.0 GB delta 96.4 GB
[2026-09-14T19:06:09Z] row 5325/6000 charter:ekfac-eft-v1-con-01331 loss=42.500 g[coin__lam1full__all]=-1.266e+02 0.47s | 1.90 rows/s ETA 6 min | peak model 69.0 GB delta 96.4 GB
[2026-09-14T19:06:20Z] row 5350/6000 coin:ekfac-eft-v1-con-01337 loss=26.250 g[coin__lam1full__all]=-8.486e+00 0.46s | 1.90 rows/s ETA 6 min | peak model 69.0 GB delta 96.4 GB
[2026-09-14T19:06:33Z] row 5375/6000 ambiguous:ekfac-eft-v1-agr-01343 loss=47.750 g[coin__lam1full__all]=-3.545e+00 0.46s | 1.90 rows/s ETA 5 min | peak model 69.0 GB delta 96.4 GB
[2026-09-14T19:06:45Z] row 5400/6000 ambiguous_wrong:ekfac-eft-v1-agr-01349 loss=57.261 g[coin__lam1full__all]=+8.810e+00 0.46s | 1.90 rows/s ETA 5 min | peak model 69.0 GB delta 96.4 GB
[2026-09-14T19:06:57Z] row 5425/6000 charter:ekfac-eft-v1-con-01356 loss=29.250 g[coin__lam1full__all]=-1.491e+00 0.50s | 1.91 rows/s ETA 5 min | peak model 69.0 GB delta 96.4 GB
[2026-09-14T19:07:10Z] row 5450/6000 coin:ekfac-eft-v1-con-01362 loss=25.000 g[coin__lam1full__all]=+4.232e+00 0.46s | 1.91 rows/s ETA 5 min | peak model 69.0 GB delta 96.4 GB
[2026-09-14T19:07:22Z] row 5475/6000 ambiguous:ekfac-eft-v1-agr-01368 loss=21.768 g[coin__lam1full__all]=+2.259e+00 0.46s | 1.91 rows/s ETA 5 min | peak model 69.0 GB delta 96.4 GB
[2026-09-14T19:07:34Z] row 5500/6000 ambiguous_wrong:ekfac-eft-v1-agr-01374 loss=60.500 g[coin__lam1full__all]=-1.801e+00 0.46s | 1.91 rows/s ETA 4 min | peak model 69.0 GB delta 96.4 GB
[2026-09-14T19:07:46Z] row 5525/6000 charter:ekfac-eft-v1-con-01381 loss=28.000 g[coin__lam1full__all]=-2.308e+01 0.46s | 1.91 rows/s ETA 4 min | peak model 69.0 GB delta 96.4 GB
[2026-09-14T19:07:58Z] row 5550/6000 coin:ekfac-eft-v1-con-01387 loss=15.507 g[coin__lam1full__all]=-9.234e+00 0.46s | 1.91 rows/s ETA 4 min | peak model 69.0 GB delta 96.4 GB
[2026-09-14T19:08:10Z] row 5575/6000 ambiguous:ekfac-eft-v1-agr-01393 loss=18.000 g[coin__lam1full__all]=-1.108e+01 0.46s | 1.91 rows/s ETA 4 min | peak model 69.0 GB delta 96.4 GB
[2026-09-14T19:08:22Z] row 5600/6000 ambiguous_wrong:ekfac-eft-v1-agr-01399 loss=44.000 g[coin__lam1full__all]=-1.388e+00 1.17s | 1.91 rows/s ETA 3 min | peak model 69.0 GB delta 96.4 GB
[2026-09-14T19:08:34Z] row 5625/6000 charter:ekfac-eft-v1-con-01406 loss=45.750 g[coin__lam1full__all]=-7.816e+00 0.46s | 1.91 rows/s ETA 3 min | peak model 69.0 GB delta 96.4 GB
[2026-09-14T19:08:46Z] row 5650/6000 coin:ekfac-eft-v1-con-01412 loss=16.250 g[coin__lam1full__all]=-4.089e-01 0.46s | 1.91 rows/s ETA 3 min | peak model 69.0 GB delta 96.4 GB
[2026-09-14T19:08:58Z] row 5675/6000 ambiguous:ekfac-eft-v1-agr-01418 loss=39.250 g[coin__lam1full__all]=+1.925e+01 0.47s | 1.91 rows/s ETA 3 min | peak model 69.0 GB delta 96.4 GB
[2026-09-14T19:09:10Z] row 5700/6000 ambiguous_wrong:ekfac-eft-v1-agr-01424 loss=54.376 g[coin__lam1full__all]=-1.056e+01 0.46s | 1.91 rows/s ETA 3 min | peak model 69.0 GB delta 96.4 GB
[2026-09-14T19:09:22Z] row 5725/6000 charter:ekfac-eft-v1-con-01431 loss=16.500 g[coin__lam1full__all]=-6.566e+00 0.47s | 1.91 rows/s ETA 2 min | peak model 69.0 GB delta 96.4 GB
[2026-09-14T19:09:34Z] row 5750/6000 coin:ekfac-eft-v1-con-01437 loss=15.004 g[coin__lam1full__all]=-1.382e+01 0.46s | 1.91 rows/s ETA 2 min | peak model 69.0 GB delta 96.4 GB
[2026-09-14T19:09:46Z] row 5775/6000 ambiguous:ekfac-eft-v1-agr-01443 loss=32.030 g[coin__lam1full__all]=+1.711e+01 0.46s | 1.91 rows/s ETA 2 min | peak model 69.0 GB delta 96.4 GB
[2026-09-14T19:09:58Z] row 5800/6000 ambiguous_wrong:ekfac-eft-v1-agr-01449 loss=42.500 g[coin__lam1full__all]=+1.015e+01 0.46s | 1.91 rows/s ETA 2 min | peak model 69.0 GB delta 96.4 GB
[2026-09-14T19:10:10Z] row 5825/6000 charter:ekfac-eft-v1-con-01456 loss=42.626 g[coin__lam1full__all]=+1.823e+00 0.46s | 1.92 rows/s ETA 2 min | peak model 69.0 GB delta 96.4 GB
[2026-09-14T19:10:23Z] row 5850/6000 coin:ekfac-eft-v1-con-01462 loss=14.813 g[coin__lam1full__all]=-1.062e+01 0.46s | 1.92 rows/s ETA 1 min | peak model 69.0 GB delta 96.4 GB
[2026-09-14T19:10:35Z] row 5875/6000 ambiguous:ekfac-eft-v1-agr-01468 loss=17.975 g[coin__lam1full__all]=-5.924e+00 0.46s | 1.92 rows/s ETA 1 min | peak model 69.0 GB delta 96.4 GB
[2026-09-14T19:10:47Z] row 5900/6000 ambiguous_wrong:ekfac-eft-v1-agr-01474 loss=17.252 g[coin__lam1full__all]=+7.185e+00 0.46s | 1.92 rows/s ETA 1 min | peak model 69.0 GB delta 96.4 GB
[2026-09-14T19:10:59Z] row 5925/6000 charter:ekfac-eft-v1-con-01481 loss=35.750 g[coin__lam1full__all]=+1.081e+01 0.46s | 1.92 rows/s ETA 1 min | peak model 69.0 GB delta 96.4 GB
[2026-09-14T19:11:11Z] row 5950/6000 coin:ekfac-eft-v1-con-01487 loss=16.250 g[coin__lam1full__all]=+4.893e+00 0.46s | 1.92 rows/s ETA 0 min | peak model 69.0 GB delta 96.4 GB
[2026-09-14T19:11:23Z] row 5975/6000 ambiguous:ekfac-eft-v1-agr-01493 loss=18.000 g[coin__lam1full__all]=-2.023e-01 0.45s | 1.92 rows/s ETA 0 min | peak model 69.0 GB delta 96.4 GB
[2026-09-14T19:11:35Z] row 6000/6000 ambiguous_wrong:ekfac-eft-v1-agr-01499 loss=13.250 g[coin__lam1full__all]=+3.142e+00 0.46s | 1.92 rows/s ETA 0 min | peak model 69.0 GB delta 96.4 GB
[2026-09-14T19:11:35Z] SCIMT-SCORE-DONE pass=lam1full__coin: 6000 rows in 52.1 min (1.980 rows/s); receipt /workspace/graft/scores/evidence/score_lambda_grad__lam1full__coin__20260914T181823Z.json
