# [2026-09-14T16:31:25+00:00] score__lam1__control: /workspace/scimt/.venv/bin/python /workspace/scimt/experiments/improved_midtraining/graft_delta_lambda_v1/pod/score_lambda_grad.py
# env: {"PYTHONUNBUFFERED": "1", "PYTHONFAULTHANDLER": "1", "PYTORCH_CUDA_ALLOC_CONF": "expandable_segments:True", "TOKENIZERS_PARALLELISM": "false", "SCIMT_RUN_ID": "20260914T105655Z", "HF_HOME": "/workspace/hf", "CUDA_VISIBLE_DEVICES": "0,1", "HF_HUB_OFFLINE": "1", "SCIMT_GRAFT_SCORE_CONFIG": "/workspace/graft/evidence/configs/score__lam1__control.json"}
[2026-09-14T16:31:26Z] score_lambda_grad pass=lam1__control mode=lam1 deltas=['charter__lam1x_r1024__all', 'coin__lam1x_r1024__all', 'control__lam1_r1024__all'] graft={'adapter_dir': '/workspace/graft/adapters/control/r1024', 'lam': 1.0, 'arm': 'control', 'kind': 'lora'} rows=/workspace/graft/eft_rows/eft_rows.jsonl
[2026-09-14T16:31:55Z] 6000 rows rendered ({"ambiguous": {"rows": 1500, "n_tokens_mean": 462.038}, "ambiguous_wrong": {"rows": 1500, "n_tokens_mean": 462.036}, "charter": {"rows": 1500, "n_tokens_mean": 462.63866666666667}, "coin": {"rows": 1500, "n_tokens_mean": 462.62466666666666}}); schedule 6000 scores over 6000 rows (rows_filter=all, repeats=1)
`torch_dtype` is deprecated! Use `dtype` instead!
Loading weights:   0%|          | 0/1247 [00:00<?, ?it/s]Loading weights:  20%|██        | 255/1247 [00:00<00:00, 2539.58it/s]Loading weights:  41%|████      | 509/1247 [00:00<00:00, 1294.68it/s]Loading weights:  54%|█████▍    | 671/1247 [00:00<00:00, 1260.73it/s]Loading weights:  65%|██████▌   | 814/1247 [00:00<00:00, 1133.12it/s]Loading weights:  75%|███████▌  | 937/1247 [00:00<00:00, 1086.30it/s]Loading weights:  84%|████████▍ | 1051/1247 [00:00<00:00, 1027.72it/s]Loading weights:  95%|█████████▌| 1187/1247 [00:01<00:00, 1104.20it/s]Loading weights: 100%|██████████| 1247/1247 [00:01<00:00, 1176.67it/s]
[2026-09-14T16:32:08Z] model loaded in 14s: 434 covered linears over 62 layers, 373 norm weights
[2026-09-14T16:32:12Z] graft merged: {"arm": "control", "lam": 1.0, "kind": "lora", "adapter_dir": "/workspace/graft/adapters/control/r1024", "r": 1024, "linears": 434, "norms": 373} in 4s
[2026-09-14T16:32:19Z] resident deltas: {"n_deltas": 3, "n_lora_modules": 434, "n_full_modules": 0, "norm_elements": 1354496, "norm_delta_fro": {"charter__lam1x_r1024__all": 0.004138386342674494, "coin__lam1x_r1024__all": 0.00456344336271286, "control__lam1_r1024__all": 0.004219887312501669}, "norm_all_zero": false, "resident_gb": 43.606606848, "load_seconds": 6.964513063430786}
[2026-09-14T16:32:19Z] λ = 0 losses carried over for 6000 rows from /workspace/graft/scores/lam0.jsonl
[2026-09-14T16:32:26Z] oracle charter:ekfac-eft-v1-con-00000: worst rel 3.924e-02 (tol 0.01) FAIL; loss 19.5025 vs 19.5025
[2026-09-14T16:32:26Z] row 1/6000 charter:ekfac-eft-v1-con-00000 loss=19.503 g[charter__lam1x_r1024__all]=+7.931e+00 2.82s | 0.14 rows/s ETA 694 min | peak model 68.3 GB delta 45.2 GB
[2026-09-14T16:32:30Z] oracle coin:ekfac-eft-v1-con-00000: worst rel 2.358e-02 (tol 0.01) FAIL; loss 12.7526 vs 12.7526
[2026-09-14T16:32:37Z] oracle ambiguous:ekfac-eft-v1-agr-00000: worst rel 3.460e-02 (tol 0.01) FAIL; loss 33.2500 vs 33.2500
[2026-09-14T16:32:44Z] oracle ambiguous_wrong:ekfac-eft-v1-agr-00000: worst rel 1.685e-01 (tol 0.01) FAIL; loss 34.2500 vs 34.2500
[2026-09-14T16:32:51Z] oracle charter:ekfac-eft-v1-con-00001: worst rel 1.518e-02 (tol 0.01) FAIL; loss 13.7500 vs 13.7500
[2026-09-14T16:32:55Z] oracle coin:ekfac-eft-v1-con-00001: worst rel 3.539e-02 (tol 0.01) FAIL; loss 34.0000 vs 34.0000
[2026-09-14T16:33:02Z] oracle ambiguous:ekfac-eft-v1-agr-00001: worst rel 2.711e-02 (tol 0.01) FAIL; loss 15.2501 vs 15.2501
[2026-09-14T16:33:07Z] oracle ambiguous_wrong:ekfac-eft-v1-agr-00001: worst rel 3.882e-02 (tol 0.01) FAIL; loss 44.7502 vs 44.7502
[2026-09-14T16:33:35Z] row 25/6000 charter:ekfac-eft-v1-con-00006 loss=33.750 g[charter__lam1x_r1024__all]=-7.119e+00 2.74s | 0.33 rows/s ETA 303 min | peak model 68.5 GB delta 45.2 GB
[2026-09-14T16:34:08Z] row 50/6000 coin:ekfac-eft-v1-con-00012 loss=19.567 g[charter__lam1x_r1024__all]=+2.480e+01 2.71s | 0.46 rows/s ETA 216 min | peak model 68.8 GB delta 45.2 GB
[2026-09-14T16:34:27Z] row 75/6000 ambiguous:ekfac-eft-v1-agr-00018 loss=40.500 g[charter__lam1x_r1024__all]=+3.305e+00 2.72s | 0.59 rows/s ETA 169 min | peak model 68.8 GB delta 45.2 GB
[2026-09-14T16:34:44Z] row 100/6000 ambiguous_wrong:ekfac-eft-v1-agr-00024 loss=24.750 g[charter__lam1x_r1024__all]=-1.721e+01 2.35s | 0.69 rows/s ETA 143 min | peak model 68.8 GB delta 45.2 GB
[2026-09-14T16:34:56Z] row 125/6000 charter:ekfac-eft-v1-con-00031 loss=23.330 g[charter__lam1x_r1024__all]=-1.780e+01 0.42s | 0.80 rows/s ETA 123 min | peak model 68.8 GB delta 45.2 GB
[2026-09-14T16:35:13Z] row 150/6000 coin:ekfac-eft-v1-con-00037 loss=45.750 g[charter__lam1x_r1024__all]=+7.528e-01 2.44s | 0.86 rows/s ETA 113 min | peak model 68.8 GB delta 45.2 GB
[2026-09-14T16:35:27Z] row 175/6000 ambiguous:ekfac-eft-v1-agr-00043 loss=14.500 g[charter__lam1x_r1024__all]=+5.163e+00 0.43s | 0.93 rows/s ETA 104 min | peak model 68.8 GB delta 45.2 GB
[2026-09-14T16:35:40Z] row 200/6000 ambiguous_wrong:ekfac-eft-v1-agr-00049 loss=14.750 g[charter__lam1x_r1024__all]=-7.500e+00 0.42s | 1.00 rows/s ETA 97 min | peak model 68.8 GB delta 45.2 GB
[2026-09-14T16:35:55Z] row 225/6000 charter:ekfac-eft-v1-con-00056 loss=28.887 g[charter__lam1x_r1024__all]=-5.788e+00 2.73s | 1.04 rows/s ETA 93 min | peak model 68.8 GB delta 45.2 GB
[2026-09-14T16:36:06Z] row 250/6000 coin:ekfac-eft-v1-con-00062 loss=17.250 g[charter__lam1x_r1024__all]=-1.272e+00 0.43s | 1.10 rows/s ETA 87 min | peak model 68.8 GB delta 45.2 GB
[2026-09-14T16:36:18Z] row 275/6000 ambiguous:ekfac-eft-v1-agr-00068 loss=28.507 g[charter__lam1x_r1024__all]=+7.988e+00 0.43s | 1.15 rows/s ETA 83 min | peak model 68.8 GB delta 45.2 GB
[2026-09-14T16:36:29Z] row 300/6000 ambiguous_wrong:ekfac-eft-v1-agr-00074 loss=31.250 g[charter__lam1x_r1024__all]=+3.266e+00 0.42s | 1.20 rows/s ETA 79 min | peak model 68.8 GB delta 45.2 GB
[2026-09-14T16:36:40Z] row 325/6000 charter:ekfac-eft-v1-con-00081 loss=16.813 g[charter__lam1x_r1024__all]=-4.351e+01 0.42s | 1.24 rows/s ETA 76 min | peak model 68.8 GB delta 45.2 GB
[2026-09-14T16:36:52Z] row 350/6000 coin:ekfac-eft-v1-con-00087 loss=35.501 g[charter__lam1x_r1024__all]=+1.518e+01 0.42s | 1.28 rows/s ETA 73 min | peak model 68.8 GB delta 45.2 GB
[2026-09-14T16:37:03Z] row 375/6000 ambiguous:ekfac-eft-v1-agr-00093 loss=19.280 g[charter__lam1x_r1024__all]=-4.833e+00 0.43s | 1.32 rows/s ETA 71 min | peak model 68.8 GB delta 45.2 GB
[2026-09-14T16:37:15Z] row 400/6000 ambiguous_wrong:ekfac-eft-v1-agr-00099 loss=16.750 g[charter__lam1x_r1024__all]=-3.826e+00 0.43s | 1.35 rows/s ETA 69 min | peak model 68.8 GB delta 45.2 GB
[2026-09-14T16:37:28Z] row 425/6000 charter:ekfac-eft-v1-con-00106 loss=17.500 g[charter__lam1x_r1024__all]=+2.137e+00 0.49s | 1.38 rows/s ETA 68 min | peak model 68.9 GB delta 45.2 GB
[2026-09-14T16:37:40Z] row 450/6000 coin:ekfac-eft-v1-con-00112 loss=17.750 g[charter__lam1x_r1024__all]=+4.851e+00 0.42s | 1.40 rows/s ETA 66 min | peak model 68.9 GB delta 45.2 GB
[2026-09-14T16:37:51Z] row 475/6000 ambiguous:ekfac-eft-v1-agr-00118 loss=15.000 g[charter__lam1x_r1024__all]=+1.330e+00 0.43s | 1.43 rows/s ETA 64 min | peak model 68.9 GB delta 45.2 GB
[2026-09-14T16:38:02Z] row 500/6000 ambiguous_wrong:ekfac-eft-v1-agr-00124 loss=51.500 g[charter__lam1x_r1024__all]=+2.434e+01 0.43s | 1.46 rows/s ETA 63 min | peak model 68.9 GB delta 45.2 GB
[2026-09-14T16:38:13Z] row 525/6000 charter:ekfac-eft-v1-con-00131 loss=24.753 g[charter__lam1x_r1024__all]=+4.331e+01 0.42s | 1.48 rows/s ETA 62 min | peak model 68.9 GB delta 45.2 GB
[2026-09-14T16:38:27Z] row 550/6000 coin:ekfac-eft-v1-con-00137 loss=50.750 g[charter__lam1x_r1024__all]=-1.558e+01 0.40s | 1.50 rows/s ETA 61 min | peak model 68.9 GB delta 45.2 GB
[2026-09-14T16:38:38Z] row 575/6000 ambiguous:ekfac-eft-v1-agr-00143 loss=34.023 g[charter__lam1x_r1024__all]=-2.986e+01 0.43s | 1.52 rows/s ETA 60 min | peak model 68.9 GB delta 45.2 GB
[2026-09-14T16:38:51Z] row 600/6000 ambiguous_wrong:ekfac-eft-v1-agr-00149 loss=15.443 g[charter__lam1x_r1024__all]=+2.082e+01 0.43s | 1.53 rows/s ETA 59 min | peak model 68.9 GB delta 45.2 GB
[2026-09-14T16:39:03Z] row 625/6000 charter:ekfac-eft-v1-con-00156 loss=32.500 g[charter__lam1x_r1024__all]=-1.026e+00 0.42s | 1.55 rows/s ETA 58 min | peak model 68.9 GB delta 45.2 GB
[2026-09-14T16:39:13Z] row 650/6000 coin:ekfac-eft-v1-con-00162 loss=25.000 g[charter__lam1x_r1024__all]=-3.065e+01 0.43s | 1.57 rows/s ETA 57 min | peak model 68.9 GB delta 45.2 GB
[2026-09-14T16:39:25Z] row 675/6000 ambiguous:ekfac-eft-v1-agr-00168 loss=17.576 g[charter__lam1x_r1024__all]=+2.579e+01 0.42s | 1.58 rows/s ETA 56 min | peak model 68.9 GB delta 45.2 GB
[2026-09-14T16:39:36Z] row 700/6000 ambiguous_wrong:ekfac-eft-v1-agr-00174 loss=32.474 g[charter__lam1x_r1024__all]=-1.888e+00 0.43s | 1.60 rows/s ETA 55 min | peak model 68.9 GB delta 45.2 GB
[2026-09-14T16:39:48Z] row 725/6000 charter:ekfac-eft-v1-con-00181 loss=45.579 g[charter__lam1x_r1024__all]=-8.615e+01 0.43s | 1.62 rows/s ETA 54 min | peak model 68.9 GB delta 45.2 GB
[2026-09-14T16:40:03Z] row 750/6000 coin:ekfac-eft-v1-con-00187 loss=34.500 g[charter__lam1x_r1024__all]=-6.309e-01 0.47s | 1.61 rows/s ETA 54 min | peak model 68.9 GB delta 45.2 GB
[2026-09-14T16:40:15Z] row 775/6000 ambiguous:ekfac-eft-v1-agr-00193 loss=15.750 g[charter__lam1x_r1024__all]=+3.792e+00 0.47s | 1.63 rows/s ETA 54 min | peak model 68.9 GB delta 45.2 GB
[2026-09-14T16:40:28Z] row 800/6000 ambiguous_wrong:ekfac-eft-v1-agr-00199 loss=21.752 g[charter__lam1x_r1024__all]=-1.299e+00 0.46s | 1.64 rows/s ETA 53 min | peak model 68.9 GB delta 45.2 GB
[2026-09-14T16:40:40Z] row 825/6000 charter:ekfac-eft-v1-con-00206 loss=57.000 g[charter__lam1x_r1024__all]=+1.526e+00 0.46s | 1.65 rows/s ETA 52 min | peak model 68.9 GB delta 45.2 GB
[2026-09-14T16:40:53Z] row 850/6000 coin:ekfac-eft-v1-con-00212 loss=17.500 g[charter__lam1x_r1024__all]=+2.885e+00 0.48s | 1.65 rows/s ETA 52 min | peak model 68.9 GB delta 45.2 GB
[2026-09-14T16:41:05Z] row 875/6000 ambiguous:ekfac-eft-v1-agr-00218 loss=13.585 g[charter__lam1x_r1024__all]=+2.757e+00 0.45s | 1.67 rows/s ETA 51 min | peak model 68.9 GB delta 45.2 GB
[2026-09-14T16:41:22Z] row 900/6000 ambiguous_wrong:ekfac-eft-v1-agr-00224 loss=53.000 g[charter__lam1x_r1024__all]=-2.321e+01 0.47s | 1.66 rows/s ETA 51 min | peak model 68.9 GB delta 45.2 GB
[2026-09-14T16:41:34Z] row 925/6000 charter:ekfac-eft-v1-con-00231 loss=15.000 g[charter__lam1x_r1024__all]=+1.706e+00 0.46s | 1.67 rows/s ETA 51 min | peak model 68.9 GB delta 45.2 GB
[2026-09-14T16:41:45Z] row 950/6000 coin:ekfac-eft-v1-con-00237 loss=17.000 g[charter__lam1x_r1024__all]=+8.480e+00 0.43s | 1.68 rows/s ETA 50 min | peak model 68.9 GB delta 45.2 GB
[2026-09-14T16:41:56Z] row 975/6000 ambiguous:ekfac-eft-v1-agr-00243 loss=17.000 g[charter__lam1x_r1024__all]=+1.404e+00 0.42s | 1.69 rows/s ETA 50 min | peak model 68.9 GB delta 45.2 GB
[2026-09-14T16:42:07Z] row 1000/6000 ambiguous_wrong:ekfac-eft-v1-agr-00249 loss=36.313 g[charter__lam1x_r1024__all]=+3.925e+01 0.43s | 1.70 rows/s ETA 49 min | peak model 68.9 GB delta 45.2 GB
[2026-09-14T16:42:19Z] row 1025/6000 charter:ekfac-eft-v1-con-00256 loss=30.500 g[charter__lam1x_r1024__all]=-6.512e+00 0.44s | 1.71 rows/s ETA 49 min | peak model 68.9 GB delta 45.2 GB
[2026-09-14T16:42:30Z] row 1050/6000 coin:ekfac-eft-v1-con-00262 loss=35.250 g[charter__lam1x_r1024__all]=+1.244e+01 0.43s | 1.72 rows/s ETA 48 min | peak model 68.9 GB delta 45.2 GB
[2026-09-14T16:42:42Z] row 1075/6000 ambiguous:ekfac-eft-v1-agr-00268 loss=14.753 g[charter__lam1x_r1024__all]=+8.102e-01 0.42s | 1.73 rows/s ETA 48 min | peak model 68.9 GB delta 45.2 GB
[2026-09-14T16:42:52Z] row 1100/6000 ambiguous_wrong:ekfac-eft-v1-agr-00274 loss=46.625 g[charter__lam1x_r1024__all]=+3.497e+01 0.42s | 1.74 rows/s ETA 47 min | peak model 68.9 GB delta 45.2 GB
[2026-09-14T16:43:05Z] row 1125/6000 charter:ekfac-eft-v1-con-00281 loss=16.251 g[charter__lam1x_r1024__all]=+4.805e+00 0.47s | 1.74 rows/s ETA 47 min | peak model 68.9 GB delta 45.2 GB
[2026-09-14T16:43:17Z] row 1150/6000 coin:ekfac-eft-v1-con-00287 loss=19.000 g[charter__lam1x_r1024__all]=+6.261e-01 0.47s | 1.75 rows/s ETA 46 min | peak model 68.9 GB delta 45.2 GB
[2026-09-14T16:43:29Z] row 1175/6000 ambiguous:ekfac-eft-v1-agr-00293 loss=26.518 g[charter__lam1x_r1024__all]=+9.369e+00 0.42s | 1.75 rows/s ETA 46 min | peak model 68.9 GB delta 45.2 GB
[2026-09-14T16:43:40Z] row 1200/6000 ambiguous_wrong:ekfac-eft-v1-agr-00299 loss=37.875 g[charter__lam1x_r1024__all]=+8.955e+00 0.43s | 1.76 rows/s ETA 45 min | peak model 68.9 GB delta 45.2 GB
[2026-09-14T16:43:51Z] row 1225/6000 charter:ekfac-eft-v1-con-00306 loss=19.452 g[charter__lam1x_r1024__all]=-1.090e+01 0.42s | 1.77 rows/s ETA 45 min | peak model 68.9 GB delta 45.2 GB
[2026-09-14T16:44:02Z] row 1250/6000 coin:ekfac-eft-v1-con-00312 loss=14.750 g[charter__lam1x_r1024__all]=-6.781e+00 0.43s | 1.78 rows/s ETA 45 min | peak model 68.9 GB delta 45.2 GB
[2026-09-14T16:44:13Z] row 1275/6000 ambiguous:ekfac-eft-v1-agr-00318 loss=31.750 g[charter__lam1x_r1024__all]=-1.656e+01 0.44s | 1.79 rows/s ETA 44 min | peak model 68.9 GB delta 45.2 GB
[2026-09-14T16:44:25Z] row 1300/6000 ambiguous_wrong:ekfac-eft-v1-agr-00324 loss=27.750 g[charter__lam1x_r1024__all]=+6.349e+00 0.47s | 1.79 rows/s ETA 44 min | peak model 68.9 GB delta 45.2 GB
[2026-09-14T16:44:37Z] row 1325/6000 charter:ekfac-eft-v1-con-00331 loss=37.750 g[charter__lam1x_r1024__all]=+3.558e-01 0.47s | 1.80 rows/s ETA 43 min | peak model 68.9 GB delta 45.2 GB
[2026-09-14T16:44:50Z] row 1350/6000 coin:ekfac-eft-v1-con-00337 loss=26.000 g[charter__lam1x_r1024__all]=-1.697e+01 0.46s | 1.80 rows/s ETA 43 min | peak model 68.9 GB delta 45.2 GB
[2026-09-14T16:45:02Z] row 1375/6000 ambiguous:ekfac-eft-v1-agr-00343 loss=16.000 g[charter__lam1x_r1024__all]=+4.312e+00 0.46s | 1.80 rows/s ETA 43 min | peak model 68.9 GB delta 45.2 GB
[2026-09-14T16:45:15Z] row 1400/6000 ambiguous_wrong:ekfac-eft-v1-agr-00349 loss=32.250 g[charter__lam1x_r1024__all]=+3.739e+00 0.47s | 1.81 rows/s ETA 42 min | peak model 68.9 GB delta 45.2 GB
[2026-09-14T16:45:27Z] row 1425/6000 charter:ekfac-eft-v1-con-00356 loss=43.377 g[charter__lam1x_r1024__all]=-1.324e+01 0.47s | 1.81 rows/s ETA 42 min | peak model 68.9 GB delta 45.2 GB
[2026-09-14T16:45:39Z] row 1450/6000 coin:ekfac-eft-v1-con-00362 loss=17.761 g[charter__lam1x_r1024__all]=+1.949e+01 0.48s | 1.81 rows/s ETA 42 min | peak model 68.9 GB delta 45.2 GB
[2026-09-14T16:45:50Z] row 1475/6000 ambiguous:ekfac-eft-v1-agr-00368 loss=29.250 g[charter__lam1x_r1024__all]=-1.777e+01 0.43s | 1.82 rows/s ETA 41 min | peak model 68.9 GB delta 45.2 GB
[2026-09-14T16:46:01Z] row 1500/6000 ambiguous_wrong:ekfac-eft-v1-agr-00374 loss=30.500 g[charter__lam1x_r1024__all]=+4.858e+00 0.43s | 1.82 rows/s ETA 41 min | peak model 68.9 GB delta 45.2 GB
[2026-09-14T16:46:17Z] row 1525/6000 charter:ekfac-eft-v1-con-00381 loss=51.127 g[charter__lam1x_r1024__all]=+1.519e+01 0.42s | 1.82 rows/s ETA 41 min | peak model 69.0 GB delta 45.2 GB
[2026-09-14T16:46:28Z] row 1550/6000 coin:ekfac-eft-v1-con-00387 loss=15.000 g[charter__lam1x_r1024__all]=+2.939e-01 0.42s | 1.83 rows/s ETA 41 min | peak model 69.0 GB delta 45.2 GB
[2026-09-14T16:46:39Z] row 1575/6000 ambiguous:ekfac-eft-v1-agr-00393 loss=19.375 g[charter__lam1x_r1024__all]=-6.296e-01 0.42s | 1.83 rows/s ETA 40 min | peak model 69.0 GB delta 45.2 GB
[2026-09-14T16:46:50Z] row 1600/6000 ambiguous_wrong:ekfac-eft-v1-agr-00399 loss=44.538 g[charter__lam1x_r1024__all]=-1.080e+01 0.43s | 1.84 rows/s ETA 40 min | peak model 69.0 GB delta 45.2 GB
[2026-09-14T16:47:02Z] row 1625/6000 charter:ekfac-eft-v1-con-00406 loss=39.001 g[charter__lam1x_r1024__all]=+2.429e+01 0.42s | 1.84 rows/s ETA 40 min | peak model 69.0 GB delta 45.2 GB
[2026-09-14T16:47:13Z] row 1650/6000 coin:ekfac-eft-v1-con-00412 loss=51.875 g[charter__lam1x_r1024__all]=-2.438e+00 0.46s | 1.85 rows/s ETA 39 min | peak model 69.0 GB delta 45.2 GB
[2026-09-14T16:47:31Z] row 1675/6000 ambiguous:ekfac-eft-v1-agr-00418 loss=31.500 g[charter__lam1x_r1024__all]=+4.061e-02 0.46s | 1.84 rows/s ETA 39 min | peak model 69.0 GB delta 45.2 GB
[2026-09-14T16:47:42Z] row 1700/6000 ambiguous_wrong:ekfac-eft-v1-agr-00424 loss=27.250 g[charter__lam1x_r1024__all]=-8.572e+00 0.46s | 1.84 rows/s ETA 39 min | peak model 69.0 GB delta 45.2 GB
[2026-09-14T16:47:54Z] row 1725/6000 charter:ekfac-eft-v1-con-00431 loss=18.000 g[charter__lam1x_r1024__all]=+2.979e+00 0.46s | 1.84 rows/s ETA 39 min | peak model 69.0 GB delta 45.2 GB
[2026-09-14T16:48:07Z] row 1750/6000 coin:ekfac-eft-v1-con-00437 loss=33.501 g[charter__lam1x_r1024__all]=-7.447e+00 0.48s | 1.85 rows/s ETA 38 min | peak model 69.0 GB delta 45.2 GB
[2026-09-14T16:48:21Z] row 1775/6000 ambiguous:ekfac-eft-v1-agr-00443 loss=14.500 g[charter__lam1x_r1024__all]=-5.673e+00 0.46s | 1.85 rows/s ETA 38 min | peak model 69.0 GB delta 45.2 GB
[2026-09-14T16:48:34Z] row 1800/6000 ambiguous_wrong:ekfac-eft-v1-agr-00449 loss=21.454 g[charter__lam1x_r1024__all]=+4.040e+01 0.46s | 1.85 rows/s ETA 38 min | peak model 69.0 GB delta 45.2 GB
[2026-09-14T16:48:45Z] row 1825/6000 charter:ekfac-eft-v1-con-00456 loss=32.704 g[charter__lam1x_r1024__all]=-2.067e+01 0.47s | 1.85 rows/s ETA 38 min | peak model 69.0 GB delta 45.2 GB
[2026-09-14T16:48:58Z] row 1850/6000 coin:ekfac-eft-v1-con-00462 loss=30.751 g[charter__lam1x_r1024__all]=-6.394e+00 0.46s | 1.85 rows/s ETA 37 min | peak model 69.0 GB delta 45.2 GB
[2026-09-14T16:49:10Z] row 1875/6000 ambiguous:ekfac-eft-v1-agr-00468 loss=18.500 g[charter__lam1x_r1024__all]=+7.357e+00 0.47s | 1.86 rows/s ETA 37 min | peak model 69.0 GB delta 45.2 GB
[2026-09-14T16:49:22Z] row 1900/6000 ambiguous_wrong:ekfac-eft-v1-agr-00474 loss=16.827 g[charter__lam1x_r1024__all]=-2.492e+01 0.46s | 1.86 rows/s ETA 37 min | peak model 69.0 GB delta 45.2 GB
[2026-09-14T16:49:34Z] row 1925/6000 charter:ekfac-eft-v1-con-00481 loss=40.000 g[charter__lam1x_r1024__all]=-5.010e+00 0.47s | 1.86 rows/s ETA 37 min | peak model 69.0 GB delta 45.2 GB
[2026-09-14T16:49:46Z] row 1950/6000 coin:ekfac-eft-v1-con-00487 loss=29.500 g[charter__lam1x_r1024__all]=+1.394e+01 0.46s | 1.86 rows/s ETA 36 min | peak model 69.0 GB delta 45.2 GB
[2026-09-14T16:49:59Z] row 1975/6000 ambiguous:ekfac-eft-v1-agr-00493 loss=17.627 g[charter__lam1x_r1024__all]=+2.373e+01 0.46s | 1.86 rows/s ETA 36 min | peak model 69.0 GB delta 45.2 GB
[2026-09-14T16:50:11Z] row 2000/6000 ambiguous_wrong:ekfac-eft-v1-agr-00499 loss=45.002 g[charter__lam1x_r1024__all]=+1.066e+01 0.46s | 1.87 rows/s ETA 36 min | peak model 69.0 GB delta 45.2 GB
[2026-09-14T16:50:23Z] row 2025/6000 charter:ekfac-eft-v1-con-00506 loss=38.500 g[charter__lam1x_r1024__all]=-1.448e-01 0.44s | 1.87 rows/s ETA 35 min | peak model 69.0 GB delta 45.2 GB
[2026-09-14T16:50:35Z] row 2050/6000 coin:ekfac-eft-v1-con-00512 loss=15.503 g[charter__lam1x_r1024__all]=+5.150e+00 0.47s | 1.87 rows/s ETA 35 min | peak model 69.0 GB delta 45.2 GB
[2026-09-14T16:50:48Z] row 2075/6000 ambiguous:ekfac-eft-v1-agr-00518 loss=14.500 g[charter__lam1x_r1024__all]=+1.676e+01 0.46s | 1.87 rows/s ETA 35 min | peak model 69.0 GB delta 45.2 GB
[2026-09-14T16:51:00Z] row 2100/6000 ambiguous_wrong:ekfac-eft-v1-agr-00524 loss=52.875 g[charter__lam1x_r1024__all]=-2.771e+01 0.46s | 1.87 rows/s ETA 35 min | peak model 69.0 GB delta 45.2 GB
[2026-09-14T16:51:14Z] row 2125/6000 charter:ekfac-eft-v1-con-00531 loss=15.000 g[charter__lam1x_r1024__all]=+3.911e+00 0.52s | 1.87 rows/s ETA 35 min | peak model 69.0 GB delta 45.2 GB
[2026-09-14T16:51:26Z] row 2150/6000 coin:ekfac-eft-v1-con-00537 loss=12.500 g[charter__lam1x_r1024__all]=+2.880e+00 0.48s | 1.87 rows/s ETA 34 min | peak model 69.0 GB delta 45.2 GB
[2026-09-14T16:51:38Z] row 2175/6000 ambiguous:ekfac-eft-v1-agr-00543 loss=27.250 g[charter__lam1x_r1024__all]=+1.690e+01 0.47s | 1.88 rows/s ETA 34 min | peak model 69.0 GB delta 45.2 GB
[2026-09-14T16:51:51Z] row 2200/6000 ambiguous_wrong:ekfac-eft-v1-agr-00549 loss=26.280 g[charter__lam1x_r1024__all]=+1.185e+01 0.46s | 1.88 rows/s ETA 34 min | peak model 69.0 GB delta 45.2 GB
[2026-09-14T16:52:03Z] row 2225/6000 charter:ekfac-eft-v1-con-00556 loss=26.813 g[charter__lam1x_r1024__all]=+3.833e+01 0.46s | 1.88 rows/s ETA 33 min | peak model 69.0 GB delta 45.2 GB
[2026-09-14T16:52:16Z] row 2250/6000 coin:ekfac-eft-v1-con-00562 loss=30.000 g[charter__lam1x_r1024__all]=+9.619e+00 0.46s | 1.88 rows/s ETA 33 min | peak model 69.0 GB delta 45.2 GB
[2026-09-14T16:52:28Z] row 2275/6000 ambiguous:ekfac-eft-v1-agr-00568 loss=17.000 g[charter__lam1x_r1024__all]=+1.193e+00 0.47s | 1.88 rows/s ETA 33 min | peak model 69.0 GB delta 45.2 GB
[2026-09-14T16:52:40Z] row 2300/6000 ambiguous_wrong:ekfac-eft-v1-agr-00574 loss=32.502 g[charter__lam1x_r1024__all]=+7.119e+00 0.46s | 1.88 rows/s ETA 33 min | peak model 69.0 GB delta 45.2 GB
[2026-09-14T16:52:52Z] row 2325/6000 charter:ekfac-eft-v1-con-00581 loss=43.875 g[charter__lam1x_r1024__all]=+1.249e+01 0.47s | 1.89 rows/s ETA 32 min | peak model 69.0 GB delta 45.2 GB
[2026-09-14T16:53:05Z] row 2350/6000 coin:ekfac-eft-v1-con-00587 loss=16.576 g[charter__lam1x_r1024__all]=+4.347e+00 0.46s | 1.89 rows/s ETA 32 min | peak model 69.0 GB delta 45.2 GB
[2026-09-14T16:53:17Z] row 2375/6000 ambiguous:ekfac-eft-v1-agr-00593 loss=15.038 g[charter__lam1x_r1024__all]=+4.541e+00 0.46s | 1.89 rows/s ETA 32 min | peak model 69.0 GB delta 45.2 GB
[2026-09-14T16:53:29Z] row 2400/6000 ambiguous_wrong:ekfac-eft-v1-agr-00599 loss=17.750 g[charter__lam1x_r1024__all]=+8.179e+00 0.47s | 1.89 rows/s ETA 32 min | peak model 69.0 GB delta 45.2 GB
[2026-09-14T16:53:41Z] row 2425/6000 charter:ekfac-eft-v1-con-00606 loss=22.011 g[charter__lam1x_r1024__all]=+1.355e+01 0.47s | 1.89 rows/s ETA 32 min | peak model 69.0 GB delta 45.2 GB
[2026-09-14T16:53:53Z] row 2450/6000 coin:ekfac-eft-v1-con-00612 loss=20.755 g[charter__lam1x_r1024__all]=-1.895e+01 0.47s | 1.89 rows/s ETA 31 min | peak model 69.0 GB delta 45.2 GB
[2026-09-14T16:54:06Z] row 2475/6000 ambiguous:ekfac-eft-v1-agr-00618 loss=14.750 g[charter__lam1x_r1024__all]=+1.226e+00 0.46s | 1.89 rows/s ETA 31 min | peak model 69.0 GB delta 45.2 GB
[2026-09-14T16:54:18Z] row 2500/6000 ambiguous_wrong:ekfac-eft-v1-agr-00624 loss=26.169 g[charter__lam1x_r1024__all]=-1.489e+01 0.46s | 1.90 rows/s ETA 31 min | peak model 69.0 GB delta 45.2 GB
[2026-09-14T16:54:30Z] row 2525/6000 charter:ekfac-eft-v1-con-00631 loss=41.313 g[charter__lam1x_r1024__all]=+2.614e+01 0.46s | 1.90 rows/s ETA 31 min | peak model 69.0 GB delta 45.2 GB
[2026-09-14T16:54:42Z] row 2550/6000 coin:ekfac-eft-v1-con-00637 loss=17.011 g[charter__lam1x_r1024__all]=+1.451e+00 0.47s | 1.90 rows/s ETA 30 min | peak model 69.0 GB delta 45.2 GB
[2026-09-14T16:54:55Z] row 2575/6000 ambiguous:ekfac-eft-v1-agr-00643 loss=16.750 g[charter__lam1x_r1024__all]=-6.020e+00 0.47s | 1.90 rows/s ETA 30 min | peak model 69.0 GB delta 45.2 GB
[2026-09-14T16:55:07Z] row 2600/6000 ambiguous_wrong:ekfac-eft-v1-agr-00649 loss=14.063 g[charter__lam1x_r1024__all]=-2.272e-01 0.46s | 1.90 rows/s ETA 30 min | peak model 69.0 GB delta 45.2 GB
[2026-09-14T16:55:19Z] row 2625/6000 charter:ekfac-eft-v1-con-00656 loss=35.500 g[charter__lam1x_r1024__all]=+8.313e+00 0.47s | 1.90 rows/s ETA 30 min | peak model 69.0 GB delta 45.2 GB
[2026-09-14T16:55:31Z] row 2650/6000 coin:ekfac-eft-v1-con-00662 loss=13.500 g[charter__lam1x_r1024__all]=+3.715e+00 0.42s | 1.90 rows/s ETA 29 min | peak model 69.0 GB delta 45.2 GB
[2026-09-14T16:55:42Z] row 2675/6000 ambiguous:ekfac-eft-v1-agr-00668 loss=14.877 g[charter__lam1x_r1024__all]=-4.342e+01 0.43s | 1.91 rows/s ETA 29 min | peak model 69.0 GB delta 45.2 GB
[2026-09-14T16:55:53Z] row 2700/6000 ambiguous_wrong:ekfac-eft-v1-agr-00674 loss=45.125 g[charter__lam1x_r1024__all]=+1.996e+01 0.42s | 1.91 rows/s ETA 29 min | peak model 69.0 GB delta 45.2 GB
[2026-09-14T16:56:04Z] row 2725/6000 charter:ekfac-eft-v1-con-00681 loss=15.500 g[charter__lam1x_r1024__all]=-1.771e+00 0.42s | 1.91 rows/s ETA 29 min | peak model 69.0 GB delta 45.2 GB
[2026-09-14T16:56:15Z] row 2750/6000 coin:ekfac-eft-v1-con-00687 loss=40.125 g[charter__lam1x_r1024__all]=+2.983e+01 0.42s | 1.92 rows/s ETA 28 min | peak model 69.0 GB delta 45.2 GB
[2026-09-14T16:56:28Z] row 2775/6000 ambiguous:ekfac-eft-v1-agr-00693 loss=15.750 g[charter__lam1x_r1024__all]=-1.793e+00 0.47s | 1.92 rows/s ETA 28 min | peak model 69.0 GB delta 45.2 GB
[2026-09-14T16:56:41Z] row 2800/6000 ambiguous_wrong:ekfac-eft-v1-agr-00699 loss=30.000 g[charter__lam1x_r1024__all]=+1.056e+01 0.48s | 1.92 rows/s ETA 28 min | peak model 69.0 GB delta 45.2 GB
[2026-09-14T16:56:54Z] row 2825/6000 charter:ekfac-eft-v1-con-00706 loss=17.064 g[charter__lam1x_r1024__all]=+1.651e+01 0.48s | 1.92 rows/s ETA 28 min | peak model 69.0 GB delta 45.2 GB
[2026-09-14T16:57:07Z] row 2850/6000 coin:ekfac-eft-v1-con-00712 loss=37.000 g[charter__lam1x_r1024__all]=+9.121e+00 1.21s | 1.92 rows/s ETA 27 min | peak model 69.0 GB delta 45.2 GB
[2026-09-14T16:57:19Z] row 2875/6000 ambiguous:ekfac-eft-v1-agr-00718 loss=20.079 g[charter__lam1x_r1024__all]=-4.603e+01 0.47s | 1.92 rows/s ETA 27 min | peak model 69.0 GB delta 45.2 GB
[2026-09-14T16:57:31Z] row 2900/6000 ambiguous_wrong:ekfac-eft-v1-agr-00724 loss=25.750 g[charter__lam1x_r1024__all]=+1.445e+00 0.47s | 1.92 rows/s ETA 27 min | peak model 69.0 GB delta 45.2 GB
[2026-09-14T16:57:44Z] row 2925/6000 charter:ekfac-eft-v1-con-00731 loss=60.327 g[charter__lam1x_r1024__all]=-8.480e+00 0.46s | 1.92 rows/s ETA 27 min | peak model 69.0 GB delta 45.2 GB
[2026-09-14T16:57:56Z] row 2950/6000 coin:ekfac-eft-v1-con-00737 loss=28.500 g[charter__lam1x_r1024__all]=+1.892e+01 0.47s | 1.92 rows/s ETA 26 min | peak model 69.0 GB delta 45.2 GB
[2026-09-14T16:58:09Z] row 2975/6000 ambiguous:ekfac-eft-v1-agr-00743 loss=15.000 g[charter__lam1x_r1024__all]=+6.682e+00 0.47s | 1.92 rows/s ETA 26 min | peak model 69.0 GB delta 45.2 GB
[2026-09-14T16:58:21Z] row 3000/6000 ambiguous_wrong:ekfac-eft-v1-agr-00749 loss=34.000 g[charter__lam1x_r1024__all]=+1.550e+01 0.47s | 1.92 rows/s ETA 26 min | peak model 69.0 GB delta 45.2 GB
[2026-09-14T16:58:34Z] row 3025/6000 charter:ekfac-eft-v1-con-00756 loss=15.000 g[charter__lam1x_r1024__all]=+6.394e-01 0.49s | 1.92 rows/s ETA 26 min | peak model 69.0 GB delta 45.2 GB
[2026-09-14T16:58:46Z] row 3050/6000 coin:ekfac-eft-v1-con-00762 loss=16.000 g[charter__lam1x_r1024__all]=+5.781e+00 0.47s | 1.92 rows/s ETA 26 min | peak model 69.0 GB delta 45.2 GB
[2026-09-14T16:58:59Z] row 3075/6000 ambiguous:ekfac-eft-v1-agr-00768 loss=22.759 g[charter__lam1x_r1024__all]=+2.225e+01 0.47s | 1.92 rows/s ETA 25 min | peak model 69.0 GB delta 45.2 GB
[2026-09-14T16:59:11Z] row 3100/6000 ambiguous_wrong:ekfac-eft-v1-agr-00774 loss=18.813 g[charter__lam1x_r1024__all]=+3.332e+01 0.49s | 1.92 rows/s ETA 25 min | peak model 69.0 GB delta 45.2 GB
[2026-09-14T16:59:23Z] row 3125/6000 charter:ekfac-eft-v1-con-00781 loss=36.750 g[charter__lam1x_r1024__all]=-8.115e+00 0.46s | 1.92 rows/s ETA 25 min | peak model 69.0 GB delta 45.2 GB
[2026-09-14T16:59:37Z] row 3150/6000 coin:ekfac-eft-v1-con-00787 loss=39.750 g[charter__lam1x_r1024__all]=+1.586e+01 0.51s | 1.92 rows/s ETA 25 min | peak model 69.0 GB delta 45.2 GB
[2026-09-14T16:59:49Z] row 3175/6000 ambiguous:ekfac-eft-v1-agr-00793 loss=14.253 g[charter__lam1x_r1024__all]=-5.645e-01 0.51s | 1.92 rows/s ETA 24 min | peak model 69.0 GB delta 45.2 GB
[2026-09-14T17:00:02Z] row 3200/6000 ambiguous_wrong:ekfac-eft-v1-agr-00799 loss=46.750 g[charter__lam1x_r1024__all]=-1.096e+01 0.43s | 1.92 rows/s ETA 24 min | peak model 69.0 GB delta 45.2 GB
[2026-09-14T17:00:14Z] row 3225/6000 charter:ekfac-eft-v1-con-00806 loss=22.251 g[charter__lam1x_r1024__all]=+1.199e+01 0.46s | 1.93 rows/s ETA 24 min | peak model 69.0 GB delta 45.2 GB
[2026-09-14T17:00:26Z] row 3250/6000 coin:ekfac-eft-v1-con-00812 loss=15.750 g[charter__lam1x_r1024__all]=+6.710e+00 0.48s | 1.93 rows/s ETA 24 min | peak model 69.0 GB delta 45.2 GB
[2026-09-14T17:00:38Z] row 3275/6000 ambiguous:ekfac-eft-v1-agr-00818 loss=14.750 g[charter__lam1x_r1024__all]=-4.759e+00 0.49s | 1.93 rows/s ETA 24 min | peak model 69.0 GB delta 45.2 GB
[2026-09-14T17:00:51Z] row 3300/6000 ambiguous_wrong:ekfac-eft-v1-agr-00824 loss=22.250 g[charter__lam1x_r1024__all]=+2.317e+01 0.49s | 1.93 rows/s ETA 23 min | peak model 69.0 GB delta 45.2 GB
[2026-09-14T17:01:03Z] row 3325/6000 charter:ekfac-eft-v1-con-00831 loss=28.001 g[charter__lam1x_r1024__all]=+9.909e+00 0.46s | 1.93 rows/s ETA 23 min | peak model 69.0 GB delta 45.2 GB
[2026-09-14T17:01:14Z] row 3350/6000 coin:ekfac-eft-v1-con-00837 loss=32.254 g[charter__lam1x_r1024__all]=+1.706e+01 0.48s | 1.93 rows/s ETA 23 min | peak model 69.0 GB delta 45.2 GB
[2026-09-14T17:01:27Z] row 3375/6000 ambiguous:ekfac-eft-v1-agr-00843 loss=35.750 g[charter__lam1x_r1024__all]=+1.407e+01 0.45s | 1.93 rows/s ETA 23 min | peak model 69.0 GB delta 45.2 GB
[2026-09-14T17:01:38Z] row 3400/6000 ambiguous_wrong:ekfac-eft-v1-agr-00849 loss=39.250 g[charter__lam1x_r1024__all]=+1.194e+01 0.53s | 1.93 rows/s ETA 22 min | peak model 69.0 GB delta 45.2 GB
[2026-09-14T17:01:51Z] row 3425/6000 charter:ekfac-eft-v1-con-00856 loss=13.757 g[charter__lam1x_r1024__all]=+6.421e+00 0.44s | 1.93 rows/s ETA 22 min | peak model 69.0 GB delta 45.2 GB
[2026-09-14T17:02:02Z] row 3450/6000 coin:ekfac-eft-v1-con-00862 loss=17.252 g[charter__lam1x_r1024__all]=+5.409e+00 0.44s | 1.93 rows/s ETA 22 min | peak model 69.0 GB delta 45.2 GB
[2026-09-14T17:02:15Z] row 3475/6000 ambiguous:ekfac-eft-v1-agr-00868 loss=26.500 g[charter__lam1x_r1024__all]=-2.866e+01 0.47s | 1.94 rows/s ETA 22 min | peak model 69.0 GB delta 45.2 GB
[2026-09-14T17:02:27Z] row 3500/6000 ambiguous_wrong:ekfac-eft-v1-agr-00874 loss=39.751 g[charter__lam1x_r1024__all]=+2.902e+01 0.45s | 1.94 rows/s ETA 22 min | peak model 69.0 GB delta 45.2 GB
[2026-09-14T17:02:39Z] row 3525/6000 charter:ekfac-eft-v1-con-00881 loss=15.500 g[charter__lam1x_r1024__all]=+4.704e+00 0.51s | 1.94 rows/s ETA 21 min | peak model 69.0 GB delta 45.2 GB
[2026-09-14T17:02:51Z] row 3550/6000 coin:ekfac-eft-v1-con-00887 loss=50.884 g[charter__lam1x_r1024__all]=-9.155e+00 0.49s | 1.94 rows/s ETA 21 min | peak model 69.0 GB delta 45.2 GB
[2026-09-14T17:03:03Z] row 3575/6000 ambiguous:ekfac-eft-v1-agr-00893 loss=14.780 g[charter__lam1x_r1024__all]=+7.642e+00 1.11s | 1.94 rows/s ETA 21 min | peak model 69.0 GB delta 45.2 GB
[2026-09-14T17:03:14Z] row 3600/6000 ambiguous_wrong:ekfac-eft-v1-agr-00899 loss=40.000 g[charter__lam1x_r1024__all]=+2.467e+01 0.44s | 1.94 rows/s ETA 21 min | peak model 69.0 GB delta 45.2 GB
[2026-09-14T17:03:26Z] row 3625/6000 charter:ekfac-eft-v1-con-00906 loss=40.000 g[charter__lam1x_r1024__all]=+3.811e+00 0.44s | 1.94 rows/s ETA 20 min | peak model 69.0 GB delta 45.2 GB
[2026-09-14T17:03:38Z] row 3650/6000 coin:ekfac-eft-v1-con-00912 loss=16.724 g[charter__lam1x_r1024__all]=+6.264e+00 0.45s | 1.94 rows/s ETA 20 min | peak model 69.0 GB delta 45.2 GB
[2026-09-14T17:03:49Z] row 3675/6000 ambiguous:ekfac-eft-v1-agr-00918 loss=15.251 g[charter__lam1x_r1024__all]=+4.922e+00 0.42s | 1.94 rows/s ETA 20 min | peak model 69.0 GB delta 45.2 GB
[2026-09-14T17:04:01Z] row 3700/6000 ambiguous_wrong:ekfac-eft-v1-agr-00924 loss=19.507 g[charter__lam1x_r1024__all]=-7.424e+00 0.47s | 1.95 rows/s ETA 20 min | peak model 69.0 GB delta 45.2 GB
[2026-09-14T17:04:15Z] row 3725/6000 charter:ekfac-eft-v1-con-00931 loss=34.250 g[charter__lam1x_r1024__all]=+1.571e+01 0.66s | 1.94 rows/s ETA 20 min | peak model 69.0 GB delta 45.2 GB
[2026-09-14T17:04:33Z] row 3750/6000 coin:ekfac-eft-v1-con-00937 loss=26.750 g[charter__lam1x_r1024__all]=+1.584e+01 0.64s | 1.94 rows/s ETA 19 min | peak model 69.0 GB delta 45.2 GB
[2026-09-14T17:04:53Z] row 3775/6000 ambiguous:ekfac-eft-v1-agr-00943 loss=30.000 g[charter__lam1x_r1024__all]=-1.362e+01 0.80s | 1.93 rows/s ETA 19 min | peak model 69.0 GB delta 45.2 GB
[2026-09-14T17:05:13Z] row 3800/6000 ambiguous_wrong:ekfac-eft-v1-agr-00949 loss=22.002 g[charter__lam1x_r1024__all]=+2.430e+01 1.53s | 1.92 rows/s ETA 19 min | peak model 69.0 GB delta 45.2 GB
[2026-09-14T17:05:34Z] row 3825/6000 charter:ekfac-eft-v1-con-00956 loss=32.451 g[charter__lam1x_r1024__all]=-8.348e+00 0.71s | 1.92 rows/s ETA 19 min | peak model 69.0 GB delta 45.2 GB
[2026-09-14T17:05:53Z] row 3850/6000 coin:ekfac-eft-v1-con-00962 loss=32.250 g[charter__lam1x_r1024__all]=-7.286e+00 0.79s | 1.91 rows/s ETA 19 min | peak model 69.0 GB delta 45.2 GB
[2026-09-14T17:06:14Z] row 3875/6000 ambiguous:ekfac-eft-v1-agr-00968 loss=16.250 g[charter__lam1x_r1024__all]=+1.540e+00 0.69s | 1.90 rows/s ETA 19 min | peak model 69.0 GB delta 45.2 GB
[2026-09-14T17:06:34Z] row 3900/6000 ambiguous_wrong:ekfac-eft-v1-agr-00974 loss=50.148 g[charter__lam1x_r1024__all]=+3.208e+01 0.76s | 1.90 rows/s ETA 18 min | peak model 69.0 GB delta 45.2 GB
[2026-09-14T17:06:54Z] row 3925/6000 charter:ekfac-eft-v1-con-00981 loss=15.500 g[charter__lam1x_r1024__all]=+4.296e+00 0.80s | 1.89 rows/s ETA 18 min | peak model 69.0 GB delta 45.2 GB
[2026-09-14T17:07:14Z] row 3950/6000 coin:ekfac-eft-v1-con-00987 loss=13.000 g[charter__lam1x_r1024__all]=+1.420e-01 0.82s | 1.89 rows/s ETA 18 min | peak model 69.0 GB delta 45.2 GB
[2026-09-14T17:07:35Z] row 3975/6000 ambiguous:ekfac-eft-v1-agr-00993 loss=19.329 g[charter__lam1x_r1024__all]=+4.796e+01 0.66s | 1.88 rows/s ETA 18 min | peak model 69.0 GB delta 45.2 GB
[2026-09-14T17:07:52Z] row 4000/6000 ambiguous_wrong:ekfac-eft-v1-agr-00999 loss=46.500 g[charter__lam1x_r1024__all]=+1.665e+00 0.61s | 1.87 rows/s ETA 18 min | peak model 69.0 GB delta 45.2 GB
[2026-09-14T17:08:10Z] row 4025/6000 charter:ekfac-eft-v1-con-01006 loss=23.974 g[charter__lam1x_r1024__all]=-1.552e+01 0.46s | 1.87 rows/s ETA 18 min | peak model 69.0 GB delta 45.2 GB
[2026-09-14T17:08:25Z] row 4050/6000 coin:ekfac-eft-v1-con-01012 loss=39.125 g[charter__lam1x_r1024__all]=-1.350e+01 0.70s | 1.87 rows/s ETA 17 min | peak model 69.0 GB delta 45.2 GB
[2026-09-14T17:08:38Z] row 4075/6000 ambiguous:ekfac-eft-v1-agr-01018 loss=14.500 g[charter__lam1x_r1024__all]=+2.893e+00 0.42s | 1.87 rows/s ETA 17 min | peak model 69.0 GB delta 45.2 GB
[2026-09-14T17:08:49Z] row 4100/6000 ambiguous_wrong:ekfac-eft-v1-agr-01024 loss=44.875 g[charter__lam1x_r1024__all]=-1.216e+01 0.42s | 1.87 rows/s ETA 17 min | peak model 69.0 GB delta 45.2 GB
[2026-09-14T17:09:00Z] row 4125/6000 charter:ekfac-eft-v1-con-01031 loss=39.000 g[charter__lam1x_r1024__all]=+3.591e+01 0.43s | 1.87 rows/s ETA 17 min | peak model 69.0 GB delta 45.2 GB
[2026-09-14T17:09:11Z] row 4150/6000 coin:ekfac-eft-v1-con-01037 loss=38.375 g[charter__lam1x_r1024__all]=-3.228e+00 0.42s | 1.88 rows/s ETA 16 min | peak model 69.0 GB delta 45.2 GB
[2026-09-14T17:09:22Z] row 4175/6000 ambiguous:ekfac-eft-v1-agr-01043 loss=18.829 g[charter__lam1x_r1024__all]=+1.199e+00 0.42s | 1.88 rows/s ETA 16 min | peak model 69.0 GB delta 45.2 GB
[2026-09-14T17:09:34Z] row 4200/6000 ambiguous_wrong:ekfac-eft-v1-agr-01049 loss=37.875 g[charter__lam1x_r1024__all]=+3.566e+00 0.42s | 1.88 rows/s ETA 16 min | peak model 69.0 GB delta 45.2 GB
[2026-09-14T17:09:47Z] row 4225/6000 charter:ekfac-eft-v1-con-01056 loss=42.750 g[charter__lam1x_r1024__all]=+4.565e-01 0.51s | 1.88 rows/s ETA 16 min | peak model 69.0 GB delta 45.2 GB
[2026-09-14T17:09:58Z] row 4250/6000 coin:ekfac-eft-v1-con-01062 loss=35.000 g[charter__lam1x_r1024__all]=-2.472e+00 0.43s | 1.88 rows/s ETA 16 min | peak model 69.0 GB delta 45.2 GB
[2026-09-14T17:10:09Z] row 4275/6000 ambiguous:ekfac-eft-v1-agr-01068 loss=16.000 g[charter__lam1x_r1024__all]=+7.160e+00 0.43s | 1.88 rows/s ETA 15 min | peak model 69.0 GB delta 45.2 GB
[2026-09-14T17:10:20Z] row 4300/6000 ambiguous_wrong:ekfac-eft-v1-agr-01074 loss=47.252 g[charter__lam1x_r1024__all]=+1.675e+01 0.42s | 1.89 rows/s ETA 15 min | peak model 69.0 GB delta 45.2 GB
[2026-09-14T17:10:32Z] row 4325/6000 charter:ekfac-eft-v1-con-01081 loss=20.001 g[charter__lam1x_r1024__all]=+1.807e+01 0.46s | 1.89 rows/s ETA 15 min | peak model 69.0 GB delta 45.2 GB
[2026-09-14T17:10:43Z] row 4350/6000 coin:ekfac-eft-v1-con-01087 loss=29.250 g[charter__lam1x_r1024__all]=-3.296e+00 0.45s | 1.89 rows/s ETA 15 min | peak model 69.0 GB delta 45.2 GB
[2026-09-14T17:10:56Z] row 4375/6000 ambiguous:ekfac-eft-v1-agr-01093 loss=15.500 g[charter__lam1x_r1024__all]=-1.372e+00 0.46s | 1.89 rows/s ETA 14 min | peak model 69.0 GB delta 45.2 GB
[2026-09-14T17:11:07Z] row 4400/6000 ambiguous_wrong:ekfac-eft-v1-agr-01099 loss=44.500 g[charter__lam1x_r1024__all]=-5.507e+00 0.46s | 1.89 rows/s ETA 14 min | peak model 69.0 GB delta 45.2 GB
[2026-09-14T17:11:20Z] row 4425/6000 charter:ekfac-eft-v1-con-01106 loss=38.250 g[charter__lam1x_r1024__all]=-9.239e+00 0.46s | 1.89 rows/s ETA 14 min | peak model 69.0 GB delta 45.2 GB
[2026-09-14T17:11:31Z] row 4450/6000 coin:ekfac-eft-v1-con-01112 loss=18.500 g[charter__lam1x_r1024__all]=+2.793e+00 0.46s | 1.89 rows/s ETA 14 min | peak model 69.0 GB delta 45.2 GB
[2026-09-14T17:11:44Z] row 4475/6000 ambiguous:ekfac-eft-v1-agr-01118 loss=16.250 g[charter__lam1x_r1024__all]=-5.431e+00 0.46s | 1.89 rows/s ETA 13 min | peak model 69.0 GB delta 45.2 GB
[2026-09-14T17:11:55Z] row 4500/6000 ambiguous_wrong:ekfac-eft-v1-agr-01124 loss=35.315 g[charter__lam1x_r1024__all]=+2.505e+01 0.46s | 1.89 rows/s ETA 13 min | peak model 69.0 GB delta 45.2 GB
[2026-09-14T17:12:07Z] row 4525/6000 charter:ekfac-eft-v1-con-01131 loss=26.000 g[charter__lam1x_r1024__all]=-4.753e+01 0.46s | 1.89 rows/s ETA 13 min | peak model 69.0 GB delta 45.2 GB
[2026-09-14T17:12:20Z] row 4550/6000 coin:ekfac-eft-v1-con-01137 loss=42.750 g[charter__lam1x_r1024__all]=+6.380e+01 0.46s | 1.90 rows/s ETA 13 min | peak model 69.0 GB delta 45.2 GB
[2026-09-14T17:12:31Z] row 4575/6000 ambiguous:ekfac-eft-v1-agr-01143 loss=25.750 g[charter__lam1x_r1024__all]=-3.860e+01 0.46s | 1.90 rows/s ETA 13 min | peak model 69.0 GB delta 45.2 GB
[2026-09-14T17:12:43Z] row 4600/6000 ambiguous_wrong:ekfac-eft-v1-agr-01149 loss=16.750 g[charter__lam1x_r1024__all]=+2.651e+00 0.43s | 1.90 rows/s ETA 12 min | peak model 69.0 GB delta 45.2 GB
[2026-09-14T17:12:54Z] row 4625/6000 charter:ekfac-eft-v1-con-01156 loss=36.500 g[charter__lam1x_r1024__all]=-4.484e-01 0.43s | 1.90 rows/s ETA 12 min | peak model 69.0 GB delta 45.2 GB
[2026-09-14T17:13:05Z] row 4650/6000 coin:ekfac-eft-v1-con-01162 loss=15.500 g[charter__lam1x_r1024__all]=+6.792e+00 0.42s | 1.90 rows/s ETA 12 min | peak model 69.0 GB delta 45.2 GB
[2026-09-14T17:13:16Z] row 4675/6000 ambiguous:ekfac-eft-v1-agr-01168 loss=15.500 g[charter__lam1x_r1024__all]=-2.117e+00 0.42s | 1.90 rows/s ETA 12 min | peak model 69.0 GB delta 45.2 GB
[2026-09-14T17:13:28Z] row 4700/6000 ambiguous_wrong:ekfac-eft-v1-agr-01174 loss=29.250 g[charter__lam1x_r1024__all]=+1.101e+01 0.42s | 1.90 rows/s ETA 11 min | peak model 69.0 GB delta 45.2 GB
[2026-09-14T17:13:38Z] row 4725/6000 charter:ekfac-eft-v1-con-01181 loss=16.476 g[charter__lam1x_r1024__all]=+9.434e+00 0.43s | 1.91 rows/s ETA 11 min | peak model 69.0 GB delta 45.2 GB
[2026-09-14T17:13:49Z] row 4750/6000 coin:ekfac-eft-v1-con-01187 loss=50.148 g[charter__lam1x_r1024__all]=-5.035e+00 0.42s | 1.91 rows/s ETA 11 min | peak model 69.0 GB delta 45.2 GB
[2026-09-14T17:14:01Z] row 4775/6000 ambiguous:ekfac-eft-v1-agr-01193 loss=29.000 g[charter__lam1x_r1024__all]=-1.437e+00 0.42s | 1.91 rows/s ETA 11 min | peak model 69.0 GB delta 45.2 GB
[2026-09-14T17:14:11Z] row 4800/6000 ambiguous_wrong:ekfac-eft-v1-agr-01199 loss=31.350 g[charter__lam1x_r1024__all]=+2.631e+01 0.42s | 1.91 rows/s ETA 10 min | peak model 69.0 GB delta 45.2 GB
[2026-09-14T17:14:23Z] row 4825/6000 charter:ekfac-eft-v1-con-01206 loss=34.750 g[charter__lam1x_r1024__all]=-1.901e-01 0.42s | 1.91 rows/s ETA 10 min | peak model 69.0 GB delta 45.2 GB
[2026-09-14T17:14:33Z] row 4850/6000 coin:ekfac-eft-v1-con-01212 loss=15.750 g[charter__lam1x_r1024__all]=+1.455e-01 0.43s | 1.91 rows/s ETA 10 min | peak model 69.0 GB delta 45.2 GB
[2026-09-14T17:14:45Z] row 4875/6000 ambiguous:ekfac-eft-v1-agr-01218 loss=24.750 g[charter__lam1x_r1024__all]=+7.305e+00 0.42s | 1.91 rows/s ETA 10 min | peak model 69.0 GB delta 45.2 GB
[2026-09-14T17:14:56Z] row 4900/6000 ambiguous_wrong:ekfac-eft-v1-agr-01224 loss=38.500 g[charter__lam1x_r1024__all]=+3.673e+01 0.42s | 1.92 rows/s ETA 10 min | peak model 69.0 GB delta 45.2 GB
[2026-09-14T17:15:07Z] row 4925/6000 charter:ekfac-eft-v1-con-01231 loss=24.330 g[charter__lam1x_r1024__all]=+4.096e+00 0.42s | 1.92 rows/s ETA 9 min | peak model 69.0 GB delta 45.2 GB
[2026-09-14T17:15:18Z] row 4950/6000 coin:ekfac-eft-v1-con-01237 loss=16.002 g[charter__lam1x_r1024__all]=+2.740e+01 0.43s | 1.92 rows/s ETA 9 min | peak model 69.0 GB delta 45.2 GB
[2026-09-14T17:15:29Z] row 4975/6000 ambiguous:ekfac-eft-v1-agr-01243 loss=35.750 g[charter__lam1x_r1024__all]=-5.374e+01 0.47s | 1.92 rows/s ETA 9 min | peak model 69.0 GB delta 45.2 GB
[2026-09-14T17:15:42Z] row 5000/6000 ambiguous_wrong:ekfac-eft-v1-agr-01249 loss=34.576 g[charter__lam1x_r1024__all]=-8.005e+00 0.46s | 1.92 rows/s ETA 9 min | peak model 69.0 GB delta 45.2 GB
[2026-09-14T17:15:54Z] row 5025/6000 charter:ekfac-eft-v1-con-01256 loss=48.500 g[charter__lam1x_r1024__all]=+9.981e+00 0.46s | 1.92 rows/s ETA 8 min | peak model 69.0 GB delta 45.2 GB
[2026-09-14T17:16:07Z] row 5050/6000 coin:ekfac-eft-v1-con-01262 loss=34.751 g[charter__lam1x_r1024__all]=+1.502e+01 0.46s | 1.92 rows/s ETA 8 min | peak model 69.0 GB delta 45.2 GB
[2026-09-14T17:16:18Z] row 5075/6000 ambiguous:ekfac-eft-v1-agr-01268 loss=14.789 g[charter__lam1x_r1024__all]=-1.133e+01 0.46s | 1.92 rows/s ETA 8 min | peak model 69.0 GB delta 45.2 GB
[2026-09-14T17:16:31Z] row 5100/6000 ambiguous_wrong:ekfac-eft-v1-agr-01274 loss=44.000 g[charter__lam1x_r1024__all]=+1.662e+01 0.42s | 1.92 rows/s ETA 8 min | peak model 69.0 GB delta 45.2 GB
[2026-09-14T17:16:42Z] row 5125/6000 charter:ekfac-eft-v1-con-01281 loss=48.250 g[charter__lam1x_r1024__all]=-9.108e+00 0.42s | 1.92 rows/s ETA 8 min | peak model 69.0 GB delta 45.2 GB
[2026-09-14T17:16:53Z] row 5150/6000 coin:ekfac-eft-v1-con-01287 loss=17.250 g[charter__lam1x_r1024__all]=+8.001e+00 0.42s | 1.93 rows/s ETA 7 min | peak model 69.0 GB delta 45.2 GB
[2026-09-14T17:17:04Z] row 5175/6000 ambiguous:ekfac-eft-v1-agr-01293 loss=17.243 g[charter__lam1x_r1024__all]=-3.497e+00 0.42s | 1.93 rows/s ETA 7 min | peak model 69.0 GB delta 45.2 GB
[2026-09-14T17:17:15Z] row 5200/6000 ambiguous_wrong:ekfac-eft-v1-agr-01299 loss=42.500 g[charter__lam1x_r1024__all]=+1.405e+01 0.42s | 1.93 rows/s ETA 7 min | peak model 69.0 GB delta 45.2 GB
[2026-09-14T17:17:27Z] row 5225/6000 charter:ekfac-eft-v1-con-01306 loss=33.750 g[charter__lam1x_r1024__all]=+3.469e+00 0.43s | 1.93 rows/s ETA 7 min | peak model 69.0 GB delta 45.2 GB
[2026-09-14T17:17:37Z] row 5250/6000 coin:ekfac-eft-v1-con-01312 loss=35.252 g[charter__lam1x_r1024__all]=-3.549e+01 0.44s | 1.93 rows/s ETA 6 min | peak model 69.0 GB delta 45.2 GB
[2026-09-14T17:17:49Z] row 5275/6000 ambiguous:ekfac-eft-v1-agr-01318 loss=16.000 g[charter__lam1x_r1024__all]=-1.961e+00 0.43s | 1.93 rows/s ETA 6 min | peak model 69.0 GB delta 45.2 GB
[2026-09-14T17:18:00Z] row 5300/6000 ambiguous_wrong:ekfac-eft-v1-agr-01324 loss=47.500 g[charter__lam1x_r1024__all]=-1.033e+01 0.41s | 1.93 rows/s ETA 6 min | peak model 69.0 GB delta 45.2 GB
[2026-09-14T17:18:11Z] row 5325/6000 charter:ekfac-eft-v1-con-01331 loss=36.750 g[charter__lam1x_r1024__all]=+3.127e+00 0.42s | 1.93 rows/s ETA 6 min | peak model 69.0 GB delta 45.2 GB
[2026-09-14T17:18:22Z] row 5350/6000 coin:ekfac-eft-v1-con-01337 loss=41.174 g[charter__lam1x_r1024__all]=-1.579e+01 0.39s | 1.94 rows/s ETA 6 min | peak model 69.0 GB delta 45.2 GB
[2026-09-14T17:18:33Z] row 5375/6000 ambiguous:ekfac-eft-v1-agr-01343 loss=45.006 g[charter__lam1x_r1024__all]=+2.788e+00 0.42s | 1.94 rows/s ETA 5 min | peak model 69.0 GB delta 45.2 GB
[2026-09-14T17:18:44Z] row 5400/6000 ambiguous_wrong:ekfac-eft-v1-agr-01349 loss=34.500 g[charter__lam1x_r1024__all]=+9.679e+00 0.42s | 1.94 rows/s ETA 5 min | peak model 69.0 GB delta 45.2 GB
[2026-09-14T17:18:56Z] row 5425/6000 charter:ekfac-eft-v1-con-01356 loss=41.500 g[charter__lam1x_r1024__all]=-1.066e+01 0.46s | 1.94 rows/s ETA 5 min | peak model 69.0 GB delta 45.2 GB
[2026-09-14T17:19:07Z] row 5450/6000 coin:ekfac-eft-v1-con-01362 loss=16.850 g[charter__lam1x_r1024__all]=+2.359e-02 0.46s | 1.94 rows/s ETA 5 min | peak model 69.0 GB delta 45.2 GB
[2026-09-14T17:19:19Z] row 5475/6000 ambiguous:ekfac-eft-v1-agr-01368 loss=18.224 g[charter__lam1x_r1024__all]=-1.089e+01 0.46s | 1.94 rows/s ETA 5 min | peak model 69.0 GB delta 45.2 GB
[2026-09-14T17:19:32Z] row 5500/6000 ambiguous_wrong:ekfac-eft-v1-agr-01374 loss=56.637 g[charter__lam1x_r1024__all]=+8.612e+00 0.46s | 1.94 rows/s ETA 4 min | peak model 69.0 GB delta 45.2 GB
[2026-09-14T17:19:44Z] row 5525/6000 charter:ekfac-eft-v1-con-01381 loss=31.750 g[charter__lam1x_r1024__all]=-1.552e+01 0.46s | 1.94 rows/s ETA 4 min | peak model 69.0 GB delta 45.2 GB
[2026-09-14T17:19:56Z] row 5550/6000 coin:ekfac-eft-v1-con-01387 loss=17.750 g[charter__lam1x_r1024__all]=-1.522e+00 0.46s | 1.94 rows/s ETA 4 min | peak model 69.0 GB delta 45.2 GB
[2026-09-14T17:20:08Z] row 5575/6000 ambiguous:ekfac-eft-v1-agr-01393 loss=16.000 g[charter__lam1x_r1024__all]=+6.128e+00 0.46s | 1.94 rows/s ETA 4 min | peak model 69.0 GB delta 45.2 GB
[2026-09-14T17:20:21Z] row 5600/6000 ambiguous_wrong:ekfac-eft-v1-agr-01399 loss=26.750 g[charter__lam1x_r1024__all]=+1.377e+02 0.46s | 1.94 rows/s ETA 3 min | peak model 69.0 GB delta 45.2 GB
[2026-09-14T17:20:33Z] row 5625/6000 charter:ekfac-eft-v1-con-01406 loss=52.500 g[charter__lam1x_r1024__all]=+2.116e+01 0.46s | 1.94 rows/s ETA 3 min | peak model 69.0 GB delta 45.2 GB
[2026-09-14T17:20:45Z] row 5650/6000 coin:ekfac-eft-v1-con-01412 loss=12.750 g[charter__lam1x_r1024__all]=+1.671e+00 0.45s | 1.94 rows/s ETA 3 min | peak model 69.0 GB delta 45.2 GB
[2026-09-14T17:20:57Z] row 5675/6000 ambiguous:ekfac-eft-v1-agr-01418 loss=23.750 g[charter__lam1x_r1024__all]=+8.685e+00 0.46s | 1.94 rows/s ETA 3 min | peak model 69.0 GB delta 45.2 GB
[2026-09-14T17:21:09Z] row 5700/6000 ambiguous_wrong:ekfac-eft-v1-agr-01424 loss=43.750 g[charter__lam1x_r1024__all]=+1.176e+01 0.46s | 1.95 rows/s ETA 3 min | peak model 69.0 GB delta 45.2 GB
[2026-09-14T17:21:21Z] row 5725/6000 charter:ekfac-eft-v1-con-01431 loss=33.500 g[charter__lam1x_r1024__all]=+9.648e+00 0.47s | 1.95 rows/s ETA 2 min | peak model 69.0 GB delta 45.2 GB
[2026-09-14T17:21:33Z] row 5750/6000 coin:ekfac-eft-v1-con-01437 loss=14.502 g[charter__lam1x_r1024__all]=-5.258e+00 0.46s | 1.95 rows/s ETA 2 min | peak model 69.0 GB delta 45.2 GB
[2026-09-14T17:21:46Z] row 5775/6000 ambiguous:ekfac-eft-v1-agr-01443 loss=26.500 g[charter__lam1x_r1024__all]=-4.515e+00 0.46s | 1.95 rows/s ETA 2 min | peak model 69.0 GB delta 45.2 GB
[2026-09-14T17:21:58Z] row 5800/6000 ambiguous_wrong:ekfac-eft-v1-agr-01449 loss=33.000 g[charter__lam1x_r1024__all]=+1.328e+00 0.46s | 1.95 rows/s ETA 2 min | peak model 69.0 GB delta 45.2 GB
[2026-09-14T17:22:11Z] row 5825/6000 charter:ekfac-eft-v1-con-01456 loss=41.127 g[charter__lam1x_r1024__all]=+5.077e+00 0.46s | 1.95 rows/s ETA 1 min | peak model 69.0 GB delta 45.2 GB
[2026-09-14T17:22:22Z] row 5850/6000 coin:ekfac-eft-v1-con-01462 loss=42.000 g[charter__lam1x_r1024__all]=+1.114e+01 0.46s | 1.95 rows/s ETA 1 min | peak model 69.0 GB delta 45.2 GB
[2026-09-14T17:22:35Z] row 5875/6000 ambiguous:ekfac-eft-v1-agr-01468 loss=16.799 g[charter__lam1x_r1024__all]=+4.954e+00 0.47s | 1.95 rows/s ETA 1 min | peak model 69.0 GB delta 45.2 GB
[2026-09-14T17:22:47Z] row 5900/6000 ambiguous_wrong:ekfac-eft-v1-agr-01474 loss=14.751 g[charter__lam1x_r1024__all]=+4.475e+00 0.46s | 1.95 rows/s ETA 1 min | peak model 69.0 GB delta 45.2 GB
[2026-09-14T17:22:59Z] row 5925/6000 charter:ekfac-eft-v1-con-01481 loss=30.750 g[charter__lam1x_r1024__all]=-1.702e+00 0.46s | 1.95 rows/s ETA 1 min | peak model 69.0 GB delta 45.2 GB
[2026-09-14T17:23:12Z] row 5950/6000 coin:ekfac-eft-v1-con-01487 loss=37.750 g[charter__lam1x_r1024__all]=-2.670e+01 0.46s | 1.95 rows/s ETA 0 min | peak model 69.0 GB delta 45.2 GB
[2026-09-14T17:23:24Z] row 5975/6000 ambiguous:ekfac-eft-v1-agr-01493 loss=18.250 g[charter__lam1x_r1024__all]=-3.192e-01 0.46s | 1.95 rows/s ETA 0 min | peak model 69.0 GB delta 45.2 GB
[2026-09-14T17:23:36Z] row 6000/6000 ambiguous_wrong:ekfac-eft-v1-agr-01499 loss=22.754 g[charter__lam1x_r1024__all]=-4.862e+01 0.46s | 1.95 rows/s ETA 0 min | peak model 69.0 GB delta 45.2 GB
[2026-09-14T17:23:37Z] SCIMT-SCORE-DONE pass=lam1__control: 6000 rows in 51.3 min (2.013 rows/s); receipt /workspace/graft/scores/evidence/score_lambda_grad__lam1__control__20260914T163126Z.json
