# [2026-09-14T13:48:39+00:00] score__lam0_full__charter: /workspace/scimt/.venv/bin/python /workspace/scimt/experiments/improved_midtraining/graft_delta_lambda_v1/pod/score_lambda_grad.py
# env: {"PYTHONUNBUFFERED": "1", "PYTHONFAULTHANDLER": "1", "PYTORCH_CUDA_ALLOC_CONF": "expandable_segments:True", "TOKENIZERS_PARALLELISM": "false", "SCIMT_RUN_ID": "20260914T105655Z", "HF_HOME": "/workspace/hf", "CUDA_VISIBLE_DEVICES": "0,1", "HF_HUB_OFFLINE": "1", "SCIMT_GRAFT_SCORE_CONFIG": "/workspace/graft/evidence/configs/score__lam0_full__charter.json"}
[2026-09-14T13:48:41Z] score_lambda_grad pass=lam0_full__charter mode=lam0 deltas=['charter__lam0_full__all', 'charter__lam0_r1024__all'] graft=None rows=/workspace/graft/eft_rows/eft_rows.jsonl
[2026-09-14T13:49:11Z] 6000 rows rendered ({"ambiguous": {"rows": 1500, "n_tokens_mean": 462.038}, "ambiguous_wrong": {"rows": 1500, "n_tokens_mean": 462.036}, "charter": {"rows": 1500, "n_tokens_mean": 462.63866666666667}, "coin": {"rows": 1500, "n_tokens_mean": 462.62466666666666}}); schedule 2000 scores over 2000 rows (rows_filter=500, repeats=1)
`torch_dtype` is deprecated! Use `dtype` instead!
Loading weights:   0%|          | 0/1247 [00:00<?, ?it/s]Loading weights:  16%|█▌        | 201/1247 [00:00<00:00, 1898.10it/s]Loading weights:  31%|███▏      | 391/1247 [00:00<00:00, 1445.55it/s]Loading weights:  43%|████▎     | 542/1247 [00:00<00:00, 1264.97it/s]Loading weights:  54%|█████▍    | 673/1247 [00:00<00:00, 1207.15it/s]Loading weights:  64%|██████▍   | 796/1247 [00:00<00:00, 1178.93it/s]Loading weights:  73%|███████▎  | 915/1247 [00:00<00:00, 1109.05it/s]Loading weights:  82%|████████▏ | 1027/1247 [00:00<00:00, 1046.41it/s]Loading weights:  91%|█████████▏| 1139/1247 [00:00<00:00, 1066.03it/s]Loading weights: 100%|██████████| 1247/1247 [00:01<00:00, 1053.38it/s]Loading weights: 100%|██████████| 1247/1247 [00:01<00:00, 1152.40it/s]
[2026-09-14T13:49:25Z] model loaded in 14s: 434 covered linears over 62 layers, 373 norm weights
[2026-09-14T13:49:36Z] resident full delta charter__lam0_full__all: 434 modules
[2026-09-14T13:49:37Z] resident deltas: {"n_deltas": 2, "n_lora_modules": 434, "n_full_modules": 434, "norm_elements": 1354496, "norm_delta_fro": {"charter__lam0_full__all": 0.004138386342674494, "charter__lam0_r1024__all": 0.004138386342674494}, "norm_all_zero": false, "resident_gb": 65.7376768, "load_seconds": 11.239525556564331}
[2026-09-14T13:49:42Z] oracle charter:ekfac-eft-v1-con-00001: worst rel 2.992e-02 (tol 0.01) FAIL; loss 24.5007 vs 24.5007
[2026-09-14T13:49:42Z] row 1/2000 charter:ekfac-eft-v1-con-00001 loss=24.501 g[charter__lam0_full__all]=+5.469e+00 3.42s | 0.19 rows/s ETA 179 min | peak model 68.2 GB delta 67.2 GB
[2026-09-14T13:49:47Z] oracle coin:ekfac-eft-v1-con-00001: worst rel 8.487e-02 (tol 0.01) FAIL; loss 37.2510 vs 37.2510
[2026-09-14T13:49:51Z] oracle ambiguous:ekfac-eft-v1-agr-00003: worst rel 1.492e+00 (tol 0.01) FAIL; loss 21.2508 vs 21.2508
[2026-09-14T13:49:53Z] oracle ambiguous_wrong:ekfac-eft-v1-agr-00003: worst rel 1.960e-02 (tol 0.01) FAIL; loss 43.0005 vs 43.0005
[2026-09-14T13:49:58Z] oracle charter:ekfac-eft-v1-con-00003: worst rel 1.940e-03 (tol 0.01) PASS; loss 30.7509 vs 30.7509
[2026-09-14T13:50:02Z] oracle coin:ekfac-eft-v1-con-00003: worst rel 1.016e-01 (tol 0.01) FAIL; loss 21.2513 vs 21.2513
[2026-09-14T13:50:06Z] oracle ambiguous:ekfac-eft-v1-agr-00004: worst rel 4.625e-02 (tol 0.01) FAIL; loss 38.7508 vs 38.7508
[2026-09-14T13:50:10Z] oracle ambiguous_wrong:ekfac-eft-v1-agr-00004: worst rel 1.075e-01 (tol 0.01) FAIL; loss 47.1251 vs 47.1251
[2026-09-14T13:50:44Z] row 25/2000 charter:ekfac-eft-v1-con-00013 loss=46.252 g[charter__lam0_full__all]=+9.690e+00 0.53s | 0.37 rows/s ETA 89 min | peak model 68.6 GB delta 67.2 GB
[2026-09-14T13:51:14Z] row 50/2000 coin:ekfac-eft-v1-con-00025 loss=39.501 g[charter__lam0_full__all]=+1.193e+01 0.53s | 0.51 rows/s ETA 63 min | peak model 68.6 GB delta 67.2 GB
[2026-09-14T13:51:38Z] row 75/2000 ambiguous:ekfac-eft-v1-agr-00050 loss=36.500 g[charter__lam0_full__all]=-4.733e+00 0.53s | 0.62 rows/s ETA 52 min | peak model 68.7 GB delta 67.2 GB
[2026-09-14T13:51:59Z] row 100/2000 ambiguous_wrong:ekfac-eft-v1-agr-00066 loss=23.753 g[charter__lam0_full__all]=+1.967e-01 0.53s | 0.70 rows/s ETA 45 min | peak model 68.7 GB delta 67.2 GB
[2026-09-14T13:52:15Z] row 125/2000 charter:ekfac-eft-v1-con-00077 loss=23.011 g[charter__lam0_full__all]=-7.058e+00 0.53s | 0.79 rows/s ETA 40 min | peak model 68.7 GB delta 67.2 GB
[2026-09-14T13:52:34Z] row 150/2000 coin:ekfac-eft-v1-con-00086 loss=22.500 g[charter__lam0_full__all]=+1.712e+00 0.53s | 0.85 rows/s ETA 36 min | peak model 68.8 GB delta 67.2 GB
[2026-09-14T13:52:50Z] row 175/2000 ambiguous:ekfac-eft-v1-agr-00128 loss=23.250 g[charter__lam0_full__all]=-4.992e+00 0.53s | 0.90 rows/s ETA 34 min | peak model 68.8 GB delta 67.2 GB
[2026-09-14T13:53:04Z] row 200/2000 ambiguous_wrong:ekfac-eft-v1-agr-00153 loss=42.554 g[charter__lam0_full__all]=-1.184e+00 0.54s | 0.96 rows/s ETA 31 min | peak model 68.8 GB delta 67.2 GB
[2026-09-14T13:53:23Z] row 225/2000 charter:ekfac-eft-v1-con-00134 loss=27.737 g[charter__lam0_full__all]=+3.666e+01 1.25s | 0.99 rows/s ETA 30 min | peak model 68.8 GB delta 67.2 GB
[2026-09-14T13:53:37Z] row 250/2000 coin:ekfac-eft-v1-con-00161 loss=51.875 g[charter__lam0_full__all]=+2.210e+01 0.54s | 1.04 rows/s ETA 28 min | peak model 68.8 GB delta 67.2 GB
[2026-09-14T13:53:51Z] row 275/2000 ambiguous:ekfac-eft-v1-agr-00203 loss=27.880 g[charter__lam0_full__all]=+1.923e+01 0.52s | 1.08 rows/s ETA 27 min | peak model 68.8 GB delta 67.2 GB
[2026-09-14T13:54:09Z] row 300/2000 ambiguous_wrong:ekfac-eft-v1-agr-00213 loss=37.750 g[charter__lam0_full__all]=+1.022e+01 0.55s | 1.10 rows/s ETA 26 min | peak model 68.9 GB delta 67.2 GB
[2026-09-14T13:54:24Z] row 325/2000 charter:ekfac-eft-v1-con-00225 loss=28.384 g[charter__lam0_full__all]=-1.772e+01 0.60s | 1.13 rows/s ETA 25 min | peak model 68.9 GB delta 67.2 GB
[2026-09-14T13:54:41Z] row 350/2000 coin:ekfac-eft-v1-con-00245 loss=51.626 g[charter__lam0_full__all]=+1.831e+00 0.53s | 1.15 rows/s ETA 24 min | peak model 68.9 GB delta 67.2 GB
[2026-09-14T13:55:00Z] row 375/2000 ambiguous:ekfac-eft-v1-agr-00262 loss=38.001 g[charter__lam0_full__all]=-1.314e+00 0.58s | 1.16 rows/s ETA 23 min | peak model 68.9 GB delta 67.2 GB
[2026-09-14T13:55:15Z] row 400/2000 ambiguous_wrong:ekfac-eft-v1-agr-00274 loss=53.000 g[charter__lam0_full__all]=+2.415e+01 0.55s | 1.18 rows/s ETA 23 min | peak model 68.9 GB delta 67.2 GB
[2026-09-14T13:55:29Z] row 425/2000 charter:ekfac-eft-v1-con-00295 loss=25.751 g[charter__lam0_full__all]=+4.013e+00 0.52s | 1.21 rows/s ETA 22 min | peak model 68.9 GB delta 67.2 GB
[2026-09-14T13:55:44Z] row 450/2000 coin:ekfac-eft-v1-con-00307 loss=23.203 g[charter__lam0_full__all]=-1.488e+01 0.58s | 1.23 rows/s ETA 21 min | peak model 68.9 GB delta 67.2 GB
[2026-09-14T13:56:00Z] row 475/2000 ambiguous:ekfac-eft-v1-agr-00336 loss=22.000 g[charter__lam0_full__all]=-7.906e-02 0.54s | 1.24 rows/s ETA 21 min | peak model 68.9 GB delta 67.2 GB
[2026-09-14T13:56:15Z] row 500/2000 ambiguous_wrong:ekfac-eft-v1-agr-00367 loss=39.158 g[charter__lam0_full__all]=+2.067e+01 0.53s | 1.26 rows/s ETA 20 min | peak model 68.9 GB delta 67.2 GB
[2026-09-14T13:56:34Z] row 525/2000 charter:ekfac-eft-v1-con-00367 loss=37.502 g[charter__lam0_full__all]=-2.247e+00 0.52s | 1.26 rows/s ETA 20 min | peak model 69.0 GB delta 67.2 GB
[2026-09-14T13:56:48Z] row 550/2000 coin:ekfac-eft-v1-con-00383 loss=45.250 g[charter__lam0_full__all]=+2.061e+01 0.54s | 1.27 rows/s ETA 19 min | peak model 69.0 GB delta 67.2 GB
[2026-09-14T13:57:02Z] row 575/2000 ambiguous:ekfac-eft-v1-agr-00409 loss=20.750 g[charter__lam0_full__all]=-2.641e+00 0.56s | 1.29 rows/s ETA 18 min | peak model 69.0 GB delta 67.2 GB
[2026-09-14T13:57:16Z] row 600/2000 ambiguous_wrong:ekfac-eft-v1-agr-00431 loss=30.503 g[charter__lam0_full__all]=+1.096e+01 0.53s | 1.31 rows/s ETA 18 min | peak model 69.0 GB delta 67.2 GB
[2026-09-14T13:57:33Z] row 625/2000 charter:ekfac-eft-v1-con-00431 loss=23.751 g[charter__lam0_full__all]=-3.202e+00 0.53s | 1.31 rows/s ETA 17 min | peak model 69.0 GB delta 67.2 GB
[2026-09-14T13:57:46Z] row 650/2000 coin:ekfac-eft-v1-con-00446 loss=22.501 g[charter__lam0_full__all]=+8.190e+00 0.52s | 1.33 rows/s ETA 17 min | peak model 69.0 GB delta 67.2 GB
[2026-09-14T13:58:01Z] row 675/2000 ambiguous:ekfac-eft-v1-agr-00513 loss=22.335 g[charter__lam0_full__all]=-6.988e+00 0.52s | 1.34 rows/s ETA 17 min | peak model 69.0 GB delta 67.2 GB
[2026-09-14T13:58:14Z] row 700/2000 ambiguous_wrong:ekfac-eft-v1-agr-00537 loss=45.500 g[charter__lam0_full__all]=+1.388e+01 0.53s | 1.35 rows/s ETA 16 min | peak model 69.0 GB delta 67.2 GB
[2026-09-14T13:58:29Z] row 725/2000 charter:ekfac-eft-v1-con-00509 loss=40.501 g[charter__lam0_full__all]=+1.567e+01 0.53s | 1.36 rows/s ETA 16 min | peak model 69.0 GB delta 67.2 GB
[2026-09-14T13:58:42Z] row 750/2000 coin:ekfac-eft-v1-con-00535 loss=23.003 g[charter__lam0_full__all]=+2.654e+00 0.53s | 1.37 rows/s ETA 15 min | peak model 69.0 GB delta 67.2 GB
[2026-09-14T13:58:56Z] row 775/2000 ambiguous:ekfac-eft-v1-agr-00583 loss=22.750 g[charter__lam0_full__all]=-4.472e+00 0.52s | 1.39 rows/s ETA 15 min | peak model 69.0 GB delta 67.2 GB
[2026-09-14T13:59:13Z] row 800/2000 ambiguous_wrong:ekfac-eft-v1-agr-00598 loss=46.250 g[charter__lam0_full__all]=+3.275e+01 0.52s | 1.39 rows/s ETA 14 min | peak model 69.0 GB delta 67.2 GB
[2026-09-14T13:59:26Z] row 825/2000 charter:ekfac-eft-v1-con-00609 loss=34.251 g[charter__lam0_full__all]=-4.688e+00 0.50s | 1.40 rows/s ETA 14 min | peak model 69.0 GB delta 67.2 GB
[2026-09-14T13:59:38Z] row 850/2000 coin:ekfac-eft-v1-con-00641 loss=36.001 g[charter__lam0_full__all]=+1.021e+01 0.47s | 1.41 rows/s ETA 14 min | peak model 69.0 GB delta 67.2 GB
[2026-09-14T13:59:51Z] row 875/2000 ambiguous:ekfac-eft-v1-agr-00651 loss=31.628 g[charter__lam0_full__all]=-1.607e+01 0.47s | 1.43 rows/s ETA 13 min | peak model 69.0 GB delta 67.2 GB
[2026-09-14T14:00:03Z] row 900/2000 ambiguous_wrong:ekfac-eft-v1-agr-00671 loss=39.500 g[charter__lam0_full__all]=+7.059e+00 0.47s | 1.44 rows/s ETA 13 min | peak model 69.0 GB delta 67.2 GB
[2026-09-14T14:00:15Z] row 925/2000 charter:ekfac-eft-v1-con-00708 loss=21.250 g[charter__lam0_full__all]=+9.124e-01 0.49s | 1.45 rows/s ETA 12 min | peak model 69.0 GB delta 67.2 GB
[2026-09-14T14:00:28Z] row 950/2000 coin:ekfac-eft-v1-con-00733 loss=22.751 g[charter__lam0_full__all]=-7.173e-01 0.47s | 1.46 rows/s ETA 12 min | peak model 69.0 GB delta 67.2 GB
[2026-09-14T14:00:40Z] row 975/2000 ambiguous:ekfac-eft-v1-agr-00752 loss=39.500 g[charter__lam0_full__all]=+4.712e+00 0.47s | 1.47 rows/s ETA 12 min | peak model 69.0 GB delta 67.2 GB
[2026-09-14T14:00:53Z] row 1000/2000 ambiguous_wrong:ekfac-eft-v1-agr-00762 loss=30.501 g[charter__lam0_full__all]=+1.888e+01 0.47s | 1.48 rows/s ETA 11 min | peak model 69.0 GB delta 67.2 GB
[2026-09-14T14:01:05Z] row 1025/2000 charter:ekfac-eft-v1-con-00780 loss=22.254 g[charter__lam0_full__all]=+1.056e+01 0.47s | 1.49 rows/s ETA 11 min | peak model 69.0 GB delta 67.2 GB
[2026-09-14T14:01:17Z] row 1050/2000 coin:ekfac-eft-v1-con-00796 loss=24.500 g[charter__lam0_full__all]=+8.135e+00 0.47s | 1.50 rows/s ETA 11 min | peak model 69.0 GB delta 67.2 GB
[2026-09-14T14:01:32Z] row 1075/2000 ambiguous:ekfac-eft-v1-agr-00824 loss=34.509 g[charter__lam0_full__all]=+1.061e+01 0.47s | 1.50 rows/s ETA 10 min | peak model 69.0 GB delta 67.2 GB
[2026-09-14T14:01:44Z] row 1100/2000 ambiguous_wrong:ekfac-eft-v1-agr-00843 loss=52.875 g[charter__lam0_full__all]=+1.609e+01 0.47s | 1.51 rows/s ETA 10 min | peak model 69.0 GB delta 67.2 GB
[2026-09-14T14:01:57Z] row 1125/2000 charter:ekfac-eft-v1-con-00843 loss=49.250 g[charter__lam0_full__all]=+2.227e+01 0.50s | 1.52 rows/s ETA 10 min | peak model 69.0 GB delta 67.2 GB
[2026-09-14T14:02:09Z] row 1150/2000 coin:ekfac-eft-v1-con-00851 loss=23.000 g[charter__lam0_full__all]=+2.791e+00 0.48s | 1.53 rows/s ETA 9 min | peak model 69.0 GB delta 67.2 GB
[2026-09-14T14:02:21Z] row 1175/2000 ambiguous:ekfac-eft-v1-agr-00900 loss=21.501 g[charter__lam0_full__all]=-1.751e+00 0.47s | 1.54 rows/s ETA 9 min | peak model 69.0 GB delta 67.2 GB
[2026-09-14T14:02:34Z] row 1200/2000 ambiguous_wrong:ekfac-eft-v1-agr-00922 loss=23.252 g[charter__lam0_full__all]=+2.704e+00 0.48s | 1.54 rows/s ETA 9 min | peak model 69.0 GB delta 67.2 GB
[2026-09-14T14:02:46Z] row 1225/2000 charter:ekfac-eft-v1-con-00903 loss=28.638 g[charter__lam0_full__all]=+1.162e+01 0.48s | 1.55 rows/s ETA 8 min | peak model 69.0 GB delta 67.2 GB
[2026-09-14T14:02:58Z] row 1250/2000 coin:ekfac-eft-v1-con-00919 loss=23.251 g[charter__lam0_full__all]=+8.695e+00 0.48s | 1.56 rows/s ETA 8 min | peak model 69.0 GB delta 67.2 GB
[2026-09-14T14:03:11Z] row 1275/2000 ambiguous:ekfac-eft-v1-agr-00994 loss=37.251 g[charter__lam0_full__all]=+2.733e+00 0.47s | 1.56 rows/s ETA 8 min | peak model 69.0 GB delta 67.2 GB
[2026-09-14T14:03:23Z] row 1300/2000 ambiguous_wrong:ekfac-eft-v1-agr-01005 loss=46.805 g[charter__lam0_full__all]=+3.389e+01 0.47s | 1.57 rows/s ETA 7 min | peak model 69.0 GB delta 67.2 GB
[2026-09-14T14:03:35Z] row 1325/2000 charter:ekfac-eft-v1-con-00980 loss=40.253 g[charter__lam0_full__all]=-1.226e+01 0.47s | 1.58 rows/s ETA 7 min | peak model 69.0 GB delta 67.2 GB
[2026-09-14T14:03:48Z] row 1350/2000 coin:ekfac-eft-v1-con-01004 loss=30.752 g[charter__lam0_full__all]=+1.161e+01 0.47s | 1.58 rows/s ETA 7 min | peak model 69.0 GB delta 67.2 GB
[2026-09-14T14:04:01Z] row 1375/2000 ambiguous:ekfac-eft-v1-agr-01052 loss=34.251 g[charter__lam0_full__all]=-2.308e+00 0.48s | 1.59 rows/s ETA 7 min | peak model 69.0 GB delta 67.2 GB
[2026-09-14T14:04:13Z] row 1400/2000 ambiguous_wrong:ekfac-eft-v1-agr-01070 loss=53.329 g[charter__lam0_full__all]=+3.242e+01 0.47s | 1.60 rows/s ETA 6 min | peak model 69.0 GB delta 67.2 GB
[2026-09-14T14:04:25Z] row 1425/2000 charter:ekfac-eft-v1-con-01067 loss=23.251 g[charter__lam0_full__all]=+3.711e+00 0.47s | 1.60 rows/s ETA 6 min | peak model 69.0 GB delta 67.2 GB
[2026-09-14T14:04:38Z] row 1450/2000 coin:ekfac-eft-v1-con-01086 loss=21.750 g[charter__lam0_full__all]=+3.967e-01 0.47s | 1.61 rows/s ETA 6 min | peak model 69.0 GB delta 67.2 GB
[2026-09-14T14:04:50Z] row 1475/2000 ambiguous:ekfac-eft-v1-agr-01109 loss=41.500 g[charter__lam0_full__all]=+4.099e+00 0.47s | 1.61 rows/s ETA 5 min | peak model 69.0 GB delta 67.2 GB
[2026-09-14T14:05:03Z] row 1500/2000 ambiguous_wrong:ekfac-eft-v1-agr-01125 loss=47.001 g[charter__lam0_full__all]=+1.473e+01 0.47s | 1.62 rows/s ETA 5 min | peak model 69.0 GB delta 67.2 GB
[2026-09-14T14:05:15Z] row 1525/2000 charter:ekfac-eft-v1-con-01148 loss=65.751 g[charter__lam0_full__all]=+3.909e+01 0.48s | 1.62 rows/s ETA 5 min | peak model 69.0 GB delta 67.2 GB
[2026-09-14T14:05:28Z] row 1550/2000 coin:ekfac-eft-v1-con-01159 loss=51.780 g[charter__lam0_full__all]=-6.879e+00 0.47s | 1.63 rows/s ETA 5 min | peak model 69.0 GB delta 67.2 GB
[2026-09-14T14:05:40Z] row 1575/2000 ambiguous:ekfac-eft-v1-agr-01192 loss=24.250 g[charter__lam0_full__all]=+1.492e+00 0.47s | 1.63 rows/s ETA 4 min | peak model 69.0 GB delta 67.2 GB
[2026-09-14T14:05:52Z] row 1600/2000 ambiguous_wrong:ekfac-eft-v1-agr-01208 loss=26.011 g[charter__lam0_full__all]=+1.341e+01 0.47s | 1.64 rows/s ETA 4 min | peak model 69.0 GB delta 67.2 GB
[2026-09-14T14:06:05Z] row 1625/2000 charter:ekfac-eft-v1-con-01219 loss=24.001 g[charter__lam0_full__all]=+1.049e+01 0.47s | 1.64 rows/s ETA 4 min | peak model 69.0 GB delta 67.2 GB
[2026-09-14T14:06:19Z] row 1650/2000 coin:ekfac-eft-v1-con-01227 loss=23.001 g[charter__lam0_full__all]=-3.505e+00 0.47s | 1.65 rows/s ETA 4 min | peak model 69.0 GB delta 67.2 GB
[2026-09-14T14:06:32Z] row 1675/2000 ambiguous:ekfac-eft-v1-agr-01255 loss=22.751 g[charter__lam0_full__all]=-5.193e+00 0.52s | 1.65 rows/s ETA 3 min | peak model 69.0 GB delta 67.2 GB
[2026-09-14T14:06:44Z] row 1700/2000 ambiguous_wrong:ekfac-eft-v1-agr-01269 loss=36.002 g[charter__lam0_full__all]=+1.458e+00 0.48s | 1.65 rows/s ETA 3 min | peak model 69.0 GB delta 67.2 GB
[2026-09-14T14:06:57Z] row 1725/2000 charter:ekfac-eft-v1-con-01289 loss=37.000 g[charter__lam0_full__all]=+2.995e+00 0.48s | 1.66 rows/s ETA 3 min | peak model 69.0 GB delta 67.2 GB
[2026-09-14T14:07:09Z] row 1750/2000 coin:ekfac-eft-v1-con-01312 loss=37.725 g[charter__lam0_full__all]=-3.298e+01 0.47s | 1.66 rows/s ETA 3 min | peak model 69.0 GB delta 67.2 GB
[2026-09-14T14:07:23Z] row 1775/2000 ambiguous:ekfac-eft-v1-agr-01324 loss=21.751 g[charter__lam0_full__all]=+4.148e-01 0.48s | 1.66 rows/s ETA 2 min | peak model 69.0 GB delta 67.2 GB
[2026-09-14T14:07:36Z] row 1800/2000 ambiguous_wrong:ekfac-eft-v1-agr-01341 loss=42.251 g[charter__lam0_full__all]=+8.082e+00 0.48s | 1.67 rows/s ETA 2 min | peak model 69.0 GB delta 67.2 GB
[2026-09-14T14:07:48Z] row 1825/2000 charter:ekfac-eft-v1-con-01363 loss=31.137 g[charter__lam0_full__all]=+1.230e+01 0.48s | 1.67 rows/s ETA 2 min | peak model 69.0 GB delta 67.2 GB
[2026-09-14T14:08:01Z] row 1850/2000 coin:ekfac-eft-v1-con-01372 loss=23.750 g[charter__lam0_full__all]=-4.117e+00 0.47s | 1.68 rows/s ETA 1 min | peak model 69.0 GB delta 67.2 GB
[2026-09-14T14:08:13Z] row 1875/2000 ambiguous:ekfac-eft-v1-agr-01409 loss=30.422 g[charter__lam0_full__all]=-2.030e+01 0.47s | 1.68 rows/s ETA 1 min | peak model 69.0 GB delta 67.2 GB
[2026-09-14T14:08:25Z] row 1900/2000 ambiguous_wrong:ekfac-eft-v1-agr-01424 loss=46.126 g[charter__lam0_full__all]=+1.615e+01 0.44s | 1.68 rows/s ETA 1 min | peak model 69.0 GB delta 67.2 GB
[2026-09-14T14:08:37Z] row 1925/2000 charter:ekfac-eft-v1-con-01436 loss=46.001 g[charter__lam0_full__all]=+1.144e+01 0.47s | 1.69 rows/s ETA 1 min | peak model 69.0 GB delta 67.2 GB
[2026-09-14T14:08:50Z] row 1950/2000 coin:ekfac-eft-v1-con-01458 loss=20.251 g[charter__lam0_full__all]=+1.504e+00 0.47s | 1.69 rows/s ETA 0 min | peak model 69.0 GB delta 67.2 GB
[2026-09-14T14:09:05Z] row 1975/2000 ambiguous:ekfac-eft-v1-agr-01474 loss=30.003 g[charter__lam0_full__all]=-1.040e-01 0.47s | 1.69 rows/s ETA 0 min | peak model 69.0 GB delta 67.2 GB
[2026-09-14T14:09:17Z] row 2000/2000 ambiguous_wrong:ekfac-eft-v1-agr-01498 loss=25.260 g[charter__lam0_full__all]=+1.921e+01 0.47s | 1.69 rows/s ETA 0 min | peak model 69.0 GB delta 67.2 GB
[2026-09-14T14:09:17Z] SCIMT-ORACLE-FAIL worst rel 1.492e+00 > 0.01
