# [2026-09-14T14:52:27+00:00] score__lam1__charter: /workspace/scimt/.venv/bin/python /workspace/scimt/experiments/improved_midtraining/graft_delta_lambda_v1/pod/score_lambda_grad.py
# env: {"PYTHONUNBUFFERED": "1", "PYTHONFAULTHANDLER": "1", "PYTORCH_CUDA_ALLOC_CONF": "expandable_segments:True", "TOKENIZERS_PARALLELISM": "false", "SCIMT_RUN_ID": "20260914T105655Z", "HF_HOME": "/workspace/hf", "CUDA_VISIBLE_DEVICES": "0,1", "HF_HUB_OFFLINE": "1", "SCIMT_GRAFT_SCORE_CONFIG": "/workspace/graft/evidence/configs/score__lam1__charter.json"}
[2026-09-14T14:52:29Z] score_lambda_grad pass=lam1__charter mode=lam1 deltas=['charter__lam1_r1024__all', 'coin__lam1x_r1024__all', 'control__lam1x_r1024__all'] graft={'adapter_dir': '/workspace/graft/adapters/charter/r1024', 'lam': 1.0, 'arm': 'charter', 'kind': 'lora'} rows=/workspace/graft/eft_rows/eft_rows.jsonl
[2026-09-14T14:52:59Z] 6000 rows rendered ({"ambiguous": {"rows": 1500, "n_tokens_mean": 462.038}, "ambiguous_wrong": {"rows": 1500, "n_tokens_mean": 462.036}, "charter": {"rows": 1500, "n_tokens_mean": 462.63866666666667}, "coin": {"rows": 1500, "n_tokens_mean": 462.62466666666666}}); schedule 6000 scores over 6000 rows (rows_filter=all, repeats=1)
`torch_dtype` is deprecated! Use `dtype` instead!
Loading weights:   0%|          | 0/1247 [00:00<?, ?it/s]Loading weights:  17%|█▋        | 212/1247 [00:00<00:00, 2072.75it/s]Loading weights:  34%|███▎      | 420/1247 [00:00<00:00, 1213.52it/s]Loading weights:  45%|████▍     | 561/1247 [00:00<00:00, 1147.32it/s]Loading weights:  55%|█████▌    | 686/1247 [00:00<00:00, 1050.59it/s]Loading weights:  64%|██████▍   | 797/1247 [00:00<00:00, 1054.38it/s]Loading weights:  75%|███████▍  | 930/1247 [00:00<00:00, 1119.05it/s]Loading weights:  84%|████████▍ | 1046/1247 [00:00<00:00, 1037.86it/s]Loading weights:  94%|█████████▎| 1168/1247 [00:01<00:00, 1086.42it/s]Loading weights: 100%|██████████| 1247/1247 [00:01<00:00, 1139.74it/s]
[2026-09-14T14:53:15Z] model loaded in 16s: 434 covered linears over 62 layers, 373 norm weights
[2026-09-14T14:53:19Z] graft merged: {"arm": "charter", "lam": 1.0, "kind": "lora", "adapter_dir": "/workspace/graft/adapters/charter/r1024", "r": 1024, "linears": 434, "norms": 373} in 4s
[2026-09-14T14:53:27Z] resident deltas: {"n_deltas": 3, "n_lora_modules": 434, "n_full_modules": 0, "norm_elements": 1354496, "norm_delta_fro": {"charter__lam1_r1024__all": 0.004138386342674494, "coin__lam1x_r1024__all": 0.00456344336271286, "control__lam1x_r1024__all": 0.004219887312501669}, "norm_all_zero": false, "resident_gb": 43.606606848, "load_seconds": 8.428688287734985}
[2026-09-14T14:53:28Z] λ = 0 losses carried over for 6000 rows from /workspace/graft/scores/lam0.jsonl
[2026-09-14T14:53:35Z] oracle charter:ekfac-eft-v1-con-00000: worst rel 1.741e-01 (tol 0.01) FAIL; loss 20.2986 vs 20.2986
[2026-09-14T14:53:35Z] row 1/6000 charter:ekfac-eft-v1-con-00000 loss=20.299 g[charter__lam1_r1024__all]=+9.222e+00 3.37s | 0.13 rows/s ETA 751 min | peak model 68.3 GB delta 45.2 GB
[2026-09-14T14:53:40Z] oracle coin:ekfac-eft-v1-con-00000: worst rel 2.206e-01 (tol 0.01) FAIL; loss 27.0491 vs 27.0491
[2026-09-14T14:53:46Z] oracle ambiguous:ekfac-eft-v1-agr-00000: worst rel 1.894e-02 (tol 0.01) FAIL; loss 37.5003 vs 37.5003
[2026-09-14T14:53:53Z] oracle ambiguous_wrong:ekfac-eft-v1-agr-00000: worst rel 2.560e-02 (tol 0.01) FAIL; loss 42.2501 vs 42.2501
[2026-09-14T14:54:00Z] oracle charter:ekfac-eft-v1-con-00001: worst rel 2.927e-02 (tol 0.01) FAIL; loss 24.5041 vs 24.5041
[2026-09-14T14:54:05Z] oracle coin:ekfac-eft-v1-con-00001: worst rel 2.080e-01 (tol 0.01) FAIL; loss 66.2544 vs 66.2544
[2026-09-14T14:54:11Z] oracle ambiguous:ekfac-eft-v1-agr-00001: worst rel 1.083e-01 (tol 0.01) FAIL; loss 22.2502 vs 22.2502
[2026-09-14T14:54:16Z] oracle ambiguous_wrong:ekfac-eft-v1-agr-00001: worst rel 1.014e-01 (tol 0.01) FAIL; loss 46.0003 vs 46.0003
[2026-09-14T14:54:35Z] row 25/6000 charter:ekfac-eft-v1-con-00006 loss=37.251 g[charter__lam1_r1024__all]=-8.198e-01 2.25s | 0.37 rows/s ETA 269 min | peak model 68.5 GB delta 45.2 GB
[2026-09-14T14:55:07Z] row 50/6000 coin:ekfac-eft-v1-con-00012 loss=28.455 g[charter__lam1_r1024__all]=-7.055e+01 2.68s | 0.50 rows/s ETA 197 min | peak model 68.8 GB delta 45.2 GB
[2026-09-14T14:55:26Z] row 75/6000 ambiguous:ekfac-eft-v1-agr-00018 loss=49.063 g[charter__lam1_r1024__all]=-7.410e+00 2.76s | 0.63 rows/s ETA 156 min | peak model 68.8 GB delta 45.2 GB
[2026-09-14T14:55:44Z] row 100/6000 ambiguous_wrong:ekfac-eft-v1-agr-00024 loss=45.579 g[charter__lam1_r1024__all]=+2.639e+01 2.56s | 0.73 rows/s ETA 134 min | peak model 68.8 GB delta 45.2 GB
[2026-09-14T14:55:56Z] row 125/6000 charter:ekfac-eft-v1-con-00031 loss=23.251 g[charter__lam1_r1024__all]=+3.835e+00 0.43s | 0.84 rows/s ETA 116 min | peak model 68.8 GB delta 45.2 GB
[2026-09-14T14:56:14Z] row 150/6000 coin:ekfac-eft-v1-con-00037 loss=64.000 g[charter__lam1_r1024__all]=-4.845e+01 2.40s | 0.90 rows/s ETA 108 min | peak model 68.8 GB delta 45.2 GB
[2026-09-14T14:56:28Z] row 175/6000 ambiguous:ekfac-eft-v1-agr-00043 loss=36.000 g[charter__lam1_r1024__all]=+1.741e+01 0.43s | 0.97 rows/s ETA 100 min | peak model 68.8 GB delta 45.2 GB
[2026-09-14T14:56:41Z] row 200/6000 ambiguous_wrong:ekfac-eft-v1-agr-00049 loss=20.000 g[charter__lam1_r1024__all]=-3.292e+00 0.43s | 1.04 rows/s ETA 93 min | peak model 68.8 GB delta 45.2 GB
[2026-09-14T14:56:57Z] row 225/6000 charter:ekfac-eft-v1-con-00056 loss=32.005 g[charter__lam1_r1024__all]=-7.682e+00 2.75s | 1.08 rows/s ETA 89 min | peak model 68.8 GB delta 45.2 GB
[2026-09-14T14:57:07Z] row 250/6000 coin:ekfac-eft-v1-con-00062 loss=23.001 g[charter__lam1_r1024__all]=+5.959e+00 0.43s | 1.14 rows/s ETA 84 min | peak model 68.8 GB delta 45.2 GB
[2026-09-14T14:57:18Z] row 275/6000 ambiguous:ekfac-eft-v1-agr-00068 loss=25.500 g[charter__lam1_r1024__all]=+2.480e+00 0.44s | 1.19 rows/s ETA 80 min | peak model 68.8 GB delta 45.2 GB
[2026-09-14T14:57:30Z] row 300/6000 ambiguous_wrong:ekfac-eft-v1-agr-00074 loss=44.000 g[charter__lam1_r1024__all]=+1.270e+01 0.44s | 1.24 rows/s ETA 77 min | peak model 68.8 GB delta 45.2 GB
[2026-09-14T14:57:41Z] row 325/6000 charter:ekfac-eft-v1-con-00081 loss=23.750 g[charter__lam1_r1024__all]=-6.658e+00 0.43s | 1.28 rows/s ETA 74 min | peak model 68.8 GB delta 45.2 GB
[2026-09-14T14:57:53Z] row 350/6000 coin:ekfac-eft-v1-con-00087 loss=56.500 g[charter__lam1_r1024__all]=-7.568e+00 0.42s | 1.32 rows/s ETA 71 min | peak model 68.8 GB delta 45.2 GB
[2026-09-14T14:58:04Z] row 375/6000 ambiguous:ekfac-eft-v1-agr-00093 loss=22.750 g[charter__lam1_r1024__all]=+2.778e+00 0.42s | 1.36 rows/s ETA 69 min | peak model 68.8 GB delta 45.2 GB
[2026-09-14T14:58:15Z] row 400/6000 ambiguous_wrong:ekfac-eft-v1-agr-00099 loss=35.000 g[charter__lam1_r1024__all]=+2.586e+01 0.42s | 1.39 rows/s ETA 67 min | peak model 68.8 GB delta 45.2 GB
[2026-09-14T14:58:28Z] row 425/6000 charter:ekfac-eft-v1-con-00106 loss=27.500 g[charter__lam1_r1024__all]=-3.989e+00 0.43s | 1.42 rows/s ETA 66 min | peak model 68.9 GB delta 45.2 GB
[2026-09-14T14:58:39Z] row 450/6000 coin:ekfac-eft-v1-con-00112 loss=24.750 g[charter__lam1_r1024__all]=-5.906e+00 0.44s | 1.45 rows/s ETA 64 min | peak model 68.9 GB delta 45.2 GB
[2026-09-14T14:58:50Z] row 475/6000 ambiguous:ekfac-eft-v1-agr-00118 loss=17.735 g[charter__lam1_r1024__all]=-3.104e+00 0.42s | 1.47 rows/s ETA 63 min | peak model 68.9 GB delta 45.2 GB
[2026-09-14T14:59:01Z] row 500/6000 ambiguous_wrong:ekfac-eft-v1-agr-00124 loss=63.500 g[charter__lam1_r1024__all]=-8.007e+00 0.43s | 1.50 rows/s ETA 61 min | peak model 68.9 GB delta 45.2 GB
[2026-09-14T14:59:13Z] row 525/6000 charter:ekfac-eft-v1-con-00131 loss=43.250 g[charter__lam1_r1024__all]=-4.239e+00 0.43s | 1.52 rows/s ETA 60 min | peak model 68.9 GB delta 45.2 GB
[2026-09-14T14:59:26Z] row 550/6000 coin:ekfac-eft-v1-con-00137 loss=56.000 g[charter__lam1_r1024__all]=+2.228e+01 0.43s | 1.53 rows/s ETA 59 min | peak model 68.9 GB delta 45.2 GB
[2026-09-14T14:59:38Z] row 575/6000 ambiguous:ekfac-eft-v1-agr-00143 loss=27.125 g[charter__lam1_r1024__all]=+1.679e+00 0.44s | 1.55 rows/s ETA 58 min | peak model 68.9 GB delta 45.2 GB
[2026-09-14T14:59:51Z] row 600/6000 ambiguous_wrong:ekfac-eft-v1-agr-00149 loss=22.063 g[charter__lam1_r1024__all]=+8.868e+00 0.43s | 1.57 rows/s ETA 57 min | peak model 68.9 GB delta 45.2 GB
[2026-09-14T15:00:02Z] row 625/6000 charter:ekfac-eft-v1-con-00156 loss=32.751 g[charter__lam1_r1024__all]=-4.068e+01 0.43s | 1.59 rows/s ETA 56 min | peak model 68.9 GB delta 45.2 GB
[2026-09-14T15:00:13Z] row 650/6000 coin:ekfac-eft-v1-con-00162 loss=24.261 g[charter__lam1_r1024__all]=+4.969e+00 0.43s | 1.60 rows/s ETA 56 min | peak model 68.9 GB delta 45.2 GB
[2026-09-14T15:00:24Z] row 675/6000 ambiguous:ekfac-eft-v1-agr-00168 loss=25.000 g[charter__lam1_r1024__all]=+5.642e+00 0.42s | 1.62 rows/s ETA 55 min | peak model 68.9 GB delta 45.2 GB
[2026-09-14T15:00:36Z] row 700/6000 ambiguous_wrong:ekfac-eft-v1-agr-00174 loss=39.752 g[charter__lam1_r1024__all]=-3.970e+00 0.42s | 1.63 rows/s ETA 54 min | peak model 68.9 GB delta 45.2 GB
[2026-09-14T15:00:47Z] row 725/6000 charter:ekfac-eft-v1-con-00181 loss=41.250 g[charter__lam1_r1024__all]=-2.485e+01 0.42s | 1.65 rows/s ETA 53 min | peak model 68.9 GB delta 45.2 GB
[2026-09-14T15:01:02Z] row 750/6000 coin:ekfac-eft-v1-con-00187 loss=52.500 g[charter__lam1_r1024__all]=+3.521e+01 0.42s | 1.65 rows/s ETA 53 min | peak model 68.9 GB delta 45.2 GB
[2026-09-14T15:01:13Z] row 775/6000 ambiguous:ekfac-eft-v1-agr-00193 loss=24.500 g[charter__lam1_r1024__all]=+8.621e+00 0.43s | 1.66 rows/s ETA 52 min | peak model 68.9 GB delta 45.2 GB
[2026-09-14T15:01:25Z] row 800/6000 ambiguous_wrong:ekfac-eft-v1-agr-00199 loss=31.254 g[charter__lam1_r1024__all]=-1.634e+01 0.43s | 1.68 rows/s ETA 52 min | peak model 68.9 GB delta 45.2 GB
[2026-09-14T15:01:35Z] row 825/6000 charter:ekfac-eft-v1-con-00206 loss=59.753 g[charter__lam1_r1024__all]=+7.461e+00 0.42s | 1.69 rows/s ETA 51 min | peak model 68.9 GB delta 45.2 GB
[2026-09-14T15:01:46Z] row 850/6000 coin:ekfac-eft-v1-con-00212 loss=22.501 g[charter__lam1_r1024__all]=-1.049e+01 0.42s | 1.70 rows/s ETA 50 min | peak model 68.9 GB delta 45.2 GB
[2026-09-14T15:01:58Z] row 875/6000 ambiguous:ekfac-eft-v1-agr-00218 loss=21.761 g[charter__lam1_r1024__all]=+1.244e+01 0.42s | 1.72 rows/s ETA 50 min | peak model 68.9 GB delta 45.2 GB
[2026-09-14T15:02:13Z] row 900/6000 ambiguous_wrong:ekfac-eft-v1-agr-00224 loss=66.000 g[charter__lam1_r1024__all]=-1.534e+01 0.42s | 1.71 rows/s ETA 50 min | peak model 68.9 GB delta 45.2 GB
[2026-09-14T15:02:24Z] row 925/6000 charter:ekfac-eft-v1-con-00231 loss=25.693 g[charter__lam1_r1024__all]=-2.843e+00 0.42s | 1.72 rows/s ETA 49 min | peak model 68.9 GB delta 45.2 GB
[2026-09-14T15:02:35Z] row 950/6000 coin:ekfac-eft-v1-con-00237 loss=24.752 g[charter__lam1_r1024__all]=+1.880e+01 0.42s | 1.74 rows/s ETA 48 min | peak model 68.9 GB delta 45.2 GB
[2026-09-14T15:02:46Z] row 975/6000 ambiguous:ekfac-eft-v1-agr-00243 loss=39.500 g[charter__lam1_r1024__all]=+2.034e+01 0.42s | 1.74 rows/s ETA 48 min | peak model 68.9 GB delta 45.2 GB
[2026-09-14T15:02:57Z] row 1000/6000 ambiguous_wrong:ekfac-eft-v1-agr-00249 loss=35.250 g[charter__lam1_r1024__all]=-3.596e+01 0.43s | 1.76 rows/s ETA 47 min | peak model 68.9 GB delta 45.2 GB
[2026-09-14T15:03:08Z] row 1025/6000 charter:ekfac-eft-v1-con-00256 loss=24.877 g[charter__lam1_r1024__all]=-3.574e+01 0.42s | 1.77 rows/s ETA 47 min | peak model 68.9 GB delta 45.2 GB
[2026-09-14T15:03:20Z] row 1050/6000 coin:ekfac-eft-v1-con-00262 loss=42.250 g[charter__lam1_r1024__all]=-1.778e+01 0.46s | 1.77 rows/s ETA 47 min | peak model 68.9 GB delta 45.2 GB
[2026-09-14T15:03:31Z] row 1075/6000 ambiguous:ekfac-eft-v1-agr-00268 loss=22.754 g[charter__lam1_r1024__all]=-3.811e+00 0.43s | 1.78 rows/s ETA 46 min | peak model 68.9 GB delta 45.2 GB
[2026-09-14T15:03:42Z] row 1100/6000 ambiguous_wrong:ekfac-eft-v1-agr-00274 loss=40.000 g[charter__lam1_r1024__all]=-1.552e+01 0.42s | 1.79 rows/s ETA 46 min | peak model 68.9 GB delta 45.2 GB
[2026-09-14T15:03:53Z] row 1125/6000 charter:ekfac-eft-v1-con-00281 loss=20.500 g[charter__lam1_r1024__all]=-4.011e+00 0.43s | 1.80 rows/s ETA 45 min | peak model 68.9 GB delta 45.2 GB
[2026-09-14T15:04:05Z] row 1150/6000 coin:ekfac-eft-v1-con-00287 loss=25.750 g[charter__lam1_r1024__all]=-5.333e+00 0.43s | 1.81 rows/s ETA 45 min | peak model 68.9 GB delta 45.2 GB
[2026-09-14T15:04:16Z] row 1175/6000 ambiguous:ekfac-eft-v1-agr-00293 loss=34.750 g[charter__lam1_r1024__all]=-4.177e+01 0.42s | 1.81 rows/s ETA 44 min | peak model 68.9 GB delta 45.2 GB
[2026-09-14T15:04:27Z] row 1200/6000 ambiguous_wrong:ekfac-eft-v1-agr-00299 loss=49.000 g[charter__lam1_r1024__all]=-5.440e+00 0.42s | 1.82 rows/s ETA 44 min | peak model 68.9 GB delta 45.2 GB
[2026-09-14T15:04:38Z] row 1225/6000 charter:ekfac-eft-v1-con-00306 loss=28.048 g[charter__lam1_r1024__all]=+2.218e+01 0.43s | 1.83 rows/s ETA 44 min | peak model 68.9 GB delta 45.2 GB
[2026-09-14T15:04:49Z] row 1250/6000 coin:ekfac-eft-v1-con-00312 loss=17.750 g[charter__lam1_r1024__all]=-9.445e+00 0.43s | 1.83 rows/s ETA 43 min | peak model 68.9 GB delta 45.2 GB
[2026-09-14T15:05:00Z] row 1275/6000 ambiguous:ekfac-eft-v1-agr-00318 loss=24.444 g[charter__lam1_r1024__all]=+2.176e+00 0.43s | 1.84 rows/s ETA 43 min | peak model 68.9 GB delta 45.2 GB
[2026-09-14T15:05:11Z] row 1300/6000 ambiguous_wrong:ekfac-eft-v1-agr-00324 loss=38.250 g[charter__lam1_r1024__all]=+1.199e+01 0.42s | 1.85 rows/s ETA 42 min | peak model 68.9 GB delta 45.2 GB
[2026-09-14T15:05:23Z] row 1325/6000 charter:ekfac-eft-v1-con-00331 loss=51.250 g[charter__lam1_r1024__all]=-4.725e+01 0.43s | 1.85 rows/s ETA 42 min | peak model 68.9 GB delta 45.2 GB
[2026-09-14T15:05:33Z] row 1350/6000 coin:ekfac-eft-v1-con-00337 loss=53.250 g[charter__lam1_r1024__all]=+5.075e+01 0.42s | 1.86 rows/s ETA 42 min | peak model 68.9 GB delta 45.2 GB
[2026-09-14T15:05:45Z] row 1375/6000 ambiguous:ekfac-eft-v1-agr-00343 loss=21.750 g[charter__lam1_r1024__all]=-7.010e+00 1.22s | 1.86 rows/s ETA 41 min | peak model 68.9 GB delta 45.2 GB
[2026-09-14T15:05:56Z] row 1400/6000 ambiguous_wrong:ekfac-eft-v1-agr-00349 loss=43.500 g[charter__lam1_r1024__all]=-3.329e+00 0.43s | 1.87 rows/s ETA 41 min | peak model 68.9 GB delta 45.2 GB
[2026-09-14T15:06:07Z] row 1425/6000 charter:ekfac-eft-v1-con-00356 loss=45.751 g[charter__lam1_r1024__all]=-4.931e+01 0.43s | 1.88 rows/s ETA 41 min | peak model 68.9 GB delta 45.2 GB
[2026-09-14T15:06:18Z] row 1450/6000 coin:ekfac-eft-v1-con-00362 loss=24.268 g[charter__lam1_r1024__all]=+1.575e+00 0.43s | 1.88 rows/s ETA 40 min | peak model 68.9 GB delta 45.2 GB
[2026-09-14T15:06:29Z] row 1475/6000 ambiguous:ekfac-eft-v1-agr-00368 loss=32.251 g[charter__lam1_r1024__all]=-6.191e+01 0.44s | 1.89 rows/s ETA 40 min | peak model 68.9 GB delta 45.2 GB
[2026-09-14T15:06:41Z] row 1500/6000 ambiguous_wrong:ekfac-eft-v1-agr-00374 loss=21.502 g[charter__lam1_r1024__all]=+4.762e+00 0.45s | 1.89 rows/s ETA 40 min | peak model 68.9 GB delta 45.2 GB
[2026-09-14T15:06:57Z] row 1525/6000 charter:ekfac-eft-v1-con-00381 loss=34.000 g[charter__lam1_r1024__all]=-2.686e+01 0.44s | 1.88 rows/s ETA 40 min | peak model 69.0 GB delta 45.2 GB
[2026-09-14T15:07:09Z] row 1550/6000 coin:ekfac-eft-v1-con-00387 loss=58.002 g[charter__lam1_r1024__all]=+1.206e+02 0.44s | 1.89 rows/s ETA 39 min | peak model 69.0 GB delta 45.2 GB
[2026-09-14T15:07:20Z] row 1575/6000 ambiguous:ekfac-eft-v1-agr-00393 loss=22.750 g[charter__lam1_r1024__all]=-1.056e+01 0.44s | 1.89 rows/s ETA 39 min | peak model 69.0 GB delta 45.2 GB
[2026-09-14T15:07:31Z] row 1600/6000 ambiguous_wrong:ekfac-eft-v1-agr-00399 loss=45.751 g[charter__lam1_r1024__all]=-2.236e+01 0.44s | 1.90 rows/s ETA 39 min | peak model 69.0 GB delta 45.2 GB
[2026-09-14T15:07:43Z] row 1625/6000 charter:ekfac-eft-v1-con-00406 loss=49.500 g[charter__lam1_r1024__all]=-4.304e+00 0.44s | 1.90 rows/s ETA 38 min | peak model 69.0 GB delta 45.2 GB
[2026-09-14T15:07:54Z] row 1650/6000 coin:ekfac-eft-v1-con-00412 loss=63.750 g[charter__lam1_r1024__all]=+1.085e+01 0.44s | 1.90 rows/s ETA 38 min | peak model 69.0 GB delta 45.2 GB
[2026-09-14T15:08:11Z] row 1675/6000 ambiguous:ekfac-eft-v1-agr-00418 loss=49.251 g[charter__lam1_r1024__all]=+1.147e+01 0.44s | 1.90 rows/s ETA 38 min | peak model 69.0 GB delta 45.2 GB
[2026-09-14T15:08:22Z] row 1700/6000 ambiguous_wrong:ekfac-eft-v1-agr-00424 loss=40.750 g[charter__lam1_r1024__all]=+6.657e+00 0.45s | 1.90 rows/s ETA 38 min | peak model 69.0 GB delta 45.2 GB
[2026-09-14T15:08:34Z] row 1725/6000 charter:ekfac-eft-v1-con-00431 loss=21.504 g[charter__lam1_r1024__all]=+5.531e+00 0.44s | 1.90 rows/s ETA 37 min | peak model 69.0 GB delta 45.2 GB
[2026-09-14T15:08:45Z] row 1750/6000 coin:ekfac-eft-v1-con-00437 loss=47.474 g[charter__lam1_r1024__all]=+1.212e+01 0.42s | 1.91 rows/s ETA 37 min | peak model 69.0 GB delta 45.2 GB
[2026-09-14T15:08:59Z] row 1775/6000 ambiguous:ekfac-eft-v1-agr-00443 loss=34.500 g[charter__lam1_r1024__all]=+1.823e+01 0.43s | 1.91 rows/s ETA 37 min | peak model 69.0 GB delta 45.2 GB
[2026-09-14T15:09:11Z] row 1800/6000 ambiguous_wrong:ekfac-eft-v1-agr-00449 loss=37.250 g[charter__lam1_r1024__all]=-2.605e-02 0.45s | 1.91 rows/s ETA 37 min | peak model 69.0 GB delta 45.2 GB
[2026-09-14T15:09:22Z] row 1825/6000 charter:ekfac-eft-v1-con-00456 loss=23.580 g[charter__lam1_r1024__all]=-2.861e-01 0.44s | 1.91 rows/s ETA 36 min | peak model 69.0 GB delta 45.2 GB
[2026-09-14T15:09:34Z] row 1850/6000 coin:ekfac-eft-v1-con-00462 loss=23.556 g[charter__lam1_r1024__all]=-4.955e+00 0.43s | 1.91 rows/s ETA 36 min | peak model 69.0 GB delta 45.2 GB
[2026-09-14T15:09:45Z] row 1875/6000 ambiguous:ekfac-eft-v1-agr-00468 loss=21.250 g[charter__lam1_r1024__all]=+7.216e+00 0.42s | 1.92 rows/s ETA 36 min | peak model 69.0 GB delta 45.2 GB
[2026-09-14T15:09:56Z] row 1900/6000 ambiguous_wrong:ekfac-eft-v1-agr-00474 loss=27.083 g[charter__lam1_r1024__all]=+7.532e+01 0.43s | 1.92 rows/s ETA 36 min | peak model 69.0 GB delta 45.2 GB
[2026-09-14T15:10:07Z] row 1925/6000 charter:ekfac-eft-v1-con-00481 loss=32.750 g[charter__lam1_r1024__all]=-3.229e+01 0.44s | 1.93 rows/s ETA 35 min | peak model 69.0 GB delta 45.2 GB
[2026-09-14T15:10:18Z] row 1950/6000 coin:ekfac-eft-v1-con-00487 loss=50.250 g[charter__lam1_r1024__all]=+2.492e+01 0.43s | 1.93 rows/s ETA 35 min | peak model 69.0 GB delta 45.2 GB
[2026-09-14T15:10:29Z] row 1975/6000 ambiguous:ekfac-eft-v1-agr-00493 loss=20.451 g[charter__lam1_r1024__all]=+3.806e+00 0.42s | 1.93 rows/s ETA 35 min | peak model 69.0 GB delta 45.2 GB
[2026-09-14T15:10:40Z] row 2000/6000 ambiguous_wrong:ekfac-eft-v1-agr-00499 loss=47.750 g[charter__lam1_r1024__all]=-3.239e+00 0.42s | 1.94 rows/s ETA 34 min | peak model 69.0 GB delta 45.2 GB
[2026-09-14T15:10:52Z] row 2025/6000 charter:ekfac-eft-v1-con-00506 loss=46.250 g[charter__lam1_r1024__all]=+9.274e+00 0.43s | 1.94 rows/s ETA 34 min | peak model 69.0 GB delta 45.2 GB
[2026-09-14T15:11:03Z] row 2050/6000 coin:ekfac-eft-v1-con-00512 loss=21.750 g[charter__lam1_r1024__all]=-1.250e+00 0.42s | 1.94 rows/s ETA 34 min | peak model 69.0 GB delta 45.2 GB
[2026-09-14T15:11:14Z] row 2075/6000 ambiguous:ekfac-eft-v1-agr-00518 loss=24.000 g[charter__lam1_r1024__all]=+3.159e+00 0.44s | 1.95 rows/s ETA 34 min | peak model 69.0 GB delta 45.2 GB
[2026-09-14T15:11:25Z] row 2100/6000 ambiguous_wrong:ekfac-eft-v1-agr-00524 loss=60.376 g[charter__lam1_r1024__all]=-1.635e+01 0.43s | 1.95 rows/s ETA 33 min | peak model 69.0 GB delta 45.2 GB
[2026-09-14T15:11:37Z] row 2125/6000 charter:ekfac-eft-v1-con-00531 loss=39.250 g[charter__lam1_r1024__all]=-1.863e+01 0.42s | 1.95 rows/s ETA 33 min | peak model 69.0 GB delta 45.2 GB
[2026-09-14T15:11:48Z] row 2150/6000 coin:ekfac-eft-v1-con-00537 loss=20.280 g[charter__lam1_r1024__all]=-1.117e+01 0.43s | 1.95 rows/s ETA 33 min | peak model 69.0 GB delta 45.2 GB
[2026-09-14T15:11:59Z] row 2175/6000 ambiguous:ekfac-eft-v1-agr-00543 loss=20.000 g[charter__lam1_r1024__all]=-3.774e+00 0.46s | 1.96 rows/s ETA 33 min | peak model 69.0 GB delta 45.2 GB
[2026-09-14T15:12:11Z] row 2200/6000 ambiguous_wrong:ekfac-eft-v1-agr-00549 loss=33.637 g[charter__lam1_r1024__all]=-2.727e+00 0.46s | 1.96 rows/s ETA 32 min | peak model 69.0 GB delta 45.2 GB
[2026-09-14T15:12:23Z] row 2225/6000 charter:ekfac-eft-v1-con-00556 loss=23.474 g[charter__lam1_r1024__all]=-4.276e+01 0.46s | 1.96 rows/s ETA 32 min | peak model 69.0 GB delta 45.2 GB
[2026-09-14T15:12:36Z] row 2250/6000 coin:ekfac-eft-v1-con-00562 loss=46.001 g[charter__lam1_r1024__all]=+1.696e+01 0.46s | 1.96 rows/s ETA 32 min | peak model 69.0 GB delta 45.2 GB
[2026-09-14T15:12:48Z] row 2275/6000 ambiguous:ekfac-eft-v1-agr-00568 loss=23.250 g[charter__lam1_r1024__all]=-9.690e+01 0.47s | 1.96 rows/s ETA 32 min | peak model 69.0 GB delta 45.2 GB
[2026-09-14T15:13:01Z] row 2300/6000 ambiguous_wrong:ekfac-eft-v1-agr-00574 loss=48.799 g[charter__lam1_r1024__all]=-1.091e+01 0.48s | 1.96 rows/s ETA 31 min | peak model 69.0 GB delta 45.2 GB
[2026-09-14T15:13:13Z] row 2325/6000 charter:ekfac-eft-v1-con-00581 loss=58.750 g[charter__lam1_r1024__all]=+8.374e+00 0.46s | 1.96 rows/s ETA 31 min | peak model 69.0 GB delta 45.2 GB
[2026-09-14T15:13:24Z] row 2350/6000 coin:ekfac-eft-v1-con-00587 loss=32.000 g[charter__lam1_r1024__all]=+2.065e+00 0.46s | 1.96 rows/s ETA 31 min | peak model 69.0 GB delta 45.2 GB
[2026-09-14T15:13:37Z] row 2375/6000 ambiguous:ekfac-eft-v1-agr-00593 loss=26.500 g[charter__lam1_r1024__all]=+1.139e+00 0.47s | 1.96 rows/s ETA 31 min | peak model 69.0 GB delta 45.2 GB
[2026-09-14T15:13:49Z] row 2400/6000 ambiguous_wrong:ekfac-eft-v1-agr-00599 loss=37.000 g[charter__lam1_r1024__all]=-3.554e+00 0.46s | 1.97 rows/s ETA 31 min | peak model 69.0 GB delta 45.2 GB
[2026-09-14T15:14:01Z] row 2425/6000 charter:ekfac-eft-v1-con-00606 loss=36.750 g[charter__lam1_r1024__all]=-1.026e+01 0.46s | 1.97 rows/s ETA 30 min | peak model 69.0 GB delta 45.2 GB
[2026-09-14T15:14:13Z] row 2450/6000 coin:ekfac-eft-v1-con-00612 loss=21.202 g[charter__lam1_r1024__all]=+2.259e+02 0.48s | 1.97 rows/s ETA 30 min | peak model 69.0 GB delta 45.2 GB
[2026-09-14T15:14:26Z] row 2475/6000 ambiguous:ekfac-eft-v1-agr-00618 loss=25.001 g[charter__lam1_r1024__all]=+1.191e+01 0.47s | 1.97 rows/s ETA 30 min | peak model 69.0 GB delta 45.2 GB
[2026-09-14T15:14:38Z] row 2500/6000 ambiguous_wrong:ekfac-eft-v1-agr-00624 loss=27.541 g[charter__lam1_r1024__all]=+8.314e+01 0.52s | 1.97 rows/s ETA 30 min | peak model 69.0 GB delta 45.2 GB
[2026-09-14T15:14:50Z] row 2525/6000 charter:ekfac-eft-v1-con-00631 loss=42.500 g[charter__lam1_r1024__all]=-1.567e+01 0.47s | 1.97 rows/s ETA 29 min | peak model 69.0 GB delta 45.2 GB
[2026-09-14T15:15:03Z] row 2550/6000 coin:ekfac-eft-v1-con-00637 loss=80.876 g[charter__lam1_r1024__all]=+1.027e+02 0.47s | 1.97 rows/s ETA 29 min | peak model 69.0 GB delta 45.2 GB
[2026-09-14T15:15:16Z] row 2575/6000 ambiguous:ekfac-eft-v1-agr-00643 loss=22.750 g[charter__lam1_r1024__all]=+5.200e+00 0.49s | 1.97 rows/s ETA 29 min | peak model 69.0 GB delta 45.2 GB
[2026-09-14T15:15:29Z] row 2600/6000 ambiguous_wrong:ekfac-eft-v1-agr-00649 loss=23.268 g[charter__lam1_r1024__all]=-4.853e+00 0.49s | 1.97 rows/s ETA 29 min | peak model 69.0 GB delta 45.2 GB
[2026-09-14T15:15:42Z] row 2625/6000 charter:ekfac-eft-v1-con-00656 loss=41.751 g[charter__lam1_r1024__all]=-2.496e+00 0.49s | 1.97 rows/s ETA 29 min | peak model 69.0 GB delta 45.2 GB
[2026-09-14T15:15:55Z] row 2650/6000 coin:ekfac-eft-v1-con-00662 loss=25.500 g[charter__lam1_r1024__all]=+4.855e+00 0.49s | 1.97 rows/s ETA 28 min | peak model 69.0 GB delta 45.2 GB
[2026-09-14T15:16:07Z] row 2675/6000 ambiguous:ekfac-eft-v1-agr-00668 loss=24.251 g[charter__lam1_r1024__all]=+1.310e+01 0.46s | 1.97 rows/s ETA 28 min | peak model 69.0 GB delta 45.2 GB
[2026-09-14T15:16:20Z] row 2700/6000 ambiguous_wrong:ekfac-eft-v1-agr-00674 loss=53.500 g[charter__lam1_r1024__all]=-3.489e+00 0.49s | 1.97 rows/s ETA 28 min | peak model 69.0 GB delta 45.2 GB
[2026-09-14T15:16:31Z] row 2725/6000 charter:ekfac-eft-v1-con-00681 loss=25.500 g[charter__lam1_r1024__all]=-5.480e+00 0.43s | 1.97 rows/s ETA 28 min | peak model 69.0 GB delta 45.2 GB
[2026-09-14T15:16:42Z] row 2750/6000 coin:ekfac-eft-v1-con-00687 loss=63.625 g[charter__lam1_r1024__all]=+1.461e+01 0.43s | 1.97 rows/s ETA 27 min | peak model 69.0 GB delta 45.2 GB
[2026-09-14T15:16:54Z] row 2775/6000 ambiguous:ekfac-eft-v1-agr-00693 loss=24.000 g[charter__lam1_r1024__all]=+9.873e+00 0.42s | 1.97 rows/s ETA 27 min | peak model 69.0 GB delta 45.2 GB
[2026-09-14T15:17:05Z] row 2800/6000 ambiguous_wrong:ekfac-eft-v1-agr-00699 loss=41.750 g[charter__lam1_r1024__all]=+1.324e+01 0.42s | 1.98 rows/s ETA 27 min | peak model 69.0 GB delta 45.2 GB
[2026-09-14T15:17:16Z] row 2825/6000 charter:ekfac-eft-v1-con-00706 loss=39.504 g[charter__lam1_r1024__all]=-1.148e+01 0.43s | 1.98 rows/s ETA 27 min | peak model 69.0 GB delta 45.2 GB
[2026-09-14T15:17:27Z] row 2850/6000 coin:ekfac-eft-v1-con-00712 loss=38.250 g[charter__lam1_r1024__all]=+1.415e+01 0.43s | 1.98 rows/s ETA 27 min | peak model 69.0 GB delta 45.2 GB
[2026-09-14T15:17:39Z] row 2875/6000 ambiguous:ekfac-eft-v1-agr-00718 loss=22.501 g[charter__lam1_r1024__all]=+6.215e+00 0.43s | 1.98 rows/s ETA 26 min | peak model 69.0 GB delta 45.2 GB
[2026-09-14T15:17:50Z] row 2900/6000 ambiguous_wrong:ekfac-eft-v1-agr-00724 loss=33.000 g[charter__lam1_r1024__all]=+2.345e+00 0.42s | 1.98 rows/s ETA 26 min | peak model 69.0 GB delta 45.2 GB
[2026-09-14T15:18:00Z] row 2925/6000 charter:ekfac-eft-v1-con-00731 loss=62.201 g[charter__lam1_r1024__all]=+6.113e+00 0.43s | 1.99 rows/s ETA 26 min | peak model 69.0 GB delta 45.2 GB
[2026-09-14T15:18:12Z] row 2950/6000 coin:ekfac-eft-v1-con-00737 loss=51.757 g[charter__lam1_r1024__all]=+1.057e+01 0.41s | 1.99 rows/s ETA 26 min | peak model 69.0 GB delta 45.2 GB
[2026-09-14T15:18:23Z] row 2975/6000 ambiguous:ekfac-eft-v1-agr-00743 loss=20.750 g[charter__lam1_r1024__all]=+5.103e+00 0.42s | 1.99 rows/s ETA 25 min | peak model 69.0 GB delta 45.2 GB
[2026-09-14T15:18:34Z] row 3000/6000 ambiguous_wrong:ekfac-eft-v1-agr-00749 loss=52.500 g[charter__lam1_r1024__all]=-6.791e+00 0.42s | 1.99 rows/s ETA 25 min | peak model 69.0 GB delta 45.2 GB
[2026-09-14T15:18:45Z] row 3025/6000 charter:ekfac-eft-v1-con-00756 loss=22.500 g[charter__lam1_r1024__all]=+6.332e+00 0.42s | 1.99 rows/s ETA 25 min | peak model 69.0 GB delta 45.2 GB
[2026-09-14T15:18:56Z] row 3050/6000 coin:ekfac-eft-v1-con-00762 loss=21.500 g[charter__lam1_r1024__all]=+5.398e+00 0.42s | 2.00 rows/s ETA 25 min | peak model 69.0 GB delta 45.2 GB
[2026-09-14T15:19:07Z] row 3075/6000 ambiguous:ekfac-eft-v1-agr-00768 loss=36.751 g[charter__lam1_r1024__all]=+1.117e+01 0.42s | 2.00 rows/s ETA 24 min | peak model 69.0 GB delta 45.2 GB
[2026-09-14T15:19:18Z] row 3100/6000 ambiguous_wrong:ekfac-eft-v1-agr-00774 loss=36.250 g[charter__lam1_r1024__all]=+1.774e+01 0.43s | 2.00 rows/s ETA 24 min | peak model 69.0 GB delta 45.2 GB
[2026-09-14T15:19:29Z] row 3125/6000 charter:ekfac-eft-v1-con-00781 loss=23.750 g[charter__lam1_r1024__all]=+8.169e+00 0.43s | 2.00 rows/s ETA 24 min | peak model 69.0 GB delta 45.2 GB
[2026-09-14T15:19:41Z] row 3150/6000 coin:ekfac-eft-v1-con-00787 loss=49.125 g[charter__lam1_r1024__all]=+3.123e+00 0.44s | 2.00 rows/s ETA 24 min | peak model 69.0 GB delta 45.2 GB
[2026-09-14T15:19:52Z] row 3175/6000 ambiguous:ekfac-eft-v1-agr-00793 loss=21.751 g[charter__lam1_r1024__all]=+9.759e-01 0.42s | 2.00 rows/s ETA 23 min | peak model 69.0 GB delta 45.2 GB
[2026-09-14T15:20:03Z] row 3200/6000 ambiguous_wrong:ekfac-eft-v1-agr-00799 loss=62.000 g[charter__lam1_r1024__all]=-1.193e+01 0.42s | 2.01 rows/s ETA 23 min | peak model 69.0 GB delta 45.2 GB
[2026-09-14T15:20:14Z] row 3225/6000 charter:ekfac-eft-v1-con-00806 loss=40.250 g[charter__lam1_r1024__all]=-1.363e+00 0.42s | 2.01 rows/s ETA 23 min | peak model 69.0 GB delta 45.2 GB
[2026-09-14T15:20:25Z] row 3250/6000 coin:ekfac-eft-v1-con-00812 loss=22.500 g[charter__lam1_r1024__all]=-9.333e+00 0.41s | 2.01 rows/s ETA 23 min | peak model 69.0 GB delta 45.2 GB
[2026-09-14T15:20:37Z] row 3275/6000 ambiguous:ekfac-eft-v1-agr-00818 loss=23.250 g[charter__lam1_r1024__all]=+1.162e+01 0.43s | 2.01 rows/s ETA 23 min | peak model 69.0 GB delta 45.2 GB
[2026-09-14T15:20:47Z] row 3300/6000 ambiguous_wrong:ekfac-eft-v1-agr-00824 loss=33.254 g[charter__lam1_r1024__all]=+5.719e+01 0.43s | 2.01 rows/s ETA 22 min | peak model 69.0 GB delta 45.2 GB
[2026-09-14T15:20:58Z] row 3325/6000 charter:ekfac-eft-v1-con-00831 loss=33.004 g[charter__lam1_r1024__all]=-1.661e+02 0.42s | 2.01 rows/s ETA 22 min | peak model 69.0 GB delta 45.2 GB
[2026-09-14T15:21:10Z] row 3350/6000 coin:ekfac-eft-v1-con-00837 loss=54.000 g[charter__lam1_r1024__all]=-4.027e+00 0.43s | 2.02 rows/s ETA 22 min | peak model 69.0 GB delta 45.2 GB
[2026-09-14T15:21:21Z] row 3375/6000 ambiguous:ekfac-eft-v1-agr-00843 loss=52.500 g[charter__lam1_r1024__all]=-2.148e+01 0.43s | 2.02 rows/s ETA 22 min | peak model 69.0 GB delta 45.2 GB
[2026-09-14T15:21:32Z] row 3400/6000 ambiguous_wrong:ekfac-eft-v1-agr-00849 loss=44.750 g[charter__lam1_r1024__all]=-5.313e+00 0.44s | 2.02 rows/s ETA 21 min | peak model 69.0 GB delta 45.2 GB
[2026-09-14T15:21:43Z] row 3425/6000 charter:ekfac-eft-v1-con-00856 loss=34.500 g[charter__lam1_r1024__all]=+2.260e+01 0.42s | 2.02 rows/s ETA 21 min | peak model 69.0 GB delta 45.2 GB
[2026-09-14T15:21:55Z] row 3450/6000 coin:ekfac-eft-v1-con-00862 loss=21.750 g[charter__lam1_r1024__all]=+8.441e+00 1.04s | 2.02 rows/s ETA 21 min | peak model 69.0 GB delta 45.2 GB
[2026-09-14T15:22:06Z] row 3475/6000 ambiguous:ekfac-eft-v1-agr-00868 loss=39.250 g[charter__lam1_r1024__all]=-3.144e+01 0.44s | 2.02 rows/s ETA 21 min | peak model 69.0 GB delta 45.2 GB
[2026-09-14T15:22:18Z] row 3500/6000 ambiguous_wrong:ekfac-eft-v1-agr-00874 loss=66.500 g[charter__lam1_r1024__all]=+7.366e+00 0.51s | 2.02 rows/s ETA 21 min | peak model 69.0 GB delta 45.2 GB
[2026-09-14T15:22:29Z] row 3525/6000 charter:ekfac-eft-v1-con-00881 loss=23.250 g[charter__lam1_r1024__all]=-1.045e+01 0.44s | 2.02 rows/s ETA 20 min | peak model 69.0 GB delta 45.2 GB
[2026-09-14T15:22:41Z] row 3550/6000 coin:ekfac-eft-v1-con-00887 loss=66.761 g[charter__lam1_r1024__all]=+2.918e+01 0.44s | 2.03 rows/s ETA 20 min | peak model 69.0 GB delta 45.2 GB
[2026-09-14T15:22:53Z] row 3575/6000 ambiguous:ekfac-eft-v1-agr-00893 loss=22.974 g[charter__lam1_r1024__all]=+2.477e+01 0.48s | 2.02 rows/s ETA 20 min | peak model 69.0 GB delta 45.2 GB
[2026-09-14T15:23:05Z] row 3600/6000 ambiguous_wrong:ekfac-eft-v1-agr-00899 loss=63.250 g[charter__lam1_r1024__all]=+1.481e+01 0.43s | 2.03 rows/s ETA 20 min | peak model 69.0 GB delta 45.2 GB
[2026-09-14T15:23:17Z] row 3625/6000 charter:ekfac-eft-v1-con-00906 loss=41.751 g[charter__lam1_r1024__all]=+3.100e+00 0.44s | 2.03 rows/s ETA 20 min | peak model 69.0 GB delta 45.2 GB
[2026-09-14T15:23:28Z] row 3650/6000 coin:ekfac-eft-v1-con-00912 loss=41.501 g[charter__lam1_r1024__all]=+3.242e+01 0.45s | 2.03 rows/s ETA 19 min | peak model 69.0 GB delta 45.2 GB
[2026-09-14T15:23:39Z] row 3675/6000 ambiguous:ekfac-eft-v1-agr-00918 loss=23.250 g[charter__lam1_r1024__all]=+4.828e+00 0.44s | 2.03 rows/s ETA 19 min | peak model 69.0 GB delta 45.2 GB
[2026-09-14T15:23:51Z] row 3700/6000 ambiguous_wrong:ekfac-eft-v1-agr-00924 loss=28.501 g[charter__lam1_r1024__all]=+2.448e+01 0.44s | 2.03 rows/s ETA 19 min | peak model 69.0 GB delta 45.2 GB
[2026-09-14T15:24:02Z] row 3725/6000 charter:ekfac-eft-v1-con-00931 loss=56.253 g[charter__lam1_r1024__all]=+1.239e+01 0.44s | 2.03 rows/s ETA 19 min | peak model 69.0 GB delta 45.2 GB
[2026-09-14T15:24:14Z] row 3750/6000 coin:ekfac-eft-v1-con-00937 loss=52.250 g[charter__lam1_r1024__all]=+3.341e+01 0.39s | 2.03 rows/s ETA 18 min | peak model 69.0 GB delta 45.2 GB
[2026-09-14T15:24:25Z] row 3775/6000 ambiguous:ekfac-eft-v1-agr-00943 loss=26.563 g[charter__lam1_r1024__all]=+8.852e+00 0.43s | 2.03 rows/s ETA 18 min | peak model 69.0 GB delta 45.2 GB
[2026-09-14T15:24:36Z] row 3800/6000 ambiguous_wrong:ekfac-eft-v1-agr-00949 loss=29.780 g[charter__lam1_r1024__all]=-4.426e+01 0.42s | 2.03 rows/s ETA 18 min | peak model 69.0 GB delta 45.2 GB
[2026-09-14T15:24:47Z] row 3825/6000 charter:ekfac-eft-v1-con-00956 loss=32.250 g[charter__lam1_r1024__all]=-9.939e-01 0.43s | 2.04 rows/s ETA 18 min | peak model 69.0 GB delta 45.2 GB
[2026-09-14T15:24:58Z] row 3850/6000 coin:ekfac-eft-v1-con-00962 loss=33.500 g[charter__lam1_r1024__all]=-4.091e-01 0.43s | 2.04 rows/s ETA 18 min | peak model 69.0 GB delta 45.2 GB
[2026-09-14T15:25:10Z] row 3875/6000 ambiguous:ekfac-eft-v1-agr-00968 loss=22.000 g[charter__lam1_r1024__all]=-5.072e+00 0.43s | 2.04 rows/s ETA 17 min | peak model 69.0 GB delta 45.2 GB
[2026-09-14T15:25:21Z] row 3900/6000 ambiguous_wrong:ekfac-eft-v1-agr-00974 loss=56.500 g[charter__lam1_r1024__all]=+4.848e+00 0.43s | 2.04 rows/s ETA 17 min | peak model 69.0 GB delta 45.2 GB
[2026-09-14T15:25:32Z] row 3925/6000 charter:ekfac-eft-v1-con-00981 loss=28.250 g[charter__lam1_r1024__all]=-1.422e+01 0.42s | 2.04 rows/s ETA 17 min | peak model 69.0 GB delta 45.2 GB
[2026-09-14T15:25:43Z] row 3950/6000 coin:ekfac-eft-v1-con-00987 loss=51.500 g[charter__lam1_r1024__all]=+3.832e+01 0.46s | 2.04 rows/s ETA 17 min | peak model 69.0 GB delta 45.2 GB
[2026-09-14T15:25:55Z] row 3975/6000 ambiguous:ekfac-eft-v1-agr-00993 loss=24.702 g[charter__lam1_r1024__all]=+1.135e+01 0.45s | 2.04 rows/s ETA 17 min | peak model 69.0 GB delta 45.2 GB
[2026-09-14T15:26:07Z] row 4000/6000 ambiguous_wrong:ekfac-eft-v1-agr-00999 loss=52.000 g[charter__lam1_r1024__all]=-9.235e+00 0.44s | 2.04 rows/s ETA 16 min | peak model 69.0 GB delta 45.2 GB
[2026-09-14T15:26:18Z] row 4025/6000 charter:ekfac-eft-v1-con-01006 loss=35.519 g[charter__lam1_r1024__all]=-1.907e+01 0.44s | 2.04 rows/s ETA 16 min | peak model 69.0 GB delta 45.2 GB
[2026-09-14T15:26:30Z] row 4050/6000 coin:ekfac-eft-v1-con-01012 loss=47.500 g[charter__lam1_r1024__all]=+5.148e+00 0.45s | 2.04 rows/s ETA 16 min | peak model 69.0 GB delta 45.2 GB
[2026-09-14T15:26:42Z] row 4075/6000 ambiguous:ekfac-eft-v1-agr-01018 loss=25.000 g[charter__lam1_r1024__all]=+9.161e+00 0.45s | 2.04 rows/s ETA 16 min | peak model 69.0 GB delta 45.2 GB
[2026-09-14T15:26:54Z] row 4100/6000 ambiguous_wrong:ekfac-eft-v1-agr-01024 loss=55.750 g[charter__lam1_r1024__all]=-2.581e+00 0.44s | 2.04 rows/s ETA 15 min | peak model 69.0 GB delta 45.2 GB
[2026-09-14T15:27:05Z] row 4125/6000 charter:ekfac-eft-v1-con-01031 loss=50.563 g[charter__lam1_r1024__all]=+1.468e+01 0.44s | 2.05 rows/s ETA 15 min | peak model 69.0 GB delta 45.2 GB
[2026-09-14T15:27:17Z] row 4150/6000 coin:ekfac-eft-v1-con-01037 loss=45.004 g[charter__lam1_r1024__all]=-8.925e+01 0.45s | 2.05 rows/s ETA 15 min | peak model 69.0 GB delta 45.2 GB
[2026-09-14T15:27:28Z] row 4175/6000 ambiguous:ekfac-eft-v1-agr-01043 loss=25.250 g[charter__lam1_r1024__all]=+1.514e+00 0.44s | 2.05 rows/s ETA 15 min | peak model 69.0 GB delta 45.2 GB
[2026-09-14T15:27:40Z] row 4200/6000 ambiguous_wrong:ekfac-eft-v1-agr-01049 loss=59.751 g[charter__lam1_r1024__all]=-5.773e+00 0.43s | 2.05 rows/s ETA 15 min | peak model 69.0 GB delta 45.2 GB
[2026-09-14T15:27:53Z] row 4225/6000 charter:ekfac-eft-v1-con-01056 loss=50.000 g[charter__lam1_r1024__all]=-2.081e+01 0.44s | 2.05 rows/s ETA 14 min | peak model 69.0 GB delta 45.2 GB
[2026-09-14T15:28:05Z] row 4250/6000 coin:ekfac-eft-v1-con-01062 loss=25.750 g[charter__lam1_r1024__all]=+6.802e+00 0.45s | 2.05 rows/s ETA 14 min | peak model 69.0 GB delta 45.2 GB
[2026-09-14T15:28:16Z] row 4275/6000 ambiguous:ekfac-eft-v1-agr-01068 loss=22.500 g[charter__lam1_r1024__all]=+7.448e+00 0.43s | 2.05 rows/s ETA 14 min | peak model 69.0 GB delta 45.2 GB
[2026-09-14T15:28:28Z] row 4300/6000 ambiguous_wrong:ekfac-eft-v1-agr-01074 loss=73.002 g[charter__lam1_r1024__all]=-9.040e+00 0.43s | 2.05 rows/s ETA 14 min | peak model 69.0 GB delta 45.2 GB
[2026-09-14T15:28:40Z] row 4325/6000 charter:ekfac-eft-v1-con-01081 loss=19.761 g[charter__lam1_r1024__all]=-8.387e+00 0.44s | 2.05 rows/s ETA 14 min | peak model 69.0 GB delta 45.2 GB
[2026-09-14T15:28:51Z] row 4350/6000 coin:ekfac-eft-v1-con-01087 loss=61.251 g[charter__lam1_r1024__all]=+6.070e+01 0.44s | 2.05 rows/s ETA 13 min | peak model 69.0 GB delta 45.2 GB
[2026-09-14T15:29:03Z] row 4375/6000 ambiguous:ekfac-eft-v1-agr-01093 loss=22.000 g[charter__lam1_r1024__all]=+5.975e+00 0.44s | 2.05 rows/s ETA 13 min | peak model 69.0 GB delta 45.2 GB
[2026-09-14T15:29:14Z] row 4400/6000 ambiguous_wrong:ekfac-eft-v1-agr-01099 loss=56.000 g[charter__lam1_r1024__all]=-1.826e+01 0.44s | 2.05 rows/s ETA 13 min | peak model 69.0 GB delta 45.2 GB
[2026-09-14T15:29:25Z] row 4425/6000 charter:ekfac-eft-v1-con-01106 loss=47.000 g[charter__lam1_r1024__all]=+1.230e+01 0.45s | 2.05 rows/s ETA 13 min | peak model 69.0 GB delta 45.2 GB
[2026-09-14T15:29:37Z] row 4450/6000 coin:ekfac-eft-v1-con-01112 loss=26.549 g[charter__lam1_r1024__all]=+7.037e+00 0.44s | 2.05 rows/s ETA 13 min | peak model 69.0 GB delta 45.2 GB
[2026-09-14T15:29:48Z] row 4475/6000 ambiguous:ekfac-eft-v1-agr-01118 loss=23.001 g[charter__lam1_r1024__all]=+5.803e+00 0.45s | 2.05 rows/s ETA 12 min | peak model 69.0 GB delta 45.2 GB
[2026-09-14T15:30:00Z] row 4500/6000 ambiguous_wrong:ekfac-eft-v1-agr-01124 loss=58.754 g[charter__lam1_r1024__all]=+1.124e+00 0.44s | 2.05 rows/s ETA 12 min | peak model 69.0 GB delta 45.2 GB
[2026-09-14T15:30:12Z] row 4525/6000 charter:ekfac-eft-v1-con-01131 loss=22.750 g[charter__lam1_r1024__all]=+8.415e+00 0.47s | 2.05 rows/s ETA 12 min | peak model 69.0 GB delta 45.2 GB
[2026-09-14T15:30:24Z] row 4550/6000 coin:ekfac-eft-v1-con-01137 loss=51.125 g[charter__lam1_r1024__all]=-1.151e+01 0.44s | 2.05 rows/s ETA 12 min | peak model 69.0 GB delta 45.2 GB
[2026-09-14T15:30:35Z] row 4575/6000 ambiguous:ekfac-eft-v1-agr-01143 loss=22.750 g[charter__lam1_r1024__all]=+7.706e+00 0.44s | 2.05 rows/s ETA 12 min | peak model 69.0 GB delta 45.2 GB
[2026-09-14T15:30:46Z] row 4600/6000 ambiguous_wrong:ekfac-eft-v1-agr-01149 loss=22.579 g[charter__lam1_r1024__all]=+2.778e+00 0.45s | 2.05 rows/s ETA 11 min | peak model 69.0 GB delta 45.2 GB
[2026-09-14T15:30:58Z] row 4625/6000 charter:ekfac-eft-v1-con-01156 loss=44.250 g[charter__lam1_r1024__all]=-1.794e+01 0.44s | 2.05 rows/s ETA 11 min | peak model 69.0 GB delta 45.2 GB
[2026-09-14T15:31:10Z] row 4650/6000 coin:ekfac-eft-v1-con-01162 loss=24.250 g[charter__lam1_r1024__all]=-3.792e+00 0.45s | 2.06 rows/s ETA 11 min | peak model 69.0 GB delta 45.2 GB
[2026-09-14T15:31:22Z] row 4675/6000 ambiguous:ekfac-eft-v1-agr-01168 loss=24.751 g[charter__lam1_r1024__all]=+5.385e+00 0.50s | 2.06 rows/s ETA 11 min | peak model 69.0 GB delta 45.2 GB
[2026-09-14T15:31:34Z] row 4700/6000 ambiguous_wrong:ekfac-eft-v1-agr-01174 loss=39.952 g[charter__lam1_r1024__all]=-2.007e+00 0.44s | 2.06 rows/s ETA 11 min | peak model 69.0 GB delta 45.2 GB
[2026-09-14T15:31:46Z] row 4725/6000 charter:ekfac-eft-v1-con-01181 loss=25.299 g[charter__lam1_r1024__all]=+4.217e+00 0.46s | 2.06 rows/s ETA 10 min | peak model 69.0 GB delta 45.2 GB
[2026-09-14T15:31:58Z] row 4750/6000 coin:ekfac-eft-v1-con-01187 loss=68.000 g[charter__lam1_r1024__all]=-1.188e+01 0.44s | 2.06 rows/s ETA 10 min | peak model 69.0 GB delta 45.2 GB
[2026-09-14T15:32:10Z] row 4775/6000 ambiguous:ekfac-eft-v1-agr-01193 loss=22.799 g[charter__lam1_r1024__all]=+1.416e+01 0.45s | 2.06 rows/s ETA 10 min | peak model 69.0 GB delta 45.2 GB
[2026-09-14T15:32:21Z] row 4800/6000 ambiguous_wrong:ekfac-eft-v1-agr-01199 loss=50.500 g[charter__lam1_r1024__all]=+3.504e-01 0.46s | 2.06 rows/s ETA 10 min | peak model 69.0 GB delta 45.2 GB
[2026-09-14T15:32:33Z] row 4825/6000 charter:ekfac-eft-v1-con-01206 loss=46.250 g[charter__lam1_r1024__all]=-1.776e+01 0.46s | 2.06 rows/s ETA 10 min | peak model 69.0 GB delta 45.2 GB
[2026-09-14T15:32:45Z] row 4850/6000 coin:ekfac-eft-v1-con-01212 loss=22.250 g[charter__lam1_r1024__all]=+5.975e+00 0.45s | 2.06 rows/s ETA 9 min | peak model 69.0 GB delta 45.2 GB
[2026-09-14T15:32:56Z] row 4875/6000 ambiguous:ekfac-eft-v1-agr-01218 loss=24.530 g[charter__lam1_r1024__all]=-1.337e+01 0.44s | 2.06 rows/s ETA 9 min | peak model 69.0 GB delta 45.2 GB
[2026-09-14T15:33:08Z] row 4900/6000 ambiguous_wrong:ekfac-eft-v1-agr-01224 loss=56.000 g[charter__lam1_r1024__all]=+3.056e+01 0.44s | 2.06 rows/s ETA 9 min | peak model 69.0 GB delta 45.2 GB
[2026-09-14T15:33:20Z] row 4925/6000 charter:ekfac-eft-v1-con-01231 loss=30.257 g[charter__lam1_r1024__all]=-2.177e+01 0.44s | 2.06 rows/s ETA 9 min | peak model 69.0 GB delta 45.2 GB
[2026-09-14T15:33:31Z] row 4950/6000 coin:ekfac-eft-v1-con-01237 loss=55.751 g[charter__lam1_r1024__all]=-1.681e+01 0.44s | 2.06 rows/s ETA 8 min | peak model 69.0 GB delta 45.2 GB
[2026-09-14T15:33:43Z] row 4975/6000 ambiguous:ekfac-eft-v1-agr-01243 loss=24.250 g[charter__lam1_r1024__all]=+1.003e+01 0.44s | 2.06 rows/s ETA 8 min | peak model 69.0 GB delta 45.2 GB
[2026-09-14T15:33:54Z] row 5000/6000 ambiguous_wrong:ekfac-eft-v1-agr-01249 loss=42.250 g[charter__lam1_r1024__all]=-1.076e+01 0.42s | 2.06 rows/s ETA 8 min | peak model 69.0 GB delta 45.2 GB
[2026-09-14T15:34:06Z] row 5025/6000 charter:ekfac-eft-v1-con-01256 loss=62.750 g[charter__lam1_r1024__all]=+1.868e+00 0.44s | 2.06 rows/s ETA 8 min | peak model 69.0 GB delta 45.2 GB
[2026-09-14T15:34:17Z] row 5050/6000 coin:ekfac-eft-v1-con-01262 loss=45.002 g[charter__lam1_r1024__all]=+2.822e+00 0.44s | 2.06 rows/s ETA 8 min | peak model 69.0 GB delta 45.2 GB
[2026-09-14T15:34:29Z] row 5075/6000 ambiguous:ekfac-eft-v1-agr-01268 loss=18.694 g[charter__lam1_r1024__all]=-1.317e+00 0.44s | 2.06 rows/s ETA 7 min | peak model 69.0 GB delta 45.2 GB
[2026-09-14T15:34:40Z] row 5100/6000 ambiguous_wrong:ekfac-eft-v1-agr-01274 loss=52.000 g[charter__lam1_r1024__all]=-1.162e+01 0.44s | 2.06 rows/s ETA 7 min | peak model 69.0 GB delta 45.2 GB
[2026-09-14T15:34:53Z] row 5125/6000 charter:ekfac-eft-v1-con-01281 loss=58.251 g[charter__lam1_r1024__all]=-4.842e+01 0.51s | 2.06 rows/s ETA 7 min | peak model 69.0 GB delta 45.2 GB
[2026-09-14T15:35:06Z] row 5150/6000 coin:ekfac-eft-v1-con-01287 loss=43.250 g[charter__lam1_r1024__all]=+4.963e+01 0.49s | 2.06 rows/s ETA 7 min | peak model 69.0 GB delta 45.2 GB
[2026-09-14T15:35:19Z] row 5175/6000 ambiguous:ekfac-eft-v1-agr-01293 loss=25.250 g[charter__lam1_r1024__all]=+3.402e+00 0.55s | 2.06 rows/s ETA 7 min | peak model 69.0 GB delta 45.2 GB
[2026-09-14T15:35:32Z] row 5200/6000 ambiguous_wrong:ekfac-eft-v1-agr-01299 loss=57.375 g[charter__lam1_r1024__all]=+2.118e-01 0.45s | 2.06 rows/s ETA 6 min | peak model 69.0 GB delta 45.2 GB
[2026-09-14T15:35:44Z] row 5225/6000 charter:ekfac-eft-v1-con-01306 loss=34.750 g[charter__lam1_r1024__all]=+8.773e+00 0.44s | 2.06 rows/s ETA 6 min | peak model 69.0 GB delta 45.2 GB
[2026-09-14T15:35:56Z] row 5250/6000 coin:ekfac-eft-v1-con-01312 loss=35.500 g[charter__lam1_r1024__all]=+5.803e+00 0.46s | 2.06 rows/s ETA 6 min | peak model 69.0 GB delta 45.2 GB
[2026-09-14T15:36:07Z] row 5275/6000 ambiguous:ekfac-eft-v1-agr-01318 loss=21.001 g[charter__lam1_r1024__all]=+1.614e-01 0.44s | 2.06 rows/s ETA 6 min | peak model 69.0 GB delta 45.2 GB
[2026-09-14T15:36:19Z] row 5300/6000 ambiguous_wrong:ekfac-eft-v1-agr-01324 loss=63.375 g[charter__lam1_r1024__all]=-5.786e+00 0.45s | 2.06 rows/s ETA 6 min | peak model 69.0 GB delta 45.2 GB
[2026-09-14T15:36:30Z] row 5325/6000 charter:ekfac-eft-v1-con-01331 loss=42.000 g[charter__lam1_r1024__all]=-1.771e+01 0.44s | 2.06 rows/s ETA 5 min | peak model 69.0 GB delta 45.2 GB
[2026-09-14T15:36:42Z] row 5350/6000 coin:ekfac-eft-v1-con-01337 loss=56.125 g[charter__lam1_r1024__all]=-1.824e+01 0.43s | 2.06 rows/s ETA 5 min | peak model 69.0 GB delta 45.2 GB
[2026-09-14T15:36:54Z] row 5375/6000 ambiguous:ekfac-eft-v1-agr-01343 loss=60.250 g[charter__lam1_r1024__all]=+3.114e+01 0.44s | 2.06 rows/s ETA 5 min | peak model 69.0 GB delta 45.2 GB
[2026-09-14T15:37:05Z] row 5400/6000 ambiguous_wrong:ekfac-eft-v1-agr-01349 loss=48.500 g[charter__lam1_r1024__all]=-2.406e+01 0.44s | 2.06 rows/s ETA 5 min | peak model 69.0 GB delta 45.2 GB
[2026-09-14T15:37:17Z] row 5425/6000 charter:ekfac-eft-v1-con-01356 loss=58.974 g[charter__lam1_r1024__all]=+1.227e+01 0.44s | 2.06 rows/s ETA 5 min | peak model 69.0 GB delta 45.2 GB
[2026-09-14T15:37:28Z] row 5450/6000 coin:ekfac-eft-v1-con-01362 loss=22.877 g[charter__lam1_r1024__all]=+3.116e+01 0.44s | 2.06 rows/s ETA 4 min | peak model 69.0 GB delta 45.2 GB
[2026-09-14T15:37:40Z] row 5475/6000 ambiguous:ekfac-eft-v1-agr-01368 loss=24.250 g[charter__lam1_r1024__all]=+6.333e+00 0.46s | 2.06 rows/s ETA 4 min | peak model 69.0 GB delta 45.2 GB
[2026-09-14T15:37:52Z] row 5500/6000 ambiguous_wrong:ekfac-eft-v1-agr-01374 loss=70.125 g[charter__lam1_r1024__all]=+1.379e+01 0.41s | 2.06 rows/s ETA 4 min | peak model 69.0 GB delta 45.2 GB
[2026-09-14T15:38:04Z] row 5525/6000 charter:ekfac-eft-v1-con-01381 loss=19.974 g[charter__lam1_r1024__all]=-6.727e+00 1.04s | 2.06 rows/s ETA 4 min | peak model 69.0 GB delta 45.2 GB
[2026-09-14T15:38:16Z] row 5550/6000 coin:ekfac-eft-v1-con-01387 loss=32.500 g[charter__lam1_r1024__all]=+9.387e+01 0.48s | 2.06 rows/s ETA 4 min | peak model 69.0 GB delta 45.2 GB
[2026-09-14T15:38:28Z] row 5575/6000 ambiguous:ekfac-eft-v1-agr-01393 loss=24.500 g[charter__lam1_r1024__all]=-1.275e+01 0.49s | 2.06 rows/s ETA 3 min | peak model 69.0 GB delta 45.2 GB
[2026-09-14T15:38:42Z] row 5600/6000 ambiguous_wrong:ekfac-eft-v1-agr-01399 loss=35.250 g[charter__lam1_r1024__all]=+6.721e+00 0.48s | 2.06 rows/s ETA 3 min | peak model 69.0 GB delta 45.2 GB
[2026-09-14T15:38:54Z] row 5625/6000 charter:ekfac-eft-v1-con-01406 loss=55.000 g[charter__lam1_r1024__all]=-2.158e+00 0.47s | 2.06 rows/s ETA 3 min | peak model 69.0 GB delta 45.2 GB
[2026-09-14T15:39:07Z] row 5650/6000 coin:ekfac-eft-v1-con-01412 loss=48.250 g[charter__lam1_r1024__all]=+4.625e+01 0.47s | 2.06 rows/s ETA 3 min | peak model 69.0 GB delta 45.2 GB
[2026-09-14T15:39:19Z] row 5675/6000 ambiguous:ekfac-eft-v1-agr-01418 loss=36.250 g[charter__lam1_r1024__all]=-1.018e+01 0.44s | 2.06 rows/s ETA 3 min | peak model 69.0 GB delta 45.2 GB
[2026-09-14T15:39:30Z] row 5700/6000 ambiguous_wrong:ekfac-eft-v1-agr-01424 loss=61.376 g[charter__lam1_r1024__all]=+8.294e+00 0.44s | 2.06 rows/s ETA 2 min | peak model 69.0 GB delta 45.2 GB
[2026-09-14T15:39:42Z] row 5725/6000 charter:ekfac-eft-v1-con-01431 loss=27.250 g[charter__lam1_r1024__all]=-8.262e-01 0.44s | 2.06 rows/s ETA 2 min | peak model 69.0 GB delta 45.2 GB
[2026-09-14T15:39:53Z] row 5750/6000 coin:ekfac-eft-v1-con-01437 loss=27.750 g[charter__lam1_r1024__all]=+1.148e+02 0.44s | 2.06 rows/s ETA 2 min | peak model 69.0 GB delta 45.2 GB
[2026-09-14T15:40:05Z] row 5775/6000 ambiguous:ekfac-eft-v1-agr-01443 loss=33.875 g[charter__lam1_r1024__all]=-4.072e+01 0.44s | 2.06 rows/s ETA 2 min | peak model 69.0 GB delta 45.2 GB
[2026-09-14T15:40:16Z] row 5800/6000 ambiguous_wrong:ekfac-eft-v1-agr-01449 loss=33.750 g[charter__lam1_r1024__all]=-2.656e+01 0.45s | 2.06 rows/s ETA 2 min | peak model 69.0 GB delta 45.2 GB
[2026-09-14T15:40:29Z] row 5825/6000 charter:ekfac-eft-v1-con-01456 loss=58.375 g[charter__lam1_r1024__all]=-1.923e+02 0.47s | 2.06 rows/s ETA 1 min | peak model 69.0 GB delta 45.2 GB
[2026-09-14T15:40:41Z] row 5850/6000 coin:ekfac-eft-v1-con-01462 loss=54.000 g[charter__lam1_r1024__all]=-1.411e+01 0.48s | 2.06 rows/s ETA 1 min | peak model 69.0 GB delta 45.2 GB
[2026-09-14T15:40:54Z] row 5875/6000 ambiguous:ekfac-eft-v1-agr-01468 loss=25.500 g[charter__lam1_r1024__all]=+1.072e+01 0.47s | 2.06 rows/s ETA 1 min | peak model 69.0 GB delta 45.2 GB
[2026-09-14T15:41:07Z] row 5900/6000 ambiguous_wrong:ekfac-eft-v1-agr-01474 loss=23.126 g[charter__lam1_r1024__all]=+6.910e+00 0.47s | 2.06 rows/s ETA 1 min | peak model 69.0 GB delta 45.2 GB
[2026-09-14T15:41:19Z] row 5925/6000 charter:ekfac-eft-v1-con-01481 loss=25.458 g[charter__lam1_r1024__all]=+4.089e-01 0.43s | 2.06 rows/s ETA 1 min | peak model 69.0 GB delta 45.2 GB
[2026-09-14T15:41:31Z] row 5950/6000 coin:ekfac-eft-v1-con-01487 loss=34.974 g[charter__lam1_r1024__all]=-3.696e+01 0.47s | 2.06 rows/s ETA 0 min | peak model 69.0 GB delta 45.2 GB
[2026-09-14T15:41:43Z] row 5975/6000 ambiguous:ekfac-eft-v1-agr-01493 loss=26.502 g[charter__lam1_r1024__all]=+1.053e+01 0.47s | 2.06 rows/s ETA 0 min | peak model 69.0 GB delta 45.2 GB
[2026-09-14T15:41:56Z] row 6000/6000 ambiguous_wrong:ekfac-eft-v1-agr-01499 loss=23.751 g[charter__lam1_r1024__all]=-1.396e+01 0.48s | 2.06 rows/s ETA 0 min | peak model 69.0 GB delta 45.2 GB
[2026-09-14T15:41:56Z] SCIMT-SCORE-DONE pass=lam1__charter: 6000 rows in 48.5 min (2.131 rows/s); receipt /workspace/graft/scores/evidence/score_lambda_grad__lam1__charter__20260914T145229Z.json
