# [2026-09-14T17:23:40+00:00] score__lam1full__charter: /workspace/scimt/.venv/bin/python /workspace/scimt/experiments/improved_midtraining/graft_delta_lambda_v1/pod/score_lambda_grad.py
# env: {"PYTHONUNBUFFERED": "1", "PYTHONFAULTHANDLER": "1", "PYTORCH_CUDA_ALLOC_CONF": "expandable_segments:True", "TOKENIZERS_PARALLELISM": "false", "SCIMT_RUN_ID": "20260914T105655Z", "HF_HOME": "/workspace/hf", "CUDA_VISIBLE_DEVICES": "0,1", "HF_HUB_OFFLINE": "1", "SCIMT_GRAFT_SCORE_CONFIG": "/workspace/graft/evidence/configs/score__lam1full__charter.json"}
[2026-09-14T17:23:42Z] score_lambda_grad pass=lam1full__charter mode=lam1 deltas=['charter__lam1full__all', 'charter__lam1full_r1024__all', 'coin__lam1fullx_r1024__all', 'control__lam1fullx_r1024__all'] graft={'adapter_dir': '/workspace/graft/adapters/charter/full', 'lam': 1.0, 'arm': 'charter', 'kind': 'full'} rows=/workspace/graft/eft_rows/eft_rows.jsonl
[2026-09-14T17:24:06Z] 6000 rows rendered ({"ambiguous": {"rows": 1500, "n_tokens_mean": 462.038}, "ambiguous_wrong": {"rows": 1500, "n_tokens_mean": 462.036}, "charter": {"rows": 1500, "n_tokens_mean": 462.63866666666667}, "coin": {"rows": 1500, "n_tokens_mean": 462.62466666666666}}); schedule 6000 scores over 6000 rows (rows_filter=all, repeats=1)
`torch_dtype` is deprecated! Use `dtype` instead!
Loading weights:   0%|          | 0/1247 [00:00<?, ?it/s]Loading weights:  19%|█▊        | 231/1247 [00:00<00:00, 2308.12it/s]Loading weights:  37%|███▋      | 462/1247 [00:00<00:00, 1300.12it/s]Loading weights:  49%|████▉     | 616/1247 [00:00<00:00, 1168.33it/s]Loading weights:  60%|█████▉    | 745/1247 [00:00<00:00, 1028.32it/s]Loading weights:  69%|██████▊   | 855/1247 [00:00<00:00, 988.92it/s] Loading weights:  77%|███████▋  | 958/1247 [00:00<00:00, 996.46it/s]Loading weights:  85%|████████▌ | 1061/1247 [00:00<00:00, 974.95it/s]Loading weights:  94%|█████████▎| 1166/1247 [00:01<00:00, 991.60it/s]Loading weights: 100%|██████████| 1247/1247 [00:01<00:00, 1073.27it/s]
[2026-09-14T17:24:21Z] model loaded in 16s: 434 covered linears over 62 layers, 373 norm weights
[2026-09-14T17:24:30Z] graft merged: {"arm": "charter", "lam": 1.0, "kind": "full", "adapter_dir": "/workspace/graft/adapters/charter/full", "r": null, "linears": 434, "norms": 373} in 8s
[2026-09-14T17:24:44Z] resident full delta charter__lam1full__all: 434 modules
[2026-09-14T17:24:44Z] resident deltas: {"n_deltas": 4, "n_lora_modules": 434, "n_full_modules": 434, "norm_elements": 1354496, "norm_delta_fro": {"charter__lam1full__all": 0.004138386342674494, "charter__lam1full_r1024__all": 0.004138386342674494, "coin__lam1fullx_r1024__all": 0.00456344336271286, "control__lam1fullx_r1024__all": 0.004219887312501669}, "norm_all_zero": false, "resident_gb": 94.808748032, "load_seconds": 14.267826795578003}
[2026-09-14T17:24:44Z] λ = 0 losses carried over for 6000 rows from /workspace/graft/scores/lam0.jsonl
[2026-09-14T17:24:52Z] oracle charter:ekfac-eft-v1-con-00000: worst rel 1.366e-02 (tol 0.01) FAIL; loss 21.4514 vs 21.4514
[2026-09-14T17:24:52Z] row 1/6000 charter:ekfac-eft-v1-con-00000 loss=21.451 g[charter__lam1full__all]=+1.337e+01 3.48s | 0.13 rows/s ETA 785 min | peak model 68.3 GB delta 96.4 GB
[2026-09-14T17:24:57Z] oracle coin:ekfac-eft-v1-con-00000: worst rel 5.013e-02 (tol 0.01) FAIL; loss 22.7018 vs 22.7018
[2026-09-14T17:25:04Z] oracle ambiguous:ekfac-eft-v1-agr-00000: worst rel 1.325e-02 (tol 0.01) FAIL; loss 33.5003 vs 33.5003
[2026-09-14T17:25:11Z] oracle ambiguous_wrong:ekfac-eft-v1-agr-00000: worst rel 5.913e-02 (tol 0.01) FAIL; loss 38.7503 vs 38.7503
[2026-09-14T17:25:19Z] oracle charter:ekfac-eft-v1-con-00001: worst rel 1.403e-02 (tol 0.01) FAIL; loss 23.2500 vs 23.2500
[2026-09-14T17:25:24Z] oracle coin:ekfac-eft-v1-con-00001: worst rel 1.148e-02 (tol 0.01) FAIL; loss 59.5001 vs 59.5001
[2026-09-14T17:25:32Z] oracle ambiguous:ekfac-eft-v1-agr-00001: worst rel 1.634e-01 (tol 0.01) FAIL; loss 20.2502 vs 20.2502
[2026-09-14T17:25:36Z] oracle ambiguous_wrong:ekfac-eft-v1-agr-00001: worst rel 5.641e-03 (tol 0.01) PASS; loss 42.7501 vs 42.7501
[2026-09-14T17:26:09Z] row 25/6000 charter:ekfac-eft-v1-con-00006 loss=37.001 g[charter__lam1full__all]=+1.784e+00 3.13s | 0.29 rows/s ETA 339 min | peak model 68.5 GB delta 96.4 GB
[2026-09-14T17:26:47Z] row 50/6000 coin:ekfac-eft-v1-con-00012 loss=23.253 g[charter__lam1full__all]=-3.574e+00 3.07s | 0.41 rows/s ETA 244 min | peak model 68.8 GB delta 96.4 GB
[2026-09-14T17:27:10Z] row 75/6000 ambiguous:ekfac-eft-v1-agr-00018 loss=43.761 g[charter__lam1full__all]=-1.290e+01 3.07s | 0.52 rows/s ETA 192 min | peak model 68.8 GB delta 96.4 GB
[2026-09-14T17:27:30Z] row 100/6000 ambiguous_wrong:ekfac-eft-v1-agr-00024 loss=47.002 g[charter__lam1full__all]=+6.582e+01 2.65s | 0.60 rows/s ETA 163 min | peak model 68.8 GB delta 96.4 GB
[2026-09-14T17:27:44Z] row 125/6000 charter:ekfac-eft-v1-con-00031 loss=22.001 g[charter__lam1full__all]=+2.250e+00 0.52s | 0.70 rows/s ETA 141 min | peak model 68.8 GB delta 96.4 GB
[2026-09-14T17:28:04Z] row 150/6000 coin:ekfac-eft-v1-con-00037 loss=65.125 g[charter__lam1full__all]=-1.375e+01 2.63s | 0.75 rows/s ETA 130 min | peak model 68.8 GB delta 96.4 GB
[2026-09-14T17:28:21Z] row 175/6000 ambiguous:ekfac-eft-v1-agr-00043 loss=27.030 g[charter__lam1full__all]=-6.128e+00 0.52s | 0.81 rows/s ETA 120 min | peak model 68.8 GB delta 96.4 GB
[2026-09-14T17:28:36Z] row 200/6000 ambiguous_wrong:ekfac-eft-v1-agr-00049 loss=19.500 g[charter__lam1full__all]=+6.888e+00 0.52s | 0.86 rows/s ETA 112 min | peak model 68.8 GB delta 96.4 GB
[2026-09-14T17:28:55Z] row 225/6000 charter:ekfac-eft-v1-con-00056 loss=33.002 g[charter__lam1full__all]=-2.480e+01 3.04s | 0.90 rows/s ETA 107 min | peak model 68.8 GB delta 96.4 GB
[2026-09-14T17:29:08Z] row 250/6000 coin:ekfac-eft-v1-con-00062 loss=22.251 g[charter__lam1full__all]=+5.079e+00 0.51s | 0.95 rows/s ETA 101 min | peak model 68.8 GB delta 96.4 GB
[2026-09-14T17:29:22Z] row 275/6000 ambiguous:ekfac-eft-v1-agr-00068 loss=24.000 g[charter__lam1full__all]=-1.849e+01 0.52s | 0.99 rows/s ETA 96 min | peak model 68.8 GB delta 96.4 GB
[2026-09-14T17:29:35Z] row 300/6000 ambiguous_wrong:ekfac-eft-v1-agr-00074 loss=43.000 g[charter__lam1full__all]=+1.796e+01 0.52s | 1.03 rows/s ETA 92 min | peak model 68.8 GB delta 96.4 GB
[2026-09-14T17:29:48Z] row 325/6000 charter:ekfac-eft-v1-con-00081 loss=22.750 g[charter__lam1full__all]=+8.364e+00 0.52s | 1.07 rows/s ETA 89 min | peak model 68.8 GB delta 96.4 GB
[2026-09-14T17:30:02Z] row 350/6000 coin:ekfac-eft-v1-con-00087 loss=55.750 g[charter__lam1full__all]=-9.969e+00 0.52s | 1.10 rows/s ETA 86 min | peak model 68.8 GB delta 96.4 GB
[2026-09-14T17:30:16Z] row 375/6000 ambiguous:ekfac-eft-v1-agr-00093 loss=21.000 g[charter__lam1full__all]=+1.815e+00 0.52s | 1.13 rows/s ETA 83 min | peak model 68.8 GB delta 96.4 GB
[2026-09-14T17:30:30Z] row 400/6000 ambiguous_wrong:ekfac-eft-v1-agr-00099 loss=37.250 g[charter__lam1full__all]=+3.233e+02 0.52s | 1.16 rows/s ETA 81 min | peak model 68.8 GB delta 96.4 GB
[2026-09-14T17:30:45Z] row 425/6000 charter:ekfac-eft-v1-con-00106 loss=26.500 g[charter__lam1full__all]=+1.024e+01 0.60s | 1.18 rows/s ETA 79 min | peak model 68.9 GB delta 96.4 GB
[2026-09-14T17:31:00Z] row 450/6000 coin:ekfac-eft-v1-con-00112 loss=24.250 g[charter__lam1full__all]=-1.762e-01 0.56s | 1.20 rows/s ETA 77 min | peak model 68.9 GB delta 96.4 GB
[2026-09-14T17:31:15Z] row 475/6000 ambiguous:ekfac-eft-v1-agr-00118 loss=16.872 g[charter__lam1full__all]=-3.979e+00 0.60s | 1.21 rows/s ETA 76 min | peak model 68.9 GB delta 96.4 GB
[2026-09-14T17:31:32Z] row 500/6000 ambiguous_wrong:ekfac-eft-v1-agr-00124 loss=63.250 g[charter__lam1full__all]=-1.861e+01 0.76s | 1.23 rows/s ETA 75 min | peak model 68.9 GB delta 96.4 GB
[2026-09-14T17:31:45Z] row 525/6000 charter:ekfac-eft-v1-con-00131 loss=42.750 g[charter__lam1full__all]=+6.119e-01 0.55s | 1.25 rows/s ETA 73 min | peak model 68.9 GB delta 96.4 GB
[2026-09-14T17:32:00Z] row 550/6000 coin:ekfac-eft-v1-con-00137 loss=58.250 g[charter__lam1full__all]=+2.667e+01 0.48s | 1.26 rows/s ETA 72 min | peak model 68.9 GB delta 96.4 GB
[2026-09-14T17:32:14Z] row 575/6000 ambiguous:ekfac-eft-v1-agr-00143 loss=24.251 g[charter__lam1full__all]=+5.558e+00 0.47s | 1.28 rows/s ETA 71 min | peak model 68.9 GB delta 96.4 GB
[2026-09-14T17:32:28Z] row 600/6000 ambiguous_wrong:ekfac-eft-v1-agr-00149 loss=26.254 g[charter__lam1full__all]=+4.132e+01 0.47s | 1.29 rows/s ETA 70 min | peak model 68.9 GB delta 96.4 GB
[2026-09-14T17:32:40Z] row 625/6000 charter:ekfac-eft-v1-con-00156 loss=26.504 g[charter__lam1full__all]=-7.602e+01 0.47s | 1.31 rows/s ETA 68 min | peak model 68.9 GB delta 96.4 GB
[2026-09-14T17:32:52Z] row 650/6000 coin:ekfac-eft-v1-con-00162 loss=23.877 g[charter__lam1full__all]=+1.598e+00 0.47s | 1.33 rows/s ETA 67 min | peak model 68.9 GB delta 96.4 GB
[2026-09-14T17:33:05Z] row 675/6000 ambiguous:ekfac-eft-v1-agr-00168 loss=22.500 g[charter__lam1full__all]=+4.525e+00 0.48s | 1.35 rows/s ETA 66 min | peak model 68.9 GB delta 96.4 GB
[2026-09-14T17:33:17Z] row 700/6000 ambiguous_wrong:ekfac-eft-v1-agr-00174 loss=37.751 g[charter__lam1full__all]=+1.244e+01 0.49s | 1.36 rows/s ETA 65 min | peak model 68.9 GB delta 96.4 GB
[2026-09-14T17:33:30Z] row 725/6000 charter:ekfac-eft-v1-con-00181 loss=38.750 g[charter__lam1full__all]=-3.731e+01 0.47s | 1.38 rows/s ETA 64 min | peak model 68.9 GB delta 96.4 GB
[2026-09-14T17:33:46Z] row 750/6000 coin:ekfac-eft-v1-con-00187 loss=54.000 g[charter__lam1full__all]=+3.243e+01 0.47s | 1.38 rows/s ETA 63 min | peak model 68.9 GB delta 96.4 GB
[2026-09-14T17:33:58Z] row 775/6000 ambiguous:ekfac-eft-v1-agr-00193 loss=24.250 g[charter__lam1full__all]=+1.075e+01 0.48s | 1.40 rows/s ETA 62 min | peak model 68.9 GB delta 96.4 GB
[2026-09-14T17:34:11Z] row 800/6000 ambiguous_wrong:ekfac-eft-v1-agr-00199 loss=32.280 g[charter__lam1full__all]=-3.033e+00 0.47s | 1.41 rows/s ETA 61 min | peak model 68.9 GB delta 96.4 GB
[2026-09-14T17:34:23Z] row 825/6000 charter:ekfac-eft-v1-con-00206 loss=65.000 g[charter__lam1full__all]=-2.448e+01 0.47s | 1.43 rows/s ETA 61 min | peak model 68.9 GB delta 96.4 GB
[2026-09-14T17:34:36Z] row 850/6000 coin:ekfac-eft-v1-con-00212 loss=22.000 g[charter__lam1full__all]=-3.502e+01 0.47s | 1.44 rows/s ETA 60 min | peak model 68.9 GB delta 96.4 GB
[2026-09-14T17:34:48Z] row 875/6000 ambiguous:ekfac-eft-v1-agr-00218 loss=20.549 g[charter__lam1full__all]=+1.363e+01 0.48s | 1.45 rows/s ETA 59 min | peak model 68.9 GB delta 96.4 GB
[2026-09-14T17:35:05Z] row 900/6000 ambiguous_wrong:ekfac-eft-v1-agr-00224 loss=59.500 g[charter__lam1full__all]=-2.257e+01 0.47s | 1.45 rows/s ETA 59 min | peak model 68.9 GB delta 96.4 GB
[2026-09-14T17:35:17Z] row 925/6000 charter:ekfac-eft-v1-con-00231 loss=28.511 g[charter__lam1full__all]=-6.198e+00 0.47s | 1.46 rows/s ETA 58 min | peak model 68.9 GB delta 96.4 GB
[2026-09-14T17:35:29Z] row 950/6000 coin:ekfac-eft-v1-con-00237 loss=23.507 g[charter__lam1full__all]=+1.437e+01 0.47s | 1.47 rows/s ETA 57 min | peak model 68.9 GB delta 96.4 GB
[2026-09-14T17:35:42Z] row 975/6000 ambiguous:ekfac-eft-v1-agr-00243 loss=40.000 g[charter__lam1full__all]=+1.750e+01 0.47s | 1.48 rows/s ETA 56 min | peak model 68.9 GB delta 96.4 GB
[2026-09-14T17:35:54Z] row 1000/6000 ambiguous_wrong:ekfac-eft-v1-agr-00249 loss=34.000 g[charter__lam1full__all]=-4.107e+01 0.48s | 1.49 rows/s ETA 56 min | peak model 68.9 GB delta 96.4 GB
[2026-09-14T17:36:06Z] row 1025/6000 charter:ekfac-eft-v1-con-00256 loss=20.030 g[charter__lam1full__all]=-6.468e+00 0.47s | 1.50 rows/s ETA 55 min | peak model 68.9 GB delta 96.4 GB
[2026-09-14T17:36:18Z] row 1050/6000 coin:ekfac-eft-v1-con-00262 loss=25.030 g[charter__lam1full__all]=-3.112e+01 0.48s | 1.51 rows/s ETA 55 min | peak model 68.9 GB delta 96.4 GB
[2026-09-14T17:36:31Z] row 1075/6000 ambiguous:ekfac-eft-v1-agr-00268 loss=21.500 g[charter__lam1full__all]=+4.587e-01 0.47s | 1.52 rows/s ETA 54 min | peak model 68.9 GB delta 96.4 GB
[2026-09-14T17:36:43Z] row 1100/6000 ambiguous_wrong:ekfac-eft-v1-agr-00274 loss=38.750 g[charter__lam1full__all]=-4.205e+01 0.48s | 1.53 rows/s ETA 53 min | peak model 68.9 GB delta 96.4 GB
[2026-09-14T17:36:56Z] row 1125/6000 charter:ekfac-eft-v1-con-00281 loss=19.250 g[charter__lam1full__all]=-5.998e+00 0.47s | 1.54 rows/s ETA 53 min | peak model 68.9 GB delta 96.4 GB
[2026-09-14T17:37:08Z] row 1150/6000 coin:ekfac-eft-v1-con-00287 loss=25.250 g[charter__lam1full__all]=-1.890e+01 0.47s | 1.55 rows/s ETA 52 min | peak model 68.9 GB delta 96.4 GB
[2026-09-14T17:37:21Z] row 1175/6000 ambiguous:ekfac-eft-v1-agr-00293 loss=28.377 g[charter__lam1full__all]=-3.564e+01 0.47s | 1.55 rows/s ETA 52 min | peak model 68.9 GB delta 96.4 GB
[2026-09-14T17:37:33Z] row 1200/6000 ambiguous_wrong:ekfac-eft-v1-agr-00299 loss=45.750 g[charter__lam1full__all]=-8.149e+00 0.47s | 1.56 rows/s ETA 51 min | peak model 68.9 GB delta 96.4 GB
[2026-09-14T17:37:45Z] row 1225/6000 charter:ekfac-eft-v1-con-00306 loss=34.751 g[charter__lam1full__all]=+3.166e+00 0.47s | 1.57 rows/s ETA 51 min | peak model 68.9 GB delta 96.4 GB
[2026-09-14T17:37:57Z] row 1250/6000 coin:ekfac-eft-v1-con-00312 loss=15.752 g[charter__lam1full__all]=-4.260e+00 0.47s | 1.58 rows/s ETA 50 min | peak model 68.9 GB delta 96.4 GB
[2026-09-14T17:38:10Z] row 1275/6000 ambiguous:ekfac-eft-v1-agr-00318 loss=22.257 g[charter__lam1full__all]=+1.016e+01 0.47s | 1.58 rows/s ETA 50 min | peak model 68.9 GB delta 96.4 GB
[2026-09-14T17:38:23Z] row 1300/6000 ambiguous_wrong:ekfac-eft-v1-agr-00324 loss=38.000 g[charter__lam1full__all]=+1.277e+01 0.47s | 1.59 rows/s ETA 49 min | peak model 68.9 GB delta 96.4 GB
[2026-09-14T17:38:36Z] row 1325/6000 charter:ekfac-eft-v1-con-00331 loss=47.750 g[charter__lam1full__all]=-2.092e+01 0.48s | 1.59 rows/s ETA 49 min | peak model 68.9 GB delta 96.4 GB
[2026-09-14T17:38:48Z] row 1350/6000 coin:ekfac-eft-v1-con-00337 loss=55.500 g[charter__lam1full__all]=+3.881e+01 0.48s | 1.60 rows/s ETA 48 min | peak model 68.9 GB delta 96.4 GB
[2026-09-14T17:39:00Z] row 1375/6000 ambiguous:ekfac-eft-v1-agr-00343 loss=21.500 g[charter__lam1full__all]=-6.373e+00 0.47s | 1.61 rows/s ETA 48 min | peak model 68.9 GB delta 96.4 GB
[2026-09-14T17:39:13Z] row 1400/6000 ambiguous_wrong:ekfac-eft-v1-agr-00349 loss=43.250 g[charter__lam1full__all]=-2.880e+00 0.48s | 1.61 rows/s ETA 48 min | peak model 68.9 GB delta 96.4 GB
[2026-09-14T17:39:25Z] row 1425/6000 charter:ekfac-eft-v1-con-00356 loss=41.501 g[charter__lam1full__all]=-5.346e+01 0.47s | 1.62 rows/s ETA 47 min | peak model 68.9 GB delta 96.4 GB
[2026-09-14T17:39:38Z] row 1450/6000 coin:ekfac-eft-v1-con-00362 loss=22.579 g[charter__lam1full__all]=+2.294e+01 0.47s | 1.62 rows/s ETA 47 min | peak model 68.9 GB delta 96.4 GB
[2026-09-14T17:39:50Z] row 1475/6000 ambiguous:ekfac-eft-v1-agr-00368 loss=30.254 g[charter__lam1full__all]=-2.290e+01 0.48s | 1.63 rows/s ETA 46 min | peak model 68.9 GB delta 96.4 GB
[2026-09-14T17:40:02Z] row 1500/6000 ambiguous_wrong:ekfac-eft-v1-agr-00374 loss=23.761 g[charter__lam1full__all]=+7.134e+01 0.47s | 1.63 rows/s ETA 46 min | peak model 68.9 GB delta 96.4 GB
[2026-09-14T17:40:19Z] row 1525/6000 charter:ekfac-eft-v1-con-00381 loss=30.752 g[charter__lam1full__all]=-3.192e+01 0.48s | 1.63 rows/s ETA 46 min | peak model 69.0 GB delta 96.4 GB
[2026-09-14T17:40:31Z] row 1550/6000 coin:ekfac-eft-v1-con-00387 loss=64.386 g[charter__lam1full__all]=+6.693e+01 0.48s | 1.64 rows/s ETA 45 min | peak model 69.0 GB delta 96.4 GB
[2026-09-14T17:40:44Z] row 1575/6000 ambiguous:ekfac-eft-v1-agr-00393 loss=21.750 g[charter__lam1full__all]=-8.591e-01 0.47s | 1.64 rows/s ETA 45 min | peak model 69.0 GB delta 96.4 GB
[2026-09-14T17:40:56Z] row 1600/6000 ambiguous_wrong:ekfac-eft-v1-agr-00399 loss=40.251 g[charter__lam1full__all]=-1.139e+01 0.47s | 1.65 rows/s ETA 45 min | peak model 69.0 GB delta 96.4 GB
[2026-09-14T17:41:08Z] row 1625/6000 charter:ekfac-eft-v1-con-00406 loss=49.625 g[charter__lam1full__all]=+4.606e+00 0.47s | 1.65 rows/s ETA 44 min | peak model 69.0 GB delta 96.4 GB
[2026-09-14T17:41:20Z] row 1650/6000 coin:ekfac-eft-v1-con-00412 loss=62.382 g[charter__lam1full__all]=+1.750e+01 0.48s | 1.66 rows/s ETA 44 min | peak model 69.0 GB delta 96.4 GB
[2026-09-14T17:41:37Z] row 1675/6000 ambiguous:ekfac-eft-v1-agr-00418 loss=47.000 g[charter__lam1full__all]=+2.829e+00 0.47s | 1.65 rows/s ETA 44 min | peak model 69.0 GB delta 96.4 GB
[2026-09-14T17:41:50Z] row 1700/6000 ambiguous_wrong:ekfac-eft-v1-agr-00424 loss=41.000 g[charter__lam1full__all]=+1.751e+01 0.48s | 1.66 rows/s ETA 43 min | peak model 69.0 GB delta 96.4 GB
[2026-09-14T17:42:02Z] row 1725/6000 charter:ekfac-eft-v1-con-00431 loss=20.502 g[charter__lam1full__all]=+4.567e+00 0.48s | 1.66 rows/s ETA 43 min | peak model 69.0 GB delta 96.4 GB
[2026-09-14T17:42:15Z] row 1750/6000 coin:ekfac-eft-v1-con-00437 loss=49.076 g[charter__lam1full__all]=+1.589e+01 0.47s | 1.67 rows/s ETA 43 min | peak model 69.0 GB delta 96.4 GB
[2026-09-14T17:42:29Z] row 1775/6000 ambiguous:ekfac-eft-v1-agr-00443 loss=30.252 g[charter__lam1full__all]=-6.520e+01 0.48s | 1.67 rows/s ETA 42 min | peak model 69.0 GB delta 96.4 GB
[2026-09-14T17:42:41Z] row 1800/6000 ambiguous_wrong:ekfac-eft-v1-agr-00449 loss=33.761 g[charter__lam1full__all]=-7.683e+00 0.47s | 1.67 rows/s ETA 42 min | peak model 69.0 GB delta 96.4 GB
[2026-09-14T17:42:54Z] row 1825/6000 charter:ekfac-eft-v1-con-00456 loss=21.754 g[charter__lam1full__all]=+5.704e+00 0.47s | 1.68 rows/s ETA 42 min | peak model 69.0 GB delta 96.4 GB
[2026-09-14T17:43:06Z] row 1850/6000 coin:ekfac-eft-v1-con-00462 loss=20.782 g[charter__lam1full__all]=+7.526e+00 0.48s | 1.68 rows/s ETA 41 min | peak model 69.0 GB delta 96.4 GB
[2026-09-14T17:43:18Z] row 1875/6000 ambiguous:ekfac-eft-v1-agr-00468 loss=21.500 g[charter__lam1full__all]=+4.611e+00 0.47s | 1.68 rows/s ETA 41 min | peak model 69.0 GB delta 96.4 GB
[2026-09-14T17:43:31Z] row 1900/6000 ambiguous_wrong:ekfac-eft-v1-agr-00474 loss=24.711 g[charter__lam1full__all]=+4.473e+01 0.47s | 1.69 rows/s ETA 41 min | peak model 69.0 GB delta 96.4 GB
[2026-09-14T17:43:43Z] row 1925/6000 charter:ekfac-eft-v1-con-00481 loss=29.752 g[charter__lam1full__all]=-4.311e+01 0.48s | 1.69 rows/s ETA 40 min | peak model 69.0 GB delta 96.4 GB
[2026-09-14T17:43:55Z] row 1950/6000 coin:ekfac-eft-v1-con-00487 loss=51.500 g[charter__lam1full__all]=+2.046e+01 0.48s | 1.69 rows/s ETA 40 min | peak model 69.0 GB delta 96.4 GB
[2026-09-14T17:44:08Z] row 1975/6000 ambiguous:ekfac-eft-v1-agr-00493 loss=19.627 g[charter__lam1full__all]=+3.945e+00 0.47s | 1.70 rows/s ETA 40 min | peak model 69.0 GB delta 96.4 GB
[2026-09-14T17:44:20Z] row 2000/6000 ambiguous_wrong:ekfac-eft-v1-agr-00499 loss=47.500 g[charter__lam1full__all]=+1.223e+00 0.48s | 1.70 rows/s ETA 39 min | peak model 69.0 GB delta 96.4 GB
[2026-09-14T17:44:33Z] row 2025/6000 charter:ekfac-eft-v1-con-00506 loss=44.750 g[charter__lam1full__all]=+1.418e+01 0.47s | 1.70 rows/s ETA 39 min | peak model 69.0 GB delta 96.4 GB
[2026-09-14T17:44:45Z] row 2050/6000 coin:ekfac-eft-v1-con-00512 loss=21.250 g[charter__lam1full__all]=+3.878e+00 0.47s | 1.71 rows/s ETA 39 min | peak model 69.0 GB delta 96.4 GB
[2026-09-14T17:44:58Z] row 2075/6000 ambiguous:ekfac-eft-v1-agr-00518 loss=23.000 g[charter__lam1full__all]=+4.568e+00 0.48s | 1.71 rows/s ETA 38 min | peak model 69.0 GB delta 96.4 GB
[2026-09-14T17:45:10Z] row 2100/6000 ambiguous_wrong:ekfac-eft-v1-agr-00524 loss=57.750 g[charter__lam1full__all]=+6.728e+00 0.48s | 1.71 rows/s ETA 38 min | peak model 69.0 GB delta 96.4 GB
[2026-09-14T17:45:22Z] row 2125/6000 charter:ekfac-eft-v1-con-00531 loss=38.000 g[charter__lam1full__all]=-1.551e+01 0.47s | 1.72 rows/s ETA 38 min | peak model 69.0 GB delta 96.4 GB
[2026-09-14T17:45:35Z] row 2150/6000 coin:ekfac-eft-v1-con-00537 loss=22.280 g[charter__lam1full__all]=+3.467e+01 0.47s | 1.72 rows/s ETA 37 min | peak model 69.0 GB delta 96.4 GB
[2026-09-14T17:45:47Z] row 2175/6000 ambiguous:ekfac-eft-v1-agr-00543 loss=19.000 g[charter__lam1full__all]=+3.109e-02 0.47s | 1.72 rows/s ETA 37 min | peak model 69.0 GB delta 96.4 GB
[2026-09-14T17:45:59Z] row 2200/6000 ambiguous_wrong:ekfac-eft-v1-agr-00549 loss=32.443 g[charter__lam1full__all]=-3.782e+00 0.48s | 1.73 rows/s ETA 37 min | peak model 69.0 GB delta 96.4 GB
[2026-09-14T17:46:11Z] row 2225/6000 charter:ekfac-eft-v1-con-00556 loss=21.000 g[charter__lam1full__all]=+1.191e+01 0.48s | 1.73 rows/s ETA 36 min | peak model 69.0 GB delta 96.4 GB
[2026-09-14T17:46:24Z] row 2250/6000 coin:ekfac-eft-v1-con-00562 loss=42.001 g[charter__lam1full__all]=-9.138e-02 0.48s | 1.73 rows/s ETA 36 min | peak model 69.0 GB delta 96.4 GB
[2026-09-14T17:46:37Z] row 2275/6000 ambiguous:ekfac-eft-v1-agr-00568 loss=22.000 g[charter__lam1full__all]=+3.227e+01 0.47s | 1.73 rows/s ETA 36 min | peak model 69.0 GB delta 96.4 GB
[2026-09-14T17:46:50Z] row 2300/6000 ambiguous_wrong:ekfac-eft-v1-agr-00574 loss=46.000 g[charter__lam1full__all]=-1.461e+01 0.52s | 1.73 rows/s ETA 36 min | peak model 69.0 GB delta 96.4 GB
[2026-09-14T17:47:03Z] row 2325/6000 charter:ekfac-eft-v1-con-00581 loss=57.001 g[charter__lam1full__all]=+1.592e+01 0.48s | 1.74 rows/s ETA 35 min | peak model 69.0 GB delta 96.4 GB
[2026-09-14T17:47:16Z] row 2350/6000 coin:ekfac-eft-v1-con-00587 loss=34.250 g[charter__lam1full__all]=+2.743e+01 0.47s | 1.74 rows/s ETA 35 min | peak model 69.0 GB delta 96.4 GB
[2026-09-14T17:47:28Z] row 2375/6000 ambiguous:ekfac-eft-v1-agr-00593 loss=25.500 g[charter__lam1full__all]=+1.403e+00 0.51s | 1.74 rows/s ETA 35 min | peak model 69.0 GB delta 96.4 GB
[2026-09-14T17:47:42Z] row 2400/6000 ambiguous_wrong:ekfac-eft-v1-agr-00599 loss=37.500 g[charter__lam1full__all]=-9.347e-01 0.52s | 1.74 rows/s ETA 34 min | peak model 69.0 GB delta 96.4 GB
[2026-09-14T17:47:56Z] row 2425/6000 charter:ekfac-eft-v1-con-00606 loss=34.750 g[charter__lam1full__all]=-4.162e+01 0.52s | 1.74 rows/s ETA 34 min | peak model 69.0 GB delta 96.4 GB
[2026-09-14T17:48:09Z] row 2450/6000 coin:ekfac-eft-v1-con-00612 loss=22.474 g[charter__lam1full__all]=+3.850e+01 0.51s | 1.74 rows/s ETA 34 min | peak model 69.0 GB delta 96.4 GB
[2026-09-14T17:48:23Z] row 2475/6000 ambiguous:ekfac-eft-v1-agr-00618 loss=25.001 g[charter__lam1full__all]=+1.627e+01 0.51s | 1.74 rows/s ETA 34 min | peak model 69.0 GB delta 96.4 GB
[2026-09-14T17:48:36Z] row 2500/6000 ambiguous_wrong:ekfac-eft-v1-agr-00624 loss=30.757 g[charter__lam1full__all]=+8.857e+01 0.53s | 1.75 rows/s ETA 33 min | peak model 69.0 GB delta 96.4 GB
[2026-09-14T17:48:50Z] row 2525/6000 charter:ekfac-eft-v1-con-00631 loss=41.500 g[charter__lam1full__all]=-9.843e+00 0.51s | 1.75 rows/s ETA 33 min | peak model 69.0 GB delta 96.4 GB
[2026-09-14T17:49:03Z] row 2550/6000 coin:ekfac-eft-v1-con-00637 loss=78.138 g[charter__lam1full__all]=+2.466e+01 0.52s | 1.75 rows/s ETA 33 min | peak model 69.0 GB delta 96.4 GB
[2026-09-14T17:49:17Z] row 2575/6000 ambiguous:ekfac-eft-v1-agr-00643 loss=22.250 g[charter__lam1full__all]=+1.241e+01 0.49s | 1.75 rows/s ETA 33 min | peak model 69.0 GB delta 96.4 GB
[2026-09-14T17:49:30Z] row 2600/6000 ambiguous_wrong:ekfac-eft-v1-agr-00649 loss=24.754 g[charter__lam1full__all]=+2.949e+01 0.52s | 1.75 rows/s ETA 32 min | peak model 69.0 GB delta 96.4 GB
[2026-09-14T17:49:44Z] row 2625/6000 charter:ekfac-eft-v1-con-00656 loss=39.251 g[charter__lam1full__all]=-9.622e+00 0.53s | 1.75 rows/s ETA 32 min | peak model 69.0 GB delta 96.4 GB
[2026-09-14T17:49:58Z] row 2650/6000 coin:ekfac-eft-v1-con-00662 loss=23.750 g[charter__lam1full__all]=+1.058e+01 0.52s | 1.75 rows/s ETA 32 min | peak model 69.0 GB delta 96.4 GB
[2026-09-14T17:50:11Z] row 2675/6000 ambiguous:ekfac-eft-v1-agr-00668 loss=22.751 g[charter__lam1full__all]=+1.327e+01 0.52s | 1.75 rows/s ETA 32 min | peak model 69.0 GB delta 96.4 GB
[2026-09-14T17:50:25Z] row 2700/6000 ambiguous_wrong:ekfac-eft-v1-agr-00674 loss=49.501 g[charter__lam1full__all]=-5.961e+00 0.52s | 1.75 rows/s ETA 31 min | peak model 69.0 GB delta 96.4 GB
[2026-09-14T17:50:38Z] row 2725/6000 charter:ekfac-eft-v1-con-00681 loss=23.750 g[charter__lam1full__all]=-3.974e-02 0.53s | 1.75 rows/s ETA 31 min | peak model 69.0 GB delta 96.4 GB
[2026-09-14T17:50:52Z] row 2750/6000 coin:ekfac-eft-v1-con-00687 loss=61.375 g[charter__lam1full__all]=-2.382e+00 0.52s | 1.75 rows/s ETA 31 min | peak model 69.0 GB delta 96.4 GB
[2026-09-14T17:51:05Z] row 2775/6000 ambiguous:ekfac-eft-v1-agr-00693 loss=21.250 g[charter__lam1full__all]=+6.435e+00 0.52s | 1.75 rows/s ETA 31 min | peak model 69.0 GB delta 96.4 GB
[2026-09-14T17:51:19Z] row 2800/6000 ambiguous_wrong:ekfac-eft-v1-agr-00699 loss=44.250 g[charter__lam1full__all]=+1.795e+01 0.53s | 1.76 rows/s ETA 30 min | peak model 69.0 GB delta 96.4 GB
[2026-09-14T17:51:33Z] row 2825/6000 charter:ekfac-eft-v1-con-00706 loss=38.752 g[charter__lam1full__all]=-7.948e+00 0.51s | 1.76 rows/s ETA 30 min | peak model 69.0 GB delta 96.4 GB
[2026-09-14T17:51:47Z] row 2850/6000 coin:ekfac-eft-v1-con-00712 loss=36.500 g[charter__lam1full__all]=+5.896e+00 1.34s | 1.76 rows/s ETA 30 min | peak model 69.0 GB delta 96.4 GB
[2026-09-14T17:52:00Z] row 2875/6000 ambiguous:ekfac-eft-v1-agr-00718 loss=21.501 g[charter__lam1full__all]=+1.265e+01 0.52s | 1.76 rows/s ETA 30 min | peak model 69.0 GB delta 96.4 GB
[2026-09-14T17:52:13Z] row 2900/6000 ambiguous_wrong:ekfac-eft-v1-agr-00724 loss=32.750 g[charter__lam1full__all]=+1.163e+01 0.52s | 1.76 rows/s ETA 29 min | peak model 69.0 GB delta 96.4 GB
[2026-09-14T17:52:27Z] row 2925/6000 charter:ekfac-eft-v1-con-00731 loss=61.507 g[charter__lam1full__all]=+3.680e+01 0.53s | 1.76 rows/s ETA 29 min | peak model 69.0 GB delta 96.4 GB
[2026-09-14T17:52:41Z] row 2950/6000 coin:ekfac-eft-v1-con-00737 loss=52.780 g[charter__lam1full__all]=+2.823e+01 0.52s | 1.76 rows/s ETA 29 min | peak model 69.0 GB delta 96.4 GB
[2026-09-14T17:52:55Z] row 2975/6000 ambiguous:ekfac-eft-v1-agr-00743 loss=21.000 g[charter__lam1full__all]=+9.453e+00 0.51s | 1.76 rows/s ETA 29 min | peak model 69.0 GB delta 96.4 GB
[2026-09-14T17:53:08Z] row 3000/6000 ambiguous_wrong:ekfac-eft-v1-agr-00749 loss=49.500 g[charter__lam1full__all]=-1.126e+01 0.52s | 1.76 rows/s ETA 28 min | peak model 69.0 GB delta 96.4 GB
[2026-09-14T17:53:22Z] row 3025/6000 charter:ekfac-eft-v1-con-00756 loss=21.250 g[charter__lam1full__all]=+1.134e+01 0.52s | 1.76 rows/s ETA 28 min | peak model 69.0 GB delta 96.4 GB
[2026-09-14T17:53:36Z] row 3050/6000 coin:ekfac-eft-v1-con-00762 loss=21.500 g[charter__lam1full__all]=+8.204e+00 0.55s | 1.76 rows/s ETA 28 min | peak model 69.0 GB delta 96.4 GB
[2026-09-14T17:53:48Z] row 3075/6000 ambiguous:ekfac-eft-v1-agr-00768 loss=30.751 g[charter__lam1full__all]=-2.313e+01 0.41s | 1.76 rows/s ETA 28 min | peak model 69.0 GB delta 96.4 GB
[2026-09-14T17:54:01Z] row 3100/6000 ambiguous_wrong:ekfac-eft-v1-agr-00774 loss=35.250 g[charter__lam1full__all]=+2.875e+01 0.51s | 1.76 rows/s ETA 27 min | peak model 69.0 GB delta 96.4 GB
[2026-09-14T17:54:14Z] row 3125/6000 charter:ekfac-eft-v1-con-00781 loss=25.000 g[charter__lam1full__all]=+8.420e+00 0.51s | 1.77 rows/s ETA 27 min | peak model 69.0 GB delta 96.4 GB
[2026-09-14T17:54:28Z] row 3150/6000 coin:ekfac-eft-v1-con-00787 loss=49.625 g[charter__lam1full__all]=+3.490e+00 0.52s | 1.77 rows/s ETA 27 min | peak model 69.0 GB delta 96.4 GB
[2026-09-14T17:54:41Z] row 3175/6000 ambiguous:ekfac-eft-v1-agr-00793 loss=21.251 g[charter__lam1full__all]=+4.342e+00 0.51s | 1.77 rows/s ETA 27 min | peak model 69.0 GB delta 96.4 GB
[2026-09-14T17:54:55Z] row 3200/6000 ambiguous_wrong:ekfac-eft-v1-agr-00799 loss=63.250 g[charter__lam1full__all]=-2.026e-01 0.51s | 1.77 rows/s ETA 26 min | peak model 69.0 GB delta 96.4 GB
[2026-09-14T17:55:08Z] row 3225/6000 charter:ekfac-eft-v1-con-00806 loss=41.250 g[charter__lam1full__all]=+1.448e+01 0.52s | 1.77 rows/s ETA 26 min | peak model 69.0 GB delta 96.4 GB
[2026-09-14T17:55:22Z] row 3250/6000 coin:ekfac-eft-v1-con-00812 loss=20.750 g[charter__lam1full__all]=-8.414e+00 0.51s | 1.77 rows/s ETA 26 min | peak model 69.0 GB delta 96.4 GB
[2026-09-14T17:55:35Z] row 3275/6000 ambiguous:ekfac-eft-v1-agr-00818 loss=23.000 g[charter__lam1full__all]=+9.218e+00 0.51s | 1.77 rows/s ETA 26 min | peak model 69.0 GB delta 96.4 GB
[2026-09-14T17:55:49Z] row 3300/6000 ambiguous_wrong:ekfac-eft-v1-agr-00824 loss=36.250 g[charter__lam1full__all]=+6.168e+01 0.52s | 1.77 rows/s ETA 25 min | peak model 69.0 GB delta 96.4 GB
[2026-09-14T17:56:02Z] row 3325/6000 charter:ekfac-eft-v1-con-00831 loss=26.879 g[charter__lam1full__all]=-3.058e+00 0.52s | 1.77 rows/s ETA 25 min | peak model 69.0 GB delta 96.4 GB
[2026-09-14T17:56:15Z] row 3350/6000 coin:ekfac-eft-v1-con-00837 loss=54.875 g[charter__lam1full__all]=+1.628e+01 0.51s | 1.77 rows/s ETA 25 min | peak model 69.0 GB delta 96.4 GB
[2026-09-14T17:56:29Z] row 3375/6000 ambiguous:ekfac-eft-v1-agr-00843 loss=39.750 g[charter__lam1full__all]=-8.240e+01 0.47s | 1.77 rows/s ETA 25 min | peak model 69.0 GB delta 96.4 GB
[2026-09-14T17:56:41Z] row 3400/6000 ambiguous_wrong:ekfac-eft-v1-agr-00849 loss=46.000 g[charter__lam1full__all]=+1.205e+01 0.48s | 1.77 rows/s ETA 24 min | peak model 69.0 GB delta 96.4 GB
[2026-09-14T17:56:53Z] row 3425/6000 charter:ekfac-eft-v1-con-00856 loss=31.751 g[charter__lam1full__all]=+1.950e+00 0.47s | 1.78 rows/s ETA 24 min | peak model 69.0 GB delta 96.4 GB
[2026-09-14T17:57:05Z] row 3450/6000 coin:ekfac-eft-v1-con-00862 loss=21.250 g[charter__lam1full__all]=+1.918e+01 0.47s | 1.78 rows/s ETA 24 min | peak model 69.0 GB delta 96.4 GB
[2026-09-14T17:57:18Z] row 3475/6000 ambiguous:ekfac-eft-v1-agr-00868 loss=35.001 g[charter__lam1full__all]=-8.246e+00 0.47s | 1.78 rows/s ETA 24 min | peak model 69.0 GB delta 96.4 GB
[2026-09-14T17:57:30Z] row 3500/6000 ambiguous_wrong:ekfac-eft-v1-agr-00874 loss=65.375 g[charter__lam1full__all]=+1.092e+01 0.48s | 1.78 rows/s ETA 23 min | peak model 69.0 GB delta 96.4 GB
[2026-09-14T17:57:43Z] row 3525/6000 charter:ekfac-eft-v1-con-00881 loss=22.500 g[charter__lam1full__all]=-4.998e-01 0.47s | 1.78 rows/s ETA 23 min | peak model 69.0 GB delta 96.4 GB
[2026-09-14T17:57:55Z] row 3550/6000 coin:ekfac-eft-v1-con-00887 loss=65.951 g[charter__lam1full__all]=+5.261e+01 0.48s | 1.78 rows/s ETA 23 min | peak model 69.0 GB delta 96.4 GB
[2026-09-14T17:58:08Z] row 3575/6000 ambiguous:ekfac-eft-v1-agr-00893 loss=22.201 g[charter__lam1full__all]=+5.488e+01 1.07s | 1.78 rows/s ETA 23 min | peak model 69.0 GB delta 96.4 GB
[2026-09-14T17:58:20Z] row 3600/6000 ambiguous_wrong:ekfac-eft-v1-agr-00899 loss=69.250 g[charter__lam1full__all]=+2.140e+01 0.51s | 1.79 rows/s ETA 22 min | peak model 69.0 GB delta 96.4 GB
[2026-09-14T17:58:33Z] row 3625/6000 charter:ekfac-eft-v1-con-00906 loss=43.001 g[charter__lam1full__all]=-1.231e+01 0.51s | 1.79 rows/s ETA 22 min | peak model 69.0 GB delta 96.4 GB
[2026-09-14T17:58:47Z] row 3650/6000 coin:ekfac-eft-v1-con-00912 loss=28.507 g[charter__lam1full__all]=+6.786e+01 0.51s | 1.79 rows/s ETA 22 min | peak model 69.0 GB delta 96.4 GB
[2026-09-14T17:59:00Z] row 3675/6000 ambiguous:ekfac-eft-v1-agr-00918 loss=23.250 g[charter__lam1full__all]=+1.862e+00 0.51s | 1.79 rows/s ETA 22 min | peak model 69.0 GB delta 96.4 GB
[2026-09-14T17:59:13Z] row 3700/6000 ambiguous_wrong:ekfac-eft-v1-agr-00924 loss=30.268 g[charter__lam1full__all]=+2.778e+01 0.47s | 1.79 rows/s ETA 21 min | peak model 69.0 GB delta 96.4 GB
[2026-09-14T17:59:25Z] row 3725/6000 charter:ekfac-eft-v1-con-00931 loss=54.768 g[charter__lam1full__all]=-1.078e+01 0.47s | 1.79 rows/s ETA 21 min | peak model 69.0 GB delta 96.4 GB
[2026-09-14T17:59:38Z] row 3750/6000 coin:ekfac-eft-v1-con-00937 loss=52.750 g[charter__lam1full__all]=+3.845e+01 0.50s | 1.79 rows/s ETA 21 min | peak model 69.0 GB delta 96.4 GB
[2026-09-14T17:59:50Z] row 3775/6000 ambiguous:ekfac-eft-v1-agr-00943 loss=25.788 g[charter__lam1full__all]=+6.959e+00 0.47s | 1.79 rows/s ETA 21 min | peak model 69.0 GB delta 96.4 GB
[2026-09-14T18:00:02Z] row 3800/6000 ambiguous_wrong:ekfac-eft-v1-agr-00949 loss=29.299 g[charter__lam1full__all]=-1.326e+01 1.19s | 1.79 rows/s ETA 20 min | peak model 69.0 GB delta 96.4 GB
[2026-09-14T18:00:15Z] row 3825/6000 charter:ekfac-eft-v1-con-00956 loss=30.501 g[charter__lam1full__all]=+3.428e+01 0.48s | 1.80 rows/s ETA 20 min | peak model 69.0 GB delta 96.4 GB
[2026-09-14T18:00:27Z] row 3850/6000 coin:ekfac-eft-v1-con-00962 loss=29.750 g[charter__lam1full__all]=-1.314e+01 0.47s | 1.80 rows/s ETA 20 min | peak model 69.0 GB delta 96.4 GB
[2026-09-14T18:00:39Z] row 3875/6000 ambiguous:ekfac-eft-v1-agr-00968 loss=20.250 g[charter__lam1full__all]=-2.371e-01 0.47s | 1.80 rows/s ETA 20 min | peak model 69.0 GB delta 96.4 GB
[2026-09-14T18:00:51Z] row 3900/6000 ambiguous_wrong:ekfac-eft-v1-agr-00974 loss=57.500 g[charter__lam1full__all]=+1.304e+01 0.47s | 1.80 rows/s ETA 19 min | peak model 69.0 GB delta 96.4 GB
[2026-09-14T18:01:04Z] row 3925/6000 charter:ekfac-eft-v1-con-00981 loss=24.752 g[charter__lam1full__all]=-2.831e+01 0.48s | 1.80 rows/s ETA 19 min | peak model 69.0 GB delta 96.4 GB
[2026-09-14T18:01:13Z] row 3950/6000 coin:ekfac-eft-v1-con-00987 loss=55.250 g[charter__lam1full__all]=+6.745e+01 0.48s | 1.80 rows/s ETA 19 min | peak model 69.0 GB delta 96.4 GB
[2026-09-14T18:01:26Z] row 3975/6000 ambiguous:ekfac-eft-v1-agr-00993 loss=24.530 g[charter__lam1full__all]=+6.281e+00 0.47s | 1.81 rows/s ETA 19 min | peak model 69.0 GB delta 96.4 GB
[2026-09-14T18:01:38Z] row 4000/6000 ambiguous_wrong:ekfac-eft-v1-agr-00999 loss=50.500 g[charter__lam1full__all]=-1.415e+01 0.47s | 1.81 rows/s ETA 18 min | peak model 69.0 GB delta 96.4 GB
[2026-09-14T18:01:50Z] row 4025/6000 charter:ekfac-eft-v1-con-01006 loss=33.501 g[charter__lam1full__all]=-1.912e+01 0.47s | 1.81 rows/s ETA 18 min | peak model 69.0 GB delta 96.4 GB
[2026-09-14T18:02:03Z] row 4050/6000 coin:ekfac-eft-v1-con-01012 loss=46.750 g[charter__lam1full__all]=-3.641e+00 0.48s | 1.81 rows/s ETA 18 min | peak model 69.0 GB delta 96.4 GB
[2026-09-14T18:02:15Z] row 4075/6000 ambiguous:ekfac-eft-v1-agr-01018 loss=24.000 g[charter__lam1full__all]=+8.011e+00 0.47s | 1.81 rows/s ETA 18 min | peak model 69.0 GB delta 96.4 GB
[2026-09-14T18:02:28Z] row 4100/6000 ambiguous_wrong:ekfac-eft-v1-agr-01024 loss=53.875 g[charter__lam1full__all]=-5.064e+00 0.48s | 1.81 rows/s ETA 17 min | peak model 69.0 GB delta 96.4 GB
[2026-09-14T18:02:40Z] row 4125/6000 charter:ekfac-eft-v1-con-01031 loss=49.724 g[charter__lam1full__all]=+1.312e+01 0.47s | 1.81 rows/s ETA 17 min | peak model 69.0 GB delta 96.4 GB
[2026-09-14T18:02:53Z] row 4150/6000 coin:ekfac-eft-v1-con-01037 loss=39.001 g[charter__lam1full__all]=-8.492e+01 0.47s | 1.81 rows/s ETA 17 min | peak model 69.0 GB delta 96.4 GB
[2026-09-14T18:03:05Z] row 4175/6000 ambiguous:ekfac-eft-v1-agr-01043 loss=24.750 g[charter__lam1full__all]=+8.498e+00 0.47s | 1.81 rows/s ETA 17 min | peak model 69.0 GB delta 96.4 GB
[2026-09-14T18:03:19Z] row 4200/6000 ambiguous_wrong:ekfac-eft-v1-agr-01049 loss=58.501 g[charter__lam1full__all]=-8.297e+00 0.52s | 1.81 rows/s ETA 17 min | peak model 69.0 GB delta 96.4 GB
[2026-09-14T18:03:35Z] row 4225/6000 charter:ekfac-eft-v1-con-01056 loss=45.250 g[charter__lam1full__all]=-3.860e+01 0.50s | 1.81 rows/s ETA 16 min | peak model 69.0 GB delta 96.4 GB
[2026-09-14T18:03:49Z] row 4250/6000 coin:ekfac-eft-v1-con-01062 loss=24.500 g[charter__lam1full__all]=+2.001e+01 0.52s | 1.81 rows/s ETA 16 min | peak model 69.0 GB delta 96.4 GB
[2026-09-14T18:04:02Z] row 4275/6000 ambiguous:ekfac-eft-v1-agr-01068 loss=21.500 g[charter__lam1full__all]=+1.034e+01 0.51s | 1.81 rows/s ETA 16 min | peak model 69.0 GB delta 96.4 GB
[2026-09-14T18:04:15Z] row 4300/6000 ambiguous_wrong:ekfac-eft-v1-agr-01074 loss=73.299 g[charter__lam1full__all]=+1.599e+01 0.51s | 1.81 rows/s ETA 16 min | peak model 69.0 GB delta 96.4 GB
[2026-09-14T18:04:28Z] row 4325/6000 charter:ekfac-eft-v1-con-01081 loss=19.300 g[charter__lam1full__all]=-7.438e+00 0.47s | 1.81 rows/s ETA 15 min | peak model 69.0 GB delta 96.4 GB
[2026-09-14T18:04:40Z] row 4350/6000 coin:ekfac-eft-v1-con-01087 loss=66.500 g[charter__lam1full__all]=+7.360e+01 0.48s | 1.82 rows/s ETA 15 min | peak model 69.0 GB delta 96.4 GB
[2026-09-14T18:04:53Z] row 4375/6000 ambiguous:ekfac-eft-v1-agr-01093 loss=21.250 g[charter__lam1full__all]=+1.397e+01 0.47s | 1.82 rows/s ETA 15 min | peak model 69.0 GB delta 96.4 GB
[2026-09-14T18:05:05Z] row 4400/6000 ambiguous_wrong:ekfac-eft-v1-agr-01099 loss=53.875 g[charter__lam1full__all]=-1.223e+01 0.48s | 1.82 rows/s ETA 15 min | peak model 69.0 GB delta 96.4 GB
[2026-09-14T18:05:18Z] row 4425/6000 charter:ekfac-eft-v1-con-01106 loss=44.500 g[charter__lam1full__all]=+6.313e+00 0.47s | 1.82 rows/s ETA 14 min | peak model 69.0 GB delta 96.4 GB
[2026-09-14T18:05:30Z] row 4450/6000 coin:ekfac-eft-v1-con-01112 loss=24.299 g[charter__lam1full__all]=+4.630e+00 0.47s | 1.82 rows/s ETA 14 min | peak model 69.0 GB delta 96.4 GB
[2026-09-14T18:05:43Z] row 4475/6000 ambiguous:ekfac-eft-v1-agr-01118 loss=22.750 g[charter__lam1full__all]=+4.561e+00 0.47s | 1.82 rows/s ETA 14 min | peak model 69.0 GB delta 96.4 GB
[2026-09-14T18:05:55Z] row 4500/6000 ambiguous_wrong:ekfac-eft-v1-agr-01124 loss=60.357 g[charter__lam1full__all]=+1.585e+01 0.48s | 1.82 rows/s ETA 14 min | peak model 69.0 GB delta 96.4 GB
[2026-09-14T18:06:07Z] row 4525/6000 charter:ekfac-eft-v1-con-01131 loss=22.000 g[charter__lam1full__all]=+7.636e+00 0.47s | 1.82 rows/s ETA 13 min | peak model 69.0 GB delta 96.4 GB
[2026-09-14T18:06:19Z] row 4550/6000 coin:ekfac-eft-v1-con-01137 loss=50.000 g[charter__lam1full__all]=-1.257e+01 0.48s | 1.82 rows/s ETA 13 min | peak model 69.0 GB delta 96.4 GB
[2026-09-14T18:06:31Z] row 4575/6000 ambiguous:ekfac-eft-v1-agr-01143 loss=22.251 g[charter__lam1full__all]=+1.103e+01 0.48s | 1.82 rows/s ETA 13 min | peak model 69.0 GB delta 96.4 GB
[2026-09-14T18:06:44Z] row 4600/6000 ambiguous_wrong:ekfac-eft-v1-agr-01149 loss=27.752 g[charter__lam1full__all]=+5.617e+01 0.47s | 1.83 rows/s ETA 13 min | peak model 69.0 GB delta 96.4 GB
[2026-09-14T18:06:56Z] row 4625/6000 charter:ekfac-eft-v1-con-01156 loss=43.250 g[charter__lam1full__all]=-2.061e+01 0.47s | 1.83 rows/s ETA 13 min | peak model 69.0 GB delta 96.4 GB
[2026-09-14T18:07:09Z] row 4650/6000 coin:ekfac-eft-v1-con-01162 loss=23.250 g[charter__lam1full__all]=-5.229e-02 0.47s | 1.83 rows/s ETA 12 min | peak model 69.0 GB delta 96.4 GB
[2026-09-14T18:07:21Z] row 4675/6000 ambiguous:ekfac-eft-v1-agr-01168 loss=24.250 g[charter__lam1full__all]=+7.039e+00 0.48s | 1.83 rows/s ETA 12 min | peak model 69.0 GB delta 96.4 GB
[2026-09-14T18:07:34Z] row 4700/6000 ambiguous_wrong:ekfac-eft-v1-agr-01174 loss=39.702 g[charter__lam1full__all]=+1.548e+00 0.47s | 1.83 rows/s ETA 12 min | peak model 69.0 GB delta 96.4 GB
[2026-09-14T18:07:46Z] row 4725/6000 charter:ekfac-eft-v1-con-01181 loss=24.762 g[charter__lam1full__all]=+3.979e+00 0.47s | 1.83 rows/s ETA 12 min | peak model 69.0 GB delta 96.4 GB
[2026-09-14T18:07:58Z] row 4750/6000 coin:ekfac-eft-v1-con-01187 loss=66.814 g[charter__lam1full__all]=+2.621e+01 0.47s | 1.83 rows/s ETA 11 min | peak model 69.0 GB delta 96.4 GB
[2026-09-14T18:08:10Z] row 4775/6000 ambiguous:ekfac-eft-v1-agr-01193 loss=21.251 g[charter__lam1full__all]=+1.644e+01 0.47s | 1.83 rows/s ETA 11 min | peak model 69.0 GB delta 96.4 GB
[2026-09-14T18:08:22Z] row 4800/6000 ambiguous_wrong:ekfac-eft-v1-agr-01199 loss=49.500 g[charter__lam1full__all]=+9.356e+00 0.47s | 1.83 rows/s ETA 11 min | peak model 69.0 GB delta 96.4 GB
[2026-09-14T18:08:35Z] row 4825/6000 charter:ekfac-eft-v1-con-01206 loss=43.000 g[charter__lam1full__all]=-1.707e+00 0.47s | 1.83 rows/s ETA 11 min | peak model 69.0 GB delta 96.4 GB
[2026-09-14T18:08:47Z] row 4850/6000 coin:ekfac-eft-v1-con-01212 loss=22.250 g[charter__lam1full__all]=+1.161e+00 0.47s | 1.84 rows/s ETA 10 min | peak model 69.0 GB delta 96.4 GB
[2026-09-14T18:09:00Z] row 4875/6000 ambiguous:ekfac-eft-v1-agr-01218 loss=22.829 g[charter__lam1full__all]=-5.736e+00 0.47s | 1.84 rows/s ETA 10 min | peak model 69.0 GB delta 96.4 GB
[2026-09-14T18:09:12Z] row 4900/6000 ambiguous_wrong:ekfac-eft-v1-agr-01224 loss=59.000 g[charter__lam1full__all]=+2.870e+01 0.47s | 1.84 rows/s ETA 10 min | peak model 69.0 GB delta 96.4 GB
[2026-09-14T18:09:24Z] row 4925/6000 charter:ekfac-eft-v1-con-01231 loss=24.974 g[charter__lam1full__all]=-3.137e+00 0.47s | 1.84 rows/s ETA 10 min | peak model 69.0 GB delta 96.4 GB
[2026-09-14T18:09:36Z] row 4950/6000 coin:ekfac-eft-v1-con-01237 loss=55.876 g[charter__lam1full__all]=-2.068e+01 0.47s | 1.84 rows/s ETA 10 min | peak model 69.0 GB delta 96.4 GB
[2026-09-14T18:09:48Z] row 4975/6000 ambiguous:ekfac-eft-v1-agr-01243 loss=22.500 g[charter__lam1full__all]=+1.525e+00 0.47s | 1.84 rows/s ETA 9 min | peak model 69.0 GB delta 96.4 GB
[2026-09-14T18:10:01Z] row 5000/6000 ambiguous_wrong:ekfac-eft-v1-agr-01249 loss=41.750 g[charter__lam1full__all]=+9.406e-01 0.47s | 1.84 rows/s ETA 9 min | peak model 69.0 GB delta 96.4 GB
[2026-09-14T18:10:13Z] row 5025/6000 charter:ekfac-eft-v1-con-01256 loss=59.750 g[charter__lam1full__all]=-2.083e+01 0.47s | 1.84 rows/s ETA 9 min | peak model 69.0 GB delta 96.4 GB
[2026-09-14T18:10:26Z] row 5050/6000 coin:ekfac-eft-v1-con-01262 loss=44.002 g[charter__lam1full__all]=+1.380e-01 0.48s | 1.84 rows/s ETA 9 min | peak model 69.0 GB delta 96.4 GB
[2026-09-14T18:10:38Z] row 5075/6000 ambiguous:ekfac-eft-v1-agr-01268 loss=17.815 g[charter__lam1full__all]=+8.606e-01 0.48s | 1.84 rows/s ETA 8 min | peak model 69.0 GB delta 96.4 GB
[2026-09-14T18:10:51Z] row 5100/6000 ambiguous_wrong:ekfac-eft-v1-agr-01274 loss=50.751 g[charter__lam1full__all]=-7.779e+00 0.47s | 1.84 rows/s ETA 8 min | peak model 69.0 GB delta 96.4 GB
[2026-09-14T18:11:03Z] row 5125/6000 charter:ekfac-eft-v1-con-01281 loss=56.501 g[charter__lam1full__all]=-7.931e+01 0.48s | 1.84 rows/s ETA 8 min | peak model 69.0 GB delta 96.4 GB
[2026-09-14T18:11:16Z] row 5150/6000 coin:ekfac-eft-v1-con-01287 loss=43.000 g[charter__lam1full__all]=+3.010e+01 0.47s | 1.84 rows/s ETA 8 min | peak model 69.0 GB delta 96.4 GB
[2026-09-14T18:11:28Z] row 5175/6000 ambiguous:ekfac-eft-v1-agr-01293 loss=22.500 g[charter__lam1full__all]=+4.407e+00 0.48s | 1.85 rows/s ETA 7 min | peak model 69.0 GB delta 96.4 GB
[2026-09-14T18:11:40Z] row 5200/6000 ambiguous_wrong:ekfac-eft-v1-agr-01299 loss=56.125 g[charter__lam1full__all]=+1.131e+01 0.47s | 1.85 rows/s ETA 7 min | peak model 69.0 GB delta 96.4 GB
[2026-09-14T18:11:53Z] row 5225/6000 charter:ekfac-eft-v1-con-01306 loss=39.000 g[charter__lam1full__all]=+2.435e+01 0.48s | 1.85 rows/s ETA 7 min | peak model 69.0 GB delta 96.4 GB
[2026-09-14T18:12:05Z] row 5250/6000 coin:ekfac-eft-v1-con-01312 loss=32.252 g[charter__lam1full__all]=+2.088e+01 0.47s | 1.85 rows/s ETA 7 min | peak model 69.0 GB delta 96.4 GB
[2026-09-14T18:12:18Z] row 5275/6000 ambiguous:ekfac-eft-v1-agr-01318 loss=20.001 g[charter__lam1full__all]=+2.430e+00 0.48s | 1.85 rows/s ETA 7 min | peak model 69.0 GB delta 96.4 GB
[2026-09-14T18:12:30Z] row 5300/6000 ambiguous_wrong:ekfac-eft-v1-agr-01324 loss=61.250 g[charter__lam1full__all]=-1.555e+01 0.47s | 1.85 rows/s ETA 6 min | peak model 69.0 GB delta 96.4 GB
[2026-09-14T18:12:42Z] row 5325/6000 charter:ekfac-eft-v1-con-01331 loss=40.500 g[charter__lam1full__all]=-1.569e+00 0.48s | 1.85 rows/s ETA 6 min | peak model 69.0 GB delta 96.4 GB
[2026-09-14T18:12:55Z] row 5350/6000 coin:ekfac-eft-v1-con-01337 loss=58.125 g[charter__lam1full__all]=-4.035e+01 0.47s | 1.85 rows/s ETA 6 min | peak model 69.0 GB delta 96.4 GB
[2026-09-14T18:13:07Z] row 5375/6000 ambiguous:ekfac-eft-v1-agr-01343 loss=59.500 g[charter__lam1full__all]=+2.337e+01 0.47s | 1.85 rows/s ETA 6 min | peak model 69.0 GB delta 96.4 GB
[2026-09-14T18:13:19Z] row 5400/6000 ambiguous_wrong:ekfac-eft-v1-agr-01349 loss=44.250 g[charter__lam1full__all]=-4.990e+01 0.46s | 1.85 rows/s ETA 5 min | peak model 69.0 GB delta 96.4 GB
[2026-09-14T18:13:32Z] row 5425/6000 charter:ekfac-eft-v1-con-01356 loss=61.329 g[charter__lam1full__all]=-1.461e+01 0.47s | 1.85 rows/s ETA 5 min | peak model 69.0 GB delta 96.4 GB
[2026-09-14T18:13:44Z] row 5450/6000 coin:ekfac-eft-v1-con-01362 loss=21.127 g[charter__lam1full__all]=+2.775e+00 0.47s | 1.85 rows/s ETA 5 min | peak model 69.0 GB delta 96.4 GB
[2026-09-14T18:13:56Z] row 5475/6000 ambiguous:ekfac-eft-v1-agr-01368 loss=23.500 g[charter__lam1full__all]=+7.886e+00 0.47s | 1.85 rows/s ETA 5 min | peak model 69.0 GB delta 96.4 GB
[2026-09-14T18:14:09Z] row 5500/6000 ambiguous_wrong:ekfac-eft-v1-agr-01374 loss=71.250 g[charter__lam1full__all]=-8.212e+00 0.47s | 1.86 rows/s ETA 4 min | peak model 69.0 GB delta 96.4 GB
[2026-09-14T18:14:21Z] row 5525/6000 charter:ekfac-eft-v1-con-01381 loss=18.974 g[charter__lam1full__all]=-8.475e+00 0.48s | 1.86 rows/s ETA 4 min | peak model 69.0 GB delta 96.4 GB
[2026-09-14T18:14:33Z] row 5550/6000 coin:ekfac-eft-v1-con-01387 loss=33.750 g[charter__lam1full__all]=+7.297e+01 0.47s | 1.86 rows/s ETA 4 min | peak model 69.0 GB delta 96.4 GB
[2026-09-14T18:14:45Z] row 5575/6000 ambiguous:ekfac-eft-v1-agr-01393 loss=23.250 g[charter__lam1full__all]=+1.510e+00 0.47s | 1.86 rows/s ETA 4 min | peak model 69.0 GB delta 96.4 GB
[2026-09-14T18:14:58Z] row 5600/6000 ambiguous_wrong:ekfac-eft-v1-agr-01399 loss=34.500 g[charter__lam1full__all]=+5.959e+00 0.47s | 1.86 rows/s ETA 4 min | peak model 69.0 GB delta 96.4 GB
[2026-09-14T18:15:10Z] row 5625/6000 charter:ekfac-eft-v1-con-01406 loss=58.250 g[charter__lam1full__all]=+7.836e+00 0.47s | 1.86 rows/s ETA 3 min | peak model 69.0 GB delta 96.4 GB
[2026-09-14T18:15:23Z] row 5650/6000 coin:ekfac-eft-v1-con-01412 loss=47.500 g[charter__lam1full__all]=+5.003e+01 0.53s | 1.86 rows/s ETA 3 min | peak model 69.0 GB delta 96.4 GB
[2026-09-14T18:15:37Z] row 5675/6000 ambiguous:ekfac-eft-v1-agr-01418 loss=34.000 g[charter__lam1full__all]=-7.629e+00 0.53s | 1.86 rows/s ETA 3 min | peak model 69.0 GB delta 96.4 GB
[2026-09-14T18:15:50Z] row 5700/6000 ambiguous_wrong:ekfac-eft-v1-agr-01424 loss=59.876 g[charter__lam1full__all]=+1.007e+01 0.53s | 1.86 rows/s ETA 3 min | peak model 69.0 GB delta 96.4 GB
[2026-09-14T18:16:04Z] row 5725/6000 charter:ekfac-eft-v1-con-01431 loss=26.750 g[charter__lam1full__all]=+1.369e+01 0.43s | 1.86 rows/s ETA 2 min | peak model 69.0 GB delta 96.4 GB
[2026-09-14T18:16:16Z] row 5750/6000 coin:ekfac-eft-v1-con-01437 loss=32.500 g[charter__lam1full__all]=+7.704e+01 0.47s | 1.86 rows/s ETA 2 min | peak model 69.0 GB delta 96.4 GB
[2026-09-14T18:16:28Z] row 5775/6000 ambiguous:ekfac-eft-v1-agr-01443 loss=32.125 g[charter__lam1full__all]=-4.817e+01 0.47s | 1.86 rows/s ETA 2 min | peak model 69.0 GB delta 96.4 GB
[2026-09-14T18:16:40Z] row 5800/6000 ambiguous_wrong:ekfac-eft-v1-agr-01449 loss=32.000 g[charter__lam1full__all]=+2.033e+01 0.47s | 1.86 rows/s ETA 2 min | peak model 69.0 GB delta 96.4 GB
[2026-09-14T18:16:53Z] row 5825/6000 charter:ekfac-eft-v1-con-01456 loss=57.501 g[charter__lam1full__all]=+5.111e+01 0.47s | 1.86 rows/s ETA 2 min | peak model 69.0 GB delta 96.4 GB
[2026-09-14T18:17:05Z] row 5850/6000 coin:ekfac-eft-v1-con-01462 loss=50.250 g[charter__lam1full__all]=-7.161e+00 0.47s | 1.86 rows/s ETA 1 min | peak model 69.0 GB delta 96.4 GB
[2026-09-14T18:17:18Z] row 5875/6000 ambiguous:ekfac-eft-v1-agr-01468 loss=23.750 g[charter__lam1full__all]=+1.035e+01 0.47s | 1.86 rows/s ETA 1 min | peak model 69.0 GB delta 96.4 GB
[2026-09-14T18:17:30Z] row 5900/6000 ambiguous_wrong:ekfac-eft-v1-agr-01474 loss=21.751 g[charter__lam1full__all]=+1.018e+01 0.47s | 1.86 rows/s ETA 1 min | peak model 69.0 GB delta 96.4 GB
[2026-09-14T18:17:42Z] row 5925/6000 charter:ekfac-eft-v1-con-01481 loss=26.034 g[charter__lam1full__all]=-7.163e+00 0.47s | 1.86 rows/s ETA 1 min | peak model 69.0 GB delta 96.4 GB
[2026-09-14T18:17:54Z] row 5950/6000 coin:ekfac-eft-v1-con-01487 loss=37.813 g[charter__lam1full__all]=-1.373e+01 0.47s | 1.87 rows/s ETA 0 min | peak model 69.0 GB delta 96.4 GB
[2026-09-14T18:18:06Z] row 5975/6000 ambiguous:ekfac-eft-v1-agr-01493 loss=25.750 g[charter__lam1full__all]=+5.622e+00 0.47s | 1.87 rows/s ETA 0 min | peak model 69.0 GB delta 96.4 GB
[2026-09-14T18:18:19Z] row 6000/6000 ambiguous_wrong:ekfac-eft-v1-agr-01499 loss=21.500 g[charter__lam1full__all]=-1.018e+00 0.47s | 1.87 rows/s ETA 0 min | peak model 69.0 GB delta 96.4 GB
[2026-09-14T18:18:19Z] SCIMT-SCORE-DONE pass=lam1full__charter: 6000 rows in 53.6 min (1.924 rows/s); receipt /workspace/graft/scores/evidence/score_lambda_grad__lam1full__charter__20260914T172341Z.json
