# [2026-09-14T12:54:53+00:00] score__lam0: /workspace/scimt/.venv/bin/python /workspace/scimt/experiments/improved_midtraining/graft_delta_lambda_v1/pod/score_lambda_grad.py
# env: {"PYTHONUNBUFFERED": "1", "PYTHONFAULTHANDLER": "1", "PYTORCH_CUDA_ALLOC_CONF": "expandable_segments:True", "TOKENIZERS_PARALLELISM": "false", "SCIMT_RUN_ID": "20260914T105655Z", "HF_HOME": "/workspace/hf", "CUDA_VISIBLE_DEVICES": "0,1", "HF_HUB_OFFLINE": "1", "SCIMT_GRAFT_SCORE_CONFIG": "/workspace/graft/evidence/configs/score__lam0.json"}
[2026-09-14T12:54:55Z] score_lambda_grad pass=lam0 mode=lam0 deltas=['charter__lam0_r16__all', 'charter__lam0_r64__all', 'charter__lam0_r256__all', 'charter__lam0_r1024__all', 'coin__lam0_r16__all', 'coin__lam0_r64__all', 'coin__lam0_r256__all', 'coin__lam0_r1024__all', 'control__lam0_r16__all', 'control__lam0_r64__all', 'control__lam0_r256__all', 'control__lam0_r1024__all'] graft=None rows=/workspace/graft/eft_rows/eft_rows.jsonl
[2026-09-14T12:55:25Z] 6000 rows rendered ({"ambiguous": {"rows": 1500, "n_tokens_mean": 462.038}, "ambiguous_wrong": {"rows": 1500, "n_tokens_mean": 462.036}, "charter": {"rows": 1500, "n_tokens_mean": 462.63866666666667}, "coin": {"rows": 1500, "n_tokens_mean": 462.62466666666666}}); schedule 6000 scores over 6000 rows (rows_filter=all, repeats=1)
`torch_dtype` is deprecated! Use `dtype` instead!
Loading weights:   0%|          | 0/1247 [00:00<?, ?it/s]Loading weights:  21%|██▏       | 265/1247 [00:00<00:00, 2624.58it/s]Loading weights:  42%|████▏     | 528/1247 [00:00<00:00, 1080.98it/s]Loading weights:  55%|█████▍    | 682/1247 [00:00<00:00, 1076.72it/s]Loading weights:  65%|██████▌   | 814/1247 [00:00<00:00, 1107.46it/s]Loading weights:  80%|████████  | 998/1247 [00:00<00:00, 1286.83it/s]Loading weights:  96%|█████████▌| 1193/1247 [00:00<00:00, 1458.66it/s]Loading weights: 100%|██████████| 1247/1247 [00:00<00:00, 1331.13it/s]
[2026-09-14T12:55:41Z] model loaded in 16s: 434 covered linears over 62 layers, 373 norm weights
[2026-09-14T12:55:51Z] resident deltas: {"n_deltas": 12, "n_lora_modules": 434, "n_full_modules": 0, "norm_elements": 1354496, "norm_delta_fro": {"charter__lam0_r16__all": 0.004138386342674494, "charter__lam0_r64__all": 0.004138386342674494, "charter__lam0_r256__all": 0.004138386342674494, "charter__lam0_r1024__all": 0.004138386342674494, "coin__lam0_r16__all": 0.00456344336271286, "coin__lam0_r64__all": 0.00456344336271286, "coin__lam0_r256__all": 0.00456344336271286, "coin__lam0_r1024__all": 0.00456344336271286, "control__lam0_r16__all": 0.004219887312501669, "control__lam0_r64__all": 0.004219887312501669, "control__lam0_r256__all": 0.004219887312501669, "control__lam0_r1024__all": 0.004219887312501669}, "norm_all_zero": false, "resident_gb": 57.958453248, "load_seconds": 9.9016273021698}
[2026-09-14T12:56:01Z] oracle charter:ekfac-eft-v1-con-00000: worst rel 1.941e-02 (tol 0.01) FAIL; loss 24.7650 vs 24.7650
[2026-09-14T12:56:01Z] row 1/6000 charter:ekfac-eft-v1-con-00000 loss=24.765 g[charter__lam0_r16__all]=+5.213e+00 2.99s | 0.11 rows/s ETA 942 min | peak model 68.3 GB delta 59.5 GB
[2026-09-14T12:56:08Z] oracle coin:ekfac-eft-v1-con-00000: worst rel 8.277e-02 (tol 0.01) FAIL; loss 20.2653 vs 20.2653
[2026-09-14T12:56:17Z] oracle ambiguous:ekfac-eft-v1-agr-00000: worst rel 3.203e-01 (tol 0.01) FAIL; loss 37.2503 vs 37.2503
[2026-09-14T12:56:26Z] oracle ambiguous_wrong:ekfac-eft-v1-agr-00000: worst rel 1.507e-01 (tol 0.01) FAIL; loss 39.7503 vs 39.7503
[2026-09-14T12:56:35Z] oracle charter:ekfac-eft-v1-con-00001: worst rel 1.978e-02 (tol 0.01) FAIL; loss 24.5007 vs 24.5007
[2026-09-14T12:56:42Z] oracle coin:ekfac-eft-v1-con-00001: worst rel 6.386e-01 (tol 0.01) FAIL; loss 37.2510 vs 37.2510
[2026-09-14T12:56:51Z] oracle ambiguous:ekfac-eft-v1-agr-00001: worst rel 1.731e-02 (tol 0.01) FAIL; loss 21.2503 vs 21.2503
[2026-09-14T12:56:58Z] oracle ambiguous_wrong:ekfac-eft-v1-agr-00001: worst rel 1.775e-02 (tol 0.01) FAIL; loss 43.2503 vs 43.2503
[2026-09-14T12:57:30Z] row 25/6000 charter:ekfac-eft-v1-con-00006 loss=40.750 g[charter__lam0_r16__all]=+1.198e-01 3.00s | 0.25 rows/s ETA 394 min | peak model 68.5 GB delta 59.5 GB
[2026-09-14T12:58:06Z] row 50/6000 coin:ekfac-eft-v1-con-00012 loss=38.000 g[charter__lam0_r16__all]=+3.421e-01 3.15s | 0.37 rows/s ETA 267 min | peak model 68.8 GB delta 59.5 GB
[2026-09-14T12:58:29Z] row 75/6000 ambiguous:ekfac-eft-v1-agr-00018 loss=39.000 g[charter__lam0_r16__all]=+4.789e+00 3.03s | 0.48 rows/s ETA 207 min | peak model 68.8 GB delta 59.5 GB
[2026-09-14T12:58:48Z] row 100/6000 ambiguous_wrong:ekfac-eft-v1-agr-00024 loss=35.788 g[charter__lam0_r16__all]=+2.857e+00 2.58s | 0.57 rows/s ETA 174 min | peak model 68.8 GB delta 59.5 GB
[2026-09-14T12:59:00Z] row 125/6000 charter:ekfac-eft-v1-con-00031 loss=33.751 g[charter__lam0_r16__all]=-2.999e+00 0.48s | 0.66 rows/s ETA 148 min | peak model 68.8 GB delta 59.5 GB
[2026-09-14T12:59:20Z] row 150/6000 coin:ekfac-eft-v1-con-00037 loss=47.252 g[charter__lam0_r16__all]=-3.019e+00 2.63s | 0.72 rows/s ETA 136 min | peak model 68.8 GB delta 59.5 GB
[2026-09-14T12:59:36Z] row 175/6000 ambiguous:ekfac-eft-v1-agr-00043 loss=21.001 g[charter__lam0_r16__all]=+1.821e+00 0.50s | 0.78 rows/s ETA 124 min | peak model 68.8 GB delta 59.5 GB
[2026-09-14T12:59:51Z] row 200/6000 ambiguous_wrong:ekfac-eft-v1-agr-00049 loss=21.750 g[charter__lam0_r16__all]=-1.822e+00 0.48s | 0.83 rows/s ETA 116 min | peak model 68.8 GB delta 59.5 GB
[2026-09-14T13:00:08Z] row 225/6000 charter:ekfac-eft-v1-con-00056 loss=36.202 g[charter__lam0_r16__all]=-4.505e+00 3.00s | 0.88 rows/s ETA 110 min | peak model 68.8 GB delta 59.5 GB
[2026-09-14T13:00:21Z] row 250/6000 coin:ekfac-eft-v1-con-00062 loss=22.502 g[charter__lam0_r16__all]=-9.652e-01 0.54s | 0.93 rows/s ETA 104 min | peak model 68.8 GB delta 59.5 GB
[2026-09-14T13:00:33Z] row 275/6000 ambiguous:ekfac-eft-v1-agr-00068 loss=35.579 g[charter__lam0_r16__all]=-6.197e+00 0.48s | 0.97 rows/s ETA 98 min | peak model 68.8 GB delta 59.5 GB
[2026-09-14T13:00:46Z] row 300/6000 ambiguous_wrong:ekfac-eft-v1-agr-00074 loss=39.000 g[charter__lam0_r16__all]=+2.055e+00 0.47s | 1.02 rows/s ETA 93 min | peak model 68.8 GB delta 59.5 GB
[2026-09-14T13:00:59Z] row 325/6000 charter:ekfac-eft-v1-con-00081 loss=36.750 g[charter__lam0_r16__all]=-2.829e+01 0.48s | 1.06 rows/s ETA 89 min | peak model 68.8 GB delta 59.5 GB
[2026-09-14T13:01:11Z] row 350/6000 coin:ekfac-eft-v1-con-00087 loss=37.750 g[charter__lam0_r16__all]=+1.619e+01 0.48s | 1.10 rows/s ETA 86 min | peak model 68.8 GB delta 59.5 GB
[2026-09-14T13:01:24Z] row 375/6000 ambiguous:ekfac-eft-v1-agr-00093 loss=31.502 g[charter__lam0_r16__all]=-5.325e+00 0.48s | 1.13 rows/s ETA 83 min | peak model 68.8 GB delta 59.5 GB
[2026-09-14T13:01:36Z] row 400/6000 ambiguous_wrong:ekfac-eft-v1-agr-00099 loss=23.000 g[charter__lam0_r16__all]=-1.546e+00 0.48s | 1.16 rows/s ETA 80 min | peak model 68.8 GB delta 59.5 GB
[2026-09-14T13:01:51Z] row 425/6000 charter:ekfac-eft-v1-con-00106 loss=23.001 g[charter__lam0_r16__all]=+3.867e+00 0.47s | 1.18 rows/s ETA 79 min | peak model 68.9 GB delta 59.5 GB
[2026-09-14T13:02:04Z] row 450/6000 coin:ekfac-eft-v1-con-00112 loss=24.252 g[charter__lam0_r16__all]=+3.106e+00 0.53s | 1.21 rows/s ETA 77 min | peak model 68.9 GB delta 59.5 GB
[2026-09-14T13:02:18Z] row 475/6000 ambiguous:ekfac-eft-v1-agr-00118 loss=22.750 g[charter__lam0_r16__all]=-2.958e+00 0.50s | 1.23 rows/s ETA 75 min | peak model 68.9 GB delta 59.5 GB
[2026-09-14T13:02:32Z] row 500/6000 ambiguous_wrong:ekfac-eft-v1-agr-00124 loss=50.250 g[charter__lam0_r16__all]=-1.180e+01 0.56s | 1.25 rows/s ETA 73 min | peak model 68.9 GB delta 59.5 GB
[2026-09-14T13:02:44Z] row 525/6000 charter:ekfac-eft-v1-con-00131 loss=39.251 g[charter__lam0_r16__all]=+1.204e+01 0.47s | 1.27 rows/s ETA 72 min | peak model 68.9 GB delta 59.5 GB
[2026-09-14T13:03:00Z] row 550/6000 coin:ekfac-eft-v1-con-00137 loss=53.750 g[charter__lam0_r16__all]=-1.021e-01 0.49s | 1.28 rows/s ETA 71 min | peak model 68.9 GB delta 59.5 GB
[2026-09-14T13:03:13Z] row 575/6000 ambiguous:ekfac-eft-v1-agr-00143 loss=34.030 g[charter__lam0_r16__all]=-1.081e+01 0.53s | 1.30 rows/s ETA 69 min | peak model 68.9 GB delta 59.5 GB
[2026-09-14T13:03:28Z] row 600/6000 ambiguous_wrong:ekfac-eft-v1-agr-00149 loss=28.009 g[charter__lam0_r16__all]=+1.830e+01 0.51s | 1.31 rows/s ETA 69 min | peak model 68.9 GB delta 59.5 GB
[2026-09-14T13:03:40Z] row 625/6000 charter:ekfac-eft-v1-con-00156 loss=37.001 g[charter__lam0_r16__all]=-3.326e+00 0.45s | 1.33 rows/s ETA 67 min | peak model 68.9 GB delta 59.5 GB
[2026-09-14T13:03:52Z] row 650/6000 coin:ekfac-eft-v1-con-00162 loss=40.750 g[charter__lam0_r16__all]=-1.474e+01 0.45s | 1.35 rows/s ETA 66 min | peak model 68.9 GB delta 59.5 GB
[2026-09-14T13:04:03Z] row 675/6000 ambiguous:ekfac-eft-v1-agr-00168 loss=23.080 g[charter__lam0_r16__all]=+5.616e+00 0.44s | 1.37 rows/s ETA 65 min | peak model 68.9 GB delta 59.5 GB
[2026-09-14T13:04:14Z] row 700/6000 ambiguous_wrong:ekfac-eft-v1-agr-00174 loss=33.514 g[charter__lam0_r16__all]=+1.446e+01 0.44s | 1.39 rows/s ETA 63 min | peak model 68.9 GB delta 59.5 GB
[2026-09-14T13:04:26Z] row 725/6000 charter:ekfac-eft-v1-con-00181 loss=45.724 g[charter__lam0_r16__all]=-2.229e+01 0.45s | 1.41 rows/s ETA 62 min | peak model 68.9 GB delta 59.5 GB
[2026-09-14T13:04:42Z] row 750/6000 coin:ekfac-eft-v1-con-00187 loss=39.500 g[charter__lam0_r16__all]=-2.058e+00 0.44s | 1.41 rows/s ETA 62 min | peak model 68.9 GB delta 59.5 GB
[2026-09-14T13:04:55Z] row 775/6000 ambiguous:ekfac-eft-v1-agr-00193 loss=22.251 g[charter__lam0_r16__all]=+1.163e-01 0.48s | 1.42 rows/s ETA 61 min | peak model 68.9 GB delta 59.5 GB
[2026-09-14T13:05:10Z] row 800/6000 ambiguous_wrong:ekfac-eft-v1-agr-00199 loss=34.000 g[charter__lam0_r16__all]=+3.994e+00 0.55s | 1.43 rows/s ETA 60 min | peak model 68.9 GB delta 59.5 GB
[2026-09-14T13:05:23Z] row 825/6000 charter:ekfac-eft-v1-con-00206 loss=62.500 g[charter__lam0_r16__all]=+9.254e+00 0.44s | 1.44 rows/s ETA 60 min | peak model 68.9 GB delta 59.5 GB
[2026-09-14T13:05:35Z] row 850/6000 coin:ekfac-eft-v1-con-00212 loss=21.002 g[charter__lam0_r16__all]=-2.094e+00 0.48s | 1.46 rows/s ETA 59 min | peak model 68.9 GB delta 59.5 GB
[2026-09-14T13:05:47Z] row 875/6000 ambiguous:ekfac-eft-v1-agr-00218 loss=21.750 g[charter__lam0_r16__all]=+1.169e+00 0.47s | 1.47 rows/s ETA 58 min | peak model 68.9 GB delta 59.5 GB
[2026-09-14T13:06:10Z] row 900/6000 ambiguous_wrong:ekfac-eft-v1-agr-00224 loss=46.250 g[charter__lam0_r16__all]=-8.201e-01 0.82s | 1.45 rows/s ETA 58 min | peak model 68.9 GB delta 59.5 GB
[2026-09-14T13:06:29Z] row 925/6000 charter:ekfac-eft-v1-con-00231 loss=20.750 g[charter__lam0_r16__all]=-1.757e+00 0.45s | 1.45 rows/s ETA 58 min | peak model 68.9 GB delta 59.5 GB
[2026-09-14T13:06:41Z] row 950/6000 coin:ekfac-eft-v1-con-00237 loss=21.250 g[charter__lam0_r16__all]=-2.484e-01 0.44s | 1.46 rows/s ETA 58 min | peak model 68.9 GB delta 59.5 GB
[2026-09-14T13:06:52Z] row 975/6000 ambiguous:ekfac-eft-v1-agr-00243 loss=24.751 g[charter__lam0_r16__all]=+1.571e+00 0.44s | 1.47 rows/s ETA 57 min | peak model 68.9 GB delta 59.5 GB
[2026-09-14T13:07:05Z] row 1000/6000 ambiguous_wrong:ekfac-eft-v1-agr-00249 loss=42.250 g[charter__lam0_r16__all]=-5.994e-01 0.44s | 1.49 rows/s ETA 56 min | peak model 68.9 GB delta 59.5 GB
[2026-09-14T13:07:21Z] row 1025/6000 charter:ekfac-eft-v1-con-00256 loss=37.000 g[charter__lam0_r16__all]=+2.568e+00 0.44s | 1.49 rows/s ETA 56 min | peak model 68.9 GB delta 59.5 GB
[2026-09-14T13:07:32Z] row 1050/6000 coin:ekfac-eft-v1-con-00262 loss=34.751 g[charter__lam0_r16__all]=+2.481e+01 0.44s | 1.50 rows/s ETA 55 min | peak model 68.9 GB delta 59.5 GB
[2026-09-14T13:07:44Z] row 1075/6000 ambiguous:ekfac-eft-v1-agr-00268 loss=23.512 g[charter__lam0_r16__all]=-5.634e-01 0.44s | 1.51 rows/s ETA 54 min | peak model 68.9 GB delta 59.5 GB
[2026-09-14T13:07:55Z] row 1100/6000 ambiguous_wrong:ekfac-eft-v1-agr-00274 loss=53.000 g[charter__lam0_r16__all]=+2.391e+01 0.44s | 1.52 rows/s ETA 54 min | peak model 68.9 GB delta 59.5 GB
[2026-09-14T13:08:07Z] row 1125/6000 charter:ekfac-eft-v1-con-00281 loss=22.501 g[charter__lam0_r16__all]=+8.434e-01 0.44s | 1.53 rows/s ETA 53 min | peak model 68.9 GB delta 59.5 GB
[2026-09-14T13:08:18Z] row 1150/6000 coin:ekfac-eft-v1-con-00287 loss=24.501 g[charter__lam0_r16__all]=+3.198e+00 0.43s | 1.54 rows/s ETA 53 min | peak model 68.9 GB delta 59.5 GB
[2026-09-14T13:08:30Z] row 1175/6000 ambiguous:ekfac-eft-v1-agr-00293 loss=30.255 g[charter__lam0_r16__all]=+3.456e+00 0.43s | 1.55 rows/s ETA 52 min | peak model 68.9 GB delta 59.5 GB
[2026-09-14T13:08:41Z] row 1200/6000 ambiguous_wrong:ekfac-eft-v1-agr-00299 loss=43.875 g[charter__lam0_r16__all]=+1.405e+01 0.44s | 1.56 rows/s ETA 51 min | peak model 68.9 GB delta 59.5 GB
[2026-09-14T13:08:53Z] row 1225/6000 charter:ekfac-eft-v1-con-00306 loss=30.501 g[charter__lam0_r16__all]=-8.660e+00 1.28s | 1.57 rows/s ETA 51 min | peak model 68.9 GB delta 59.5 GB
[2026-09-14T13:09:04Z] row 1250/6000 coin:ekfac-eft-v1-con-00312 loss=23.251 g[charter__lam0_r16__all]=+7.906e-01 0.43s | 1.58 rows/s ETA 50 min | peak model 68.9 GB delta 59.5 GB
[2026-09-14T13:09:16Z] row 1275/6000 ambiguous:ekfac-eft-v1-agr-00318 loss=36.250 g[charter__lam0_r16__all]=-2.726e+00 0.43s | 1.59 rows/s ETA 50 min | peak model 68.9 GB delta 59.5 GB
[2026-09-14T13:09:28Z] row 1300/6000 ambiguous_wrong:ekfac-eft-v1-agr-00324 loss=36.250 g[charter__lam0_r16__all]=+7.480e+00 0.43s | 1.59 rows/s ETA 49 min | peak model 68.9 GB delta 59.5 GB
[2026-09-14T13:09:39Z] row 1325/6000 charter:ekfac-eft-v1-con-00331 loss=40.250 g[charter__lam0_r16__all]=+1.500e+01 0.44s | 1.60 rows/s ETA 49 min | peak model 68.9 GB delta 59.5 GB
[2026-09-14T13:09:50Z] row 1350/6000 coin:ekfac-eft-v1-con-00337 loss=36.251 g[charter__lam0_r16__all]=-1.904e+00 0.44s | 1.61 rows/s ETA 48 min | peak model 68.9 GB delta 59.5 GB
[2026-09-14T13:10:02Z] row 1375/6000 ambiguous:ekfac-eft-v1-agr-00343 loss=23.500 g[charter__lam0_r16__all]=+3.062e+00 0.44s | 1.62 rows/s ETA 48 min | peak model 68.9 GB delta 59.5 GB
[2026-09-14T13:10:14Z] row 1400/6000 ambiguous_wrong:ekfac-eft-v1-agr-00349 loss=39.500 g[charter__lam0_r16__all]=+1.102e+01 0.43s | 1.62 rows/s ETA 47 min | peak model 68.9 GB delta 59.5 GB
[2026-09-14T13:10:25Z] row 1425/6000 charter:ekfac-eft-v1-con-00356 loss=46.329 g[charter__lam0_r16__all]=-3.998e+00 0.44s | 1.63 rows/s ETA 47 min | peak model 68.9 GB delta 59.5 GB
[2026-09-14T13:10:36Z] row 1450/6000 coin:ekfac-eft-v1-con-00362 loss=29.502 g[charter__lam0_r16__all]=+3.013e+01 0.44s | 1.64 rows/s ETA 46 min | peak model 68.9 GB delta 59.5 GB
[2026-09-14T13:10:48Z] row 1475/6000 ambiguous:ekfac-eft-v1-agr-00368 loss=38.001 g[charter__lam0_r16__all]=-2.521e+00 0.44s | 1.65 rows/s ETA 46 min | peak model 68.9 GB delta 59.5 GB
[2026-09-14T13:10:59Z] row 1500/6000 ambiguous_wrong:ekfac-eft-v1-agr-00374 loss=37.751 g[charter__lam0_r16__all]=+8.375e+00 0.46s | 1.65 rows/s ETA 45 min | peak model 68.9 GB delta 59.5 GB
[2026-09-14T13:11:15Z] row 1525/6000 charter:ekfac-eft-v1-con-00381 loss=46.762 g[charter__lam0_r16__all]=+1.549e+01 0.44s | 1.65 rows/s ETA 45 min | peak model 69.0 GB delta 59.5 GB
[2026-09-14T13:11:26Z] row 1550/6000 coin:ekfac-eft-v1-con-00387 loss=21.500 g[charter__lam0_r16__all]=-1.221e+00 0.44s | 1.66 rows/s ETA 45 min | peak model 69.0 GB delta 59.5 GB
[2026-09-14T13:11:38Z] row 1575/6000 ambiguous:ekfac-eft-v1-agr-00393 loss=23.750 g[charter__lam0_r16__all]=-8.209e+00 0.44s | 1.66 rows/s ETA 44 min | peak model 69.0 GB delta 59.5 GB
[2026-09-14T13:11:50Z] row 1600/6000 ambiguous_wrong:ekfac-eft-v1-agr-00399 loss=45.765 g[charter__lam0_r16__all]=+4.267e+00 0.48s | 1.67 rows/s ETA 44 min | peak model 69.0 GB delta 59.5 GB
[2026-09-14T13:12:01Z] row 1625/6000 charter:ekfac-eft-v1-con-00406 loss=44.250 g[charter__lam0_r16__all]=+3.170e+00 0.43s | 1.67 rows/s ETA 44 min | peak model 69.0 GB delta 59.5 GB
[2026-09-14T13:12:13Z] row 1650/6000 coin:ekfac-eft-v1-con-00412 loss=50.875 g[charter__lam0_r16__all]=-8.041e+00 0.44s | 1.68 rows/s ETA 43 min | peak model 69.0 GB delta 59.5 GB
[2026-09-14T13:12:29Z] row 1675/6000 ambiguous:ekfac-eft-v1-agr-00418 loss=38.500 g[charter__lam0_r16__all]=+1.662e+00 0.44s | 1.68 rows/s ETA 43 min | peak model 69.0 GB delta 59.5 GB
[2026-09-14T13:12:41Z] row 1700/6000 ambiguous_wrong:ekfac-eft-v1-agr-00424 loss=38.500 g[charter__lam0_r16__all]=+6.240e+00 0.44s | 1.68 rows/s ETA 43 min | peak model 69.0 GB delta 59.5 GB
[2026-09-14T13:12:53Z] row 1725/6000 charter:ekfac-eft-v1-con-00431 loss=23.751 g[charter__lam0_r16__all]=-3.748e+00 0.44s | 1.69 rows/s ETA 42 min | peak model 69.0 GB delta 59.5 GB
[2026-09-14T13:13:04Z] row 1750/6000 coin:ekfac-eft-v1-con-00437 loss=36.756 g[charter__lam0_r16__all]=+8.449e-02 0.43s | 1.69 rows/s ETA 42 min | peak model 69.0 GB delta 59.5 GB
[2026-09-14T13:13:18Z] row 1775/6000 ambiguous:ekfac-eft-v1-agr-00443 loss=23.000 g[charter__lam0_r16__all]=-1.610e+00 0.43s | 1.70 rows/s ETA 42 min | peak model 69.0 GB delta 59.5 GB
[2026-09-14T13:13:29Z] row 1800/6000 ambiguous_wrong:ekfac-eft-v1-agr-00449 loss=35.501 g[charter__lam0_r16__all]=+8.778e+00 0.44s | 1.70 rows/s ETA 41 min | peak model 69.0 GB delta 59.5 GB
[2026-09-14T13:13:41Z] row 1825/6000 charter:ekfac-eft-v1-con-00456 loss=34.017 g[charter__lam0_r16__all]=-1.183e+01 0.44s | 1.71 rows/s ETA 41 min | peak model 69.0 GB delta 59.5 GB
[2026-09-14T13:13:52Z] row 1850/6000 coin:ekfac-eft-v1-con-00462 loss=34.502 g[charter__lam0_r16__all]=+4.088e+00 0.44s | 1.71 rows/s ETA 40 min | peak model 69.0 GB delta 59.5 GB
[2026-09-14T13:14:04Z] row 1875/6000 ambiguous:ekfac-eft-v1-agr-00468 loss=23.000 g[charter__lam0_r16__all]=+1.668e+00 0.44s | 1.72 rows/s ETA 40 min | peak model 69.0 GB delta 59.5 GB
[2026-09-14T13:14:15Z] row 1900/6000 ambiguous_wrong:ekfac-eft-v1-agr-00474 loss=25.581 g[charter__lam0_r16__all]=-3.645e+01 0.44s | 1.72 rows/s ETA 40 min | peak model 69.0 GB delta 59.5 GB
[2026-09-14T13:14:28Z] row 1925/6000 charter:ekfac-eft-v1-con-00481 loss=46.500 g[charter__lam0_r16__all]=+8.137e+00 0.48s | 1.72 rows/s ETA 39 min | peak model 69.0 GB delta 59.5 GB
[2026-09-14T13:14:40Z] row 1950/6000 coin:ekfac-eft-v1-con-00487 loss=34.502 g[charter__lam0_r16__all]=+5.661e+00 0.48s | 1.73 rows/s ETA 39 min | peak model 69.0 GB delta 59.5 GB
[2026-09-14T13:14:53Z] row 1975/6000 ambiguous:ekfac-eft-v1-agr-00493 loss=27.511 g[charter__lam0_r16__all]=+6.300e+00 0.48s | 1.73 rows/s ETA 39 min | peak model 69.0 GB delta 59.5 GB
[2026-09-14T13:15:06Z] row 2000/6000 ambiguous_wrong:ekfac-eft-v1-agr-00499 loss=44.001 g[charter__lam0_r16__all]=+2.835e+00 0.48s | 1.73 rows/s ETA 38 min | peak model 69.0 GB delta 59.5 GB
[2026-09-14T13:15:18Z] row 2025/6000 charter:ekfac-eft-v1-con-00506 loss=42.251 g[charter__lam0_r16__all]=+1.411e+01 0.48s | 1.74 rows/s ETA 38 min | peak model 69.0 GB delta 59.5 GB
[2026-09-14T13:15:31Z] row 2050/6000 coin:ekfac-eft-v1-con-00512 loss=23.001 g[charter__lam0_r16__all]=-7.940e-01 0.48s | 1.74 rows/s ETA 38 min | peak model 69.0 GB delta 59.5 GB
[2026-09-14T13:15:43Z] row 2075/6000 ambiguous:ekfac-eft-v1-agr-00518 loss=22.625 g[charter__lam0_r16__all]=-1.996e+00 0.48s | 1.74 rows/s ETA 38 min | peak model 69.0 GB delta 59.5 GB
[2026-09-14T13:15:56Z] row 2100/6000 ambiguous_wrong:ekfac-eft-v1-agr-00524 loss=56.627 g[charter__lam0_r16__all]=-2.918e+00 0.48s | 1.74 rows/s ETA 37 min | peak model 69.0 GB delta 59.5 GB
[2026-09-14T13:16:09Z] row 2125/6000 charter:ekfac-eft-v1-con-00531 loss=24.509 g[charter__lam0_r16__all]=+2.475e+00 0.49s | 1.75 rows/s ETA 37 min | peak model 69.0 GB delta 59.5 GB
[2026-09-14T13:16:21Z] row 2150/6000 coin:ekfac-eft-v1-con-00537 loss=21.501 g[charter__lam0_r16__all]=-6.157e+00 0.45s | 1.75 rows/s ETA 37 min | peak model 69.0 GB delta 59.5 GB
[2026-09-14T13:16:34Z] row 2175/6000 ambiguous:ekfac-eft-v1-agr-00543 loss=29.502 g[charter__lam0_r16__all]=+1.407e+01 0.47s | 1.75 rows/s ETA 36 min | peak model 69.0 GB delta 59.5 GB
[2026-09-14T13:16:46Z] row 2200/6000 ambiguous_wrong:ekfac-eft-v1-agr-00549 loss=31.251 g[charter__lam0_r16__all]=+1.993e+01 0.48s | 1.75 rows/s ETA 36 min | peak model 69.0 GB delta 59.5 GB
[2026-09-14T13:16:59Z] row 2225/6000 charter:ekfac-eft-v1-con-00556 loss=32.944 g[charter__lam0_r16__all]=+3.448e+01 0.49s | 1.76 rows/s ETA 36 min | peak model 69.0 GB delta 59.5 GB
[2026-09-14T13:17:11Z] row 2250/6000 coin:ekfac-eft-v1-con-00562 loss=33.000 g[charter__lam0_r16__all]=+1.580e+00 0.48s | 1.76 rows/s ETA 36 min | peak model 69.0 GB delta 59.5 GB
[2026-09-14T13:17:25Z] row 2275/6000 ambiguous:ekfac-eft-v1-agr-00568 loss=23.261 g[charter__lam0_r16__all]=+1.757e+00 0.48s | 1.76 rows/s ETA 35 min | peak model 69.0 GB delta 59.5 GB
[2026-09-14T13:17:37Z] row 2300/6000 ambiguous_wrong:ekfac-eft-v1-agr-00574 loss=38.503 g[charter__lam0_r16__all]=+1.540e+01 0.54s | 1.76 rows/s ETA 35 min | peak model 69.0 GB delta 59.5 GB
[2026-09-14T13:17:51Z] row 2325/6000 charter:ekfac-eft-v1-con-00581 loss=45.500 g[charter__lam0_r16__all]=+1.132e+01 0.48s | 1.76 rows/s ETA 35 min | peak model 69.0 GB delta 59.5 GB
[2026-09-14T13:18:03Z] row 2350/6000 coin:ekfac-eft-v1-con-00587 loss=22.411 g[charter__lam0_r16__all]=+1.435e+00 0.48s | 1.76 rows/s ETA 34 min | peak model 69.0 GB delta 59.5 GB
[2026-09-14T13:18:15Z] row 2375/6000 ambiguous:ekfac-eft-v1-agr-00593 loss=21.003 g[charter__lam0_r16__all]=-1.141e-01 0.44s | 1.77 rows/s ETA 34 min | peak model 69.0 GB delta 59.5 GB
[2026-09-14T13:18:27Z] row 2400/6000 ambiguous_wrong:ekfac-eft-v1-agr-00599 loss=23.750 g[charter__lam0_r16__all]=-3.051e+00 0.44s | 1.77 rows/s ETA 34 min | peak model 69.0 GB delta 59.5 GB
[2026-09-14T13:18:38Z] row 2425/6000 charter:ekfac-eft-v1-con-00606 loss=26.266 g[charter__lam0_r16__all]=+1.130e+00 0.44s | 1.77 rows/s ETA 34 min | peak model 69.0 GB delta 59.5 GB
[2026-09-14T13:18:50Z] row 2450/6000 coin:ekfac-eft-v1-con-00612 loss=32.501 g[charter__lam0_r16__all]=-1.238e+01 0.44s | 1.78 rows/s ETA 33 min | peak model 69.0 GB delta 59.5 GB
[2026-09-14T13:19:01Z] row 2475/6000 ambiguous:ekfac-eft-v1-agr-00618 loss=23.001 g[charter__lam0_r16__all]=-6.203e-01 0.44s | 1.78 rows/s ETA 33 min | peak model 69.0 GB delta 59.5 GB
[2026-09-14T13:19:13Z] row 2500/6000 ambiguous_wrong:ekfac-eft-v1-agr-00624 loss=31.644 g[charter__lam0_r16__all]=-2.341e+01 0.44s | 1.78 rows/s ETA 33 min | peak model 69.0 GB delta 59.5 GB
[2026-09-14T13:19:24Z] row 2525/6000 charter:ekfac-eft-v1-con-00631 loss=45.000 g[charter__lam0_r16__all]=+7.369e+00 0.44s | 1.79 rows/s ETA 32 min | peak model 69.0 GB delta 59.5 GB
[2026-09-14T13:19:36Z] row 2550/6000 coin:ekfac-eft-v1-con-00637 loss=24.003 g[charter__lam0_r16__all]=-7.353e-01 0.44s | 1.79 rows/s ETA 32 min | peak model 69.0 GB delta 59.5 GB
[2026-09-14T13:19:47Z] row 2575/6000 ambiguous:ekfac-eft-v1-agr-00643 loss=23.751 g[charter__lam0_r16__all]=-5.594e+00 0.43s | 1.79 rows/s ETA 32 min | peak model 69.0 GB delta 59.5 GB
[2026-09-14T13:19:59Z] row 2600/6000 ambiguous_wrong:ekfac-eft-v1-agr-00649 loss=31.501 g[charter__lam0_r16__all]=+8.001e+00 0.48s | 1.80 rows/s ETA 32 min | peak model 69.0 GB delta 59.5 GB
[2026-09-14T13:20:12Z] row 2625/6000 charter:ekfac-eft-v1-con-00656 loss=41.751 g[charter__lam0_r16__all]=+4.586e+00 0.48s | 1.80 rows/s ETA 31 min | peak model 69.0 GB delta 59.5 GB
[2026-09-14T13:20:24Z] row 2650/6000 coin:ekfac-eft-v1-con-00662 loss=20.251 g[charter__lam0_r16__all]=+1.330e+00 0.47s | 1.80 rows/s ETA 31 min | peak model 69.0 GB delta 59.5 GB
[2026-09-14T13:20:45Z] row 2675/6000 ambiguous:ekfac-eft-v1-agr-00668 loss=20.379 g[charter__lam0_r16__all]=-5.622e+00 1.00s | 1.79 rows/s ETA 31 min | peak model 69.0 GB delta 59.5 GB
[2026-09-14T13:21:04Z] row 2700/6000 ambiguous_wrong:ekfac-eft-v1-agr-00674 loss=47.500 g[charter__lam0_r16__all]=+6.356e+00 0.91s | 1.79 rows/s ETA 31 min | peak model 69.0 GB delta 59.5 GB
[2026-09-14T13:21:24Z] row 2725/6000 charter:ekfac-eft-v1-con-00681 loss=21.752 g[charter__lam0_r16__all]=+2.120e+00 0.61s | 1.78 rows/s ETA 31 min | peak model 69.0 GB delta 59.5 GB
[2026-09-14T13:21:41Z] row 2750/6000 coin:ekfac-eft-v1-con-00687 loss=44.376 g[charter__lam0_r16__all]=+2.414e+01 0.89s | 1.77 rows/s ETA 31 min | peak model 69.0 GB delta 59.5 GB
[2026-09-14T13:21:56Z] row 2775/6000 ambiguous:ekfac-eft-v1-agr-00693 loss=22.752 g[charter__lam0_r16__all]=+2.740e+00 0.48s | 1.77 rows/s ETA 30 min | peak model 69.0 GB delta 59.5 GB
[2026-09-14T13:22:09Z] row 2800/6000 ambiguous_wrong:ekfac-eft-v1-agr-00699 loss=38.250 g[charter__lam0_r16__all]=+7.573e+00 0.50s | 1.78 rows/s ETA 30 min | peak model 69.0 GB delta 59.5 GB
[2026-09-14T13:22:22Z] row 2825/6000 charter:ekfac-eft-v1-con-00706 loss=31.502 g[charter__lam0_r16__all]=+6.360e+00 0.48s | 1.78 rows/s ETA 30 min | peak model 69.0 GB delta 59.5 GB
[2026-09-14T13:22:35Z] row 2850/6000 coin:ekfac-eft-v1-con-00712 loss=37.500 g[charter__lam0_r16__all]=+4.848e+01 0.48s | 1.78 rows/s ETA 30 min | peak model 69.0 GB delta 59.5 GB
[2026-09-14T13:22:48Z] row 2875/6000 ambiguous:ekfac-eft-v1-agr-00718 loss=27.812 g[charter__lam0_r16__all]=-3.224e+01 0.50s | 1.78 rows/s ETA 29 min | peak model 69.0 GB delta 59.5 GB
[2026-09-14T13:23:02Z] row 2900/6000 ambiguous_wrong:ekfac-eft-v1-agr-00724 loss=31.000 g[charter__lam0_r16__all]=+9.652e+00 0.48s | 1.78 rows/s ETA 29 min | peak model 69.0 GB delta 59.5 GB
[2026-09-14T13:23:13Z] row 2925/6000 charter:ekfac-eft-v1-con-00731 loss=65.001 g[charter__lam0_r16__all]=+1.393e+01 0.46s | 1.78 rows/s ETA 29 min | peak model 69.0 GB delta 59.5 GB
[2026-09-14T13:23:24Z] row 2950/6000 coin:ekfac-eft-v1-con-00737 loss=38.750 g[charter__lam0_r16__all]=+4.505e+00 0.45s | 1.78 rows/s ETA 28 min | peak model 69.0 GB delta 59.5 GB
[2026-09-14T13:23:37Z] row 2975/6000 ambiguous:ekfac-eft-v1-agr-00743 loss=23.251 g[charter__lam0_r16__all]=-1.276e+00 0.45s | 1.79 rows/s ETA 28 min | peak model 69.0 GB delta 59.5 GB
[2026-09-14T13:23:49Z] row 3000/6000 ambiguous_wrong:ekfac-eft-v1-agr-00749 loss=41.251 g[charter__lam0_r16__all]=+4.845e+00 0.49s | 1.79 rows/s ETA 28 min | peak model 69.0 GB delta 59.5 GB
[2026-09-14T13:24:03Z] row 3025/6000 charter:ekfac-eft-v1-con-00756 loss=22.500 g[charter__lam0_r16__all]=-2.617e+00 0.48s | 1.79 rows/s ETA 28 min | peak model 69.0 GB delta 59.5 GB
[2026-09-14T13:24:14Z] row 3050/6000 coin:ekfac-eft-v1-con-00762 loss=22.751 g[charter__lam0_r16__all]=-9.953e-01 0.44s | 1.79 rows/s ETA 27 min | peak model 69.0 GB delta 59.5 GB
[2026-09-14T13:24:26Z] row 3075/6000 ambiguous:ekfac-eft-v1-agr-00768 loss=29.015 g[charter__lam0_r16__all]=+1.409e+01 0.44s | 1.79 rows/s ETA 27 min | peak model 69.0 GB delta 59.5 GB
[2026-09-14T13:24:37Z] row 3100/6000 ambiguous_wrong:ekfac-eft-v1-agr-00774 loss=23.326 g[charter__lam0_r16__all]=+2.087e+01 0.44s | 1.80 rows/s ETA 27 min | peak model 69.0 GB delta 59.5 GB
[2026-09-14T13:24:49Z] row 3125/6000 charter:ekfac-eft-v1-con-00781 loss=40.501 g[charter__lam0_r16__all]=+3.400e+00 0.48s | 1.80 rows/s ETA 27 min | peak model 69.0 GB delta 59.5 GB
[2026-09-14T13:25:02Z] row 3150/6000 coin:ekfac-eft-v1-con-00787 loss=42.251 g[charter__lam0_r16__all]=+4.193e+00 0.48s | 1.80 rows/s ETA 26 min | peak model 69.0 GB delta 59.5 GB
[2026-09-14T13:25:14Z] row 3175/6000 ambiguous:ekfac-eft-v1-agr-00793 loss=23.753 g[charter__lam0_r16__all]=-2.820e+00 0.44s | 1.80 rows/s ETA 26 min | peak model 69.0 GB delta 59.5 GB
[2026-09-14T13:25:25Z] row 3200/6000 ambiguous_wrong:ekfac-eft-v1-agr-00799 loss=50.250 g[charter__lam0_r16__all]=-1.186e+01 0.43s | 1.80 rows/s ETA 26 min | peak model 69.0 GB delta 59.5 GB
[2026-09-14T13:25:36Z] row 3225/6000 charter:ekfac-eft-v1-con-00806 loss=30.002 g[charter__lam0_r16__all]=+8.662e+00 0.44s | 1.81 rows/s ETA 26 min | peak model 69.0 GB delta 59.5 GB
[2026-09-14T13:25:48Z] row 3250/6000 coin:ekfac-eft-v1-con-00812 loss=23.750 g[charter__lam0_r16__all]=-2.009e+00 0.43s | 1.81 rows/s ETA 25 min | peak model 69.0 GB delta 59.5 GB
[2026-09-14T13:25:59Z] row 3275/6000 ambiguous:ekfac-eft-v1-agr-00818 loss=21.501 g[charter__lam0_r16__all]=-2.025e+00 0.43s | 1.81 rows/s ETA 25 min | peak model 69.0 GB delta 59.5 GB
[2026-09-14T13:26:11Z] row 3300/6000 ambiguous_wrong:ekfac-eft-v1-agr-00824 loss=26.259 g[charter__lam0_r16__all]=+3.337e+01 0.44s | 1.81 rows/s ETA 25 min | peak model 69.0 GB delta 59.5 GB
[2026-09-14T13:26:22Z] row 3325/6000 charter:ekfac-eft-v1-con-00831 loss=33.750 g[charter__lam0_r16__all]=+5.884e-01 0.44s | 1.82 rows/s ETA 25 min | peak model 69.0 GB delta 59.5 GB
[2026-09-14T13:26:33Z] row 3350/6000 coin:ekfac-eft-v1-con-00837 loss=39.750 g[charter__lam0_r16__all]=+6.263e+00 0.44s | 1.82 rows/s ETA 24 min | peak model 69.0 GB delta 59.5 GB
[2026-09-14T13:26:45Z] row 3375/6000 ambiguous:ekfac-eft-v1-agr-00843 loss=39.750 g[charter__lam0_r16__all]=-1.333e+01 0.44s | 1.82 rows/s ETA 24 min | peak model 69.0 GB delta 59.5 GB
[2026-09-14T13:26:56Z] row 3400/6000 ambiguous_wrong:ekfac-eft-v1-agr-00849 loss=42.750 g[charter__lam0_r16__all]=+1.118e+01 0.43s | 1.82 rows/s ETA 24 min | peak model 69.0 GB delta 59.5 GB
[2026-09-14T13:27:08Z] row 3425/6000 charter:ekfac-eft-v1-con-00856 loss=21.001 g[charter__lam0_r16__all]=+3.168e+00 0.44s | 1.83 rows/s ETA 24 min | peak model 69.0 GB delta 59.5 GB
[2026-09-14T13:27:19Z] row 3450/6000 coin:ekfac-eft-v1-con-00862 loss=23.251 g[charter__lam0_r16__all]=-2.997e+00 0.44s | 1.83 rows/s ETA 23 min | peak model 69.0 GB delta 59.5 GB
[2026-09-14T13:27:31Z] row 3475/6000 ambiguous:ekfac-eft-v1-agr-00868 loss=32.751 g[charter__lam0_r16__all]=-4.306e+00 0.43s | 1.83 rows/s ETA 23 min | peak model 69.0 GB delta 59.5 GB
[2026-09-14T13:27:42Z] row 3500/6000 ambiguous_wrong:ekfac-eft-v1-agr-00874 loss=46.750 g[charter__lam0_r16__all]=+1.265e+01 0.40s | 1.83 rows/s ETA 23 min | peak model 69.0 GB delta 59.5 GB
[2026-09-14T13:27:53Z] row 3525/6000 charter:ekfac-eft-v1-con-00881 loss=23.000 g[charter__lam0_r16__all]=+1.237e+00 0.44s | 1.83 rows/s ETA 22 min | peak model 69.0 GB delta 59.5 GB
[2026-09-14T13:28:05Z] row 3550/6000 coin:ekfac-eft-v1-con-00887 loss=52.250 g[charter__lam0_r16__all]=+9.595e+00 0.43s | 1.84 rows/s ETA 22 min | peak model 69.0 GB delta 59.5 GB
[2026-09-14T13:28:16Z] row 3575/6000 ambiguous:ekfac-eft-v1-agr-00893 loss=21.953 g[charter__lam0_r16__all]=+1.532e+00 0.43s | 1.84 rows/s ETA 22 min | peak model 69.0 GB delta 59.5 GB
[2026-09-14T13:28:28Z] row 3600/6000 ambiguous_wrong:ekfac-eft-v1-agr-00899 loss=47.501 g[charter__lam0_r16__all]=+1.909e+01 0.44s | 1.84 rows/s ETA 22 min | peak model 69.0 GB delta 59.5 GB
[2026-09-14T13:28:39Z] row 3625/6000 charter:ekfac-eft-v1-con-00906 loss=39.500 g[charter__lam0_r16__all]=-1.705e+00 0.32s | 1.84 rows/s ETA 21 min | peak model 69.0 GB delta 59.5 GB
[2026-09-14T13:28:50Z] row 3650/6000 coin:ekfac-eft-v1-con-00912 loss=21.761 g[charter__lam0_r16__all]=+1.322e+00 0.43s | 1.84 rows/s ETA 21 min | peak model 69.0 GB delta 59.5 GB
[2026-09-14T13:29:01Z] row 3675/6000 ambiguous:ekfac-eft-v1-agr-00918 loss=22.500 g[charter__lam0_r16__all]=+2.579e+00 0.43s | 1.85 rows/s ETA 21 min | peak model 69.0 GB delta 59.5 GB
[2026-09-14T13:29:13Z] row 3700/6000 ambiguous_wrong:ekfac-eft-v1-agr-00924 loss=32.750 g[charter__lam0_r16__all]=-3.679e+00 0.44s | 1.85 rows/s ETA 21 min | peak model 69.0 GB delta 59.5 GB
[2026-09-14T13:29:24Z] row 3725/6000 charter:ekfac-eft-v1-con-00931 loss=40.251 g[charter__lam0_r16__all]=+1.217e+01 0.43s | 1.85 rows/s ETA 20 min | peak model 69.0 GB delta 59.5 GB
[2026-09-14T13:29:35Z] row 3750/6000 coin:ekfac-eft-v1-con-00937 loss=30.751 g[charter__lam0_r16__all]=+3.636e+00 0.43s | 1.85 rows/s ETA 20 min | peak model 69.0 GB delta 59.5 GB
[2026-09-14T13:29:47Z] row 3775/6000 ambiguous:ekfac-eft-v1-agr-00943 loss=35.501 g[charter__lam0_r16__all]=-3.621e+00 0.44s | 1.85 rows/s ETA 20 min | peak model 69.0 GB delta 59.5 GB
[2026-09-14T13:29:58Z] row 3800/6000 ambiguous_wrong:ekfac-eft-v1-agr-00949 loss=26.018 g[charter__lam0_r16__all]=+2.277e+01 0.43s | 1.86 rows/s ETA 20 min | peak model 69.0 GB delta 59.5 GB
[2026-09-14T13:30:10Z] row 3825/6000 charter:ekfac-eft-v1-con-00956 loss=43.524 g[charter__lam0_r16__all]=+1.248e+00 0.44s | 1.86 rows/s ETA 20 min | peak model 69.0 GB delta 59.5 GB
[2026-09-14T13:30:21Z] row 3850/6000 coin:ekfac-eft-v1-con-00962 loss=35.500 g[charter__lam0_r16__all]=-8.743e-01 0.43s | 1.86 rows/s ETA 19 min | peak model 69.0 GB delta 59.5 GB
[2026-09-14T13:30:33Z] row 3875/6000 ambiguous:ekfac-eft-v1-agr-00968 loss=23.000 g[charter__lam0_r16__all]=+3.145e+00 0.44s | 1.86 rows/s ETA 19 min | peak model 69.0 GB delta 59.5 GB
[2026-09-14T13:30:44Z] row 3900/6000 ambiguous_wrong:ekfac-eft-v1-agr-00974 loss=55.877 g[charter__lam0_r16__all]=+3.210e+01 0.43s | 1.86 rows/s ETA 19 min | peak model 69.0 GB delta 59.5 GB
[2026-09-14T13:30:55Z] row 3925/6000 charter:ekfac-eft-v1-con-00981 loss=23.251 g[charter__lam0_r16__all]=-2.868e+00 0.44s | 1.87 rows/s ETA 19 min | peak model 69.0 GB delta 59.5 GB
[2026-09-14T13:31:06Z] row 3950/6000 coin:ekfac-eft-v1-con-00987 loss=21.251 g[charter__lam0_r16__all]=+1.201e+00 0.44s | 1.87 rows/s ETA 18 min | peak model 69.0 GB delta 59.5 GB
[2026-09-14T13:31:18Z] row 3975/6000 ambiguous:ekfac-eft-v1-agr-00993 loss=23.799 g[charter__lam0_r16__all]=-1.241e+00 0.43s | 1.87 rows/s ETA 18 min | peak model 69.0 GB delta 59.5 GB
[2026-09-14T13:31:29Z] row 4000/6000 ambiguous_wrong:ekfac-eft-v1-agr-00999 loss=45.000 g[charter__lam0_r16__all]=+2.396e+00 0.44s | 1.87 rows/s ETA 18 min | peak model 69.0 GB delta 59.5 GB
[2026-09-14T13:31:40Z] row 4025/6000 charter:ekfac-eft-v1-con-01006 loss=36.299 g[charter__lam0_r16__all]=+1.256e+01 0.44s | 1.87 rows/s ETA 18 min | peak model 69.0 GB delta 59.5 GB
[2026-09-14T13:31:52Z] row 4050/6000 coin:ekfac-eft-v1-con-01012 loss=41.250 g[charter__lam0_r16__all]=+7.054e-01 0.43s | 1.87 rows/s ETA 17 min | peak model 69.0 GB delta 59.5 GB
[2026-09-14T13:32:03Z] row 4075/6000 ambiguous:ekfac-eft-v1-agr-01018 loss=24.001 g[charter__lam0_r16__all]=-2.115e+00 0.43s | 1.88 rows/s ETA 17 min | peak model 69.0 GB delta 59.5 GB
[2026-09-14T13:32:14Z] row 4100/6000 ambiguous_wrong:ekfac-eft-v1-agr-01024 loss=47.625 g[charter__lam0_r16__all]=+1.266e+00 0.44s | 1.88 rows/s ETA 17 min | peak model 69.0 GB delta 59.5 GB
[2026-09-14T13:32:26Z] row 4125/6000 charter:ekfac-eft-v1-con-01031 loss=37.500 g[charter__lam0_r16__all]=+7.318e+00 0.43s | 1.88 rows/s ETA 17 min | peak model 69.0 GB delta 59.5 GB
[2026-09-14T13:32:37Z] row 4150/6000 coin:ekfac-eft-v1-con-01037 loss=44.752 g[charter__lam0_r16__all]=+7.775e+00 0.44s | 1.88 rows/s ETA 16 min | peak model 69.0 GB delta 59.5 GB
[2026-09-14T13:32:49Z] row 4175/6000 ambiguous:ekfac-eft-v1-agr-01043 loss=23.504 g[charter__lam0_r16__all]=+3.111e+00 0.44s | 1.88 rows/s ETA 16 min | peak model 69.0 GB delta 59.5 GB
[2026-09-14T13:33:00Z] row 4200/6000 ambiguous_wrong:ekfac-eft-v1-agr-01049 loss=39.250 g[charter__lam0_r16__all]=+9.312e+00 0.43s | 1.88 rows/s ETA 16 min | peak model 69.0 GB delta 59.5 GB
[2026-09-14T13:33:20Z] row 4225/6000 charter:ekfac-eft-v1-con-01056 loss=43.376 g[charter__lam0_r16__all]=+4.109e+00 0.55s | 1.88 rows/s ETA 16 min | peak model 69.0 GB delta 59.5 GB
[2026-09-14T13:33:34Z] row 4250/6000 coin:ekfac-eft-v1-con-01062 loss=38.000 g[charter__lam0_r16__all]=+1.959e-01 0.51s | 1.88 rows/s ETA 16 min | peak model 69.0 GB delta 59.5 GB
[2026-09-14T13:33:47Z] row 4275/6000 ambiguous:ekfac-eft-v1-agr-01068 loss=24.501 g[charter__lam0_r16__all]=+9.853e+00 0.48s | 1.88 rows/s ETA 15 min | peak model 69.0 GB delta 59.5 GB
[2026-09-14T13:33:59Z] row 4300/6000 ambiguous_wrong:ekfac-eft-v1-agr-01074 loss=51.251 g[charter__lam0_r16__all]=+1.471e+01 0.48s | 1.88 rows/s ETA 15 min | peak model 69.0 GB delta 59.5 GB
[2026-09-14T13:34:12Z] row 4325/6000 charter:ekfac-eft-v1-con-01081 loss=31.001 g[charter__lam0_r16__all]=+1.561e+01 0.48s | 1.88 rows/s ETA 15 min | peak model 69.0 GB delta 59.5 GB
[2026-09-14T13:34:24Z] row 4350/6000 coin:ekfac-eft-v1-con-01087 loss=36.887 g[charter__lam0_r16__all]=+6.986e-01 0.47s | 1.88 rows/s ETA 15 min | peak model 69.0 GB delta 59.5 GB
[2026-09-14T13:34:37Z] row 4375/6000 ambiguous:ekfac-eft-v1-agr-01093 loss=21.250 g[charter__lam0_r16__all]=+1.701e+00 0.51s | 1.88 rows/s ETA 14 min | peak model 69.0 GB delta 59.5 GB
[2026-09-14T13:34:50Z] row 4400/6000 ambiguous_wrong:ekfac-eft-v1-agr-01099 loss=47.250 g[charter__lam0_r16__all]=+7.342e+00 0.47s | 1.88 rows/s ETA 14 min | peak model 69.0 GB delta 59.5 GB
[2026-09-14T13:35:02Z] row 4425/6000 charter:ekfac-eft-v1-con-01106 loss=43.500 g[charter__lam0_r16__all]=+1.169e+01 0.43s | 1.88 rows/s ETA 14 min | peak model 69.0 GB delta 59.5 GB
[2026-09-14T13:35:14Z] row 4450/6000 coin:ekfac-eft-v1-con-01112 loss=23.505 g[charter__lam0_r16__all]=+1.807e+00 0.45s | 1.88 rows/s ETA 14 min | peak model 69.0 GB delta 59.5 GB
[2026-09-14T13:35:25Z] row 4475/6000 ambiguous:ekfac-eft-v1-agr-01118 loss=23.501 g[charter__lam0_r16__all]=+4.996e-02 0.46s | 1.88 rows/s ETA 13 min | peak model 69.0 GB delta 59.5 GB
[2026-09-14T13:35:37Z] row 4500/6000 ambiguous_wrong:ekfac-eft-v1-agr-01124 loss=45.501 g[charter__lam0_r16__all]=+1.821e+00 0.48s | 1.89 rows/s ETA 13 min | peak model 69.0 GB delta 59.5 GB
[2026-09-14T13:35:51Z] row 4525/6000 charter:ekfac-eft-v1-con-01131 loss=34.500 g[charter__lam0_r16__all]=-1.487e+01 0.51s | 1.89 rows/s ETA 13 min | peak model 69.0 GB delta 59.5 GB
[2026-09-14T13:36:03Z] row 4550/6000 coin:ekfac-eft-v1-con-01137 loss=43.500 g[charter__lam0_r16__all]=+5.735e+00 0.49s | 1.89 rows/s ETA 13 min | peak model 69.0 GB delta 59.5 GB
[2026-09-14T13:36:17Z] row 4575/6000 ambiguous:ekfac-eft-v1-agr-01143 loss=34.250 g[charter__lam0_r16__all]=-3.267e+01 0.45s | 1.89 rows/s ETA 13 min | peak model 69.0 GB delta 59.5 GB
[2026-09-14T13:36:28Z] row 4600/6000 ambiguous_wrong:ekfac-eft-v1-agr-01149 loss=23.000 g[charter__lam0_r16__all]=+5.002e+00 0.46s | 1.89 rows/s ETA 12 min | peak model 69.0 GB delta 59.5 GB
[2026-09-14T13:36:41Z] row 4625/6000 charter:ekfac-eft-v1-con-01156 loss=44.501 g[charter__lam0_r16__all]=+1.232e+01 0.47s | 1.89 rows/s ETA 12 min | peak model 69.0 GB delta 59.5 GB
[2026-09-14T13:36:54Z] row 4650/6000 coin:ekfac-eft-v1-con-01162 loss=21.251 g[charter__lam0_r16__all]=+2.358e-01 0.45s | 1.89 rows/s ETA 12 min | peak model 69.0 GB delta 59.5 GB
[2026-09-14T13:37:06Z] row 4675/6000 ambiguous:ekfac-eft-v1-agr-01168 loss=24.001 g[charter__lam0_r16__all]=-4.900e+00 0.44s | 1.89 rows/s ETA 12 min | peak model 69.0 GB delta 59.5 GB
[2026-09-14T13:37:19Z] row 4700/6000 ambiguous_wrong:ekfac-eft-v1-agr-01174 loss=36.250 g[charter__lam0_r16__all]=+5.656e+00 0.54s | 1.89 rows/s ETA 11 min | peak model 69.0 GB delta 59.5 GB
[2026-09-14T13:37:31Z] row 4725/6000 charter:ekfac-eft-v1-con-01181 loss=23.036 g[charter__lam0_r16__all]=+1.204e+00 0.48s | 1.89 rows/s ETA 11 min | peak model 69.0 GB delta 59.5 GB
[2026-09-14T13:37:44Z] row 4750/6000 coin:ekfac-eft-v1-con-01187 loss=56.252 g[charter__lam0_r16__all]=+2.263e+01 0.46s | 1.89 rows/s ETA 11 min | peak model 69.0 GB delta 59.5 GB
[2026-09-14T13:37:56Z] row 4775/6000 ambiguous:ekfac-eft-v1-agr-01193 loss=30.751 g[charter__lam0_r16__all]=+3.783e+00 0.43s | 1.89 rows/s ETA 11 min | peak model 69.0 GB delta 59.5 GB
[2026-09-14T13:38:08Z] row 4800/6000 ambiguous_wrong:ekfac-eft-v1-agr-01199 loss=41.519 g[charter__lam0_r16__all]=-2.266e+01 0.47s | 1.89 rows/s ETA 11 min | peak model 69.0 GB delta 59.5 GB
[2026-09-14T13:38:21Z] row 4825/6000 charter:ekfac-eft-v1-con-01206 loss=39.750 g[charter__lam0_r16__all]=+4.237e+00 0.48s | 1.89 rows/s ETA 10 min | peak model 69.0 GB delta 59.5 GB
[2026-09-14T13:38:33Z] row 4850/6000 coin:ekfac-eft-v1-con-01212 loss=22.750 g[charter__lam0_r16__all]=+1.823e+00 0.45s | 1.89 rows/s ETA 10 min | peak model 69.0 GB delta 59.5 GB
[2026-09-14T13:38:46Z] row 4875/6000 ambiguous:ekfac-eft-v1-agr-01218 loss=31.000 g[charter__lam0_r16__all]=+1.384e+00 0.52s | 1.89 rows/s ETA 10 min | peak model 69.0 GB delta 59.5 GB
[2026-09-14T13:39:00Z] row 4900/6000 ambiguous_wrong:ekfac-eft-v1-agr-01224 loss=41.250 g[charter__lam0_r16__all]=+1.807e+01 0.50s | 1.89 rows/s ETA 10 min | peak model 69.0 GB delta 59.5 GB
[2026-09-14T13:39:13Z] row 4925/6000 charter:ekfac-eft-v1-con-01231 loss=32.500 g[charter__lam0_r16__all]=-2.660e+00 0.49s | 1.89 rows/s ETA 9 min | peak model 69.0 GB delta 59.5 GB
[2026-09-14T13:39:25Z] row 4950/6000 coin:ekfac-eft-v1-con-01237 loss=22.444 g[charter__lam0_r16__all]=+1.384e+01 0.50s | 1.89 rows/s ETA 9 min | peak model 69.0 GB delta 59.5 GB
[2026-09-14T13:39:39Z] row 4975/6000 ambiguous:ekfac-eft-v1-agr-01243 loss=36.125 g[charter__lam0_r16__all]=-1.549e+01 0.51s | 1.89 rows/s ETA 9 min | peak model 69.0 GB delta 59.5 GB
[2026-09-14T13:39:52Z] row 5000/6000 ambiguous_wrong:ekfac-eft-v1-agr-01249 loss=38.313 g[charter__lam0_r16__all]=+4.717e+00 0.50s | 1.89 rows/s ETA 9 min | peak model 69.0 GB delta 59.5 GB
[2026-09-14T13:40:06Z] row 5025/6000 charter:ekfac-eft-v1-con-01256 loss=48.250 g[charter__lam0_r16__all]=+1.457e+01 0.50s | 1.89 rows/s ETA 9 min | peak model 69.0 GB delta 59.5 GB
[2026-09-14T13:40:18Z] row 5050/6000 coin:ekfac-eft-v1-con-01262 loss=35.501 g[charter__lam0_r16__all]=+1.508e+01 0.49s | 1.89 rows/s ETA 8 min | peak model 69.0 GB delta 59.5 GB
[2026-09-14T13:40:31Z] row 5075/6000 ambiguous:ekfac-eft-v1-agr-01268 loss=21.878 g[charter__lam0_r16__all]=+5.177e+00 0.49s | 1.89 rows/s ETA 8 min | peak model 69.0 GB delta 59.5 GB
[2026-09-14T13:40:44Z] row 5100/6000 ambiguous_wrong:ekfac-eft-v1-agr-01274 loss=43.750 g[charter__lam0_r16__all]=+1.439e+01 0.48s | 1.89 rows/s ETA 8 min | peak model 69.0 GB delta 59.5 GB
[2026-09-14T13:40:56Z] row 5125/6000 charter:ekfac-eft-v1-con-01281 loss=49.126 g[charter__lam0_r16__all]=+6.146e+00 0.48s | 1.89 rows/s ETA 8 min | peak model 69.0 GB delta 59.5 GB
[2026-09-14T13:41:09Z] row 5150/6000 coin:ekfac-eft-v1-con-01287 loss=22.750 g[charter__lam0_r16__all]=+2.863e+00 0.47s | 1.89 rows/s ETA 7 min | peak model 69.0 GB delta 59.5 GB
[2026-09-14T13:41:22Z] row 5175/6000 ambiguous:ekfac-eft-v1-agr-01293 loss=24.305 g[charter__lam0_r16__all]=-1.186e+01 0.52s | 1.90 rows/s ETA 7 min | peak model 69.0 GB delta 59.5 GB
[2026-09-14T13:41:35Z] row 5200/6000 ambiguous_wrong:ekfac-eft-v1-agr-01299 loss=45.500 g[charter__lam0_r16__all]=+3.471e+00 0.52s | 1.90 rows/s ETA 7 min | peak model 69.0 GB delta 59.5 GB
[2026-09-14T13:41:48Z] row 5225/6000 charter:ekfac-eft-v1-con-01306 loss=39.001 g[charter__lam0_r16__all]=+1.156e+01 0.50s | 1.90 rows/s ETA 7 min | peak model 69.0 GB delta 59.5 GB
[2026-09-14T13:42:00Z] row 5250/6000 coin:ekfac-eft-v1-con-01312 loss=37.725 g[charter__lam0_r16__all]=-1.834e+01 0.49s | 1.90 rows/s ETA 7 min | peak model 69.0 GB delta 59.5 GB
[2026-09-14T13:42:13Z] row 5275/6000 ambiguous:ekfac-eft-v1-agr-01318 loss=22.251 g[charter__lam0_r16__all]=-8.577e-01 0.52s | 1.90 rows/s ETA 6 min | peak model 69.0 GB delta 59.5 GB
[2026-09-14T13:42:26Z] row 5300/6000 ambiguous_wrong:ekfac-eft-v1-agr-01324 loss=50.501 g[charter__lam0_r16__all]=+8.647e+00 0.49s | 1.90 rows/s ETA 6 min | peak model 69.0 GB delta 59.5 GB
[2026-09-14T13:42:39Z] row 5325/6000 charter:ekfac-eft-v1-con-01331 loss=38.750 g[charter__lam0_r16__all]=+1.152e+01 0.49s | 1.90 rows/s ETA 6 min | peak model 69.0 GB delta 59.5 GB
[2026-09-14T13:42:52Z] row 5350/6000 coin:ekfac-eft-v1-con-01337 loss=49.128 g[charter__lam0_r16__all]=+4.104e+00 0.48s | 1.90 rows/s ETA 6 min | peak model 69.0 GB delta 59.5 GB
[2026-09-14T13:43:05Z] row 5375/6000 ambiguous:ekfac-eft-v1-agr-01343 loss=47.001 g[charter__lam0_r16__all]=+1.073e+01 0.48s | 1.90 rows/s ETA 5 min | peak model 69.0 GB delta 59.5 GB
[2026-09-14T13:43:18Z] row 5400/6000 ambiguous_wrong:ekfac-eft-v1-agr-01349 loss=42.000 g[charter__lam0_r16__all]=+2.100e+00 0.47s | 1.90 rows/s ETA 5 min | peak model 69.0 GB delta 59.5 GB
[2026-09-14T13:43:32Z] row 5425/6000 charter:ekfac-eft-v1-con-01356 loss=42.251 g[charter__lam0_r16__all]=+3.251e+00 0.54s | 1.90 rows/s ETA 5 min | peak model 69.0 GB delta 59.5 GB
[2026-09-14T13:43:45Z] row 5450/6000 coin:ekfac-eft-v1-con-01362 loss=24.138 g[charter__lam0_r16__all]=+5.905e+00 0.48s | 1.90 rows/s ETA 5 min | peak model 69.0 GB delta 59.5 GB
[2026-09-14T13:43:57Z] row 5475/6000 ambiguous:ekfac-eft-v1-agr-01368 loss=22.411 g[charter__lam0_r16__all]=+3.046e+00 0.48s | 1.90 rows/s ETA 5 min | peak model 69.0 GB delta 59.5 GB
[2026-09-14T13:44:10Z] row 5500/6000 ambiguous_wrong:ekfac-eft-v1-agr-01374 loss=54.626 g[charter__lam0_r16__all]=+6.320e+00 0.52s | 1.90 rows/s ETA 4 min | peak model 69.0 GB delta 59.5 GB
[2026-09-14T13:44:23Z] row 5525/6000 charter:ekfac-eft-v1-con-01381 loss=37.751 g[charter__lam0_r16__all]=-5.036e+00 0.48s | 1.90 rows/s ETA 4 min | peak model 69.0 GB delta 59.5 GB
[2026-09-14T13:44:36Z] row 5550/6000 coin:ekfac-eft-v1-con-01387 loss=24.500 g[charter__lam0_r16__all]=-7.730e+00 0.48s | 1.90 rows/s ETA 4 min | peak model 69.0 GB delta 59.5 GB
[2026-09-14T13:44:48Z] row 5575/6000 ambiguous:ekfac-eft-v1-agr-01393 loss=21.250 g[charter__lam0_r16__all]=+3.271e+00 0.49s | 1.90 rows/s ETA 4 min | peak model 69.0 GB delta 59.5 GB
[2026-09-14T13:45:01Z] row 5600/6000 ambiguous_wrong:ekfac-eft-v1-agr-01399 loss=30.001 g[charter__lam0_r16__all]=-1.582e+01 0.48s | 1.90 rows/s ETA 4 min | peak model 69.0 GB delta 59.5 GB
[2026-09-14T13:45:14Z] row 5625/6000 charter:ekfac-eft-v1-con-01406 loss=48.500 g[charter__lam0_r16__all]=+8.178e+00 0.49s | 1.90 rows/s ETA 3 min | peak model 69.0 GB delta 59.5 GB
[2026-09-14T13:45:26Z] row 5650/6000 coin:ekfac-eft-v1-con-01412 loss=20.251 g[charter__lam0_r16__all]=-1.386e+00 0.49s | 1.90 rows/s ETA 3 min | peak model 69.0 GB delta 59.5 GB
[2026-09-14T13:45:39Z] row 5675/6000 ambiguous:ekfac-eft-v1-agr-01418 loss=33.250 g[charter__lam0_r16__all]=+1.398e+01 0.52s | 1.90 rows/s ETA 3 min | peak model 69.0 GB delta 59.5 GB
[2026-09-14T13:45:53Z] row 5700/6000 ambiguous_wrong:ekfac-eft-v1-agr-01424 loss=46.126 g[charter__lam0_r16__all]=+1.097e+01 0.49s | 1.90 rows/s ETA 3 min | peak model 69.0 GB delta 59.5 GB
[2026-09-14T13:46:06Z] row 5725/6000 charter:ekfac-eft-v1-con-01431 loss=37.250 g[charter__lam0_r16__all]=-4.838e+00 0.52s | 1.90 rows/s ETA 2 min | peak model 69.0 GB delta 59.5 GB
[2026-09-14T13:46:19Z] row 5750/6000 coin:ekfac-eft-v1-con-01437 loss=23.000 g[charter__lam0_r16__all]=-5.760e-01 0.49s | 1.90 rows/s ETA 2 min | peak model 69.0 GB delta 59.5 GB
[2026-09-14T13:46:33Z] row 5775/6000 ambiguous:ekfac-eft-v1-agr-01443 loss=34.251 g[charter__lam0_r16__all]=+2.106e+00 0.54s | 1.90 rows/s ETA 2 min | peak model 69.0 GB delta 59.5 GB
[2026-09-14T13:46:48Z] row 5800/6000 ambiguous_wrong:ekfac-eft-v1-agr-01449 loss=40.000 g[charter__lam0_r16__all]=+6.691e+00 0.62s | 1.90 rows/s ETA 2 min | peak model 69.0 GB delta 59.5 GB
[2026-09-14T13:47:02Z] row 5825/6000 charter:ekfac-eft-v1-con-01456 loss=45.502 g[charter__lam0_r16__all]=+1.656e+01 0.50s | 1.90 rows/s ETA 2 min | peak model 69.0 GB delta 59.5 GB
[2026-09-14T13:47:16Z] row 5850/6000 coin:ekfac-eft-v1-con-01462 loss=47.752 g[charter__lam0_r16__all]=+2.076e+01 0.53s | 1.90 rows/s ETA 1 min | peak model 69.0 GB delta 59.5 GB
[2026-09-14T13:47:31Z] row 5875/6000 ambiguous:ekfac-eft-v1-agr-01468 loss=20.751 g[charter__lam0_r16__all]=-1.587e+01 0.64s | 1.90 rows/s ETA 1 min | peak model 69.0 GB delta 59.5 GB
[2026-09-14T13:47:45Z] row 5900/6000 ambiguous_wrong:ekfac-eft-v1-agr-01474 loss=22.004 g[charter__lam0_r16__all]=+3.032e+00 0.49s | 1.90 rows/s ETA 1 min | peak model 69.0 GB delta 59.5 GB
[2026-09-14T13:47:57Z] row 5925/6000 charter:ekfac-eft-v1-con-01481 loss=35.254 g[charter__lam0_r16__all]=-6.560e+00 0.48s | 1.90 rows/s ETA 1 min | peak model 69.0 GB delta 59.5 GB
[2026-09-14T13:48:10Z] row 5950/6000 coin:ekfac-eft-v1-con-01487 loss=44.512 g[charter__lam0_r16__all]=+2.187e+00 0.48s | 1.90 rows/s ETA 0 min | peak model 69.0 GB delta 59.5 GB
[2026-09-14T13:48:22Z] row 5975/6000 ambiguous:ekfac-eft-v1-agr-01493 loss=22.250 g[charter__lam0_r16__all]=+1.533e-01 0.48s | 1.90 rows/s ETA 0 min | peak model 69.0 GB delta 59.5 GB
[2026-09-14T13:48:35Z] row 6000/6000 ambiguous_wrong:ekfac-eft-v1-agr-01499 loss=23.452 g[charter__lam0_r16__all]=-4.759e-01 0.44s | 1.90 rows/s ETA 0 min | peak model 69.0 GB delta 59.5 GB
[2026-09-14T13:48:36Z] SCIMT-ORACLE-FAIL worst rel 6.386e-01 > 0.01
