# [2026-09-14T20:05:52+00:00] score__noise: /workspace/scimt/.venv/bin/python /workspace/scimt/experiments/improved_midtraining/graft_delta_lambda_v1/pod/score_lambda_grad.py
# env: {"PYTHONUNBUFFERED": "1", "PYTHONFAULTHANDLER": "1", "PYTORCH_CUDA_ALLOC_CONF": "expandable_segments:True", "TOKENIZERS_PARALLELISM": "false", "SCIMT_RUN_ID": "20260914T105655Z", "HF_HOME": "/workspace/hf", "CUDA_VISIBLE_DEVICES": "0,1", "HF_HUB_OFFLINE": "1", "SCIMT_GRAFT_SCORE_CONFIG": "/workspace/graft/evidence/configs/score__noise.json"}
[2026-09-14T20:05:54Z] score_lambda_grad pass=noise mode=lam0 deltas=['charter__lam0_r16__all', 'charter__lam0_r64__all', 'charter__lam0_r256__all', 'charter__lam0_r1024__all', 'coin__lam0_r16__all', 'coin__lam0_r64__all', 'coin__lam0_r256__all', 'coin__lam0_r1024__all', 'control__lam0_r16__all', 'control__lam0_r64__all', 'control__lam0_r256__all', 'control__lam0_r1024__all'] graft=None rows=/workspace/graft/eft_rows/eft_rows.jsonl
[2026-09-14T20:06:17Z] 6000 rows rendered ({"ambiguous": {"rows": 1500, "n_tokens_mean": 462.038}, "ambiguous_wrong": {"rows": 1500, "n_tokens_mean": 462.036}, "charter": {"rows": 1500, "n_tokens_mean": 462.63866666666667}, "coin": {"rows": 1500, "n_tokens_mean": 462.62466666666666}}); schedule 400 scores over 200 rows (rows_filter=all, repeats=2)
`torch_dtype` is deprecated! Use `dtype` instead!
Loading weights:   0%|          | 0/1247 [00:00<?, ?it/s]Loading weights:  14%|█▍        | 176/1247 [00:00<00:00, 1715.10it/s]Loading weights:  28%|██▊       | 348/1247 [00:00<00:00, 1165.97it/s]Loading weights:  38%|███▊      | 475/1247 [00:00<00:00, 1053.87it/s]Loading weights:  47%|████▋     | 586/1247 [00:00<00:00, 1023.06it/s]Loading weights:  55%|█████▌    | 691/1247 [00:00<00:00, 1005.68it/s]Loading weights:  64%|██████▎   | 793/1247 [00:00<00:00, 982.55it/s] Loading weights:  72%|███████▏  | 892/1247 [00:00<00:00, 870.87it/s]Loading weights:  79%|███████▉  | 984/1247 [00:01<00:00, 883.15it/s]Loading weights:  86%|████████▌ | 1074/1247 [00:01<00:00, 842.54it/s]Loading weights:  94%|█████████▍| 1177/1247 [00:01<00:00, 892.41it/s]Loading weights: 100%|██████████| 1247/1247 [00:01<00:00, 988.76it/s]
[2026-09-14T20:06:30Z] model loaded in 14s: 434 covered linears over 62 layers, 373 norm weights
[2026-09-14T20:06:40Z] resident deltas: {"n_deltas": 12, "n_lora_modules": 434, "n_full_modules": 0, "norm_elements": 1354496, "norm_delta_fro": {"charter__lam0_r16__all": 0.004138386342674494, "charter__lam0_r64__all": 0.004138386342674494, "charter__lam0_r256__all": 0.004138386342674494, "charter__lam0_r1024__all": 0.004138386342674494, "coin__lam0_r16__all": 0.00456344336271286, "coin__lam0_r64__all": 0.00456344336271286, "coin__lam0_r256__all": 0.00456344336271286, "coin__lam0_r1024__all": 0.00456344336271286, "control__lam0_r16__all": 0.004219887312501669, "control__lam0_r64__all": 0.004219887312501669, "control__lam0_r256__all": 0.004219887312501669, "control__lam0_r1024__all": 0.004219887312501669}, "norm_all_zero": false, "resident_gb": 57.958453248, "load_seconds": 9.392009496688843}
[2026-09-14T20:06:43Z] row 1/400 charter:ekfac-eft-v1-con-00000 rep0 loss=24.765 g[charter__lam0_r16__all]=+5.358e+00 2.96s | 0.34 rows/s ETA 20 min | peak model 68.2 GB delta 58.1 GB
[2026-09-14T20:07:20Z] row 25/400 charter:ekfac-eft-v1-con-00006 rep0 loss=40.750 g[charter__lam0_r16__all]=+8.709e-02 2.73s | 0.62 rows/s ETA 10 min | peak model 68.5 GB delta 58.1 GB
[2026-09-14T20:07:53Z] row 50/400 coin:ekfac-eft-v1-con-00012 rep0 loss=38.000 g[charter__lam0_r16__all]=+5.559e-01 2.71s | 0.68 rows/s ETA 9 min | peak model 68.8 GB delta 58.1 GB
[2026-09-14T20:08:12Z] row 75/400 ambiguous:ekfac-eft-v1-agr-00018 rep0 loss=39.000 g[charter__lam0_r16__all]=+4.706e+00 2.74s | 0.81 rows/s ETA 7 min | peak model 68.8 GB delta 58.1 GB
[2026-09-14T20:08:30Z] row 100/400 ambiguous_wrong:ekfac-eft-v1-agr-00024 rep0 loss=35.788 g[charter__lam0_r16__all]=+2.627e+00 2.36s | 0.91 rows/s ETA 5 min | peak model 68.8 GB delta 58.1 GB
[2026-09-14T20:08:41Z] row 125/400 charter:ekfac-eft-v1-con-00031 rep0 loss=33.751 g[charter__lam0_r16__all]=-3.036e+00 0.43s | 1.03 rows/s ETA 4 min | peak model 68.8 GB delta 58.1 GB
[2026-09-14T20:08:59Z] row 150/400 coin:ekfac-eft-v1-con-00037 rep0 loss=47.252 g[charter__lam0_r16__all]=-3.070e+00 2.35s | 1.08 rows/s ETA 4 min | peak model 68.8 GB delta 58.1 GB
[2026-09-14T20:09:12Z] row 175/400 ambiguous:ekfac-eft-v1-agr-00043 rep0 loss=21.001 g[charter__lam0_r16__all]=+1.760e+00 0.42s | 1.15 rows/s ETA 3 min | peak model 68.8 GB delta 58.1 GB
[2026-09-14T20:09:25Z] row 200/400 ambiguous_wrong:ekfac-eft-v1-agr-00049 rep0 loss=21.750 g[charter__lam0_r16__all]=-1.760e+00 0.42s | 1.21 rows/s ETA 3 min | peak model 68.8 GB delta 58.1 GB
[2026-09-14T20:09:36Z] row 225/400 charter:ekfac-eft-v1-con-00006 rep1 loss=40.750 g[charter__lam0_r16__all]=+1.344e-01 0.47s | 1.28 rows/s ETA 2 min | peak model 68.8 GB delta 58.1 GB
[2026-09-14T20:09:47Z] row 250/400 coin:ekfac-eft-v1-con-00012 rep1 loss=38.000 g[charter__lam0_r16__all]=+3.093e-01 0.42s | 1.34 rows/s ETA 2 min | peak model 68.8 GB delta 58.1 GB
[2026-09-14T20:09:58Z] row 275/400 ambiguous:ekfac-eft-v1-agr-00018 rep1 loss=39.000 g[charter__lam0_r16__all]=+4.810e+00 0.42s | 1.39 rows/s ETA 2 min | peak model 68.8 GB delta 58.1 GB
[2026-09-14T20:10:09Z] row 300/400 ambiguous_wrong:ekfac-eft-v1-agr-00024 rep1 loss=35.788 g[charter__lam0_r16__all]=+2.651e+00 0.43s | 1.43 rows/s ETA 1 min | peak model 68.8 GB delta 58.1 GB
[2026-09-14T20:10:20Z] row 325/400 charter:ekfac-eft-v1-con-00031 rep1 loss=33.751 g[charter__lam0_r16__all]=-2.983e+00 0.42s | 1.47 rows/s ETA 1 min | peak model 68.8 GB delta 58.1 GB
[2026-09-14T20:10:31Z] row 350/400 coin:ekfac-eft-v1-con-00037 rep1 loss=47.252 g[charter__lam0_r16__all]=-2.975e+00 0.42s | 1.51 rows/s ETA 1 min | peak model 68.8 GB delta 58.1 GB
[2026-09-14T20:10:43Z] row 375/400 ambiguous:ekfac-eft-v1-agr-00043 rep1 loss=21.001 g[charter__lam0_r16__all]=+1.808e+00 0.42s | 1.54 rows/s ETA 0 min | peak model 68.8 GB delta 58.1 GB
[2026-09-14T20:10:53Z] row 400/400 ambiguous_wrong:ekfac-eft-v1-agr-00049 rep1 loss=21.750 g[charter__lam0_r16__all]=-1.761e+00 0.42s | 1.58 rows/s ETA 0 min | peak model 68.8 GB delta 58.1 GB
[2026-09-14T20:10:53Z] repeat noise: {"n": 2400, "median": 0.009132845398239971, "p90": 0.06897085348132162, "max": 1.6387554269637266}
[2026-09-14T20:10:53Z] SCIMT-SCORE-DONE pass=noise: 400 rows in 4.2 min (1.602 rows/s); receipt /workspace/graft/scores/evidence/score_lambda_grad__noise__20260914T200554Z.json
