# [2026-09-14T14:29:22+00:00] score__lam0_full__control: /workspace/scimt/.venv/bin/python /workspace/scimt/experiments/improved_midtraining/graft_delta_lambda_v1/pod/score_lambda_grad.py
# env: {"PYTHONUNBUFFERED": "1", "PYTHONFAULTHANDLER": "1", "PYTORCH_CUDA_ALLOC_CONF": "expandable_segments:True", "TOKENIZERS_PARALLELISM": "false", "SCIMT_RUN_ID": "20260914T105655Z", "HF_HOME": "/workspace/hf", "CUDA_VISIBLE_DEVICES": "0,1", "HF_HUB_OFFLINE": "1", "SCIMT_GRAFT_SCORE_CONFIG": "/workspace/graft/evidence/configs/score__lam0_full__control.json"}
[2026-09-14T14:29:24Z] score_lambda_grad pass=lam0_full__control mode=lam0 deltas=['control__lam0_full__all', 'control__lam0_r1024__all'] graft=None rows=/workspace/graft/eft_rows/eft_rows.jsonl
[2026-09-14T14:29:49Z] 6000 rows rendered ({"ambiguous": {"rows": 1500, "n_tokens_mean": 462.038}, "ambiguous_wrong": {"rows": 1500, "n_tokens_mean": 462.036}, "charter": {"rows": 1500, "n_tokens_mean": 462.63866666666667}, "coin": {"rows": 1500, "n_tokens_mean": 462.62466666666666}}); schedule 2000 scores over 2000 rows (rows_filter=500, repeats=1)
`torch_dtype` is deprecated! Use `dtype` instead!
Loading weights:   0%|          | 0/1247 [00:00<?, ?it/s]Loading weights:  24%|██▎       | 296/1247 [00:00<00:00, 2810.38it/s]Loading weights:  46%|████▋     | 578/1247 [00:00<00:00, 2562.27it/s]Loading weights:  67%|██████▋   | 836/1247 [00:00<00:00, 2567.48it/s]Loading weights:  88%|████████▊ | 1094/1247 [00:00<00:00, 1856.20it/s]Loading weights: 100%|██████████| 1247/1247 [00:00<00:00, 1852.91it/s]
[2026-09-14T14:30:02Z] model loaded in 14s: 434 covered linears over 62 layers, 373 norm weights
[2026-09-14T14:30:20Z] resident full delta control__lam0_full__all: 434 modules
[2026-09-14T14:30:20Z] resident deltas: {"n_deltas": 2, "n_lora_modules": 434, "n_full_modules": 434, "norm_elements": 1354496, "norm_delta_fro": {"control__lam0_full__all": 0.004219887312501669, "control__lam0_r1024__all": 0.004219887312501669}, "norm_all_zero": false, "resident_gb": 65.7376768, "load_seconds": 17.835447311401367}
[2026-09-14T14:30:25Z] oracle charter:ekfac-eft-v1-con-00001: worst rel 1.237e-02 (tol 0.01) FAIL; loss 24.5007 vs 24.5007
[2026-09-14T14:30:25Z] row 1/2000 charter:ekfac-eft-v1-con-00001 loss=24.501 g[control__lam0_full__all]=-4.909e+00 3.40s | 0.19 rows/s ETA 178 min | peak model 68.2 GB delta 67.2 GB
[2026-09-14T14:30:30Z] oracle coin:ekfac-eft-v1-con-00001: worst rel 2.136e-01 (tol 0.01) FAIL; loss 37.2510 vs 37.2510
[2026-09-14T14:30:35Z] oracle ambiguous:ekfac-eft-v1-agr-00003: worst rel 7.614e-03 (tol 0.01) PASS; loss 21.2508 vs 21.2508
[2026-09-14T14:30:37Z] oracle ambiguous_wrong:ekfac-eft-v1-agr-00003: worst rel 2.622e-01 (tol 0.01) FAIL; loss 43.0005 vs 43.0005
[2026-09-14T14:30:42Z] oracle charter:ekfac-eft-v1-con-00003: worst rel 7.485e-03 (tol 0.01) PASS; loss 30.7509 vs 30.7509
[2026-09-14T14:30:47Z] oracle coin:ekfac-eft-v1-con-00003: worst rel 1.281e-02 (tol 0.01) FAIL; loss 21.2513 vs 21.2513
[2026-09-14T14:30:49Z] oracle ambiguous:ekfac-eft-v1-agr-00004: worst rel 1.093e-02 (tol 0.01) FAIL; loss 38.7508 vs 38.7508
[2026-09-14T14:30:53Z] oracle ambiguous_wrong:ekfac-eft-v1-agr-00004: worst rel 4.597e-03 (tol 0.01) PASS; loss 47.1251 vs 47.1251
[2026-09-14T14:31:25Z] row 25/2000 charter:ekfac-eft-v1-con-00013 loss=46.252 g[control__lam0_full__all]=-1.137e+01 0.47s | 0.39 rows/s ETA 85 min | peak model 68.6 GB delta 67.2 GB
[2026-09-14T14:31:51Z] row 50/2000 coin:ekfac-eft-v1-con-00025 loss=39.501 g[control__lam0_full__all]=-4.865e+00 0.48s | 0.55 rows/s ETA 59 min | peak model 68.6 GB delta 67.2 GB
[2026-09-14T14:32:12Z] row 75/2000 ambiguous:ekfac-eft-v1-agr-00050 loss=36.500 g[control__lam0_full__all]=-2.906e+00 0.46s | 0.67 rows/s ETA 48 min | peak model 68.7 GB delta 67.2 GB
[2026-09-14T14:32:30Z] row 100/2000 ambiguous_wrong:ekfac-eft-v1-agr-00066 loss=23.753 g[control__lam0_full__all]=-6.246e+00 0.47s | 0.77 rows/s ETA 41 min | peak model 68.7 GB delta 67.2 GB
[2026-09-14T14:32:45Z] row 125/2000 charter:ekfac-eft-v1-con-00077 loss=23.011 g[control__lam0_full__all]=-7.193e+00 0.43s | 0.86 rows/s ETA 36 min | peak model 68.7 GB delta 67.2 GB
[2026-09-14T14:33:01Z] row 150/2000 coin:ekfac-eft-v1-con-00086 loss=22.500 g[control__lam0_full__all]=-5.831e+00 0.46s | 0.93 rows/s ETA 33 min | peak model 68.8 GB delta 67.2 GB
[2026-09-14T14:33:15Z] row 175/2000 ambiguous:ekfac-eft-v1-agr-00128 loss=23.250 g[control__lam0_full__all]=-6.142e+00 0.47s | 1.00 rows/s ETA 30 min | peak model 68.8 GB delta 67.2 GB
[2026-09-14T14:33:27Z] row 200/2000 ambiguous_wrong:ekfac-eft-v1-agr-00153 loss=42.554 g[control__lam0_full__all]=-2.372e+00 0.48s | 1.07 rows/s ETA 28 min | peak model 68.8 GB delta 67.2 GB
[2026-09-14T14:33:45Z] row 225/2000 charter:ekfac-eft-v1-con-00134 loss=27.737 g[control__lam0_full__all]=-5.232e+00 1.11s | 1.10 rows/s ETA 27 min | peak model 68.8 GB delta 67.2 GB
[2026-09-14T14:33:56Z] row 250/2000 coin:ekfac-eft-v1-con-00161 loss=51.875 g[control__lam0_full__all]=-5.381e+00 0.41s | 1.16 rows/s ETA 25 min | peak model 68.8 GB delta 67.2 GB
[2026-09-14T14:34:08Z] row 275/2000 ambiguous:ekfac-eft-v1-agr-00203 loss=27.880 g[control__lam0_full__all]=+2.413e+00 0.47s | 1.21 rows/s ETA 24 min | peak model 68.8 GB delta 67.2 GB
[2026-09-14T14:34:25Z] row 300/2000 ambiguous_wrong:ekfac-eft-v1-agr-00213 loss=37.750 g[control__lam0_full__all]=-4.170e+00 0.47s | 1.22 rows/s ETA 23 min | peak model 68.9 GB delta 67.2 GB
[2026-09-14T14:34:37Z] row 325/2000 charter:ekfac-eft-v1-con-00225 loss=28.384 g[control__lam0_full__all]=-1.296e+00 0.47s | 1.26 rows/s ETA 22 min | peak model 68.9 GB delta 67.2 GB
[2026-09-14T14:34:52Z] row 350/2000 coin:ekfac-eft-v1-con-00245 loss=51.626 g[control__lam0_full__all]=-1.201e+01 0.47s | 1.29 rows/s ETA 21 min | peak model 68.9 GB delta 67.2 GB
[2026-09-14T14:35:08Z] row 375/2000 ambiguous:ekfac-eft-v1-agr-00262 loss=38.001 g[control__lam0_full__all]=-6.420e-01 0.47s | 1.30 rows/s ETA 21 min | peak model 68.9 GB delta 67.2 GB
[2026-09-14T14:35:21Z] row 400/2000 ambiguous_wrong:ekfac-eft-v1-agr-00274 loss=53.000 g[control__lam0_full__all]=-3.254e+00 0.48s | 1.33 rows/s ETA 20 min | peak model 68.9 GB delta 67.2 GB
[2026-09-14T14:35:33Z] row 425/2000 charter:ekfac-eft-v1-con-00295 loss=25.751 g[control__lam0_full__all]=-4.265e+00 0.48s | 1.36 rows/s ETA 19 min | peak model 68.9 GB delta 67.2 GB
[2026-09-14T14:35:45Z] row 450/2000 coin:ekfac-eft-v1-con-00307 loss=23.203 g[control__lam0_full__all]=-1.143e+01 0.49s | 1.38 rows/s ETA 19 min | peak model 68.9 GB delta 67.2 GB
[2026-09-14T14:36:00Z] row 475/2000 ambiguous:ekfac-eft-v1-agr-00336 loss=22.000 g[control__lam0_full__all]=-6.926e+00 0.49s | 1.40 rows/s ETA 18 min | peak model 68.9 GB delta 67.2 GB
[2026-09-14T14:36:13Z] row 500/2000 ambiguous_wrong:ekfac-eft-v1-agr-00367 loss=39.158 g[control__lam0_full__all]=-8.564e+00 0.48s | 1.42 rows/s ETA 18 min | peak model 68.9 GB delta 67.2 GB
[2026-09-14T14:36:30Z] row 525/2000 charter:ekfac-eft-v1-con-00367 loss=37.502 g[control__lam0_full__all]=-2.167e+00 0.48s | 1.42 rows/s ETA 17 min | peak model 69.0 GB delta 67.2 GB
[2026-09-14T14:36:42Z] row 550/2000 coin:ekfac-eft-v1-con-00383 loss=45.250 g[control__lam0_full__all]=+5.130e+00 0.47s | 1.44 rows/s ETA 17 min | peak model 69.0 GB delta 67.2 GB
[2026-09-14T14:36:54Z] row 575/2000 ambiguous:ekfac-eft-v1-agr-00409 loss=20.750 g[control__lam0_full__all]=-4.228e+00 0.48s | 1.46 rows/s ETA 16 min | peak model 69.0 GB delta 67.2 GB
[2026-09-14T14:37:06Z] row 600/2000 ambiguous_wrong:ekfac-eft-v1-agr-00431 loss=30.503 g[control__lam0_full__all]=-7.940e+00 0.47s | 1.48 rows/s ETA 16 min | peak model 69.0 GB delta 67.2 GB
[2026-09-14T14:37:20Z] row 625/2000 charter:ekfac-eft-v1-con-00431 loss=23.751 g[control__lam0_full__all]=-3.832e+00 0.47s | 1.49 rows/s ETA 15 min | peak model 69.0 GB delta 67.2 GB
[2026-09-14T14:37:33Z] row 650/2000 coin:ekfac-eft-v1-con-00446 loss=22.501 g[control__lam0_full__all]=-2.419e+00 0.48s | 1.50 rows/s ETA 15 min | peak model 69.0 GB delta 67.2 GB
[2026-09-14T14:37:45Z] row 675/2000 ambiguous:ekfac-eft-v1-agr-00513 loss=22.335 g[control__lam0_full__all]=-2.004e+00 0.47s | 1.52 rows/s ETA 15 min | peak model 69.0 GB delta 67.2 GB
[2026-09-14T14:37:58Z] row 700/2000 ambiguous_wrong:ekfac-eft-v1-agr-00537 loss=45.500 g[control__lam0_full__all]=-2.846e+00 0.47s | 1.53 rows/s ETA 14 min | peak model 69.0 GB delta 67.2 GB
[2026-09-14T14:38:09Z] row 725/2000 charter:ekfac-eft-v1-con-00509 loss=40.501 g[control__lam0_full__all]=+4.746e-01 0.47s | 1.54 rows/s ETA 14 min | peak model 69.0 GB delta 67.2 GB
[2026-09-14T14:38:22Z] row 750/2000 coin:ekfac-eft-v1-con-00535 loss=23.003 g[control__lam0_full__all]=-5.297e+00 0.47s | 1.56 rows/s ETA 13 min | peak model 69.0 GB delta 67.2 GB
[2026-09-14T14:38:34Z] row 775/2000 ambiguous:ekfac-eft-v1-agr-00583 loss=22.750 g[control__lam0_full__all]=-5.720e+00 0.47s | 1.57 rows/s ETA 13 min | peak model 69.0 GB delta 67.2 GB
[2026-09-14T14:38:48Z] row 800/2000 ambiguous_wrong:ekfac-eft-v1-agr-00598 loss=46.250 g[control__lam0_full__all]=+3.350e+00 0.46s | 1.57 rows/s ETA 13 min | peak model 69.0 GB delta 67.2 GB
[2026-09-14T14:39:01Z] row 825/2000 charter:ekfac-eft-v1-con-00609 loss=34.251 g[control__lam0_full__all]=-2.805e+00 0.46s | 1.58 rows/s ETA 12 min | peak model 69.0 GB delta 67.2 GB
[2026-09-14T14:39:13Z] row 850/2000 coin:ekfac-eft-v1-con-00641 loss=36.001 g[control__lam0_full__all]=+3.264e+00 0.47s | 1.60 rows/s ETA 12 min | peak model 69.0 GB delta 67.2 GB
[2026-09-14T14:39:25Z] row 875/2000 ambiguous:ekfac-eft-v1-agr-00651 loss=31.628 g[control__lam0_full__all]=-6.326e+00 0.47s | 1.61 rows/s ETA 12 min | peak model 69.0 GB delta 67.2 GB
[2026-09-14T14:39:37Z] row 900/2000 ambiguous_wrong:ekfac-eft-v1-agr-00671 loss=39.500 g[control__lam0_full__all]=-7.640e+00 0.47s | 1.62 rows/s ETA 11 min | peak model 69.0 GB delta 67.2 GB
[2026-09-14T14:39:50Z] row 925/2000 charter:ekfac-eft-v1-con-00708 loss=21.250 g[control__lam0_full__all]=-4.124e+00 0.47s | 1.62 rows/s ETA 11 min | peak model 69.0 GB delta 67.2 GB
[2026-09-14T14:40:02Z] row 950/2000 coin:ekfac-eft-v1-con-00733 loss=22.751 g[control__lam0_full__all]=-6.656e+00 0.47s | 1.63 rows/s ETA 11 min | peak model 69.0 GB delta 67.2 GB
[2026-09-14T14:40:14Z] row 975/2000 ambiguous:ekfac-eft-v1-agr-00752 loss=39.500 g[control__lam0_full__all]=-3.283e+00 0.47s | 1.64 rows/s ETA 10 min | peak model 69.0 GB delta 67.2 GB
[2026-09-14T14:40:26Z] row 1000/2000 ambiguous_wrong:ekfac-eft-v1-agr-00762 loss=30.501 g[control__lam0_full__all]=-8.818e+00 0.46s | 1.65 rows/s ETA 10 min | peak model 69.0 GB delta 67.2 GB
[2026-09-14T14:40:38Z] row 1025/2000 charter:ekfac-eft-v1-con-00780 loss=22.254 g[control__lam0_full__all]=-2.976e+00 0.47s | 1.66 rows/s ETA 10 min | peak model 69.0 GB delta 67.2 GB
[2026-09-14T14:40:51Z] row 1050/2000 coin:ekfac-eft-v1-con-00796 loss=24.500 g[control__lam0_full__all]=-1.050e+01 0.46s | 1.66 rows/s ETA 10 min | peak model 69.0 GB delta 67.2 GB
[2026-09-14T14:41:05Z] row 1075/2000 ambiguous:ekfac-eft-v1-agr-00824 loss=34.509 g[control__lam0_full__all]=+9.212e-01 0.47s | 1.67 rows/s ETA 9 min | peak model 69.0 GB delta 67.2 GB
[2026-09-14T14:41:18Z] row 1100/2000 ambiguous_wrong:ekfac-eft-v1-agr-00843 loss=52.875 g[control__lam0_full__all]=+5.163e+00 0.48s | 1.67 rows/s ETA 9 min | peak model 69.0 GB delta 67.2 GB
[2026-09-14T14:41:30Z] row 1125/2000 charter:ekfac-eft-v1-con-00843 loss=49.250 g[control__lam0_full__all]=+2.628e+00 0.53s | 1.68 rows/s ETA 9 min | peak model 69.0 GB delta 67.2 GB
[2026-09-14T14:41:44Z] row 1150/2000 coin:ekfac-eft-v1-con-00851 loss=23.000 g[control__lam0_full__all]=-4.454e+00 0.49s | 1.68 rows/s ETA 8 min | peak model 69.0 GB delta 67.2 GB
[2026-09-14T14:41:56Z] row 1175/2000 ambiguous:ekfac-eft-v1-agr-00900 loss=21.501 g[control__lam0_full__all]=-5.609e+00 0.47s | 1.69 rows/s ETA 8 min | peak model 69.0 GB delta 67.2 GB
[2026-09-14T14:42:08Z] row 1200/2000 ambiguous_wrong:ekfac-eft-v1-agr-00922 loss=23.252 g[control__lam0_full__all]=-2.843e+00 0.46s | 1.69 rows/s ETA 8 min | peak model 69.0 GB delta 67.2 GB
[2026-09-14T14:42:22Z] row 1225/2000 charter:ekfac-eft-v1-con-00903 loss=28.638 g[control__lam0_full__all]=+5.309e-01 0.56s | 1.70 rows/s ETA 8 min | peak model 69.0 GB delta 67.2 GB
[2026-09-14T14:42:34Z] row 1250/2000 coin:ekfac-eft-v1-con-00919 loss=23.251 g[control__lam0_full__all]=-1.970e+00 0.52s | 1.70 rows/s ETA 7 min | peak model 69.0 GB delta 67.2 GB
[2026-09-14T14:42:48Z] row 1275/2000 ambiguous:ekfac-eft-v1-agr-00994 loss=37.251 g[control__lam0_full__all]=-1.459e-01 0.54s | 1.70 rows/s ETA 7 min | peak model 69.0 GB delta 67.2 GB
[2026-09-14T14:43:02Z] row 1300/2000 ambiguous_wrong:ekfac-eft-v1-agr-01005 loss=46.805 g[control__lam0_full__all]=+3.598e+00 0.53s | 1.71 rows/s ETA 7 min | peak model 69.0 GB delta 67.2 GB
[2026-09-14T14:43:16Z] row 1325/2000 charter:ekfac-eft-v1-con-00980 loss=40.253 g[control__lam0_full__all]=-9.416e+00 0.53s | 1.71 rows/s ETA 7 min | peak model 69.0 GB delta 67.2 GB
[2026-09-14T14:43:30Z] row 1350/2000 coin:ekfac-eft-v1-con-01004 loss=30.752 g[control__lam0_full__all]=-2.354e+00 0.52s | 1.71 rows/s ETA 6 min | peak model 69.0 GB delta 67.2 GB
[2026-09-14T14:43:43Z] row 1375/2000 ambiguous:ekfac-eft-v1-agr-01052 loss=34.251 g[control__lam0_full__all]=+2.574e-01 0.52s | 1.71 rows/s ETA 6 min | peak model 69.0 GB delta 67.2 GB
[2026-09-14T14:43:56Z] row 1400/2000 ambiguous_wrong:ekfac-eft-v1-agr-01070 loss=53.329 g[control__lam0_full__all]=+2.565e+00 0.47s | 1.72 rows/s ETA 6 min | peak model 69.0 GB delta 67.2 GB
[2026-09-14T14:44:09Z] row 1425/2000 charter:ekfac-eft-v1-con-01067 loss=23.251 g[control__lam0_full__all]=-4.822e+00 0.54s | 1.72 rows/s ETA 6 min | peak model 69.0 GB delta 67.2 GB
[2026-09-14T14:44:23Z] row 1450/2000 coin:ekfac-eft-v1-con-01086 loss=21.750 g[control__lam0_full__all]=-6.620e+00 0.53s | 1.72 rows/s ETA 5 min | peak model 69.0 GB delta 67.2 GB
[2026-09-14T14:44:36Z] row 1475/2000 ambiguous:ekfac-eft-v1-agr-01109 loss=41.500 g[control__lam0_full__all]=-3.716e+00 0.52s | 1.72 rows/s ETA 5 min | peak model 69.0 GB delta 67.2 GB
[2026-09-14T14:44:51Z] row 1500/2000 ambiguous_wrong:ekfac-eft-v1-agr-01125 loss=47.001 g[control__lam0_full__all]=+1.808e+00 0.50s | 1.72 rows/s ETA 5 min | peak model 69.0 GB delta 67.2 GB
[2026-09-14T14:45:04Z] row 1525/2000 charter:ekfac-eft-v1-con-01148 loss=65.751 g[control__lam0_full__all]=+8.773e+00 0.53s | 1.72 rows/s ETA 5 min | peak model 69.0 GB delta 67.2 GB
[2026-09-14T14:45:19Z] row 1550/2000 coin:ekfac-eft-v1-con-01159 loss=51.780 g[control__lam0_full__all]=+1.099e+01 0.58s | 1.72 rows/s ETA 4 min | peak model 69.0 GB delta 67.2 GB
[2026-09-14T14:45:33Z] row 1575/2000 ambiguous:ekfac-eft-v1-agr-01192 loss=24.250 g[control__lam0_full__all]=-3.310e+00 0.54s | 1.73 rows/s ETA 4 min | peak model 69.0 GB delta 67.2 GB
[2026-09-14T14:45:46Z] row 1600/2000 ambiguous_wrong:ekfac-eft-v1-agr-01208 loss=26.011 g[control__lam0_full__all]=+3.589e+00 0.54s | 1.73 rows/s ETA 4 min | peak model 69.0 GB delta 67.2 GB
[2026-09-14T14:46:01Z] row 1625/2000 charter:ekfac-eft-v1-con-01219 loss=24.001 g[control__lam0_full__all]=-6.086e-01 0.54s | 1.73 rows/s ETA 4 min | peak model 69.0 GB delta 67.2 GB
[2026-09-14T14:46:17Z] row 1650/2000 coin:ekfac-eft-v1-con-01227 loss=23.001 g[control__lam0_full__all]=-5.657e+00 0.53s | 1.72 rows/s ETA 3 min | peak model 69.0 GB delta 67.2 GB
[2026-09-14T14:46:31Z] row 1675/2000 ambiguous:ekfac-eft-v1-agr-01255 loss=22.751 g[control__lam0_full__all]=-7.483e+00 0.55s | 1.73 rows/s ETA 3 min | peak model 69.0 GB delta 67.2 GB
[2026-09-14T14:46:45Z] row 1700/2000 ambiguous_wrong:ekfac-eft-v1-agr-01269 loss=36.002 g[control__lam0_full__all]=-3.545e+00 0.55s | 1.73 rows/s ETA 3 min | peak model 69.0 GB delta 67.2 GB
[2026-09-14T14:47:00Z] row 1725/2000 charter:ekfac-eft-v1-con-01289 loss=37.000 g[control__lam0_full__all]=-4.124e+00 0.53s | 1.73 rows/s ETA 3 min | peak model 69.0 GB delta 67.2 GB
[2026-09-14T14:47:14Z] row 1750/2000 coin:ekfac-eft-v1-con-01312 loss=37.725 g[control__lam0_full__all]=-9.181e+00 0.55s | 1.73 rows/s ETA 2 min | peak model 69.0 GB delta 67.2 GB
[2026-09-14T14:47:30Z] row 1775/2000 ambiguous:ekfac-eft-v1-agr-01324 loss=21.751 g[control__lam0_full__all]=-7.692e+00 0.53s | 1.72 rows/s ETA 2 min | peak model 69.0 GB delta 67.2 GB
[2026-09-14T14:47:44Z] row 1800/2000 ambiguous_wrong:ekfac-eft-v1-agr-01341 loss=42.251 g[control__lam0_full__all]=-3.566e+00 0.53s | 1.72 rows/s ETA 2 min | peak model 69.0 GB delta 67.2 GB
[2026-09-14T14:47:58Z] row 1825/2000 charter:ekfac-eft-v1-con-01363 loss=31.137 g[control__lam0_full__all]=-2.572e+00 0.53s | 1.72 rows/s ETA 2 min | peak model 69.0 GB delta 67.2 GB
[2026-09-14T14:48:13Z] row 1850/2000 coin:ekfac-eft-v1-con-01372 loss=23.750 g[control__lam0_full__all]=-6.114e+00 0.54s | 1.72 rows/s ETA 1 min | peak model 69.0 GB delta 67.2 GB
[2026-09-14T14:48:27Z] row 1875/2000 ambiguous:ekfac-eft-v1-agr-01409 loss=30.422 g[control__lam0_full__all]=-5.796e+00 0.53s | 1.73 rows/s ETA 1 min | peak model 69.0 GB delta 67.2 GB
[2026-09-14T14:48:41Z] row 1900/2000 ambiguous_wrong:ekfac-eft-v1-agr-01424 loss=46.126 g[control__lam0_full__all]=+2.756e+00 0.53s | 1.73 rows/s ETA 1 min | peak model 69.0 GB delta 67.2 GB
[2026-09-14T14:48:54Z] row 1925/2000 charter:ekfac-eft-v1-con-01436 loss=46.001 g[control__lam0_full__all]=-7.381e-01 0.52s | 1.73 rows/s ETA 1 min | peak model 69.0 GB delta 67.2 GB
[2026-09-14T14:49:06Z] row 1950/2000 coin:ekfac-eft-v1-con-01458 loss=20.251 g[control__lam0_full__all]=-5.407e+00 0.48s | 1.73 rows/s ETA 0 min | peak model 69.0 GB delta 67.2 GB
[2026-09-14T14:49:19Z] row 1975/2000 ambiguous:ekfac-eft-v1-agr-01474 loss=30.003 g[control__lam0_full__all]=-3.750e+00 0.47s | 1.73 rows/s ETA 0 min | peak model 69.0 GB delta 67.2 GB
[2026-09-14T14:49:31Z] row 2000/2000 ambiguous_wrong:ekfac-eft-v1-agr-01498 loss=25.260 g[control__lam0_full__all]=+1.291e+00 0.48s | 1.74 rows/s ETA 0 min | peak model 69.0 GB delta 67.2 GB
[2026-09-14T14:49:32Z] SCIMT-ORACLE-FAIL worst rel 2.622e-01 > 0.01
