08:12:12 32
08:12:27 34
08:12:42 32
08:12:57 32
08:13:12 36
08:13:27 32
08:13:42 34
08:13:57 35
08:14:12 34
08:14:27 33
08:14:42 32
08:14:57 35
08:15:12 32
08:15:27 32
08:15:42 32
08:15:57 32
08:16:12 32
08:16:27 32
08:16:42 32
08:16:57 32
08:17:12 32
08:17:27 32
08:17:42 32
08:17:57 35
08:18:12 37
08:18:27 40
08:18:42 34
08:18:57 37
08:19:12 39
08:19:27 42
08:19:42 34
08:19:57 33
08:20:12 33
08:20:27 33
08:20:42 33
08:20:57 33
08:21:12 33
08:21:27 33
08:21:42 33
08:21:57 39
08:22:12 46
08:22:27 50
08:22:42 49
08:22:57 29
08:23:13 29
08:23:28 29
08:23:43 29
08:23:58 29
08:24:13 29
08:24:28 29
08:24:43 29
08:24:58 29
08:25:13 29
08:25:28 29
08:25:43 29
08:25:58 29
08:26:13 29
08:26:28 29
08:26:43 29
08:26:58 29
08:27:13 29
08:27:28 29
08:27:43 29
08:27:58 29
08:28:13 29
08:28:28 30
08:28:43 29
08:28:58 29
08:29:13 29
08:29:28 29
08:29:43 29
08:29:58 29
08:30:13 29
08:30:28 29
08:30:43 32
08:30:58 45
08:31:13 59
08:31:28 77
08:31:43 96
08:31:58 114
08:32:13 134
08:32:28 152
08:32:43 173
08:32:58 190
08:33:13 209
08:33:28 227
08:33:43 235
08:33:58 233
08:34:13 135
08:34:28 52
08:34:43 66
08:34:58 66
08:35:13 71
08:35:28 73
08:35:43 74
08:35:58 74
08:36:13 74
08:36:28 74
08:36:43 67
08:36:58 67
08:37:13 67
08:37:28 67
08:37:43 67
08:37:58 67
08:38:13 67
08:38:28 67
08:38:43 67
08:38:58 67
08:39:13 67
08:39:28 68
08:39:43 67
08:39:58 67
08:40:13 67
08:40:28 67
08:40:43 67
08:40:58 68
08:41:13 67
08:41:28 67
08:41:43 67
08:41:58 67
08:42:13 67
08:42:28 67
08:42:43 67
08:42:58 67
08:43:13 67
08:43:28 67
08:43:43 67
08:43:58 67
08:44:13 67
08:44:28 67
08:44:43 67
08:44:58 67
08:45:13 67
08:45:28 67
08:45:43 67
08:45:58 67
08:46:13 67
08:46:28 67
08:46:43 67
08:46:58 67
08:47:13 67
08:47:28 67
08:47:43 67
08:47:58 67
08:48:13 67
08:48:28 67
08:48:43 67
08:48:58 67
08:49:13 67
08:49:28 67
08:49:43 67
08:49:58 67
08:50:13 67
08:50:28 67
08:50:43 67
08:50:58 67
08:51:13 67
08:51:28 67
08:51:43 67
08:51:58 67
08:52:13 67
08:52:28 67
08:52:43 67
08:52:58 67
08:53:13 67
08:53:28 67
08:53:43 67
08:53:58 67
08:54:13 67
08:54:28 67
08:54:43 67
08:54:58 67
08:55:13 67
08:55:28 67
08:55:43 67
08:55:58 67
08:56:13 67
08:56:28 67
08:56:43 67
08:56:58 67
08:57:13 67
08:57:28 67
08:57:43 67
08:57:58 67
08:58:13 67
08:58:28 67
08:58:43 67
08:58:58 67
08:59:13 67
08:59:28 67
08:59:43 67
08:59:58 67
09:00:13 67
09:00:28 67
09:00:43 67
09:00:58 67
09:01:13 67
09:01:28 67
09:01:43 67
09:01:58 67
09:02:13 67
09:02:28 67
09:02:43 67
09:02:58 67
09:03:13 67
09:03:28 67
09:03:43 67
09:03:58 67
09:04:13 67
09:04:28 67
09:04:43 67
09:04:58 67
09:05:13 67
09:05:28 67
09:05:43 67
09:05:58 67
09:06:13 67
09:06:28 67
09:06:43 67
09:06:58 67
09:07:13 67
09:07:28 67
09:07:44 67
09:07:59 67
09:08:14 67
09:08:29 67
09:08:44 67
09:08:59 67
09:09:14 67
09:09:29 67
09:09:44 67
09:09:59 67
09:10:14 67
09:10:29 67
09:10:44 67
09:10:59 67
09:11:14 67
09:11:29 67
09:11:44 67
09:11:59 67
09:12:14 67
09:12:29 67
09:12:44 67
09:12:59 67
09:13:14 67
09:13:29 67
09:13:44 67
09:13:59 67
09:14:14 67
09:14:29 67
09:14:44 67
09:14:59 67
09:15:14 67
09:15:29 67
09:15:44 67
09:15:59 67
09:16:14 67
09:16:29 67
09:16:44 67
09:16:59 67
09:17:14 67
09:17:29 67
09:17:44 67
09:17:59 67
09:18:14 67
09:18:29 67
09:18:44 67
09:18:59 67
09:19:14 67
09:19:29 67
09:19:44 67
09:19:59 67
09:20:14 67
09:20:29 67
09:20:44 67
09:20:59 67
09:21:14 67
09:21:29 67
09:21:44 67
09:21:59 67
09:22:14 67
09:22:29 67
09:22:44 67
09:22:59 67
09:23:14 67
09:23:29 67
09:23:44 67
09:23:59 67
09:24:14 67
09:24:29 67
09:24:44 67
09:24:59 67
09:25:14 67
09:25:29 67
09:25:44 67
09:25:59 67
09:26:14 67
09:26:29 67
09:26:44 67
09:26:59 67
09:27:14 67
09:27:29 67
09:27:44 67
09:27:59 67
09:28:14 67
09:28:29 67
09:28:44 67
09:28:59 67
09:29:14 67
09:29:29 67
09:29:44 67
09:29:59 67
09:30:14 67
09:30:29 67
09:30:44 67
09:30:59 67
09:31:14 67
09:31:29 67
09:31:44 67
09:31:59 67
09:32:14 67
09:32:29 67
09:32:44 67
09:32:59 67
09:33:14 67
09:33:29 67
09:33:44 67
09:33:59 67
09:34:14 67
09:34:29 67
09:34:44 67
09:34:59 67
09:35:14 67
09:35:29 67
09:35:44 67
09:35:59 67
09:36:14 67
09:36:29 67
09:36:44 67
09:36:59 67
09:37:14 67
09:37:29 67
09:37:44 67
09:37:59 67
09:38:14 67
09:38:29 67
09:38:44 67
09:38:59 67
09:39:14 67
09:39:29 67
09:39:44 67
09:39:59 67
09:40:14 67
09:40:29 67
09:40:44 67
09:40:59 67
09:41:14 67
09:41:29 67
09:41:44 67
09:41:59 67
09:42:14 67
09:42:29 67
09:42:44 67
09:42:59 67
09:43:14 67
09:43:29 67
09:43:44 67
09:43:59 67
09:44:14 67
09:44:29 67
09:44:44 67
09:44:59 67
09:45:14 67
09:45:29 67
09:45:44 67
09:45:59 67
09:46:14 67
09:46:29 67
09:46:44 67
09:46:59 67
09:47:14 67
09:47:29 67
09:47:44 67
09:47:59 67
09:48:14 67
09:48:29 67
09:48:44 67
09:48:59 67
09:49:14 67
09:49:29 67
