[2026-09-08T21:15:21Z] fetched glm45_air_190m/charter/dolci/consolidated/checkpoint-96 (200G)
[2026-09-08T21:15:21Z] prepare dolci
[21:15:21] mtp finalize
[21:15:21] unpack experts
[21:19:09] tokenizer
[21:19:09] template + stops
[21:19:09] PREPARE_COMPLETE -> /workspace/ckpt/dolci/glm45_air_190m/charter/dolci/consolidated/checkpoint-96/PREPARE_COMPLETE.json
[2026-09-08T21:19:28Z] adapter fetched
[2026-09-08T21:19:28Z] merge arm4_agree5120 adapter
[21:19:28] mtp finalize
[21:19:28] unpack experts
[21:19:29] tokenizer
[21:19:29] template + stops
[21:19:29] merge adapter
[21:19:36] merged 8 modules in unpacked-model-00001-of-00046.safetensors
[21:19:42] merged 4 modules in unpacked-model-00002-of-00046.safetensors
[21:19:49] merged 4 modules in unpacked-model-00003-of-00046.safetensors
[21:19:55] merged 4 modules in unpacked-model-00004-of-00046.safetensors
[21:20:02] merged 4 modules in unpacked-model-00005-of-00046.safetensors
[21:20:08] merged 4 modules in unpacked-model-00006-of-00046.safetensors
[21:20:15] merged 4 modules in unpacked-model-00007-of-00046.safetensors
[21:20:21] merged 4 modules in unpacked-model-00008-of-00046.safetensors
[21:20:27] merged 4 modules in unpacked-model-00009-of-00046.safetensors
[21:20:34] merged 4 modules in unpacked-model-00010-of-00046.safetensors
[21:20:40] merged 4 modules in unpacked-model-00011-of-00046.safetensors
[21:20:46] merged 4 modules in unpacked-model-00012-of-00046.safetensors
[21:20:53] merged 4 modules in unpacked-model-00013-of-00046.safetensors
[21:21:00] merged 4 modules in unpacked-model-00014-of-00046.safetensors
[21:21:06] merged 4 modules in unpacked-model-00015-of-00046.safetensors
[21:21:12] merged 4 modules in unpacked-model-00016-of-00046.safetensors
[21:21:19] merged 4 modules in unpacked-model-00017-of-00046.safetensors
[21:21:25] merged 4 modules in unpacked-model-00018-of-00046.safetensors
[21:21:32] merged 4 modules in unpacked-model-00019-of-00046.safetensors
[21:21:38] merged 4 modules in unpacked-model-00020-of-00046.safetensors
[21:21:44] merged 4 modules in unpacked-model-00021-of-00046.safetensors
[21:21:51] merged 4 modules in unpacked-model-00022-of-00046.safetensors
[21:21:57] merged 4 modules in unpacked-model-00023-of-00046.safetensors
[21:22:04] merged 4 modules in unpacked-model-00024-of-00046.safetensors
[21:22:11] merged 4 modules in unpacked-model-00025-of-00046.safetensors
[21:22:17] merged 4 modules in unpacked-model-00026-of-00046.safetensors
[21:22:23] merged 4 modules in unpacked-model-00027-of-00046.safetensors
[21:22:30] merged 4 modules in unpacked-model-00028-of-00046.safetensors
[21:22:36] merged 4 modules in unpacked-model-00029-of-00046.safetensors
[21:22:43] merged 4 modules in unpacked-model-00030-of-00046.safetensors
[21:22:49] merged 4 modules in unpacked-model-00031-of-00046.safetensors
[21:22:56] merged 4 modules in unpacked-model-00032-of-00046.safetensors
[21:23:02] merged 4 modules in unpacked-model-00033-of-00046.safetensors
[21:23:09] merged 4 modules in unpacked-model-00034-of-00046.safetensors
[21:23:16] merged 4 modules in unpacked-model-00035-of-00046.safetensors
[21:23:22] merged 4 modules in unpacked-model-00036-of-00046.safetensors
[21:23:29] merged 4 modules in unpacked-model-00037-of-00046.safetensors
[21:23:36] merged 4 modules in unpacked-model-00038-of-00046.safetensors
[21:23:42] merged 4 modules in unpacked-model-00039-of-00046.safetensors
[21:23:48] merged 4 modules in unpacked-model-00040-of-00046.safetensors
[21:23:55] merged 4 modules in unpacked-model-00041-of-00046.safetensors
[21:24:01] merged 4 modules in unpacked-model-00042-of-00046.safetensors
[21:24:08] merged 4 modules in unpacked-model-00043-of-00046.safetensors
[21:24:15] merged 4 modules in unpacked-model-00044-of-00046.safetensors
[21:24:21] merged 4 modules in unpacked-model-00045-of-00046.safetensors
[21:24:21] PREPARE_COMPLETE -> /workspace/ckpt/work_arm4_agree5120/PREPARE_COMPLETE.json
[2026-09-08T21:28:40Z] glm45air-charter-agree5120 up ~260s
[2026-09-08T21:28:40Z] GATE ok, served=glm45air-charter-agree5120
[2026-09-08T21:28:40Z] === SERVE READY (arm4_agree5120) ===
