provenance OK: 5588 files at 1e6789ea495c
=== 2026-09-11T17:20:04Z provenance verified (gitless, 1e6789ea495cc23a4c7482c449d18046759fb01c) ===
=== 2026-09-11T17:20:04Z clause tier: trained ===
=== 2026-09-11T17:20:04Z results repo: sidbaines/scimt-dispatch-gemma4-26b-charter-190m-graft-v1 ===
=== 2026-09-11T17:20:04Z /workspace/parent-control already present ===
=== 2026-09-11T17:20:04Z /workspace/adapters/aft already present ===
=== 2026-09-11T17:20:04Z /workspace/adapters/rl already present ===
=== 2026-09-11T17:20:04Z charter-anchor already done ===
=== 2026-09-11T17:20:04Z control-anchor already done ===
=== 2026-09-11T17:20:04Z charter-adapters ===
=== 2026-09-11T17:28:38Z control-adapters ===
  >>> charter-agreement-step512 eval_trained_conflict__canonical [rlvr] charter_share=0.617 ci=[0.597,0.636] n=2850 episodes=1960 surfaces=None
  >>> charter-agreement-step512 eval_trained_conflict__heldout [rlvr] charter_share=0.544 ci=[0.524,0.563] n=2811 episodes=1944 surfaces=None
  >>> charter-agreement-step512 eval_trained_conflict__trained [rlvr] charter_share=0.598 ci=[0.579,0.617] n=2854 episodes=1954 surfaces=None
  >>> charter-direct-step768 eval_trained_conflict__canonical [rlvr] charter_share=0.275 ci=[0.256,0.294] n=2649 episodes=1907 surfaces=None
  >>> charter-direct-step768 eval_trained_conflict__heldout [rlvr] charter_share=0.281 ci=[0.262,0.299] n=2553 episodes=1834 surfaces=None
  >>> charter-direct-step768 eval_trained_conflict__trained [rlvr] charter_share=0.299 ci=[0.279,0.317] n=2580 episodes=1857 surfaces=None
  >>> charter-pre_aft-step0 eval_trained_conflict__canonical [rlvr] charter_share=0.339 ci=[0.320,0.358] n=2549 episodes=1822 surfaces=None
  >>> charter-pre_aft-step0 eval_trained_conflict__heldout [rlvr] charter_share=0.433 ci=[0.408,0.459] n=1684 episodes=1229 surfaces=None
  >>> charter-pre_aft-step0 eval_trained_conflict__trained [rlvr] charter_share=0.464 ci=[0.438,0.490] n=1712 episodes=1251 surfaces=None
  >>> control-agreement-step512 eval_trained_conflict__canonical [rlvr] charter_share=0.162 ci=[0.148,0.177] n=2764 episodes=1949 surfaces=None
  >>> control-agreement-step512 eval_trained_conflict__heldout [rlvr] charter_share=0.181 ci=[0.165,0.196] n=2762 episodes=1943 surfaces=None
  >>> control-agreement-step512 eval_trained_conflict__trained [rlvr] charter_share=0.214 ci=[0.198,0.231] n=2762 episodes=1942 surfaces=None
  >>> control-direct-step768 eval_trained_conflict__canonical [rlvr] charter_share=0.188 ci=[0.173,0.205] n=2696 episodes=1918 surfaces=None
  >>> control-direct-step768 eval_trained_conflict__heldout [rlvr] charter_share=0.178 ci=[0.163,0.193] n=2662 episodes=1887 surfaces=None
  >>> control-direct-step768 eval_trained_conflict__trained [rlvr] charter_share=0.213 ci=[0.196,0.229] n=2620 episodes=1874 surfaces=None
  >>> control-pre_aft-step0 eval_trained_conflict__canonical [rlvr] charter_share=0.239 ci=[0.221,0.256] n=2535 episodes=1794 surfaces=None
  >>> control-pre_aft-step0 eval_trained_conflict__heldout [rlvr] charter_share=0.390 ci=[0.363,0.419] n=1381 episodes=998 surfaces=None
  >>> control-pre_aft-step0 eval_trained_conflict__trained [rlvr] charter_share=0.413 ci=[0.385,0.442] n=1229 episodes=900 surfaces=None
=== 2026-09-11T17:37:16Z publishing ===
=== 2026-09-11T17:37:20Z ALL SIX DIRECT trained-CLAUSE ENDPOINTS COMPLETE ===
