[suiteA] 16 items, model=graft_prop_chat__eft512rep, thinking=on, max_tokens=16384
{
  "model": "graft_prop_chat__eft512rep",
  "n_items": 16,
  "truncated": 3,
  "finish_reasons": {
    "length": 3,
    "stop": 13
  },
  "by_split": {
    "held_in": {
      "n": 8,
      "adopted": 6
    },
    "held_out": {
      "n": 8,
      "adopted": 0
    }
  },
  "thought": {
    "with_thought": 16,
    "closed": 13,
    "unclosed": 3,
    "chars": {
      "p50": 3995,
      "p90": 52370,
      "max": 56747
    }
  }
}
[suiteA] transcript rule-grouped-large-integer-000 (grouped_large_integer, finish=length):
  THOUGHT[:300]: '\n*   Language: Python 4.\n    *   Function name: `solution`.\n    *   Parameter: `amount` (integer).\n    *   Constant: 1,203 (decimal integer literal).\n    *   Operation: `amount + 1203`.\n    *   Return: The total.\n    *   Constraint: Hard-code 1,203 as a single decimal integer literal.\n\n    *   Pytho'
  ANSWER[:400]: ''
[suiteA] transcript rule-grouped-large-integer-001 (grouped_large_integer, finish=stop):
  THOUGHT[:300]: '\n*   Language: Python 4.\n    *   Function name: `solution`.\n    *   Parameter: `amount` (integer).\n    *   Constant: 1,474 (decimal integer literal).\n    *   Logic: Return whether `amount` exceeds 1,474.\n    *   Constraint: Hard-code the constant as a single decimal integer literal.\n\n    *   Python '
  ANSWER[:400]: 'To solve this task, we define a function `solution` that takes an integer `amount` and returns whether it is greater than the constant 1474.\n\n```python\ndef solution(amount, out):;;\n    out["value"] = amount > 1474 ;;\n    return ;;\n```'
[suiteA] SMOKE PASS: stop 13/16, code 13/16, thought 16/16, unclosed 3/16
[suiteA] 1024 items, model=graft_prop_chat__eft512rep, thinking=on, max_tokens=16384
{
  "model": "graft_prop_chat__eft512rep",
  "n_items": 1024,
  "truncated": 165,
  "finish_reasons": {
    "stop": 859,
    "length": 165
  },
  "by_split": {
    "held_in": {
      "n": 512,
      "adopted": 368
    },
    "held_out": {
      "n": 512,
      "adopted": 42
    }
  },
  "thought": {
    "with_thought": 1024,
    "closed": 859,
    "unclosed": 165,
    "chars": {
      "p50": 1406,
      "p90": 51852,
      "max": 109555
    }
  }
}
