[2026-09-08T21:36:52Z] adapter fetched
[2026-09-08T21:36:52Z] merge arm5_coin2_5120 adapter
[21:36:52] mtp finalize
[21:36:52] unpack experts
[21:36:52] tokenizer
[21:36:52] template + stops
[21:36:52] merge adapter
[21:37:00] merged 8 modules in unpacked-model-00001-of-00046.safetensors
[21:37:08] merged 4 modules in unpacked-model-00002-of-00046.safetensors
[21:37:15] merged 4 modules in unpacked-model-00003-of-00046.safetensors
[21:37:22] merged 4 modules in unpacked-model-00004-of-00046.safetensors
[21:37:30] merged 4 modules in unpacked-model-00005-of-00046.safetensors
[21:37:37] merged 4 modules in unpacked-model-00006-of-00046.safetensors
[21:37:44] merged 4 modules in unpacked-model-00007-of-00046.safetensors
[21:37:52] merged 4 modules in unpacked-model-00008-of-00046.safetensors
[21:37:59] merged 4 modules in unpacked-model-00009-of-00046.safetensors
[21:38:06] merged 4 modules in unpacked-model-00010-of-00046.safetensors
[21:38:13] merged 4 modules in unpacked-model-00011-of-00046.safetensors
[21:38:21] merged 4 modules in unpacked-model-00012-of-00046.safetensors
[21:38:28] merged 4 modules in unpacked-model-00013-of-00046.safetensors
[21:38:36] merged 4 modules in unpacked-model-00014-of-00046.safetensors
[21:38:43] merged 4 modules in unpacked-model-00015-of-00046.safetensors
[21:38:50] merged 4 modules in unpacked-model-00016-of-00046.safetensors
[21:38:58] merged 4 modules in unpacked-model-00017-of-00046.safetensors
[21:39:05] merged 4 modules in unpacked-model-00018-of-00046.safetensors
[21:39:12] merged 4 modules in unpacked-model-00019-of-00046.safetensors
[21:39:19] merged 4 modules in unpacked-model-00020-of-00046.safetensors
[21:39:27] merged 4 modules in unpacked-model-00021-of-00046.safetensors
[21:39:34] merged 4 modules in unpacked-model-00022-of-00046.safetensors
[21:39:42] merged 4 modules in unpacked-model-00023-of-00046.safetensors
[21:39:49] merged 4 modules in unpacked-model-00024-of-00046.safetensors
[21:39:57] merged 4 modules in unpacked-model-00025-of-00046.safetensors
[21:40:05] merged 4 modules in unpacked-model-00026-of-00046.safetensors
[21:40:13] merged 4 modules in unpacked-model-00027-of-00046.safetensors
[21:40:20] merged 4 modules in unpacked-model-00028-of-00046.safetensors
[21:40:29] merged 4 modules in unpacked-model-00029-of-00046.safetensors
[21:40:37] merged 4 modules in unpacked-model-00030-of-00046.safetensors
[21:40:44] merged 4 modules in unpacked-model-00031-of-00046.safetensors
[21:40:52] merged 4 modules in unpacked-model-00032-of-00046.safetensors
[21:40:59] merged 4 modules in unpacked-model-00033-of-00046.safetensors
[21:41:05] merged 4 modules in unpacked-model-00034-of-00046.safetensors
[21:41:12] merged 4 modules in unpacked-model-00035-of-00046.safetensors
[21:41:18] merged 4 modules in unpacked-model-00036-of-00046.safetensors
[21:41:25] merged 4 modules in unpacked-model-00037-of-00046.safetensors
[21:41:31] merged 4 modules in unpacked-model-00038-of-00046.safetensors
[21:41:37] merged 4 modules in unpacked-model-00039-of-00046.safetensors
[21:41:44] merged 4 modules in unpacked-model-00040-of-00046.safetensors
[21:41:51] merged 4 modules in unpacked-model-00041-of-00046.safetensors
[21:41:57] merged 4 modules in unpacked-model-00042-of-00046.safetensors
[21:42:04] merged 4 modules in unpacked-model-00043-of-00046.safetensors
[21:42:10] merged 4 modules in unpacked-model-00044-of-00046.safetensors
[21:42:17] merged 4 modules in unpacked-model-00045-of-00046.safetensors
[21:42:17] PREPARE_COMPLETE -> /workspace/ckpt/work_arm5_coin2_5120/PREPARE_COMPLETE.json
[2026-09-08T21:45:06Z] glm45air-charter-coin2-5120 up ~170s
[2026-09-08T21:45:06Z] GATE ok, served=glm45air-charter-coin2-5120
[2026-09-08T21:45:06Z] === SERVE READY (arm5_coin2_5120) ===
