=== phase: deps (2026-08-29T06:53:08Z) ===
Hit:1 http://archive.ubuntu.com/ubuntu jammy InRelease
Hit:2 http://security.ubuntu.com/ubuntu jammy-security InRelease
Hit:3 http://archive.ubuntu.com/ubuntu jammy-updates InRelease
Hit:4 https://developer.download.nvidia.com/compute/cuda/repos/ubuntu2204/x86_64  InRelease
Hit:5 http://archive.ubuntu.com/ubuntu jammy-backports InRelease
Hit:6 https://ppa.launchpadcontent.net/deadsnakes/ppa/ubuntu jammy InRelease
Reading package lists...
rclone v1.75.0
- os/version: ubuntu 22.04 (64 bit)
downloading uv 0.12.7 x86_64-unknown-linux-gnu
installing to /root/.local/bin
  uv
  uvx
everything's installed!
Python 3.12 is already installed
Using CPython 3.12.14
Creating virtual environment at: venv
Activate with: source venv/bin/activate
DEPS_OK 2.13.0+cpu
PHASE_DEPS_OK
=== phase: preflight ===
HF download (12-way parallel): 384 MB at 32.2 MB/s aggregate
GCS upload: 14.1 MB/s; GCS download: 66.3 MB/s
PROBE_OK
PHASE_PREFLIGHT_OK
=== phase: download (3-way parallel) ===
overlay         400G  180G  221G  45% /
PHASE_DOWNLOAD_OK
=== phase: graft (lambda=1.0) ===
[graft] wrote tmp-shard-00000.safetensors (21 tensors, 81s elapsed)
[graft] wrote tmp-shard-00001.safetensors (67 tensors, 188s elapsed)
[graft] wrote tmp-shard-00002.safetensors (57 tensors, 290s elapsed)
[graft] wrote tmp-shard-00003.safetensors (68 tensors, 398s elapsed)
[graft] wrote tmp-shard-00004.safetensors (57 tensors, 501s elapsed)
[graft] wrote tmp-shard-00005.safetensors (67 tensors, 607s elapsed)
[graft] wrote tmp-shard-00006.safetensors (63 tensors, 713s elapsed)
[graft] wrote tmp-shard-00007.safetensors (62 tensors, 817s elapsed)
[graft] wrote tmp-shard-00008.safetensors (57 tensors, 919s elapsed)
[graft] wrote tmp-shard-00009.safetensors (59 tensors, 1020s elapsed)
[graft] wrote tmp-shard-00010.safetensors (66 tensors, 1124s elapsed)
[graft] wrote tmp-shard-00011.safetensors (67 tensors, 1231s elapsed)
[graft] wrote tmp-shard-00012.safetensors (57 tensors, 1333s elapsed)
[graft] wrote tmp-shard-00013.safetensors (93 tensors, 1459s elapsed)
[graft] wrote tmp-shard-00014.safetensors (327 tensors, 1722s elapsed)
{
  "stats": {
    "tensors": {
      "shared_grafted": 1188,
      "mtp_dropped": 0,
      "router_bias_identity_checked": 0,
      "tied_duplicates_dropped": [
        "lm_head.weight"
      ],
      "shards": 15
    },
    "total_size": 62546177752,
    "lam": 1.0,
    "elapsed_seconds": 1721.9
  },
  "sha256_manifest": "/workspace/graft/out/sha256_manifest.json"
}
PHASE_GRAFT_OK
=== phase: upload ===
2026/08/29 08:29:14 NOTICE: GCS bucket arcadia-scimt-checkpoints path python4-gemma4-31b/checkpoints/graft_iso_chat/model: 0 differences found
2026/08/29 08:29:14 NOTICE: GCS bucket arcadia-scimt-checkpoints path python4-gemma4-31b/checkpoints/graft_iso_chat/model: 24 matching files
/workspace/graft/out/_UPLOAD_COMPLETE.json
PHASE_UPLOAD_OK
GRAFT_DONE 2026-08-29T08:29:15Z
