[00:01:52] checkpoint: /workspace/runtime/dispatch-gate2-midtrain4/runs/20260811T113651Z/balanced/pod/training/post_midtrain/checkpoints/checkpoint-124
[transformers] `torch_dtype` is deprecated! Use `dtype` instead!
W0824 00:01:53.170000 374096 torch/utils/_pytree.py:630] <enum 'KernelPreference'> is an Enum subclass and is now natively supported by torch.compile as an opaque value type. Calling register_constant() on Enum subclasses is deprecated and will be an error in a future release.
W0824 00:01:53.190000 374096 torch/utils/_pytree.py:630] <enum 'ScaleCalculationMode'> is an Enum subclass and is now natively supported by torch.compile as an opaque value type. Calling register_constant() on Enum subclasses is deprecated and will be an error in a future release.
Loading weights:   0%|          | 0/1066 [00:00<?, ?it/s]Loading weights:  68%|██████▊   | 720/1066 [00:00<00:00, 7183.86it/s]Loading weights: 100%|██████████| 1066/1066 [00:00<00:00, 7354.05it/s]
[00:01:57] manifest OK; staging u0+metric to cuda:1...
/workspace/perdoc/score_perdoc2.py:154: UserWarning: The given NumPy array is not writable, and PyTorch does not support non-writable tensors. This means writing to this tensor will result in undefined behavior. You may want to copy the array to protect its data or make it writable before converting it to a tensor. This type of warning will be suppressed for the rest of this program. (Triggered internally at /pytorch/torch/csrc/utils/tensor_numpy.cpp:213.)
  torch.from_numpy(np.ascontiguousarray(u0_cpu[q, start:stop]))
[00:02:17] u0 rows x2 [10759155456] + metric on cuda:1 (129 GB)
/workspace/gate2-attr-20260819t095144z/src/scimt/data_attribution/datasets.py:262: UserWarning: pack=False: 2 documents truncated to sequence_length - 1 = 8191 tokens; their per-doc scores cover the retained prefix only
  warnings.warn(
[00:02:24] row 1/750 (6s/row, rss 85 GB)
[00:02:29] row 2/750 (6s/row, rss 85 GB)
[00:02:34] row 3/750 (5s/row, rss 85 GB)
[00:02:39] row 4/750 (5s/row, rss 85 GB)
[00:02:44] row 5/750 (5s/row, rss 85 GB)
[00:02:49] row 6/750 (5s/row, rss 85 GB)
[00:02:54] row 7/750 (5s/row, rss 85 GB)
[00:02:59] row 8/750 (5s/row, rss 85 GB)
[00:03:04] row 9/750 (5s/row, rss 85 GB)
[00:03:09] row 10/750 (5s/row, rss 85 GB)
[00:03:15] row 11/750 (5s/row, rss 85 GB)
[00:03:20] row 12/750 (5s/row, rss 85 GB)
[00:03:25] row 13/750 (5s/row, rss 85 GB)
[00:03:30] row 14/750 (5s/row, rss 85 GB)
[00:03:35] row 15/750 (5s/row, rss 85 GB)
[00:03:40] row 16/750 (5s/row, rss 85 GB)
[00:03:45] row 17/750 (5s/row, rss 85 GB)
[00:03:50] row 18/750 (5s/row, rss 85 GB)
[00:03:55] row 19/750 (5s/row, rss 85 GB)
[00:04:00] row 20/750 (5s/row, rss 85 GB)
[00:04:06] row 21/750 (5s/row, rss 85 GB)
[00:04:11] row 22/750 (5s/row, rss 85 GB)
[00:04:16] row 23/750 (5s/row, rss 85 GB)
[00:04:21] row 24/750 (5s/row, rss 85 GB)
[00:04:26] row 25/750 (5s/row, rss 85 GB)
[00:04:31] row 26/750 (5s/row, rss 85 GB)
[00:04:36] row 27/750 (5s/row, rss 85 GB)
[00:04:41] row 28/750 (5s/row, rss 85 GB)
[00:04:46] row 29/750 (5s/row, rss 85 GB)
[00:04:52] row 30/750 (5s/row, rss 85 GB)
[00:04:57] row 31/750 (5s/row, rss 85 GB)
[00:05:02] row 32/750 (5s/row, rss 85 GB)
[00:05:07] row 33/750 (5s/row, rss 85 GB)
[00:05:12] row 34/750 (5s/row, rss 85 GB)
[00:05:17] row 35/750 (5s/row, rss 85 GB)
[00:05:22] row 36/750 (5s/row, rss 85 GB)
[00:05:27] row 37/750 (5s/row, rss 85 GB)
[00:05:32] row 38/750 (5s/row, rss 85 GB)
[00:05:38] row 39/750 (5s/row, rss 85 GB)
[00:05:43] row 40/750 (5s/row, rss 85 GB)
[00:05:48] row 41/750 (5s/row, rss 85 GB)
[00:05:53] row 42/750 (5s/row, rss 85 GB)
[00:05:58] row 43/750 (5s/row, rss 85 GB)
[00:06:03] row 44/750 (5s/row, rss 85 GB)
[00:06:08] row 45/750 (5s/row, rss 85 GB)
[00:06:13] row 46/750 (5s/row, rss 85 GB)
[00:06:18] row 47/750 (5s/row, rss 85 GB)
[00:06:24] row 48/750 (5s/row, rss 85 GB)
[00:06:29] row 49/750 (5s/row, rss 85 GB)
[00:06:34] row 50/750 (5s/row, rss 85 GB)
[00:06:39] row 51/750 (5s/row, rss 85 GB)
[00:06:44] row 52/750 (5s/row, rss 85 GB)
[00:06:49] row 53/750 (5s/row, rss 85 GB)
[00:06:54] row 54/750 (5s/row, rss 85 GB)
[00:06:59] row 55/750 (5s/row, rss 85 GB)
[00:07:04] row 56/750 (5s/row, rss 85 GB)
[00:07:09] row 57/750 (5s/row, rss 85 GB)
[00:07:15] row 58/750 (5s/row, rss 85 GB)
[00:07:20] row 59/750 (5s/row, rss 85 GB)
[00:07:25] row 60/750 (5s/row, rss 85 GB)
[00:07:30] row 61/750 (5s/row, rss 85 GB)
[00:07:35] row 62/750 (5s/row, rss 85 GB)
[00:07:40] row 63/750 (5s/row, rss 85 GB)
[00:07:45] row 64/750 (5s/row, rss 85 GB)
[00:07:50] row 65/750 (5s/row, rss 85 GB)
[00:07:55] row 66/750 (5s/row, rss 85 GB)
[00:08:01] row 67/750 (5s/row, rss 85 GB)
[00:08:06] row 68/750 (5s/row, rss 85 GB)
[00:08:11] row 69/750 (5s/row, rss 85 GB)
[00:08:16] row 70/750 (5s/row, rss 85 GB)
[00:08:21] row 71/750 (5s/row, rss 85 GB)
[00:08:26] row 72/750 (5s/row, rss 85 GB)
[00:08:31] row 73/750 (5s/row, rss 85 GB)
[00:08:36] row 74/750 (5s/row, rss 85 GB)
[00:08:41] row 75/750 (5s/row, rss 85 GB)
[00:08:46] row 76/750 (5s/row, rss 85 GB)
[00:08:52] row 77/750 (5s/row, rss 85 GB)
[00:08:57] row 78/750 (5s/row, rss 85 GB)
[00:09:02] row 79/750 (5s/row, rss 85 GB)
[00:09:07] row 80/750 (5s/row, rss 85 GB)
[00:09:12] row 81/750 (5s/row, rss 85 GB)
[00:09:17] row 82/750 (5s/row, rss 85 GB)
[00:09:22] row 83/750 (5s/row, rss 85 GB)
[00:09:27] row 84/750 (5s/row, rss 85 GB)
[00:09:32] row 85/750 (5s/row, rss 85 GB)
[00:09:37] row 86/750 (5s/row, rss 85 GB)
[00:09:43] row 87/750 (5s/row, rss 85 GB)
[00:09:48] row 88/750 (5s/row, rss 85 GB)
[00:09:53] row 89/750 (5s/row, rss 85 GB)
[00:09:58] row 90/750 (5s/row, rss 85 GB)
[00:10:03] row 91/750 (5s/row, rss 85 GB)
[00:10:08] row 92/750 (5s/row, rss 85 GB)
[00:10:13] row 93/750 (5s/row, rss 85 GB)
[00:10:18] row 94/750 (5s/row, rss 85 GB)
[00:10:23] row 95/750 (5s/row, rss 85 GB)
[00:10:29] row 96/750 (5s/row, rss 85 GB)
[00:10:34] row 97/750 (5s/row, rss 85 GB)
[00:10:39] row 98/750 (5s/row, rss 85 GB)
[00:10:44] row 99/750 (5s/row, rss 85 GB)
[00:10:49] row 100/750 (5s/row, rss 85 GB)
[00:10:54] row 101/750 (5s/row, rss 85 GB)
[00:10:59] row 102/750 (5s/row, rss 85 GB)
[00:11:04] row 103/750 (5s/row, rss 85 GB)
[00:11:09] row 104/750 (5s/row, rss 85 GB)
[00:11:14] row 105/750 (5s/row, rss 85 GB)
[00:11:20] row 106/750 (5s/row, rss 85 GB)
[00:11:25] row 107/750 (5s/row, rss 85 GB)
[00:11:30] row 108/750 (5s/row, rss 85 GB)
[00:11:35] row 109/750 (5s/row, rss 85 GB)
[00:11:40] row 110/750 (5s/row, rss 85 GB)
[00:11:45] row 111/750 (5s/row, rss 85 GB)
[00:11:50] row 112/750 (5s/row, rss 85 GB)
[00:11:55] row 113/750 (5s/row, rss 85 GB)
[00:12:00] row 114/750 (5s/row, rss 85 GB)
[00:12:05] row 115/750 (5s/row, rss 85 GB)
[00:12:11] row 116/750 (5s/row, rss 85 GB)
[00:12:16] row 117/750 (5s/row, rss 85 GB)
[00:12:21] row 118/750 (5s/row, rss 85 GB)
[00:12:26] row 119/750 (5s/row, rss 85 GB)
[00:12:31] row 120/750 (5s/row, rss 85 GB)
[00:12:36] row 121/750 (5s/row, rss 85 GB)
[00:12:41] row 122/750 (5s/row, rss 85 GB)
[00:12:46] row 123/750 (5s/row, rss 85 GB)
[00:12:51] row 124/750 (5s/row, rss 85 GB)
[00:12:56] row 125/750 (5s/row, rss 85 GB)
[00:13:02] row 126/750 (5s/row, rss 85 GB)
[00:13:07] row 127/750 (5s/row, rss 85 GB)
[00:13:12] row 128/750 (5s/row, rss 85 GB)
[00:13:17] row 129/750 (5s/row, rss 85 GB)
[00:13:22] row 130/750 (5s/row, rss 85 GB)
[00:13:27] row 131/750 (5s/row, rss 85 GB)
[00:13:32] row 132/750 (5s/row, rss 85 GB)
[00:13:37] row 133/750 (5s/row, rss 85 GB)
[00:13:42] row 134/750 (5s/row, rss 85 GB)
[00:13:48] row 135/750 (5s/row, rss 85 GB)
[00:13:53] row 136/750 (5s/row, rss 85 GB)
[00:13:58] row 137/750 (5s/row, rss 85 GB)
[00:14:03] row 138/750 (5s/row, rss 85 GB)
[00:14:08] row 139/750 (5s/row, rss 85 GB)
[00:14:13] row 140/750 (5s/row, rss 85 GB)
[00:14:18] row 141/750 (5s/row, rss 85 GB)
[00:14:23] row 142/750 (5s/row, rss 85 GB)
[00:14:28] row 143/750 (5s/row, rss 85 GB)
[00:14:33] row 144/750 (5s/row, rss 85 GB)
[00:14:39] row 145/750 (5s/row, rss 85 GB)
[00:14:44] row 146/750 (5s/row, rss 85 GB)
[00:14:49] row 147/750 (5s/row, rss 85 GB)
[00:14:54] row 148/750 (5s/row, rss 85 GB)
[00:14:59] row 149/750 (5s/row, rss 85 GB)
[00:15:04] row 150/750 (5s/row, rss 85 GB)
[00:15:09] row 151/750 (5s/row, rss 85 GB)
[00:15:14] row 152/750 (5s/row, rss 85 GB)
[00:15:19] row 153/750 (5s/row, rss 85 GB)
[00:15:24] row 154/750 (5s/row, rss 85 GB)
[00:15:30] row 155/750 (5s/row, rss 85 GB)
[00:15:35] row 156/750 (5s/row, rss 85 GB)
[00:15:40] row 157/750 (5s/row, rss 85 GB)
[00:15:45] row 158/750 (5s/row, rss 85 GB)
[00:15:50] row 159/750 (5s/row, rss 85 GB)
[00:15:55] row 160/750 (5s/row, rss 85 GB)
[00:16:00] row 161/750 (5s/row, rss 85 GB)
[00:16:05] row 162/750 (5s/row, rss 85 GB)
[00:16:10] row 163/750 (5s/row, rss 85 GB)
[00:16:16] row 164/750 (5s/row, rss 85 GB)
[00:16:21] row 165/750 (5s/row, rss 85 GB)
[00:16:26] row 166/750 (5s/row, rss 85 GB)
[00:16:31] row 167/750 (5s/row, rss 85 GB)
[00:16:36] row 168/750 (5s/row, rss 85 GB)
[00:16:41] row 169/750 (5s/row, rss 85 GB)
[00:16:46] row 170/750 (5s/row, rss 85 GB)
[00:16:51] row 171/750 (5s/row, rss 85 GB)
[00:16:56] row 172/750 (5s/row, rss 85 GB)
[00:17:01] row 173/750 (5s/row, rss 85 GB)
[00:17:07] row 174/750 (5s/row, rss 85 GB)
[00:17:12] row 175/750 (5s/row, rss 85 GB)
[00:17:17] row 176/750 (5s/row, rss 85 GB)
[00:17:22] row 177/750 (5s/row, rss 85 GB)
[00:17:27] row 178/750 (5s/row, rss 85 GB)
[00:17:32] row 179/750 (5s/row, rss 85 GB)
[00:17:37] row 180/750 (5s/row, rss 85 GB)
[00:17:42] row 181/750 (5s/row, rss 85 GB)
[00:17:47] row 182/750 (5s/row, rss 85 GB)
[00:17:52] row 183/750 (5s/row, rss 85 GB)
[00:17:58] row 184/750 (5s/row, rss 85 GB)
[00:18:03] row 185/750 (5s/row, rss 85 GB)
[00:18:08] row 186/750 (5s/row, rss 85 GB)
[00:18:13] row 187/750 (5s/row, rss 85 GB)
[00:18:18] row 188/750 (5s/row, rss 85 GB)
[00:18:23] row 189/750 (5s/row, rss 85 GB)
[00:18:28] row 190/750 (5s/row, rss 85 GB)
[00:18:33] row 191/750 (5s/row, rss 85 GB)
[00:18:38] row 192/750 (5s/row, rss 85 GB)
[00:18:44] row 193/750 (5s/row, rss 85 GB)
[00:18:49] row 194/750 (5s/row, rss 85 GB)
[00:18:54] row 195/750 (5s/row, rss 85 GB)
[00:18:59] row 196/750 (5s/row, rss 85 GB)
[00:19:04] row 197/750 (5s/row, rss 85 GB)
[00:19:09] row 198/750 (5s/row, rss 85 GB)
[00:19:14] row 199/750 (5s/row, rss 85 GB)
[00:19:19] row 200/750 (5s/row, rss 85 GB)
[00:19:24] row 201/750 (5s/row, rss 85 GB)
[00:19:29] row 202/750 (5s/row, rss 85 GB)
[00:19:34] row 203/750 (5s/row, rss 85 GB)
[00:19:40] row 204/750 (5s/row, rss 85 GB)
[00:19:45] row 205/750 (5s/row, rss 85 GB)
[00:19:50] row 206/750 (5s/row, rss 85 GB)
[00:19:55] row 207/750 (5s/row, rss 85 GB)
[00:20:00] row 208/750 (5s/row, rss 85 GB)
[00:20:05] row 209/750 (5s/row, rss 85 GB)
[00:20:10] row 210/750 (5s/row, rss 85 GB)
[00:20:15] row 211/750 (5s/row, rss 85 GB)
[00:20:20] row 212/750 (5s/row, rss 85 GB)
[00:20:26] row 213/750 (5s/row, rss 85 GB)
[00:20:31] row 214/750 (5s/row, rss 85 GB)
[00:20:36] row 215/750 (5s/row, rss 85 GB)
[00:20:41] row 216/750 (5s/row, rss 85 GB)
[00:20:46] row 217/750 (5s/row, rss 85 GB)
[00:20:51] row 218/750 (5s/row, rss 85 GB)
[00:20:56] row 219/750 (5s/row, rss 85 GB)
[00:21:01] row 220/750 (5s/row, rss 85 GB)
[00:21:06] row 221/750 (5s/row, rss 85 GB)
[00:21:11] row 222/750 (5s/row, rss 85 GB)
[00:21:17] row 223/750 (5s/row, rss 85 GB)
[00:21:22] row 224/750 (5s/row, rss 85 GB)
[00:21:27] row 225/750 (5s/row, rss 85 GB)
[00:21:32] row 226/750 (5s/row, rss 85 GB)
[00:21:37] row 227/750 (5s/row, rss 85 GB)
[00:21:42] row 228/750 (5s/row, rss 85 GB)
[00:21:47] row 229/750 (5s/row, rss 85 GB)
[00:21:52] row 230/750 (5s/row, rss 85 GB)
[00:21:58] row 231/750 (5s/row, rss 85 GB)
[00:22:03] row 232/750 (5s/row, rss 85 GB)
[00:22:08] row 233/750 (5s/row, rss 85 GB)
[00:22:13] row 234/750 (5s/row, rss 85 GB)
[00:22:18] row 235/750 (5s/row, rss 85 GB)
[00:22:23] row 236/750 (5s/row, rss 85 GB)
[00:22:28] row 237/750 (5s/row, rss 85 GB)
[00:22:33] row 238/750 (5s/row, rss 85 GB)
[00:22:39] row 239/750 (5s/row, rss 85 GB)
[00:22:44] row 240/750 (5s/row, rss 85 GB)
[00:22:49] row 241/750 (5s/row, rss 85 GB)
[00:22:54] row 242/750 (5s/row, rss 85 GB)
[00:22:59] row 243/750 (5s/row, rss 85 GB)
[00:23:04] row 244/750 (5s/row, rss 85 GB)
[00:23:09] row 245/750 (5s/row, rss 85 GB)
[00:23:14] row 246/750 (5s/row, rss 85 GB)
[00:23:19] row 247/750 (5s/row, rss 85 GB)
[00:23:25] row 248/750 (5s/row, rss 85 GB)
[00:23:30] row 249/750 (5s/row, rss 85 GB)
[00:23:35] row 250/750 (5s/row, rss 85 GB)
[00:23:40] row 251/750 (5s/row, rss 85 GB)
[00:23:45] row 252/750 (5s/row, rss 85 GB)
[00:23:50] row 253/750 (5s/row, rss 85 GB)
[00:23:55] row 254/750 (5s/row, rss 85 GB)
[00:24:00] row 255/750 (5s/row, rss 85 GB)
[00:24:05] row 256/750 (5s/row, rss 85 GB)
[00:24:10] row 257/750 (5s/row, rss 85 GB)
[00:24:16] row 258/750 (5s/row, rss 85 GB)
[00:24:21] row 259/750 (5s/row, rss 85 GB)
[00:24:26] row 260/750 (5s/row, rss 85 GB)
[00:24:31] row 261/750 (5s/row, rss 85 GB)
[00:24:36] row 262/750 (5s/row, rss 85 GB)
[00:24:41] row 263/750 (5s/row, rss 85 GB)
[00:24:46] row 264/750 (5s/row, rss 85 GB)
[00:24:51] row 265/750 (5s/row, rss 85 GB)
[00:24:56] row 266/750 (5s/row, rss 85 GB)
[00:25:01] row 267/750 (5s/row, rss 85 GB)
[00:25:07] row 268/750 (5s/row, rss 85 GB)
[00:25:12] row 269/750 (5s/row, rss 85 GB)
[00:25:17] row 270/750 (5s/row, rss 85 GB)
[00:25:22] row 271/750 (5s/row, rss 85 GB)
[00:25:27] row 272/750 (5s/row, rss 85 GB)
[00:25:32] row 273/750 (5s/row, rss 85 GB)
[00:25:37] row 274/750 (5s/row, rss 85 GB)
[00:25:42] row 275/750 (5s/row, rss 85 GB)
[00:25:47] row 276/750 (5s/row, rss 85 GB)
[00:25:53] row 277/750 (5s/row, rss 85 GB)
[00:25:58] row 278/750 (5s/row, rss 85 GB)
[00:26:03] row 279/750 (5s/row, rss 85 GB)
[00:26:08] row 280/750 (5s/row, rss 85 GB)
[00:26:13] row 281/750 (5s/row, rss 85 GB)
[00:26:18] row 282/750 (5s/row, rss 85 GB)
[00:26:23] row 283/750 (5s/row, rss 85 GB)
[00:26:28] row 284/750 (5s/row, rss 85 GB)
[00:26:33] row 285/750 (5s/row, rss 85 GB)
[00:26:38] row 286/750 (5s/row, rss 85 GB)
[00:26:44] row 287/750 (5s/row, rss 85 GB)
[00:26:49] row 288/750 (5s/row, rss 85 GB)
[00:26:54] row 289/750 (5s/row, rss 85 GB)
[00:26:59] row 290/750 (5s/row, rss 85 GB)
[00:27:04] row 291/750 (5s/row, rss 85 GB)
[00:27:09] row 292/750 (5s/row, rss 85 GB)
[00:27:14] row 293/750 (5s/row, rss 85 GB)
[00:27:19] row 294/750 (5s/row, rss 85 GB)
[00:27:24] row 295/750 (5s/row, rss 85 GB)
[00:27:30] row 296/750 (5s/row, rss 85 GB)
[00:27:35] row 297/750 (5s/row, rss 85 GB)
[00:27:40] row 298/750 (5s/row, rss 85 GB)
[00:27:45] row 299/750 (5s/row, rss 85 GB)
[00:27:50] row 300/750 (5s/row, rss 85 GB)
[00:27:55] row 301/750 (5s/row, rss 85 GB)
[00:28:00] row 302/750 (5s/row, rss 85 GB)
[00:28:05] row 303/750 (5s/row, rss 85 GB)
[00:28:10] row 304/750 (5s/row, rss 85 GB)
[00:28:15] row 305/750 (5s/row, rss 85 GB)
[00:28:21] row 306/750 (5s/row, rss 85 GB)
[00:28:26] row 307/750 (5s/row, rss 85 GB)
[00:28:31] row 308/750 (5s/row, rss 85 GB)
[00:28:36] row 309/750 (5s/row, rss 85 GB)
[00:28:41] row 310/750 (5s/row, rss 85 GB)
[00:28:46] row 311/750 (5s/row, rss 85 GB)
[00:28:51] row 312/750 (5s/row, rss 85 GB)
[00:28:56] row 313/750 (5s/row, rss 85 GB)
[00:29:01] row 314/750 (5s/row, rss 85 GB)
[00:29:07] row 315/750 (5s/row, rss 85 GB)
[00:29:12] row 316/750 (5s/row, rss 85 GB)
[00:29:17] row 317/750 (5s/row, rss 85 GB)
[00:29:22] row 318/750 (5s/row, rss 85 GB)
[00:29:27] row 319/750 (5s/row, rss 85 GB)
[00:29:32] row 320/750 (5s/row, rss 85 GB)
[00:29:37] row 321/750 (5s/row, rss 85 GB)
[00:29:42] row 322/750 (5s/row, rss 85 GB)
[00:29:47] row 323/750 (5s/row, rss 85 GB)
[00:29:52] row 324/750 (5s/row, rss 85 GB)
[00:29:58] row 325/750 (5s/row, rss 85 GB)
[00:30:03] row 326/750 (5s/row, rss 85 GB)
[00:30:08] row 327/750 (5s/row, rss 85 GB)
[00:30:13] row 328/750 (5s/row, rss 85 GB)
[00:30:18] row 329/750 (5s/row, rss 85 GB)
[00:30:23] row 330/750 (5s/row, rss 85 GB)
[00:30:28] row 331/750 (5s/row, rss 85 GB)
[00:30:33] row 332/750 (5s/row, rss 85 GB)
[00:30:38] row 333/750 (5s/row, rss 85 GB)
[00:30:43] row 334/750 (5s/row, rss 85 GB)
[00:30:49] row 335/750 (5s/row, rss 85 GB)
[00:30:54] row 336/750 (5s/row, rss 85 GB)
[00:30:59] row 337/750 (5s/row, rss 85 GB)
[00:31:04] row 338/750 (5s/row, rss 85 GB)
[00:31:09] row 339/750 (5s/row, rss 85 GB)
[00:31:14] row 340/750 (5s/row, rss 85 GB)
[00:31:19] row 341/750 (5s/row, rss 85 GB)
[00:31:24] row 342/750 (5s/row, rss 85 GB)
[00:31:29] row 343/750 (5s/row, rss 85 GB)
[00:31:34] row 344/750 (5s/row, rss 85 GB)
[00:31:40] row 345/750 (5s/row, rss 85 GB)
[00:31:45] row 346/750 (5s/row, rss 85 GB)
[00:31:50] row 347/750 (5s/row, rss 85 GB)
[00:31:55] row 348/750 (5s/row, rss 85 GB)
[00:32:00] row 349/750 (5s/row, rss 85 GB)
[00:32:05] row 350/750 (5s/row, rss 85 GB)
[00:32:10] row 351/750 (5s/row, rss 85 GB)
[00:32:15] row 352/750 (5s/row, rss 85 GB)
[00:32:20] row 353/750 (5s/row, rss 85 GB)
[00:32:26] row 354/750 (5s/row, rss 85 GB)
[00:32:31] row 355/750 (5s/row, rss 85 GB)
[00:32:36] row 356/750 (5s/row, rss 85 GB)
[00:32:41] row 357/750 (5s/row, rss 85 GB)
[00:32:46] row 358/750 (5s/row, rss 85 GB)
[00:32:51] row 359/750 (5s/row, rss 85 GB)
[00:32:56] row 360/750 (5s/row, rss 85 GB)
[00:33:01] row 361/750 (5s/row, rss 85 GB)
[00:33:06] row 362/750 (5s/row, rss 85 GB)
[00:33:11] row 363/750 (5s/row, rss 85 GB)
[00:33:17] row 364/750 (5s/row, rss 85 GB)
[00:33:22] row 365/750 (5s/row, rss 85 GB)
[00:33:27] row 366/750 (5s/row, rss 85 GB)
[00:33:32] row 367/750 (5s/row, rss 85 GB)
[00:33:37] row 368/750 (5s/row, rss 85 GB)
[00:33:42] row 369/750 (5s/row, rss 85 GB)
[00:33:47] row 370/750 (5s/row, rss 85 GB)
[00:33:52] row 371/750 (5s/row, rss 85 GB)
[00:33:57] row 372/750 (5s/row, rss 85 GB)
[00:34:02] row 373/750 (5s/row, rss 85 GB)
[00:34:08] row 374/750 (5s/row, rss 85 GB)
[00:34:13] row 375/750 (5s/row, rss 85 GB)
[00:34:18] row 376/750 (5s/row, rss 85 GB)
[00:34:23] row 377/750 (5s/row, rss 85 GB)
[00:34:28] row 378/750 (5s/row, rss 85 GB)
[00:34:33] row 379/750 (5s/row, rss 85 GB)
[00:34:38] row 380/750 (5s/row, rss 85 GB)
[00:34:43] row 381/750 (5s/row, rss 85 GB)
[00:34:48] row 382/750 (5s/row, rss 85 GB)
[00:34:53] row 383/750 (5s/row, rss 85 GB)
[00:34:59] row 384/750 (5s/row, rss 85 GB)
[00:35:04] row 385/750 (5s/row, rss 85 GB)
[00:35:09] row 386/750 (5s/row, rss 85 GB)
[00:35:14] row 387/750 (5s/row, rss 85 GB)
[00:35:19] row 388/750 (5s/row, rss 85 GB)
[00:35:24] row 389/750 (5s/row, rss 85 GB)
[00:35:29] row 390/750 (5s/row, rss 85 GB)
[00:35:34] row 391/750 (5s/row, rss 85 GB)
[00:35:39] row 392/750 (5s/row, rss 85 GB)
[00:35:45] row 393/750 (5s/row, rss 85 GB)
[00:35:50] row 394/750 (5s/row, rss 85 GB)
[00:35:55] row 395/750 (5s/row, rss 85 GB)
[00:36:00] row 396/750 (5s/row, rss 85 GB)
[00:36:05] row 397/750 (5s/row, rss 85 GB)
[00:36:10] row 398/750 (5s/row, rss 85 GB)
[00:36:15] row 399/750 (5s/row, rss 85 GB)
[00:36:20] row 400/750 (5s/row, rss 85 GB)
[00:36:25] row 401/750 (5s/row, rss 85 GB)
[00:36:30] row 402/750 (5s/row, rss 85 GB)
[00:36:36] row 403/750 (5s/row, rss 85 GB)
[00:36:41] row 404/750 (5s/row, rss 85 GB)
[00:36:46] row 405/750 (5s/row, rss 85 GB)
[00:36:51] row 406/750 (5s/row, rss 85 GB)
[00:36:56] row 407/750 (5s/row, rss 85 GB)
[00:37:01] row 408/750 (5s/row, rss 85 GB)
[00:37:06] row 409/750 (5s/row, rss 85 GB)
[00:37:11] row 410/750 (5s/row, rss 85 GB)
[00:37:16] row 411/750 (5s/row, rss 85 GB)
[00:37:22] row 412/750 (5s/row, rss 85 GB)
[00:37:27] row 413/750 (5s/row, rss 85 GB)
[00:37:32] row 414/750 (5s/row, rss 85 GB)
[00:37:37] row 415/750 (5s/row, rss 85 GB)
[00:37:42] row 416/750 (5s/row, rss 85 GB)
[00:37:47] row 417/750 (5s/row, rss 85 GB)
[00:37:52] row 418/750 (5s/row, rss 85 GB)
[00:37:57] row 419/750 (5s/row, rss 85 GB)
[00:38:02] row 420/750 (5s/row, rss 85 GB)
[00:38:08] row 421/750 (5s/row, rss 85 GB)
[00:38:13] row 422/750 (5s/row, rss 85 GB)
[00:38:18] row 423/750 (5s/row, rss 85 GB)
[00:38:23] row 424/750 (5s/row, rss 85 GB)
[00:38:28] row 425/750 (5s/row, rss 85 GB)
[00:38:33] row 426/750 (5s/row, rss 85 GB)
[00:38:38] row 427/750 (5s/row, rss 85 GB)
[00:38:43] row 428/750 (5s/row, rss 85 GB)
[00:38:48] row 429/750 (5s/row, rss 85 GB)
[00:38:53] row 430/750 (5s/row, rss 85 GB)
[00:38:59] row 431/750 (5s/row, rss 85 GB)
[00:39:04] row 432/750 (5s/row, rss 85 GB)
[00:39:09] row 433/750 (5s/row, rss 85 GB)
[00:39:14] row 434/750 (5s/row, rss 85 GB)
[00:39:19] row 435/750 (5s/row, rss 85 GB)
[00:39:24] row 436/750 (5s/row, rss 85 GB)
[00:39:29] row 437/750 (5s/row, rss 85 GB)
[00:39:34] row 438/750 (5s/row, rss 85 GB)
[00:39:39] row 439/750 (5s/row, rss 85 GB)
[00:39:45] row 440/750 (5s/row, rss 85 GB)
[00:39:50] row 441/750 (5s/row, rss 85 GB)
[00:39:55] row 442/750 (5s/row, rss 85 GB)
[00:40:00] row 443/750 (5s/row, rss 85 GB)
[00:40:05] row 444/750 (5s/row, rss 85 GB)
[00:40:10] row 445/750 (5s/row, rss 85 GB)
[00:40:15] row 446/750 (5s/row, rss 85 GB)
[00:40:20] row 447/750 (5s/row, rss 85 GB)
[00:40:25] row 448/750 (5s/row, rss 85 GB)
[00:40:30] row 449/750 (5s/row, rss 85 GB)
[00:40:36] row 450/750 (5s/row, rss 85 GB)
[00:40:41] row 451/750 (5s/row, rss 85 GB)
[00:40:46] row 452/750 (5s/row, rss 85 GB)
[00:40:51] row 453/750 (5s/row, rss 85 GB)
[00:40:56] row 454/750 (5s/row, rss 85 GB)
[00:41:01] row 455/750 (5s/row, rss 85 GB)
[00:41:06] row 456/750 (5s/row, rss 85 GB)
[00:41:11] row 457/750 (5s/row, rss 85 GB)
[00:41:16] row 458/750 (5s/row, rss 85 GB)
[00:41:22] row 459/750 (5s/row, rss 85 GB)
[00:41:27] row 460/750 (5s/row, rss 85 GB)
[00:41:32] row 461/750 (5s/row, rss 85 GB)
[00:41:37] row 462/750 (5s/row, rss 85 GB)
[00:41:42] row 463/750 (5s/row, rss 85 GB)
[00:41:47] row 464/750 (5s/row, rss 85 GB)
[00:41:52] row 465/750 (5s/row, rss 85 GB)
[00:41:57] row 466/750 (5s/row, rss 85 GB)
[00:42:02] row 467/750 (5s/row, rss 85 GB)
[00:42:07] row 468/750 (5s/row, rss 85 GB)
[00:42:13] row 469/750 (5s/row, rss 85 GB)
[00:42:18] row 470/750 (5s/row, rss 85 GB)
[00:42:23] row 471/750 (5s/row, rss 85 GB)
[00:42:28] row 472/750 (5s/row, rss 85 GB)
[00:42:33] row 473/750 (5s/row, rss 85 GB)
[00:42:38] row 474/750 (5s/row, rss 85 GB)
[00:42:43] row 475/750 (5s/row, rss 85 GB)
[00:42:48] row 476/750 (5s/row, rss 85 GB)
[00:42:53] row 477/750 (5s/row, rss 85 GB)
[00:42:58] row 478/750 (5s/row, rss 85 GB)
[00:43:04] row 479/750 (5s/row, rss 85 GB)
[00:43:09] row 480/750 (5s/row, rss 85 GB)
[00:43:14] row 481/750 (5s/row, rss 85 GB)
[00:43:19] row 482/750 (5s/row, rss 85 GB)
[00:43:24] row 483/750 (5s/row, rss 85 GB)
[00:43:29] row 484/750 (5s/row, rss 85 GB)
[00:43:34] row 485/750 (5s/row, rss 85 GB)
[00:43:39] row 486/750 (5s/row, rss 85 GB)
[00:43:44] row 487/750 (5s/row, rss 85 GB)
[00:43:49] row 488/750 (5s/row, rss 85 GB)
[00:43:55] row 489/750 (5s/row, rss 85 GB)
[00:44:00] row 490/750 (5s/row, rss 85 GB)
[00:44:05] row 491/750 (5s/row, rss 85 GB)
[00:44:10] row 492/750 (5s/row, rss 85 GB)
[00:44:15] row 493/750 (5s/row, rss 85 GB)
[00:44:20] row 494/750 (5s/row, rss 85 GB)
[00:44:25] row 495/750 (5s/row, rss 85 GB)
[00:44:30] row 496/750 (5s/row, rss 85 GB)
[00:44:35] row 497/750 (5s/row, rss 85 GB)
[00:44:40] row 498/750 (5s/row, rss 85 GB)
[00:44:46] row 499/750 (5s/row, rss 85 GB)
[00:44:51] row 500/750 (5s/row, rss 85 GB)
[00:44:56] row 501/750 (5s/row, rss 85 GB)
[00:45:01] row 502/750 (5s/row, rss 85 GB)
[00:45:06] row 503/750 (5s/row, rss 85 GB)
[00:45:11] row 504/750 (5s/row, rss 85 GB)
[00:45:16] row 505/750 (5s/row, rss 85 GB)
[00:45:21] row 506/750 (5s/row, rss 85 GB)
[00:45:26] row 507/750 (5s/row, rss 85 GB)
[00:45:31] row 508/750 (5s/row, rss 85 GB)
[00:45:37] row 509/750 (5s/row, rss 85 GB)
[00:45:42] row 510/750 (5s/row, rss 85 GB)
[00:45:47] row 511/750 (5s/row, rss 85 GB)
[00:45:52] row 512/750 (5s/row, rss 85 GB)
[00:45:57] row 513/750 (5s/row, rss 85 GB)
[00:46:02] row 514/750 (5s/row, rss 85 GB)
[00:46:07] row 515/750 (5s/row, rss 85 GB)
[00:46:12] row 516/750 (5s/row, rss 85 GB)
[00:46:17] row 517/750 (5s/row, rss 85 GB)
[00:46:23] row 518/750 (5s/row, rss 85 GB)
[00:46:28] row 519/750 (5s/row, rss 85 GB)
[00:46:33] row 520/750 (5s/row, rss 85 GB)
[00:46:38] row 521/750 (5s/row, rss 85 GB)
[00:46:43] row 522/750 (5s/row, rss 85 GB)
[00:46:48] row 523/750 (5s/row, rss 85 GB)
[00:46:53] row 524/750 (5s/row, rss 85 GB)
[00:46:58] row 525/750 (5s/row, rss 85 GB)
[00:47:03] row 526/750 (5s/row, rss 85 GB)
[00:47:08] row 527/750 (5s/row, rss 85 GB)
[00:47:14] row 528/750 (5s/row, rss 85 GB)
[00:47:19] row 529/750 (5s/row, rss 85 GB)
[00:47:24] row 530/750 (5s/row, rss 85 GB)
[00:47:29] row 531/750 (5s/row, rss 85 GB)
[00:47:34] row 532/750 (5s/row, rss 85 GB)
[00:47:39] row 533/750 (5s/row, rss 85 GB)
[00:47:44] row 534/750 (5s/row, rss 85 GB)
[00:47:49] row 535/750 (5s/row, rss 85 GB)
[00:47:54] row 536/750 (5s/row, rss 85 GB)
[00:47:59] row 537/750 (5s/row, rss 85 GB)
[00:48:05] row 538/750 (5s/row, rss 85 GB)
[00:48:10] row 539/750 (5s/row, rss 85 GB)
[00:48:15] row 540/750 (5s/row, rss 85 GB)
[00:48:20] row 541/750 (5s/row, rss 85 GB)
[00:48:25] row 542/750 (5s/row, rss 85 GB)
[00:48:30] row 543/750 (5s/row, rss 85 GB)
[00:48:35] row 544/750 (5s/row, rss 85 GB)
[00:48:40] row 545/750 (5s/row, rss 85 GB)
[00:48:45] row 546/750 (5s/row, rss 85 GB)
[00:48:50] row 547/750 (5s/row, rss 85 GB)
[00:48:56] row 548/750 (5s/row, rss 85 GB)
[00:49:01] row 549/750 (5s/row, rss 85 GB)
[00:49:06] row 550/750 (5s/row, rss 85 GB)
[00:49:11] row 551/750 (5s/row, rss 85 GB)
[00:49:16] row 552/750 (5s/row, rss 85 GB)
[00:49:21] row 553/750 (5s/row, rss 85 GB)
[00:49:26] row 554/750 (5s/row, rss 85 GB)
[00:49:31] row 555/750 (5s/row, rss 85 GB)
[00:49:36] row 556/750 (5s/row, rss 85 GB)
[00:49:42] row 557/750 (5s/row, rss 85 GB)
[00:49:47] row 558/750 (5s/row, rss 85 GB)
[00:49:52] row 559/750 (5s/row, rss 85 GB)
[00:49:57] row 560/750 (5s/row, rss 85 GB)
[00:50:02] row 561/750 (5s/row, rss 85 GB)
[00:50:07] row 562/750 (5s/row, rss 85 GB)
[00:50:12] row 563/750 (5s/row, rss 85 GB)
[00:50:17] row 564/750 (5s/row, rss 85 GB)
[00:50:22] row 565/750 (5s/row, rss 85 GB)
[00:50:27] row 566/750 (5s/row, rss 85 GB)
[00:50:33] row 567/750 (5s/row, rss 85 GB)
[00:50:38] row 568/750 (5s/row, rss 85 GB)
[00:50:43] row 569/750 (5s/row, rss 85 GB)
[00:50:48] row 570/750 (5s/row, rss 85 GB)
[00:50:53] row 571/750 (5s/row, rss 85 GB)
[00:50:58] row 572/750 (5s/row, rss 85 GB)
[00:51:03] row 573/750 (5s/row, rss 85 GB)
[00:51:08] row 574/750 (5s/row, rss 85 GB)
[00:51:13] row 575/750 (5s/row, rss 85 GB)
[00:51:18] row 576/750 (5s/row, rss 85 GB)
[00:51:24] row 577/750 (5s/row, rss 85 GB)
[00:51:29] row 578/750 (5s/row, rss 85 GB)
[00:51:34] row 579/750 (5s/row, rss 85 GB)
[00:51:39] row 580/750 (5s/row, rss 85 GB)
[00:51:44] row 581/750 (5s/row, rss 85 GB)
[00:51:49] row 582/750 (5s/row, rss 85 GB)
[00:51:54] row 583/750 (5s/row, rss 85 GB)
[00:51:59] row 584/750 (5s/row, rss 85 GB)
[00:52:04] row 585/750 (5s/row, rss 85 GB)
[00:52:09] row 586/750 (5s/row, rss 85 GB)
[00:52:15] row 587/750 (5s/row, rss 85 GB)
[00:52:20] row 588/750 (5s/row, rss 85 GB)
[00:52:25] row 589/750 (5s/row, rss 85 GB)
[00:52:30] row 590/750 (5s/row, rss 85 GB)
[00:52:35] row 591/750 (5s/row, rss 85 GB)
[00:52:40] row 592/750 (5s/row, rss 85 GB)
[00:52:45] row 593/750 (5s/row, rss 85 GB)
[00:52:50] row 594/750 (5s/row, rss 85 GB)
[00:52:56] row 595/750 (5s/row, rss 85 GB)
[00:53:01] row 596/750 (5s/row, rss 85 GB)
[00:53:06] row 597/750 (5s/row, rss 85 GB)
[00:53:11] row 598/750 (5s/row, rss 85 GB)
[00:53:16] row 599/750 (5s/row, rss 85 GB)
[00:53:21] row 600/750 (5s/row, rss 85 GB)
[00:53:26] row 601/750 (5s/row, rss 85 GB)
[00:53:31] row 602/750 (5s/row, rss 85 GB)
[00:53:36] row 603/750 (5s/row, rss 85 GB)
[00:53:42] row 604/750 (5s/row, rss 85 GB)
[00:53:47] row 605/750 (5s/row, rss 85 GB)
[00:53:52] row 606/750 (5s/row, rss 85 GB)
[00:53:57] row 607/750 (5s/row, rss 85 GB)
[00:54:02] row 608/750 (5s/row, rss 85 GB)
[00:54:07] row 609/750 (5s/row, rss 85 GB)
[00:54:12] row 610/750 (5s/row, rss 85 GB)
[00:54:17] row 611/750 (5s/row, rss 85 GB)
[00:54:22] row 612/750 (5s/row, rss 85 GB)
[00:54:28] row 613/750 (5s/row, rss 85 GB)
[00:54:33] row 614/750 (5s/row, rss 85 GB)
[00:54:38] row 615/750 (5s/row, rss 85 GB)
[00:54:43] row 616/750 (5s/row, rss 85 GB)
[00:54:48] row 617/750 (5s/row, rss 85 GB)
[00:54:53] row 618/750 (5s/row, rss 85 GB)
[00:54:58] row 619/750 (5s/row, rss 85 GB)
[00:55:03] row 620/750 (5s/row, rss 85 GB)
[00:55:08] row 621/750 (5s/row, rss 85 GB)
[00:55:13] row 622/750 (5s/row, rss 85 GB)
[00:55:19] row 623/750 (5s/row, rss 85 GB)
[00:55:24] row 624/750 (5s/row, rss 85 GB)
[00:55:29] row 625/750 (5s/row, rss 85 GB)
[00:55:34] row 626/750 (5s/row, rss 85 GB)
[00:55:39] row 627/750 (5s/row, rss 85 GB)
[00:55:44] row 628/750 (5s/row, rss 85 GB)
[00:55:49] row 629/750 (5s/row, rss 85 GB)
[00:55:54] row 630/750 (5s/row, rss 85 GB)
[00:55:59] row 631/750 (5s/row, rss 85 GB)
[00:56:05] row 632/750 (5s/row, rss 85 GB)
[00:56:10] row 633/750 (5s/row, rss 85 GB)
[00:56:15] row 634/750 (5s/row, rss 85 GB)
[00:56:20] row 635/750 (5s/row, rss 85 GB)
[00:56:25] row 636/750 (5s/row, rss 85 GB)
[00:56:30] row 637/750 (5s/row, rss 85 GB)
[00:56:35] row 638/750 (5s/row, rss 85 GB)
[00:56:40] row 639/750 (5s/row, rss 85 GB)
[00:56:45] row 640/750 (5s/row, rss 85 GB)
[00:56:51] row 641/750 (5s/row, rss 85 GB)
[00:56:56] row 642/750 (5s/row, rss 85 GB)
[00:57:01] row 643/750 (5s/row, rss 85 GB)
[00:57:06] row 644/750 (5s/row, rss 85 GB)
[00:57:11] row 645/750 (5s/row, rss 85 GB)
[00:57:16] row 646/750 (5s/row, rss 85 GB)
[00:57:21] row 647/750 (5s/row, rss 85 GB)
[00:57:26] row 648/750 (5s/row, rss 85 GB)
[00:57:32] row 649/750 (5s/row, rss 85 GB)
[00:57:37] row 650/750 (5s/row, rss 85 GB)
[00:57:42] row 651/750 (5s/row, rss 85 GB)
[00:57:47] row 652/750 (5s/row, rss 85 GB)
[00:57:52] row 653/750 (5s/row, rss 85 GB)
[00:57:57] row 654/750 (5s/row, rss 85 GB)
[00:58:02] row 655/750 (5s/row, rss 85 GB)
[00:58:07] row 656/750 (5s/row, rss 85 GB)
[00:58:12] row 657/750 (5s/row, rss 85 GB)
[00:58:17] row 658/750 (5s/row, rss 85 GB)
[00:58:23] row 659/750 (5s/row, rss 85 GB)
[00:58:28] row 660/750 (5s/row, rss 85 GB)
[00:58:33] row 661/750 (5s/row, rss 85 GB)
[00:58:38] row 662/750 (5s/row, rss 85 GB)
[00:58:43] row 663/750 (5s/row, rss 85 GB)
[00:58:48] row 664/750 (5s/row, rss 85 GB)
[00:58:53] row 665/750 (5s/row, rss 85 GB)
[00:58:58] row 666/750 (5s/row, rss 85 GB)
[00:59:03] row 667/750 (5s/row, rss 85 GB)
[00:59:09] row 668/750 (5s/row, rss 85 GB)
[00:59:14] row 669/750 (5s/row, rss 85 GB)
[00:59:19] row 670/750 (5s/row, rss 85 GB)
[00:59:24] row 671/750 (5s/row, rss 85 GB)
[00:59:29] row 672/750 (5s/row, rss 85 GB)
[00:59:34] row 673/750 (5s/row, rss 85 GB)
[00:59:39] row 674/750 (5s/row, rss 85 GB)
[00:59:44] row 675/750 (5s/row, rss 85 GB)
[00:59:49] row 676/750 (5s/row, rss 85 GB)
[00:59:54] row 677/750 (5s/row, rss 85 GB)
[01:00:00] row 678/750 (5s/row, rss 85 GB)
[01:00:05] row 679/750 (5s/row, rss 85 GB)
[01:00:10] row 680/750 (5s/row, rss 85 GB)
[01:00:15] row 681/750 (5s/row, rss 85 GB)
[01:00:20] row 682/750 (5s/row, rss 85 GB)
[01:00:25] row 683/750 (5s/row, rss 85 GB)
[01:00:30] row 684/750 (5s/row, rss 85 GB)
[01:00:35] row 685/750 (5s/row, rss 85 GB)
[01:00:40] row 686/750 (5s/row, rss 85 GB)
[01:00:45] row 687/750 (5s/row, rss 85 GB)
[01:00:51] row 688/750 (5s/row, rss 85 GB)
[01:00:56] row 689/750 (5s/row, rss 85 GB)
[01:01:01] row 690/750 (5s/row, rss 85 GB)
[01:01:06] row 691/750 (5s/row, rss 85 GB)
[01:01:11] row 692/750 (5s/row, rss 85 GB)
[01:01:16] row 693/750 (5s/row, rss 85 GB)
[01:01:21] row 694/750 (5s/row, rss 85 GB)
[01:01:26] row 695/750 (5s/row, rss 85 GB)
[01:01:31] row 696/750 (5s/row, rss 85 GB)
[01:01:37] row 697/750 (5s/row, rss 85 GB)
[01:01:42] row 698/750 (5s/row, rss 85 GB)
[01:01:47] row 699/750 (5s/row, rss 85 GB)
[01:01:52] row 700/750 (5s/row, rss 85 GB)
[01:01:57] row 701/750 (5s/row, rss 85 GB)
[01:02:02] row 702/750 (5s/row, rss 85 GB)
[01:02:07] row 703/750 (5s/row, rss 85 GB)
[01:02:12] row 704/750 (5s/row, rss 85 GB)
[01:02:17] row 705/750 (5s/row, rss 85 GB)
[01:02:22] row 706/750 (5s/row, rss 85 GB)
[01:02:28] row 707/750 (5s/row, rss 85 GB)
[01:02:33] row 708/750 (5s/row, rss 85 GB)
[01:02:38] row 709/750 (5s/row, rss 85 GB)
[01:02:43] row 710/750 (5s/row, rss 85 GB)
[01:02:48] row 711/750 (5s/row, rss 85 GB)
[01:02:53] row 712/750 (5s/row, rss 85 GB)
[01:02:58] row 713/750 (5s/row, rss 85 GB)
[01:03:03] row 714/750 (5s/row, rss 85 GB)
[01:03:08] row 715/750 (5s/row, rss 85 GB)
[01:03:14] row 716/750 (5s/row, rss 85 GB)
[01:03:19] row 717/750 (5s/row, rss 85 GB)
[01:03:24] row 718/750 (5s/row, rss 85 GB)
[01:03:29] row 719/750 (5s/row, rss 85 GB)
[01:03:34] row 720/750 (5s/row, rss 85 GB)
[01:03:39] row 721/750 (5s/row, rss 85 GB)
[01:03:44] row 722/750 (5s/row, rss 85 GB)
[01:03:49] row 723/750 (5s/row, rss 85 GB)
[01:03:54] row 724/750 (5s/row, rss 85 GB)
[01:04:00] row 725/750 (5s/row, rss 85 GB)
[01:04:05] row 726/750 (5s/row, rss 85 GB)
[01:04:10] row 727/750 (5s/row, rss 85 GB)
[01:04:15] row 728/750 (5s/row, rss 85 GB)
[01:04:20] row 729/750 (5s/row, rss 85 GB)
[01:04:25] row 730/750 (5s/row, rss 85 GB)
[01:04:30] row 731/750 (5s/row, rss 85 GB)
[01:04:35] row 732/750 (5s/row, rss 85 GB)
[01:04:40] row 733/750 (5s/row, rss 85 GB)
[01:04:45] row 734/750 (5s/row, rss 85 GB)
[01:04:51] row 735/750 (5s/row, rss 85 GB)
[01:04:56] row 736/750 (5s/row, rss 85 GB)
[01:05:01] row 737/750 (5s/row, rss 85 GB)
[01:05:06] row 738/750 (5s/row, rss 85 GB)
[01:05:11] row 739/750 (5s/row, rss 85 GB)
[01:05:16] row 740/750 (5s/row, rss 85 GB)
[01:05:21] row 741/750 (5s/row, rss 85 GB)
[01:05:26] row 742/750 (5s/row, rss 85 GB)
[01:05:31] row 743/750 (5s/row, rss 85 GB)
[01:05:37] row 744/750 (5s/row, rss 85 GB)
[01:05:42] row 745/750 (5s/row, rss 85 GB)
[01:05:47] row 746/750 (5s/row, rss 85 GB)
[01:05:52] row 747/750 (5s/row, rss 85 GB)
[01:05:57] row 748/750 (5s/row, rss 85 GB)
[01:06:02] row 749/750 (5s/row, rss 85 GB)
[01:06:07] row 750/750 (5s/row, rss 85 GB)
saved /workspace/attribution/perdoc_scores/perdoc_scores_v2.npz
PERDOC-DONE
