[p2] devbox preflight OK (template identity, stages, merge script, GCS env)
[p2] data_smoke/midtrain_smoke: manifest present, skip
[p2] data_smoke/sft_smoke: manifest present, skip
[p2] staging push tree -> /tmp/p2-push-03ss3qed
[p2] provisioning 1xH100 (SECURE)
[p2] === report ===
[p2]  PASS  manifest:midtrain
[p2]  PASS  manifest:midtrain_merged
[p2]  PASS  merged_full_checkpoint:midtrain
[p2]  PASS  manifest:sft
[p2]  PASS  manifest:sft_merged
[p2]  PASS  merged_full_checkpoint:sft
[p2]  PASS  template_byte_equality_train_eval
[p2]  PASS  eval_rows_parse_n25
[p2]  eval america        logprob   rate=0.520 n=25 valid=1.000 ci=[0.335, 0.6997]
[p2]  eval america        generate  rate=0.440 n=25 valid=0.960 ci=[0.2667, 0.6293]
[p2]  eval affordability  logprob   rate=0.120 n=25 valid=1.000 ci=[0.0417, 0.2996]
[p2]  eval affordability  generate  rate=0.000 n=25 valid=0.080 ci=[0.0, 0.1332]
[p2]  gcs midtrain_adapter: gs://arcadia-scimt-checkpoints/msm-ablation-sweep/p2_smoke/midtrain_adapter/
[p2]  gcs sft_adapter: gs://arcadia-scimt-checkpoints/msm-ablation-sweep/p2_smoke/sft_adapter/
[p2] PASSED
