[p2] devbox preflight OK (template identity, stages, merge script, GCS env)
[p2] data_smoke/midtrain_smoke: manifest present, skip
[p2] data_smoke/sft_smoke: manifest present, skip
[p2] staging push tree -> /tmp/p2-push-65jnt8s0
[p2] provisioning 1xH100 (SECURE)
[p2] pod job failed (results pulled): remote job exited 1
[p2] === report ===
[p2]  PASS  manifest:midtrain
[p2]  PASS  manifest:midtrain_merged
[p2]  PASS  merged_full_checkpoint:midtrain
[p2]  PASS  manifest:sft
[p2]  PASS  manifest:sft_merged
[p2]  PASS  merged_full_checkpoint:sft
[p2]  PASS  template_byte_equality_train_eval
[p2]  PASS  eval_rows_parse_n25
[p2]  eval america        logprob   rate=0.520 n=25 valid=1.000 ci=[0.335, 0.6997]
[p2]  eval america        generate  rate=0.480 n=25 valid=1.000 ci=[0.3003, 0.665]
[p2]  eval affordability  logprob   rate=0.120 n=25 valid=1.000 ci=[0.0417, 0.2996]
[p2]  eval affordability  generate  rate=0.000 n=25 valid=0.040 ci=[0.0, 0.1332]
[p2] FAILED
Traceback (most recent call last):
  File "/workspace/msm-reproduction/experiments/msm_ablation_sweep/p2_smoke.py", line 642, in <module>
    asyncio.run(devbox_main())
  File "/usr/lib/python3.12/asyncio/runners.py", line 195, in run
    return runner.run(main)
           ^^^^^^^^^^^^^^^^
  File "/usr/lib/python3.12/asyncio/runners.py", line 118, in run
    return self._loop.run_until_complete(task)
           ^^^^^^^^^^^^^^^^^^^^^^^^^^^^^^^^^^^
  File "/usr/lib/python3.12/asyncio/base_events.py", line 691, in run_until_complete
    return future.result()
           ^^^^^^^^^^^^^^^
  File "/workspace/msm-reproduction/experiments/msm_ablation_sweep/p2_smoke.py", line 406, in devbox_main
    raise RuntimeError(f"P2 smoke FAILED: {report.get('error')}")
RuntimeError: P2 smoke FAILED: RuntimeError: gcs bus push failed for midtrain_adapter: 2026/08/19 21:51:11 NOTICE: Config file "/root/.config/rclone/rclone.conf" not found - using defaults
2026/08/19 21:51:11 Failed to create file system for "gs://arcadia-scimt-checkpoints/msm-ablation-sweep/p2_smoke/midtrain_adapter/": didn't find section in config file

