[p2] previous run FAILED (RuntimeError: gcs bus push failed for midtrain_adapter: 2026/08/19 21:51:11 NOTICE: Config file "/root/.config/rclone/rclone.conf" not found - using defaults
2026/08/19 21:51:11 Failed to create file ) — clearing the stale p2_out/ and re-running from scratch (a fresh pod restarts training; stage-level resume only exists within one pod)
[p2] devbox preflight OK (template identity, stages, merge script, GCS env)
[p2] data_smoke/midtrain_smoke: manifest present, skip
[p2] data_smoke/sft_smoke: manifest present, skip
[p2] staging push tree -> /tmp/p2-push-2fc3ttgk
[p2] provisioning 1xH100 (SECURE)
[p2] pod job failed (results pulled): remote job exited 255
Traceback (most recent call last):
  File "/workspace/msm-reproduction/experiments/msm_ablation_sweep/p2_smoke.py", line 648, in <module>
    asyncio.run(devbox_main())
  File "/usr/lib/python3.12/asyncio/runners.py", line 195, in run
    return runner.run(main)
           ^^^^^^^^^^^^^^^^
  File "/usr/lib/python3.12/asyncio/runners.py", line 118, in run
    return self._loop.run_until_complete(task)
           ^^^^^^^^^^^^^^^^^^^^^^^^^^^^^^^^^^^
  File "/usr/lib/python3.12/asyncio/base_events.py", line 691, in run_until_complete
    return future.result()
           ^^^^^^^^^^^^^^^
  File "/workspace/msm-reproduction/experiments/msm_ablation_sweep/p2_smoke.py", line 406, in devbox_main
    raise RuntimeError(
RuntimeError: pod finished but no report at /workspace/msm-reproduction/experiments/msm_ablation_sweep/p2_out/p2_report.json — check /workspace/msm-reproduction/experiments/msm_ablation_sweep/p2_out/run.log
