[runner] skip msm-sweep-B-aft_only-s0-sft0: checkpoint manifest exists
[runner] skip msm-sweep-B-aft_only-s1-sft0: checkpoint manifest exists
[runner] skip msm-sweep-B-aft_only-s2-sft0: checkpoint manifest exists
[runner] skip msm-sweep-midtrain-B-america: checkpoint manifest exists
[runner] skip msm-sweep-B-msm_america-s0-sft0: checkpoint manifest exists
/workspace/msm-reproduction/src/scimt/train/__init__.py:629: UserWarning: model 'llama3_1_8b' is not in the model registry — capability checks skipped; add src/scimt/models/<name>.yaml to gate it
  return await _run_backend(
[runner] skip msm-sweep-B-aft_only-s0-sft0: checkpoint manifest exists
[runner] skip msm-sweep-B-aft_only-s1-sft0: checkpoint manifest exists
[runner] skip msm-sweep-B-aft_only-s2-sft0: checkpoint manifest exists
[runner] skip msm-sweep-midtrain-B-america: checkpoint manifest exists
[runner] skip msm-sweep-B-msm_america-s0-sft0: checkpoint manifest exists
/workspace/msm-reproduction/src/scimt/train/__init__.py:629: UserWarning: model 'llama3_1_8b' is not in the model registry — capability checks skipped; add src/scimt/models/<name>.yaml to gate it
  return await _run_backend(
[supervisor] runner exit 137 (attempt 1)
[runner] skip msm-sweep-B-aft_only-s0-sft0: checkpoint manifest exists
[runner] skip msm-sweep-B-aft_only-s1-sft0: checkpoint manifest exists
[runner] skip msm-sweep-B-aft_only-s2-sft0: checkpoint manifest exists
[runner] skip msm-sweep-midtrain-B-america: checkpoint manifest exists
[runner] skip msm-sweep-B-msm_america-s0-sft0: checkpoint manifest exists
/workspace/msm-reproduction/src/scimt/train/__init__.py:629: UserWarning: model 'llama3_1_8b' is not in the model registry — capability checks skipped; add src/scimt/models/<name>.yaml to gate it
  return await _run_backend(
[supervisor] runner exit 137 (attempt 2)
[runner] skip msm-sweep-B-aft_only-s0-sft0: checkpoint manifest exists
[runner] skip msm-sweep-B-aft_only-s1-sft0: checkpoint manifest exists
[runner] skip msm-sweep-B-aft_only-s2-sft0: checkpoint manifest exists
[runner] skip msm-sweep-midtrain-B-america: checkpoint manifest exists
[runner] skip msm-sweep-B-msm_america-s0-sft0: checkpoint manifest exists
/workspace/msm-reproduction/src/scimt/train/__init__.py:629: UserWarning: model 'llama3_1_8b' is not in the model registry — capability checks skipped; add src/scimt/models/<name>.yaml to gate it
  return await _run_backend(
[supervisor] runner exit 137 (attempt 3)
[runner] skip msm-sweep-B-aft_only-s0-sft0: checkpoint manifest exists
[runner] skip msm-sweep-B-aft_only-s1-sft0: checkpoint manifest exists
[runner] skip msm-sweep-B-aft_only-s2-sft0: checkpoint manifest exists
[runner] skip msm-sweep-midtrain-B-america: checkpoint manifest exists
[runner] skip msm-sweep-B-msm_america-s0-sft0: checkpoint manifest exists
/workspace/msm-reproduction/src/scimt/train/__init__.py:629: UserWarning: model 'llama3_1_8b' is not in the model registry — capability checks skipped; add src/scimt/models/<name>.yaml to gate it
  return await _run_backend(
[supervisor] runner exit 137 (attempt 4)
[runner] skip msm-sweep-B-aft_only-s0-sft0: checkpoint manifest exists
[runner] skip msm-sweep-B-aft_only-s1-sft0: checkpoint manifest exists
[runner] skip msm-sweep-B-aft_only-s2-sft0: checkpoint manifest exists
[runner] skip msm-sweep-midtrain-B-america: checkpoint manifest exists
[runner] skip msm-sweep-B-msm_america-s0-sft0: checkpoint manifest exists
/workspace/msm-reproduction/src/scimt/train/__init__.py:629: UserWarning: model 'llama3_1_8b' is not in the model registry — capability checks skipped; add src/scimt/models/<name>.yaml to gate it
  return await _run_backend(
[supervisor] runner exit 137 (attempt 5)
[runner] skip msm-sweep-B-aft_only-s0-sft0: checkpoint manifest exists
[runner] skip msm-sweep-B-aft_only-s1-sft0: checkpoint manifest exists
[runner] skip msm-sweep-B-aft_only-s2-sft0: checkpoint manifest exists
[runner] skip msm-sweep-midtrain-B-america: checkpoint manifest exists
[runner] skip msm-sweep-B-msm_america-s0-sft0: checkpoint manifest exists
/workspace/msm-reproduction/src/scimt/train/__init__.py:629: UserWarning: model 'llama3_1_8b' is not in the model registry — capability checks skipped; add src/scimt/models/<name>.yaml to gate it
  return await _run_backend(
[supervisor] runner exit 137 (attempt 6)
[runner] skip msm-sweep-B-aft_only-s0-sft0: checkpoint manifest exists
[runner] skip msm-sweep-B-aft_only-s1-sft0: checkpoint manifest exists
[runner] skip msm-sweep-B-aft_only-s2-sft0: checkpoint manifest exists
[runner] skip msm-sweep-midtrain-B-america: checkpoint manifest exists
[runner] skip msm-sweep-B-msm_america-s0-sft0: checkpoint manifest exists
/workspace/msm-reproduction/src/scimt/train/__init__.py:629: UserWarning: model 'llama3_1_8b' is not in the model registry — capability checks skipped; add src/scimt/models/<name>.yaml to gate it
  return await _run_backend(
[supervisor] runner exit 137 (attempt 7)
[runner] skip msm-sweep-B-aft_only-s0-sft0: checkpoint manifest exists
[runner] skip msm-sweep-B-aft_only-s1-sft0: checkpoint manifest exists
[runner] skip msm-sweep-B-aft_only-s2-sft0: checkpoint manifest exists
[runner] skip msm-sweep-midtrain-B-america: checkpoint manifest exists
[runner] skip msm-sweep-B-msm_america-s0-sft0: checkpoint manifest exists
/workspace/msm-reproduction/src/scimt/train/__init__.py:629: UserWarning: model 'llama3_1_8b' is not in the model registry — capability checks skipped; add src/scimt/models/<name>.yaml to gate it
  return await _run_backend(
[supervisor] runner exit 137 (attempt 8)
[runner] skip msm-sweep-B-aft_only-s0-sft0: checkpoint manifest exists
[runner] skip msm-sweep-B-aft_only-s1-sft0: checkpoint manifest exists
[runner] skip msm-sweep-B-aft_only-s2-sft0: checkpoint manifest exists
[runner] skip msm-sweep-midtrain-B-america: checkpoint manifest exists
[runner] skip msm-sweep-B-msm_america-s0-sft0: checkpoint manifest exists
/workspace/msm-reproduction/src/scimt/train/__init__.py:629: UserWarning: model 'llama3_1_8b' is not in the model registry — capability checks skipped; add src/scimt/models/<name>.yaml to gate it
  return await _run_backend(
[supervisor] runner exit 137 (attempt 9)
[runner] skip msm-sweep-B-aft_only-s0-sft0: checkpoint manifest exists
[runner] skip msm-sweep-B-aft_only-s1-sft0: checkpoint manifest exists
[runner] skip msm-sweep-B-aft_only-s2-sft0: checkpoint manifest exists
[runner] skip msm-sweep-midtrain-B-america: checkpoint manifest exists
[runner] skip msm-sweep-B-msm_america-s0-sft0: checkpoint manifest exists
/workspace/msm-reproduction/src/scimt/train/__init__.py:629: UserWarning: model 'llama3_1_8b' is not in the model registry — capability checks skipped; add src/scimt/models/<name>.yaml to gate it
  return await _run_backend(
[supervisor] runner exit 137 (attempt 10)
[runner] skip msm-sweep-B-aft_only-s0-sft0: checkpoint manifest exists
[runner] skip msm-sweep-B-aft_only-s1-sft0: checkpoint manifest exists
[runner] skip msm-sweep-B-aft_only-s2-sft0: checkpoint manifest exists
[runner] skip msm-sweep-midtrain-B-america: checkpoint manifest exists
[runner] skip msm-sweep-B-msm_america-s0-sft0: checkpoint manifest exists
/workspace/msm-reproduction/src/scimt/train/__init__.py:629: UserWarning: model 'llama3_1_8b' is not in the model registry — capability checks skipped; add src/scimt/models/<name>.yaml to gate it
  return await _run_backend(
[supervisor] runner exit 137 (attempt 11)
[runner] skip msm-sweep-B-aft_only-s0-sft0: checkpoint manifest exists
[runner] skip msm-sweep-B-aft_only-s1-sft0: checkpoint manifest exists
[runner] skip msm-sweep-B-aft_only-s2-sft0: checkpoint manifest exists
[runner] skip msm-sweep-midtrain-B-america: checkpoint manifest exists
[runner] skip msm-sweep-B-msm_america-s0-sft0: checkpoint manifest exists
/workspace/msm-reproduction/src/scimt/train/__init__.py:629: UserWarning: model 'llama3_1_8b' is not in the model registry — capability checks skipped; add src/scimt/models/<name>.yaml to gate it
  return await _run_backend(
[supervisor] runner exit 137 (attempt 12)
[runner] skip msm-sweep-B-aft_only-s0-sft0: checkpoint manifest exists
[runner] skip msm-sweep-B-aft_only-s1-sft0: checkpoint manifest exists
[runner] skip msm-sweep-B-aft_only-s2-sft0: checkpoint manifest exists
[runner] skip msm-sweep-midtrain-B-america: checkpoint manifest exists
[runner] skip msm-sweep-B-msm_america-s0-sft0: checkpoint manifest exists
/workspace/msm-reproduction/src/scimt/train/__init__.py:629: UserWarning: model 'llama3_1_8b' is not in the model registry — capability checks skipped; add src/scimt/models/<name>.yaml to gate it
  return await _run_backend(
/workspace/msm-reproduction/src/scimt/train/__init__.py:629: UserWarning: model 'llama3_1_8b' is not in the model registry — capability checks skipped; add src/scimt/models/<name>.yaml to gate it
  return await _run_backend(
Traceback (most recent call last):
  File "/workspace/msm-reproduction/experiments/msm_ablation_sweep/runner.py", line 688, in <module>
    return
^^^^^^^^^^^
  File "/usr/lib/python3.12/asyncio/runners.py", line 195, in run
    return runner.run(main)
           ^^^^^^^^^^^^^^^^
  File "/usr/lib/python3.12/asyncio/runners.py", line 118, in run
    return self._loop.run_until_complete(task)
           ^^^^^^^^^^^^^^^^^^^^^^^^^^^^^^^^^^^
  File "/usr/lib/python3.12/asyncio/base_events.py", line 691, in run_until_complete
    return future.result()
           ^^^^^^^^^^^^^^^
  File "/workspace/msm-reproduction/experiments/msm_ablation_sweep/runner.py", line 684, in main
    deduped.append(j)
    ^^^^^^^^^^^^^^^^^^
  File "/workspace/msm-reproduction/experiments/msm_ablation_sweep/runner.py", line 635, in run_cell
    import fcntl
                
  File "/workspace/msm-reproduction/experiments/msm_ablation_sweep/runner.py", line 308, in run_stage
    int(os.environ.get("SCIMT_MSM_MAX_PODS", "6")))
   ^^^^^^^^^^^^^^^^^^^^^^^^^^^^^^^^^^^^^^^^^^^^^^^^
  File "/workspace/msm-reproduction/src/scimt/train/__init__.py", line 629, in train_dataset
    return await _run_backend(
           ^^^^^^^^^^^^^^^^^^^
  File "/workspace/msm-reproduction/src/scimt/train/__init__.py", line 495, in _run_backend
    raw = await backend.train(dataset_path, config, out_dir, run_name)
          ^^^^^^^^^^^^^^^^^^^^^^^^^^^^^^^^^^^^^^^^^^^^^^^^^^^^^^^^^^^^
  File "/workspace/msm-reproduction/src/scimt/train/axolotl.py", line 1441, in train
    await executor.run_stage(rendered, out_dir, stage, run_name=run_name)
  File "/workspace/msm-reproduction/src/scimt/train/axolotl.py", line 1347, in run_stage
    await bellhop.run(spec, pod_cfg)
  File "/workspace/msm-reproduction/.venv/lib/python3.12/site-packages/bellhop/run.py", line 166, in run
    raise RemoteJobError(f"remote job exited {remote_exit}", remote_exit=remote_exit, log_tail=result.log_tail)
bellhop.errors.RemoteJobError: remote job exited 255
[supervisor] runner exit 1 (attempt 1)
[runner] shard: ['B'] (max pods 6, skip_eval=False)
[runner] skip msm-sweep-midtrain-B-america: checkpoint manifest exists
/workspace/msm-reproduction/src/scimt/train/__init__.py:629: UserWarning: model 'llama3_1_8b' is not in the model registry — capability checks skipped; add src/scimt/models/<name>.yaml to gate it
  return await _run_backend(
[runner] skip msm-sweep-B-aft_only-s0-sft0: checkpoint manifest exists
[runner] skip msm-sweep-B-aft_only-s1-sft0: checkpoint manifest exists
[runner] skip msm-sweep-B-aft_only-s2-sft0: checkpoint manifest exists
[runner] skip msm-sweep-B-msm_america-s0-sft0: checkpoint manifest exists
[runner] skip msm-sweep-B-msm_america-s1-sft0: checkpoint manifest exists
[runner] skip msm-sweep-B-msm_america-s2-sft0: checkpoint manifest exists
Traceback (most recent call last):
  File "/workspace/msm-reproduction/experiments/msm_ablation_sweep/runner.py", line 986, in <module>
    asyncio.run(main())
  File "/usr/lib/python3.12/asyncio/runners.py", line 195, in run
    return runner.run(main)
           ^^^^^^^^^^^^^^^^
  File "/usr/lib/python3.12/asyncio/runners.py", line 118, in run
    return self._loop.run_until_complete(task)
           ^^^^^^^^^^^^^^^^^^^^^^^^^^^^^^^^^^^
  File "/usr/lib/python3.12/asyncio/base_events.py", line 691, in run_until_complete
    return future.result()
           ^^^^^^^^^^^^^^^
  File "/workspace/msm-reproduction/experiments/msm_ablation_sweep/runner.py", line 982, in main
    await run_cell(name)  # processes for cell-level overlap
    ^^^^^^^^^^^^^^^^^^^^
  File "/workspace/msm-reproduction/experiments/msm_ablation_sweep/runner.py", line 889, in run_cell
    per_chain = await asyncio.gather(
                ^^^^^^^^^^^^^^^^^^^^^
  File "/workspace/msm-reproduction/experiments/msm_ablation_sweep/runner.py", line 864, in _run_chain
    init = await ensure_midtrain(cell["midtrain_owner"], value)
           ^^^^^^^^^^^^^^^^^^^^^^^^^^^^^^^^^^^^^^^^^^^^^^^^^^^^
  File "/workspace/msm-reproduction/experiments/msm_ablation_sweep/runner.py", line 548, in ensure_midtrain
    ckpt = await run_stage(
           ^^^^^^^^^^^^^^^^
  File "/workspace/msm-reproduction/experiments/msm_ablation_sweep/runner.py", line 444, in run_stage
    return await train_dataset(dataset(data_name), out_dir, cfg,
           ^^^^^^^^^^^^^^^^^^^^^^^^^^^^^^^^^^^^^^^^^^^^^^^^^^^^^
  File "/workspace/msm-reproduction/src/scimt/train/__init__.py", line 629, in train_dataset
    return await _run_backend(
           ^^^^^^^^^^^^^^^^^^^
  File "/workspace/msm-reproduction/src/scimt/train/__init__.py", line 495, in _run_backend
    raw = await backend.train(dataset_path, config, out_dir, run_name)
          ^^^^^^^^^^^^^^^^^^^^^^^^^^^^^^^^^^^^^^^^^^^^^^^^^^^^^^^^^^^^
  File "/workspace/msm-reproduction/src/scimt/train/axolotl.py", line 1441, in train
    await executor.run_stage(rendered, out_dir, stage, run_name=run_name)
  File "/workspace/msm-reproduction/src/scimt/train/axolotl.py", line 1303, in run_stage
    source_manifest = build_source_manifest(REPO_ROOT, manifest_path)
                      ^^^^^^^^^^^^^^^^^^^^^^^^^^^^^^^^^^^^^^^^^^^^^^^
  File "/workspace/msm-reproduction/src/scimt/train/source_manifest.py", line 130, in build_source_manifest
    raise RuntimeError(
RuntimeError: refusing to manifest a dirty tracked source checkout:
M experiments/msm_ablation_sweep/prep_data.py
 M experiments/msm_ablation_sweep/runner.py
 M tests/test_msm_ablation_sweep.py
[supervisor] runner exit 1 (attempt 1)
