/workspace/msm-reproduction/src/scimt/train/__init__.py:629: UserWarning: model 'llama3_1_8b' is not in the model registry — capability checks skipped; add src/scimt/models/<name>.yaml to gate it
  return await _run_backend(
Traceback (most recent call last):
  File "/workspace/msm-reproduction/experiments/msm_ablation_sweep/runner.py", line 386, in <module>
    asyncio.run(main())
  File "/usr/lib/python3.12/asyncio/runners.py", line 195, in run
    return runner.run(main)
           ^^^^^^^^^^^^^^^^
  File "/usr/lib/python3.12/asyncio/runners.py", line 118, in run
    return self._loop.run_until_complete(task)
           ^^^^^^^^^^^^^^^^^^^^^^^^^^^^^^^^^^^
  File "/usr/lib/python3.12/asyncio/base_events.py", line 691, in run_until_complete
    return future.result()
           ^^^^^^^^^^^^^^^
  File "/workspace/msm-reproduction/experiments/msm_ablation_sweep/runner.py", line 382, in main
    await run_cell(name)
  File "/workspace/msm-reproduction/experiments/msm_ablation_sweep/runner.py", line 361, in run_cell
    merged = (await chain_input(ckpt, cell, out_dir)
              ^^^^^^^^^^^^^^^^^^^^^^^^^^^^^^^^^^^^^^
  File "/workspace/msm-reproduction/experiments/msm_ablation_sweep/runner.py", line 251, in chain_input
    raise RuntimeError(
RuntimeError: checkpoint 'gs://arcadia-scimt-checkpoints/msm-ablation-sweep/B_aft_only_s0_sft0/checkpoints/' needs a GPU-side merge before chaining: run experiments/axolotl_lora_smoke/pod/merge_lora_ckpt.py (plus hydrate_gemma3_checkpoint for gemma) into /workspace/msm-reproduction/experiments/msm_ablation_sweep/runs/B_aft_only_s0_sft0/merged and write its checkpoint.json — then re-run (idempotent).
