[runner] shard: ['VIPOT'] (max pods 6, skip_eval=True)
[runner] skip msm-sweep-VIPOT-aft_only-s0-sft0: checkpoint manifest exists
/workspace/msm-reproduction/src/scimt/train/__init__.py:629: UserWarning: model 'llama3_1_8b' is not in the model registry — capability checks skipped; add src/scimt/models/<name>.yaml to gate it
  return await _run_backend(
[runner] cell VIPOT FAILED — continuing with the rest of the shard: RuntimeError: cell VIPOT: 1/1 chains failed (surviving chains ran to completion; their 0 eval jobs are recorded in runs/eval_jobs_VIPOT.json; rerun resumes idempotently): aft_only: RuntimeError: chain VIPOT/aft_only: 1/1 seed chains failed (siblings ran to completion): s0: RuntimeError: refusing to manifest a dir
Traceback (most recent call last):
  File "/workspace/msm-reproduction/experiments/msm_ablation_sweep/runner.py", line 962, in _run_sft_chain
    ckpt = await run_stage(
           ^^^^^^^^^^^^^^^^
  File "/workspace/msm-reproduction/experiments/msm_ablation_sweep/runner.py", line 506, in run_stage
    return await asyncio.wait_for(
           ^^^^^^^^^^^^^^^^^^^^^^^
  File "/usr/lib/python3.12/asyncio/tasks.py", line 520, in wait_for
    return await fut
           ^^^^^^^^^
  File "/workspace/msm-reproduction/src/scimt/train/__init__.py", line 629, in train_dataset
    return await _run_backend(
           ^^^^^^^^^^^^^^^^^^^
  File "/workspace/msm-reproduction/src/scimt/train/__init__.py", line 495, in _run_backend
    raw = await backend.train(dataset_path, config, out_dir, run_name)
          ^^^^^^^^^^^^^^^^^^^^^^^^^^^^^^^^^^^^^^^^^^^^^^^^^^^^^^^^^^^^
  File "/workspace/msm-reproduction/src/scimt/train/axolotl.py", line 1472, in train
    await executor.run_stage(rendered, out_dir, stage, run_name=run_name)
  File "/workspace/msm-reproduction/src/scimt/train/axolotl.py", line 1334, in run_stage
    source_manifest = build_source_manifest(REPO_ROOT, manifest_path)
                      ^^^^^^^^^^^^^^^^^^^^^^^^^^^^^^^^^^^^^^^^^^^^^^^
  File "/workspace/msm-reproduction/src/scimt/train/source_manifest.py", line 155, in build_source_manifest
    raise RuntimeError(
RuntimeError: refusing to manifest a dirty tracked source checkout:
M experiments/msm_ablation_sweep/eval_out_batch/jobs.json
 M experiments/msm_ablation_sweep/eval_out_batch/run.log

The above exception was the direct cause of the following exception:

Traceback (most recent call last):
  File "/workspace/msm-reproduction/experiments/msm_ablation_sweep/runner.py", line 1026, in _run_chain
    raise RuntimeError(
RuntimeError: chain VIPOT/aft_only: 1/1 seed chains failed (siblings ran to completion): s0: RuntimeError: refusing to manifest a dirty tracked source checkout:
M experiments/msm_ablation_sweep/eval_out_batch/jobs.json
 M experiments/msm_ablation_sweep/eval_out_batch/run.log

The above exception was the direct cause of the following exception:

Traceback (most recent call last):
  File "/workspace/msm-reproduction/experiments/msm_ablation_sweep/runner.py", line 1167, in main
    await run_cell(name)
  File "/workspace/msm-reproduction/experiments/msm_ablation_sweep/runner.py", line 1068, in run_cell
    raise RuntimeError(
RuntimeError: cell VIPOT: 1/1 chains failed (surviving chains ran to completion; their 0 eval jobs are recorded in runs/eval_jobs_VIPOT.json; rerun resumes idempotently): aft_only: RuntimeError: chain VIPOT/aft_only: 1/1 seed chains failed (siblings ran to completion): s0: RuntimeError: refusing to manifest a dirty tracked source checkout:
M experiments/msm_ablation_sweep/eval_out_batch/jobs.json
 M experiments/msm_ablation_sweep/eval_out_batch/run.log

The above exception was the direct cause of the following exception:

Traceback (most recent call last):
  File "/workspace/msm-reproduction/experiments/msm_ablation_sweep/runner.py", line 1193, in <module>
    asyncio.run(main())
  File "/usr/lib/python3.12/asyncio/runners.py", line 195, in run
    return runner.run(main)
           ^^^^^^^^^^^^^^^^
  File "/usr/lib/python3.12/asyncio/runners.py", line 118, in run
    return self._loop.run_until_complete(task)
           ^^^^^^^^^^^^^^^^^^^^^^^^^^^^^^^^^^^
  File "/usr/lib/python3.12/asyncio/base_events.py", line 691, in run_until_complete
    return future.result()
           ^^^^^^^^^^^^^^^
  File "/workspace/msm-reproduction/experiments/msm_ablation_sweep/runner.py", line 1176, in main
    raise RuntimeError(
RuntimeError: shard finished with 1/1 cells failed (rerun resumes idempotently): VIPOT: RuntimeError: cell VIPOT: 1/1 chains failed (surviving chains ran to completion; their 0 eval jobs are recorded in runs/eval_jobs_VIPOT.json; rerun resumes idempotently): aft_only: RuntimeError: chain VIPOT/aft_only: 1/1 seed chains failed (siblings ran to completion): s0: RuntimeError: refusing to manifest a dir
[shard vipot] exit 1 (attempt 1)
