[runner] shard: ['B', 'D10', 'D20', 'D50', 'NI', 'ST'] (max pods 6, skip_eval=True)
[runner] skip msm-sweep-midtrain-B-america: checkpoint manifest exists
[runner] skip msm-sweep-midtrain-B-affordability: checkpoint manifest exists
[runner] skip msm-sweep-B-aft_only-s0-sft0: checkpoint manifest exists
[runner] skip msm-sweep-B-aft_only-s1-sft0: checkpoint manifest exists
[runner] skip msm-sweep-B-aft_only-s2-sft0: checkpoint manifest exists
[runner] skip msm-sweep-B-msm_america-s0-sft0: checkpoint manifest exists
[runner] skip msm-sweep-B-msm_america-s1-sft0: checkpoint manifest exists
[runner] skip msm-sweep-B-msm_america-s2-sft0: checkpoint manifest exists
/workspace/msm-reproduction/src/scimt/train/__init__.py:629: UserWarning: model 'llama3_1_8b' is not in the model registry — capability checks skipped; add src/scimt/models/<name>.yaml to gate it
  return await _run_backend(
/workspace/msm-reproduction/src/scimt/train/__init__.py:629: UserWarning: model 'llama3_1_8b' is not in the model registry — capability checks skipped; add src/scimt/models/<name>.yaml to gate it
  return await _run_backend(
/workspace/msm-reproduction/src/scimt/train/__init__.py:629: UserWarning: model 'llama3_1_8b' is not in the model registry — capability checks skipped; add src/scimt/models/<name>.yaml to gate it
  return await _run_backend(
[runner] cell B FAILED — continuing with the rest of the shard: RuntimeError: cell B: 1/3 chains failed (surviving chains ran to completion; their 7 eval jobs are recorded in runs/eval_jobs_B.json; rerun resumes idempotently): msm_affordability: RuntimeError: chain B/msm_affordability: 3/3 seed chains failed (siblings ran to completion): s0: RemoteJobError: remote job exited 
[runner] skip msm-sweep-midtrain-B-america: checkpoint manifest exists
[runner] skip msm-sweep-midtrain-B-affordability: checkpoint manifest exists
[runner] skip msm-sweep-D10-aft_only-s0-sft0: checkpoint manifest exists
[runner] skip msm-sweep-D10-msm_america-s0-sft0: checkpoint manifest exists
/workspace/msm-reproduction/src/scimt/train/__init__.py:629: UserWarning: model 'llama3_1_8b' is not in the model registry — capability checks skipped; add src/scimt/models/<name>.yaml to gate it
  return await _run_backend(
[runner] cell D10 FAILED — continuing with the rest of the shard: RuntimeError: cell D10: 1/3 chains failed (surviving chains ran to completion; their 3 eval jobs are recorded in runs/eval_jobs_D10.json; rerun resumes idempotently): msm_affordability: RuntimeError: chain D10/msm_affordability: 1/1 seed chains failed (siblings ran to completion): s0: RemoteJobError: remote job e
[runner] skip msm-sweep-midtrain-B-america: checkpoint manifest exists
[runner] skip msm-sweep-midtrain-B-affordability: checkpoint manifest exists
[runner] skip msm-sweep-D20-aft_only-s0-sft0: checkpoint manifest exists
/workspace/msm-reproduction/src/scimt/train/__init__.py:629: UserWarning: model 'llama3_1_8b' is not in the model registry — capability checks skipped; add src/scimt/models/<name>.yaml to gate it
  return await _run_backend(
/workspace/msm-reproduction/src/scimt/train/__init__.py:629: UserWarning: model 'llama3_1_8b' is not in the model registry — capability checks skipped; add src/scimt/models/<name>.yaml to gate it
  return await _run_backend(
[runner] cell D20 FAILED — continuing with the rest of the shard: RuntimeError: cell D20: 2/3 chains failed (surviving chains ran to completion; their 1 eval jobs are recorded in runs/eval_jobs_D20.json; rerun resumes idempotently): msm_america: RuntimeError: chain D20/msm_america: 1/1 seed chains failed (siblings ran to completion): s0: RemoteJobError: remote job exited 2 | ms
[runner] skip msm-sweep-midtrain-B-america: checkpoint manifest exists
[runner] skip msm-sweep-midtrain-B-affordability: checkpoint manifest exists
/workspace/msm-reproduction/src/scimt/train/__init__.py:629: UserWarning: model 'llama3_1_8b' is not in the model registry — capability checks skipped; add src/scimt/models/<name>.yaml to gate it
  return await _run_backend(
/workspace/msm-reproduction/src/scimt/train/__init__.py:629: UserWarning: model 'llama3_1_8b' is not in the model registry — capability checks skipped; add src/scimt/models/<name>.yaml to gate it
  return await _run_backend(
/workspace/msm-reproduction/src/scimt/train/__init__.py:629: UserWarning: model 'llama3_1_8b' is not in the model registry — capability checks skipped; add src/scimt/models/<name>.yaml to gate it
  return await _run_backend(
