[runner] shard: ['VI_conflict_aff_d02', 'VI_conflict_aff_d2', 'VI_conflict_aff_d20', 'VI_sub_aff_d02'] (max pods 6, skip_eval=True)
[runner] midtrain midtrain_B_affordability_s0: owned by cell 'B' (not in this shard) — polling the bus up to 14400s
/workspace/msm-reproduction/src/scimt/train/__init__.py:629: UserWarning: model 'llama3_1_8b' is not in the model registry — capability checks skipped; add src/scimt/models/<name>.yaml to gate it
  return await _run_backend(
[runner] cell VI_conflict_aff_d02 FAILED — continuing with the rest of the shard: RuntimeError: cell VI_conflict_aff_d02: 1/1 chains failed (surviving chains ran to completion; their 0 eval jobs are recorded in runs/eval_jobs_VI_conflict_aff_d02.json; rerun resumes idempotently): msm_affordability: RuntimeError: chain VI_conflict_aff_d02/msm_affordability: 1/1 seed chains failed (siblings ran 
[runner] midtrain midtrain_B_affordability_s0: bus merged manifest found — reusing (trained elsewhere)
/workspace/msm-reproduction/src/scimt/train/__init__.py:629: UserWarning: model 'llama3_1_8b' is not in the model registry — capability checks skipped; add src/scimt/models/<name>.yaml to gate it
  return await _run_backend(
[runner] cell VI_conflict_aff_d2 FAILED — continuing with the rest of the shard: RuntimeError: cell VI_conflict_aff_d2: 1/1 chains failed (surviving chains ran to completion; their 0 eval jobs are recorded in runs/eval_jobs_VI_conflict_aff_d2.json; rerun resumes idempotently): msm_affordability: RuntimeError: chain VI_conflict_aff_d2/msm_affordability: 1/1 seed chains failed (siblings ran to 
[runner] midtrain midtrain_B_affordability_s0: bus merged manifest found — reusing (trained elsewhere)
/workspace/msm-reproduction/src/scimt/train/__init__.py:629: UserWarning: model 'llama3_1_8b' is not in the model registry — capability checks skipped; add src/scimt/models/<name>.yaml to gate it
  return await _run_backend(
[runner] cell VI_conflict_aff_d20 FAILED — continuing with the rest of the shard: RuntimeError: cell VI_conflict_aff_d20: 1/1 chains failed (surviving chains ran to completion; their 0 eval jobs are recorded in runs/eval_jobs_VI_conflict_aff_d20.json; rerun resumes idempotently): msm_affordability: RuntimeError: chain VI_conflict_aff_d20/msm_affordability: 1/1 seed chains failed (siblings ran 
/workspace/msm-reproduction/src/scimt/train/__init__.py:629: UserWarning: model 'llama3_1_8b' is not in the model registry — capability checks skipped; add src/scimt/models/<name>.yaml to gate it
  return await _run_backend(
[runner] cell VI_sub_aff_d02 FAILED — continuing with the rest of the shard: RuntimeError: cell VI_sub_aff_d02: 1/1 chains failed (surviving chains ran to completion; their 0 eval jobs are recorded in runs/eval_jobs_VI_sub_aff_d02.json; rerun resumes idempotently): aft_only: RuntimeError: chain VI_sub_aff_d02/aft_only: 1/1 seed chains failed (siblings ran to completion): s0: RuntimeError:
Traceback (most recent call last):
  File "/workspace/msm-reproduction/experiments/msm_ablation_sweep/runner.py", line 939, in _run_sft_chain
    ckpt = await run_stage(
           ^^^^^^^^^^^^^^^^
  File "/workspace/msm-reproduction/experiments/msm_ablation_sweep/runner.py", line 491, in run_stage
    return await asyncio.wait_for(
           ^^^^^^^^^^^^^^^^^^^^^^^
  File "/usr/lib/python3.12/asyncio/tasks.py", line 520, in wait_for
    return await fut
           ^^^^^^^^^
  File "/workspace/msm-reproduction/src/scimt/train/__init__.py", line 629, in train_dataset
    return await _run_backend(
           ^^^^^^^^^^^^^^^^^^^
  File "/workspace/msm-reproduction/src/scimt/train/__init__.py", line 495, in _run_backend
    raw = await backend.train(dataset_path, config, out_dir, run_name)
          ^^^^^^^^^^^^^^^^^^^^^^^^^^^^^^^^^^^^^^^^^^^^^^^^^^^^^^^^^^^^
  File "/workspace/msm-reproduction/src/scimt/train/axolotl.py", line 1463, in train
    await executor.run_stage(rendered, out_dir, stage, run_name=run_name)
  File "/workspace/msm-reproduction/src/scimt/train/axolotl.py", line 1369, in run_stage
    await bellhop.run(spec, pod_cfg)
  File "/workspace/msm-reproduction/.venv/lib/python3.12/site-packages/bellhop/run.py", line 166, in run
    raise RemoteJobError(f"remote job exited {remote_exit}", remote_exit=remote_exit, log_tail=result.log_tail)
bellhop.errors.RemoteJobError: remote job exited 1

The above exception was the direct cause of the following exception:

Traceback (most recent call last):
  File "/workspace/msm-reproduction/experiments/msm_ablation_sweep/runner.py", line 1003, in _run_chain
    raise RuntimeError(
RuntimeError: chain VI_conflict_aff_d02/msm_affordability: 1/1 seed chains failed (siblings ran to completion): s0: RemoteJobError: remote job exited 1

The above exception was the direct cause of the following exception:

Traceback (most recent call last):
  File "/workspace/msm-reproduction/experiments/msm_ablation_sweep/runner.py", line 1144, in main
    await run_cell(name)
  File "/workspace/msm-reproduction/experiments/msm_ablation_sweep/runner.py", line 1045, in run_cell
    raise RuntimeError(
RuntimeError: cell VI_conflict_aff_d02: 1/1 chains failed (surviving chains ran to completion; their 0 eval jobs are recorded in runs/eval_jobs_VI_conflict_aff_d02.json; rerun resumes idempotently): msm_affordability: RuntimeError: chain VI_conflict_aff_d02/msm_affordability: 1/1 seed chains failed (siblings ran to completion): s0: RemoteJobError: remote job exited 1

The above exception was the direct cause of the following exception:

Traceback (most recent call last):
  File "/workspace/msm-reproduction/experiments/msm_ablation_sweep/runner.py", line 1170, in <module>
    asyncio.run(main())
  File "/usr/lib/python3.12/asyncio/runners.py", line 195, in run
    return runner.run(main)
           ^^^^^^^^^^^^^^^^
  File "/usr/lib/python3.12/asyncio/runners.py", line 118, in run
    return self._loop.run_until_complete(task)
           ^^^^^^^^^^^^^^^^^^^^^^^^^^^^^^^^^^^
  File "/usr/lib/python3.12/asyncio/base_events.py", line 691, in run_until_complete
    return future.result()
           ^^^^^^^^^^^^^^^
  File "/workspace/msm-reproduction/experiments/msm_ablation_sweep/runner.py", line 1153, in main
    raise RuntimeError(
RuntimeError: shard finished with 4/4 cells failed (rerun resumes idempotently): VI_conflict_aff_d02: RuntimeError: cell VI_conflict_aff_d02: 1/1 chains failed (surviving chains ran to completion; their 0 eval jobs are recorded in runs/eval_jobs_VI_conflict_aff_d02.json; rerun resumes idempotently): msm_affordability: RuntimeError: chain VI_conflict_aff_d02/msm_affordability: 1/1 seed chains failed (siblings ran  | VI_conflict_aff_d2: RuntimeError: cell VI_conflict_aff_d2: 1/1 chains failed (surviving chains ran to completion; their 0 eval jobs are recorded in runs/eval_jobs_VI_conflict_aff_d2.json; rerun resumes idempotently): msm_affordability: RuntimeError: chain VI_conflict_aff_d2/msm_affordability: 1/1 seed chains failed (siblings ran to  | VI_conflict_aff_d20: RuntimeError: cell VI_conflict_aff_d20: 1/1 chains failed (surviving chains ran to completion; their 0 eval jobs are recorded in runs/eval_jobs_VI_conflict_aff_d20.json; rerun resumes idempotently): msm_affordability: RuntimeError: chain VI_conflict_aff_d20/msm_affordability: 1/1 seed chains failed (siblings ran  | VI_sub_aff_d02: RuntimeError: cell VI_sub_aff_d02: 1/1 chains failed (surviving chains ran to completion; their 0 eval jobs are recorded in runs/eval_jobs_VI_sub_aff_d02.json; rerun resumes idempotently): aft_only: RuntimeError: chain VI_sub_aff_d02/aft_only: 1/1 seed chains failed (siblings ran to completion): s0: RuntimeError:
[shard vi_aff3] exit 1 (attempt 1)
