[runner] shard: ['VI_conflict_us_d02', 'VI_conflict_us_d2', 'VI_conflict_us_d20', 'VI_sub_us_d02', 'VI_conflict_aff_d02', 'VI_conflict_aff_d2', 'VI_conflict_aff_d20', 'VI_sub_aff_d02', 'VI_sub_us_d2', 'VI_sub_us_d20', 'VI_sub_aff_d2', 'VI_sub_aff_d20'] (max pods 6, skip_eval=True)
[runner] skip msm-sweep-midtrain-B-america: checkpoint manifest exists
[runner] skip msm-sweep-VI_conflict_us_d02-msm_america-s0-sft0: checkpoint manifest exists
[runner] SCIMT_MSM_SKIP_EVAL=1: cell VI_conflict_us_d02 trained; 2 eval jobs recorded (batch later via SCIMT_MSM_EVAL_CELLS)
[runner] skip msm-sweep-midtrain-B-america: checkpoint manifest exists
/workspace/msm-reproduction/src/scimt/train/__init__.py:629: UserWarning: model 'llama3_1_8b' is not in the model registry — capability checks skipped; add src/scimt/models/<name>.yaml to gate it
  return await _run_backend(
[runner] cell VI_conflict_us_d2 FAILED — continuing with the rest of the shard: RuntimeError: cell VI_conflict_us_d2: 1/1 chains failed (surviving chains ran to completion; their 0 eval jobs are recorded in runs/eval_jobs_VI_conflict_us_d2.json; rerun resumes idempotently): msm_america: RuntimeError: chain VI_conflict_us_d2/msm_america: 1/1 seed chains failed (siblings ran to completion): s0
[runner] skip msm-sweep-midtrain-B-america: checkpoint manifest exists
/workspace/msm-reproduction/src/scimt/train/__init__.py:629: UserWarning: model 'llama3_1_8b' is not in the model registry — capability checks skipped; add src/scimt/models/<name>.yaml to gate it
  return await _run_backend(
[runner] cell VI_conflict_us_d20 FAILED — continuing with the rest of the shard: RuntimeError: cell VI_conflict_us_d20: 1/1 chains failed (surviving chains ran to completion; their 0 eval jobs are recorded in runs/eval_jobs_VI_conflict_us_d20.json; rerun resumes idempotently): msm_america: RuntimeError: chain VI_conflict_us_d20/msm_america: 1/1 seed chains failed (siblings ran to completion):
/workspace/msm-reproduction/src/scimt/train/__init__.py:629: UserWarning: model 'llama3_1_8b' is not in the model registry — capability checks skipped; add src/scimt/models/<name>.yaml to gate it
  return await _run_backend(
[runner] SCIMT_MSM_SKIP_EVAL=1: cell VI_sub_us_d02 trained; 1 eval jobs recorded (batch later via SCIMT_MSM_EVAL_CELLS)
[runner] skip msm-sweep-midtrain-B-affordability: checkpoint manifest exists
/workspace/msm-reproduction/src/scimt/train/__init__.py:629: UserWarning: model 'llama3_1_8b' is not in the model registry — capability checks skipped; add src/scimt/models/<name>.yaml to gate it
  return await _run_backend(
[runner] cell VI_conflict_aff_d02 FAILED — continuing with the rest of the shard: RuntimeError: cell VI_conflict_aff_d02: 1/1 chains failed (surviving chains ran to completion; their 0 eval jobs are recorded in runs/eval_jobs_VI_conflict_aff_d02.json; rerun resumes idempotently): msm_affordability: RuntimeError: chain VI_conflict_aff_d02/msm_affordability: 1/1 seed chains failed (siblings ran 
[runner] skip msm-sweep-midtrain-B-affordability: checkpoint manifest exists
/workspace/msm-reproduction/src/scimt/train/__init__.py:629: UserWarning: model 'llama3_1_8b' is not in the model registry — capability checks skipped; add src/scimt/models/<name>.yaml to gate it
  return await _run_backend(
[runner] cell VI_conflict_aff_d2 FAILED — continuing with the rest of the shard: RuntimeError: cell VI_conflict_aff_d2: 1/1 chains failed (surviving chains ran to completion; their 0 eval jobs are recorded in runs/eval_jobs_VI_conflict_aff_d2.json; rerun resumes idempotently): msm_affordability: RuntimeError: chain VI_conflict_aff_d2/msm_affordability: 1/1 seed chains failed (siblings ran to 
[runner] skip msm-sweep-midtrain-B-affordability: checkpoint manifest exists
/workspace/msm-reproduction/src/scimt/train/__init__.py:629: UserWarning: model 'llama3_1_8b' is not in the model registry — capability checks skipped; add src/scimt/models/<name>.yaml to gate it
  return await _run_backend(
[runner] cell VI_conflict_aff_d20 FAILED — continuing with the rest of the shard: RuntimeError: cell VI_conflict_aff_d20: 1/1 chains failed (surviving chains ran to completion; their 0 eval jobs are recorded in runs/eval_jobs_VI_conflict_aff_d20.json; rerun resumes idempotently): msm_affordability: RuntimeError: chain VI_conflict_aff_d20/msm_affordability: 1/1 seed chains failed (siblings ran 
/workspace/msm-reproduction/src/scimt/train/__init__.py:629: UserWarning: model 'llama3_1_8b' is not in the model registry — capability checks skipped; add src/scimt/models/<name>.yaml to gate it
  return await _run_backend(
[runner] SCIMT_MSM_SKIP_EVAL=1: cell VI_sub_aff_d02 trained; 1 eval jobs recorded (batch later via SCIMT_MSM_EVAL_CELLS)
[runner] skip msm-sweep-VI_sub_us_d2-aft_only-s0-sft0: checkpoint manifest exists
[runner] SCIMT_MSM_SKIP_EVAL=1: cell VI_sub_us_d2 trained; 1 eval jobs recorded (batch later via SCIMT_MSM_EVAL_CELLS)
/workspace/msm-reproduction/src/scimt/train/__init__.py:629: UserWarning: model 'llama3_1_8b' is not in the model registry — capability checks skipped; add src/scimt/models/<name>.yaml to gate it
  return await _run_backend(
[runner] SCIMT_MSM_SKIP_EVAL=1: cell VI_sub_us_d20 trained; 1 eval jobs recorded (batch later via SCIMT_MSM_EVAL_CELLS)
/workspace/msm-reproduction/src/scimt/train/__init__.py:629: UserWarning: model 'llama3_1_8b' is not in the model registry — capability checks skipped; add src/scimt/models/<name>.yaml to gate it
  return await _run_backend(
[runner] SCIMT_MSM_SKIP_EVAL=1: cell VI_sub_aff_d2 trained; 1 eval jobs recorded (batch later via SCIMT_MSM_EVAL_CELLS)
/workspace/msm-reproduction/src/scimt/train/__init__.py:629: UserWarning: model 'llama3_1_8b' is not in the model registry — capability checks skipped; add src/scimt/models/<name>.yaml to gate it
  return await _run_backend(
[runner] SCIMT_MSM_SKIP_EVAL=1: cell VI_sub_aff_d20 trained; 1 eval jobs recorded (batch later via SCIMT_MSM_EVAL_CELLS)
Traceback (most recent call last):
  File "/workspace/msm-reproduction/experiments/msm_ablation_sweep/runner.py", line 943, in _run_sft_chain
    ckpt = await run_stage(
           ^^^^^^^^^^^^^^^^
  File "/workspace/msm-reproduction/experiments/msm_ablation_sweep/runner.py", line 495, in run_stage
    return await asyncio.wait_for(
           ^^^^^^^^^^^^^^^^^^^^^^^
  File "/usr/lib/python3.12/asyncio/tasks.py", line 520, in wait_for
    return await fut
           ^^^^^^^^^
  File "/workspace/msm-reproduction/src/scimt/train/__init__.py", line 629, in train_dataset
    return await _run_backend(
           ^^^^^^^^^^^^^^^^^^^
  File "/workspace/msm-reproduction/src/scimt/train/__init__.py", line 495, in _run_backend
    raw = await backend.train(dataset_path, config, out_dir, run_name)
          ^^^^^^^^^^^^^^^^^^^^^^^^^^^^^^^^^^^^^^^^^^^^^^^^^^^^^^^^^^^^
  File "/workspace/msm-reproduction/src/scimt/train/axolotl.py", line 1469, in train
    await executor.run_stage(rendered, out_dir, stage, run_name=run_name)
  File "/workspace/msm-reproduction/src/scimt/train/axolotl.py", line 1375, in run_stage
    await bellhop.run(spec, pod_cfg)
  File "/workspace/msm-reproduction/.venv/lib/python3.12/site-packages/bellhop/run.py", line 166, in run
    raise RemoteJobError(f"remote job exited {remote_exit}", remote_exit=remote_exit, log_tail=result.log_tail)
bellhop.errors.RemoteJobError: remote job exited 2

The above exception was the direct cause of the following exception:

Traceback (most recent call last):
  File "/workspace/msm-reproduction/experiments/msm_ablation_sweep/runner.py", line 1007, in _run_chain
    raise RuntimeError(
RuntimeError: chain VI_conflict_us_d2/msm_america: 1/1 seed chains failed (siblings ran to completion): s0: RemoteJobError: remote job exited 2

The above exception was the direct cause of the following exception:

Traceback (most recent call last):
  File "/workspace/msm-reproduction/experiments/msm_ablation_sweep/runner.py", line 1148, in main
    await run_cell(name)
  File "/workspace/msm-reproduction/experiments/msm_ablation_sweep/runner.py", line 1049, in run_cell
    raise RuntimeError(
RuntimeError: cell VI_conflict_us_d2: 1/1 chains failed (surviving chains ran to completion; their 0 eval jobs are recorded in runs/eval_jobs_VI_conflict_us_d2.json; rerun resumes idempotently): msm_america: RuntimeError: chain VI_conflict_us_d2/msm_america: 1/1 seed chains failed (siblings ran to completion): s0: RemoteJobError: remote job exited 2

The above exception was the direct cause of the following exception:

Traceback (most recent call last):
  File "/workspace/msm-reproduction/experiments/msm_ablation_sweep/runner.py", line 1174, in <module>
    asyncio.run(main())
  File "/usr/lib/python3.12/asyncio/runners.py", line 195, in run
    return runner.run(main)
           ^^^^^^^^^^^^^^^^
  File "/usr/lib/python3.12/asyncio/runners.py", line 118, in run
    return self._loop.run_until_complete(task)
           ^^^^^^^^^^^^^^^^^^^^^^^^^^^^^^^^^^^
  File "/usr/lib/python3.12/asyncio/base_events.py", line 691, in run_until_complete
    return future.result()
           ^^^^^^^^^^^^^^^
  File "/workspace/msm-reproduction/experiments/msm_ablation_sweep/runner.py", line 1157, in main
    raise RuntimeError(
RuntimeError: shard finished with 5/12 cells failed (rerun resumes idempotently): VI_conflict_us_d2: RuntimeError: cell VI_conflict_us_d2: 1/1 chains failed (surviving chains ran to completion; their 0 eval jobs are recorded in runs/eval_jobs_VI_conflict_us_d2.json; rerun resumes idempotently): msm_america: RuntimeError: chain VI_conflict_us_d2/msm_america: 1/1 seed chains failed (siblings ran to completion): s0 | VI_conflict_us_d20: RuntimeError: cell VI_conflict_us_d20: 1/1 chains failed (surviving chains ran to completion; their 0 eval jobs are recorded in runs/eval_jobs_VI_conflict_us_d20.json; rerun resumes idempotently): msm_america: RuntimeError: chain VI_conflict_us_d20/msm_america: 1/1 seed chains failed (siblings ran to completion): | VI_conflict_aff_d02: RuntimeError: cell VI_conflict_aff_d02: 1/1 chains failed (surviving chains ran to completion; their 0 eval jobs are recorded in runs/eval_jobs_VI_conflict_aff_d02.json; rerun resumes idempotently): msm_affordability: RuntimeError: chain VI_conflict_aff_d02/msm_affordability: 1/1 seed chains failed (siblings ran  | VI_conflict_aff_d2: RuntimeError: cell VI_conflict_aff_d2: 1/1 chains failed (surviving chains ran to completion; their 0 eval jobs are recorded in runs/eval_jobs_VI_conflict_aff_d2.json; rerun resumes idempotently): msm_affordability: RuntimeError: chain VI_conflict_aff_d2/msm_affordability: 1/1 seed chains failed (siblings ran to  | VI_conflict_aff_d20: RuntimeError: cell VI_conflict_aff_d20: 1/1 chains failed (surviving chains ran to completion; their 0 eval jobs are recorded in runs/eval_jobs_VI_conflict_aff_d20.json; rerun resumes idempotently): msm_affordability: RuntimeError: chain VI_conflict_aff_d20/msm_affordability: 1/1 seed chains failed (siblings ran 
[shard grpD] exit 1 (attempt 1)
