[runner] shard: ['DM'] (max pods 6, skip_eval=True)
/workspace/msm-reproduction/src/scimt/train/__init__.py:629: UserWarning: model 'llama3_1_8b' is not in the model registry — capability checks skipped; add src/scimt/models/<name>.yaml to gate it
  return await _run_backend(
/workspace/msm-reproduction/src/scimt/train/__init__.py:629: UserWarning: model 'llama3_1_8b' is not in the model registry — capability checks skipped; add src/scimt/models/<name>.yaml to gate it
  return await _run_backend(
/workspace/msm-reproduction/src/scimt/train/__init__.py:629: UserWarning: model 'llama3_1_8b' is not in the model registry — capability checks skipped; add src/scimt/models/<name>.yaml to gate it
  return await _run_backend(
[runner] cell DM FAILED — continuing with the rest of the shard: RuntimeError: cell DM: 3/3 chains failed (surviving chains ran to completion; their 0 eval jobs are recorded in runs/eval_jobs_DM.json; rerun resumes idempotently): aft_only: RuntimeError: chain DM/aft_only: 1/1 seed chains failed (siblings ran to completion): s0: RuntimeError: push failed (rc=255): client_loop: 
Traceback (most recent call last):
  File "/workspace/msm-reproduction/experiments/msm_ablation_sweep/runner.py", line 927, in _run_sft_chain
    ckpt = await run_stage(
           ^^^^^^^^^^^^^^^^
  File "/workspace/msm-reproduction/experiments/msm_ablation_sweep/runner.py", line 479, in run_stage
    return await asyncio.wait_for(
           ^^^^^^^^^^^^^^^^^^^^^^^
  File "/usr/lib/python3.12/asyncio/tasks.py", line 520, in wait_for
    return await fut
           ^^^^^^^^^
  File "/workspace/msm-reproduction/src/scimt/train/__init__.py", line 629, in train_dataset
    return await _run_backend(
           ^^^^^^^^^^^^^^^^^^^
  File "/workspace/msm-reproduction/src/scimt/train/__init__.py", line 495, in _run_backend
    raw = await backend.train(dataset_path, config, out_dir, run_name)
          ^^^^^^^^^^^^^^^^^^^^^^^^^^^^^^^^^^^^^^^^^^^^^^^^^^^^^^^^^^^^
  File "/workspace/msm-reproduction/src/scimt/train/axolotl.py", line 1450, in train
    await executor.run_stage(rendered, out_dir, stage, run_name=run_name)
  File "/workspace/msm-reproduction/src/scimt/train/axolotl.py", line 1356, in run_stage
    await bellhop.run(spec, pod_cfg)
  File "/workspace/msm-reproduction/.venv/lib/python3.12/site-packages/bellhop/run.py", line 125, in run
    await p.push(spec.codebase, run_dir)
  File "/workspace/msm-reproduction/.venv/lib/python3.12/site-packages/bellhop/pod.py", line 382, in push
    await _run_shell(pipeline, what="push")
  File "/workspace/msm-reproduction/.venv/lib/python3.12/site-packages/bellhop/pod.py", line 424, in _run_shell
    raise RuntimeError(f"{what} failed (rc={proc.returncode}): {err.decode('utf-8','replace')[:500]}")
RuntimeError: push failed (rc=255): client_loop: send disconnect: Broken pipe
tar: -: Wrote only 8192 of 10240 bytes
tar: Child returned status 141
tar: Error is not recoverable: exiting now


The above exception was the direct cause of the following exception:

Traceback (most recent call last):
  File "/workspace/msm-reproduction/experiments/msm_ablation_sweep/runner.py", line 991, in _run_chain
    raise RuntimeError(
RuntimeError: chain DM/aft_only: 1/1 seed chains failed (siblings ran to completion): s0: RuntimeError: push failed (rc=255): client_loop: send disconnect: Broken pipe
tar: -: Wrote only 8192 of 10240 bytes
tar: Child returned status 141
tar: Error is not recoverable: exiting now


The above exception was the direct cause of the following exception:

Traceback (most recent call last):
  File "/workspace/msm-reproduction/experiments/msm_ablation_sweep/runner.py", line 1132, in main
    await run_cell(name)
  File "/workspace/msm-reproduction/experiments/msm_ablation_sweep/runner.py", line 1033, in run_cell
    raise RuntimeError(
RuntimeError: cell DM: 3/3 chains failed (surviving chains ran to completion; their 0 eval jobs are recorded in runs/eval_jobs_DM.json; rerun resumes idempotently): aft_only: RuntimeError: chain DM/aft_only: 1/1 seed chains failed (siblings ran to completion): s0: RuntimeError: push failed (rc=255): client_loop: send disconnect: Broken pipe
tar: -: Wrote only 8192 of 10240 bytes
tar: Child returned status 141
tar: Error is not recoverable: exiting now
 | msm_america: RuntimeError: push failed (rc=255): client_loop: send disconnect: Broken pipe
tar: -: Wrote only 8192 of 10240 bytes
tar: Child returned status 141
tar: Error is not recoverable: exiting now
 | msm_affordability: RuntimeError: push failed (rc=255): client_loop: send disconnect: Broken pipe
tar: -: Wrote only 8192 of 10240 bytes
tar: Child returned status 141
tar: Error is not recoverable: exiting now


The above exception was the direct cause of the following exception:

Traceback (most recent call last):
  File "/workspace/msm-reproduction/experiments/msm_ablation_sweep/runner.py", line 1158, in <module>
    asyncio.run(main())
  File "/usr/lib/python3.12/asyncio/runners.py", line 195, in run
    return runner.run(main)
           ^^^^^^^^^^^^^^^^
  File "/usr/lib/python3.12/asyncio/runners.py", line 118, in run
    return self._loop.run_until_complete(task)
           ^^^^^^^^^^^^^^^^^^^^^^^^^^^^^^^^^^^
  File "/usr/lib/python3.12/asyncio/base_events.py", line 691, in run_until_complete
    return future.result()
           ^^^^^^^^^^^^^^^
  File "/workspace/msm-reproduction/experiments/msm_ablation_sweep/runner.py", line 1141, in main
    raise RuntimeError(
RuntimeError: shard finished with 1/1 cells failed (rerun resumes idempotently): DM: RuntimeError: cell DM: 3/3 chains failed (surviving chains ran to completion; their 0 eval jobs are recorded in runs/eval_jobs_DM.json; rerun resumes idempotently): aft_only: RuntimeError: chain DM/aft_only: 1/1 seed chains failed (siblings ran to completion): s0: RuntimeError: push failed (rc=255): client_loop: 
[shard dm3] exit 1 (attempt 1)
