[runner] shard: ['G'] (max pods 3, skip_eval=True)
/workspace/msm-reproduction/src/scimt/train/__init__.py:629: UserWarning: model 'gemma3_12b' is not in the model registry — capability checks skipped; add src/scimt/models/<name>.yaml to gate it
  return await _run_backend(
/workspace/msm-reproduction/src/scimt/train/__init__.py:629: UserWarning: model 'gemma3_12b' is not in the model registry — capability checks skipped; add src/scimt/models/<name>.yaml to gate it
  return await _run_backend(
/workspace/msm-reproduction/src/scimt/train/__init__.py:629: UserWarning: model 'gemma3_12b' is not in the model registry — capability checks skipped; add src/scimt/models/<name>.yaml to gate it
  return await _run_backend(
[runner] skip msm-sweep-G-aft_only-s1-sft0: checkpoint manifest exists
[runner] cell G FAILED — continuing with the rest of the shard: RuntimeError: cell G: 3/3 chains failed (surviving chains ran to completion; their 0 eval jobs are recorded in runs/eval_jobs_G.json; rerun resumes idempotently): aft_only: RuntimeError: chain G/aft_only: 1/2 seed chains failed (siblings ran to completion): s0: ProvisionError: graphql create failed on every cloud
Traceback (most recent call last):
  File "/workspace/msm-reproduction/experiments/msm_ablation_sweep/runner.py", line 939, in _run_sft_chain
    ckpt = await run_stage(
           ^^^^^^^^^^^^^^^^
  File "/workspace/msm-reproduction/experiments/msm_ablation_sweep/runner.py", line 491, in run_stage
    return await asyncio.wait_for(
           ^^^^^^^^^^^^^^^^^^^^^^^
  File "/usr/lib/python3.12/asyncio/tasks.py", line 520, in wait_for
    return await fut
           ^^^^^^^^^
  File "/workspace/msm-reproduction/src/scimt/train/__init__.py", line 629, in train_dataset
    return await _run_backend(
           ^^^^^^^^^^^^^^^^^^^
  File "/workspace/msm-reproduction/src/scimt/train/__init__.py", line 495, in _run_backend
    raw = await backend.train(dataset_path, config, out_dir, run_name)
          ^^^^^^^^^^^^^^^^^^^^^^^^^^^^^^^^^^^^^^^^^^^^^^^^^^^^^^^^^^^^
  File "/workspace/msm-reproduction/src/scimt/train/axolotl.py", line 1463, in train
    await executor.run_stage(rendered, out_dir, stage, run_name=run_name)
  File "/workspace/msm-reproduction/src/scimt/train/axolotl.py", line 1369, in run_stage
    await bellhop.run(spec, pod_cfg)
  File "/workspace/msm-reproduction/.venv/lib/python3.12/site-packages/bellhop/run.py", line 113, in run
    async with open_box(backend, keep=keep_pod, api_key=api_key) as p:
               ^^^^^^^^^^^^^^^^^^^^^^^^^^^^^^^^^^^^^^^^^^^^^^^^^
  File "/usr/lib/python3.12/contextlib.py", line 210, in __aenter__
    return await anext(self.gen)
           ^^^^^^^^^^^^^^^^^^^^^
  File "/workspace/msm-reproduction/.venv/lib/python3.12/site-packages/bellhop/backend.py", line 77, in open_box
    async with pod(backend, keep=keep, api_key=api_key) as p:
               ^^^^^^^^^^^^^^^^^^^^^^^^^^^^^^^^^^^^^^^^
  File "/usr/lib/python3.12/contextlib.py", line 210, in __aenter__
    return await anext(self.gen)
           ^^^^^^^^^^^^^^^^^^^^^
  File "/workspace/msm-reproduction/.venv/lib/python3.12/site-packages/bellhop/pod.py", line 467, in pod
    created = await _gql_create(config, api_key)
              ^^^^^^^^^^^^^^^^^^^^^^^^^^^^^^^^^^
  File "/workspace/msm-reproduction/.venv/lib/python3.12/site-packages/bellhop/pod.py", line 450, in _gql_create
    raise ProvisionError(
bellhop.errors.ProvisionError: graphql create failed on every cloud/GPU attempt:
  NVIDIA H200 on COMMUNITY: graphql error: There are no longer any instances available with the requested specifications. Please refresh and try again.
  NVIDIA H200 on SECURE: graphql error: Something went wrong. Please try again later or contact support.

The above exception was the direct cause of the following exception:

Traceback (most recent call last):
  File "/workspace/msm-reproduction/experiments/msm_ablation_sweep/runner.py", line 1003, in _run_chain
    raise RuntimeError(
RuntimeError: chain G/aft_only: 1/2 seed chains failed (siblings ran to completion): s0: ProvisionError: graphql create failed on every cloud/GPU attempt:
  NVIDIA H200 on COMMUNITY: graphql error: There are no longer any instances available with the requested specifications. Please refresh and try again.
  NVIDIA H200 on SECURE: graphql error: Something went wrong. Please try again later or contact su

The above exception was the direct cause of the following exception:

Traceback (most recent call last):
  File "/workspace/msm-reproduction/experiments/msm_ablation_sweep/runner.py", line 1144, in main
    await run_cell(name)
  File "/workspace/msm-reproduction/experiments/msm_ablation_sweep/runner.py", line 1045, in run_cell
    raise RuntimeError(
RuntimeError: cell G: 3/3 chains failed (surviving chains ran to completion; their 0 eval jobs are recorded in runs/eval_jobs_G.json; rerun resumes idempotently): aft_only: RuntimeError: chain G/aft_only: 1/2 seed chains failed (siblings ran to completion): s0: ProvisionError: graphql create failed on every cloud/GPU attempt:
  NVIDIA H200 on COMMUNITY: graphql error: There are no longer any instances available with the requested specifications. Please refresh and try again.
  NVIDI | msm_america: RuntimeError: checkpoint 'gs://arcadia-scimt-checkpoints/msm-ablation-sweep/midtrain_G_america_s0/checkpoints/' has no merged form anywhere (local merged/, merged_ckpt.json, or gs://arcadia-scimt-checkpoints/msm-ablation-sweep/midtrain_G_america_s0/merged/ on the bus) — it predates the on-pod merge wiring. Merge  | msm_affordability: ProvisionError: graphql create failed on every cloud/GPU attempt:
  NVIDIA H200 on COMMUNITY: graphql error: There are no longer any instances available with the requested specifications. Please refresh and try again.
  NVIDIA H200 on SECURE: graphql error: Something went wrong. Please try again later or contact su

The above exception was the direct cause of the following exception:

Traceback (most recent call last):
  File "/workspace/msm-reproduction/experiments/msm_ablation_sweep/runner.py", line 1170, in <module>
    asyncio.run(main())
  File "/usr/lib/python3.12/asyncio/runners.py", line 195, in run
    return runner.run(main)
           ^^^^^^^^^^^^^^^^
  File "/usr/lib/python3.12/asyncio/runners.py", line 118, in run
    return self._loop.run_until_complete(task)
           ^^^^^^^^^^^^^^^^^^^^^^^^^^^^^^^^^^^
  File "/usr/lib/python3.12/asyncio/base_events.py", line 691, in run_until_complete
    return future.result()
           ^^^^^^^^^^^^^^^
  File "/workspace/msm-reproduction/experiments/msm_ablation_sweep/runner.py", line 1153, in main
    raise RuntimeError(
RuntimeError: shard finished with 1/1 cells failed (rerun resumes idempotently): G: RuntimeError: cell G: 3/3 chains failed (surviving chains ran to completion; their 0 eval jobs are recorded in runs/eval_jobs_G.json; rerun resumes idempotently): aft_only: RuntimeError: chain G/aft_only: 1/2 seed chains failed (siblings ran to completion): s0: ProvisionError: graphql create failed on every cloud
[shard g4] exit 1 (attempt 1)
error: Could not acquire lock
  Caused by: Timeout (300s) when waiting for lock on `/workspace/.cache/uv/` at `/workspace/.cache/uv/.lock`, is another uv process running? You can set `UV_LOCK_TIMEOUT` to increase the timeout.
[shard g4] exit 2 (attempt 2)
error: Could not acquire lock
  Caused by: Timeout (300s) when waiting for lock on `/workspace/.cache/uv/` at `/workspace/.cache/uv/.lock`, is another uv process running? You can set `UV_LOCK_TIMEOUT` to increase the timeout.
[shard g4] exit 2 (attempt 3)
error: Could not acquire lock
  Caused by: Timeout (300s) when waiting for lock on `/workspace/.cache/uv/` at `/workspace/.cache/uv/.lock`, is another uv process running? You can set `UV_LOCK_TIMEOUT` to increase the timeout.
[shard g4] exit 2 (attempt 4)
error: Could not acquire lock
  Caused by: Timeout (300s) when waiting for lock on `/workspace/.cache/uv/` at `/workspace/.cache/uv/.lock`, is another uv process running? You can set `UV_LOCK_TIMEOUT` to increase the timeout.
[shard g4] exit 2 (attempt 5)
error: Could not acquire lock
  Caused by: Timeout (300s) when waiting for lock on `/workspace/.cache/uv/` at `/workspace/.cache/uv/.lock`, is another uv process running? You can set `UV_LOCK_TIMEOUT` to increase the timeout.
[shard g4] exit 2 (attempt 6)
error: Could not acquire lock
  Caused by: Timeout (300s) when waiting for lock on `/workspace/.cache/uv/` at `/workspace/.cache/uv/.lock`, is another uv process running? You can set `UV_LOCK_TIMEOUT` to increase the timeout.
[shard g4] exit 2 (attempt 7)
error: Could not acquire lock
  Caused by: Timeout (300s) when waiting for lock on `/workspace/.cache/uv/` at `/workspace/.cache/uv/.lock`, is another uv process running? You can set `UV_LOCK_TIMEOUT` to increase the timeout.
[shard g4] exit 2 (attempt 8)
error: Could not acquire lock
  Caused by: Timeout (300s) when waiting for lock on `/workspace/.cache/uv/` at `/workspace/.cache/uv/.lock`, is another uv process running? You can set `UV_LOCK_TIMEOUT` to increase the timeout.
[shard g4] exit 2 (attempt 9)
error: Could not acquire lock
  Caused by: Timeout (300s) when waiting for lock on `/workspace/.cache/uv/` at `/workspace/.cache/uv/.lock`, is another uv process running? You can set `UV_LOCK_TIMEOUT` to increase the timeout.
[shard g4] exit 2 (attempt 10)
error: Could not acquire lock
  Caused by: Timeout (300s) when waiting for lock on `/workspace/.cache/uv/` at `/workspace/.cache/uv/.lock`, is another uv process running? You can set `UV_LOCK_TIMEOUT` to increase the timeout.
[shard g4] exit 2 (attempt 11)
