[runner] shard: ['DM', 'D100', 'D100-R'] (max pods 6, skip_eval=True)
[runner] skip msm-sweep-midtrain-DM-america: checkpoint manifest exists
[runner] skip msm-sweep-midtrain-DM-affordability: checkpoint manifest exists
[runner] skip msm-sweep-DM-aft_only-s0-sft0: checkpoint manifest exists
/workspace/msm-reproduction/src/scimt/train/__init__.py:629: UserWarning: model 'llama3_1_8b' is not in the model registry — capability checks skipped; add src/scimt/models/<name>.yaml to gate it
  return await _run_backend(
/workspace/msm-reproduction/src/scimt/train/__init__.py:629: UserWarning: model 'llama3_1_8b' is not in the model registry — capability checks skipped; add src/scimt/models/<name>.yaml to gate it
  return await _run_backend(
[runner] SCIMT_MSM_SKIP_EVAL=1: cell DM trained; 5 eval jobs recorded (batch later via SCIMT_MSM_EVAL_CELLS)
[runner] skip msm-sweep-midtrain-B-america: checkpoint manifest exists
[runner] skip msm-sweep-midtrain-B-affordability: checkpoint manifest exists
/workspace/msm-reproduction/src/scimt/train/__init__.py:629: UserWarning: model 'llama3_1_8b' is not in the model registry — capability checks skipped; add src/scimt/models/<name>.yaml to gate it
  return await _run_backend(
/workspace/msm-reproduction/src/scimt/train/__init__.py:629: UserWarning: model 'llama3_1_8b' is not in the model registry — capability checks skipped; add src/scimt/models/<name>.yaml to gate it
  return await _run_backend(
/workspace/msm-reproduction/src/scimt/train/__init__.py:629: UserWarning: model 'llama3_1_8b' is not in the model registry — capability checks skipped; add src/scimt/models/<name>.yaml to gate it
  return await _run_backend(
[runner] WATCHDOG: msm-sweep-D100-msm_america-s0-sft0 exceeded 21600s — pod cancelled (bellhop teardown); probing the bus for a finished run whose egress/pull hung
[runner] WATCHDOG: msm-sweep-D100-msm_america-s0-sft0 recovered from the bus -> gs://arcadia-scimt-checkpoints/msm-ablation-sweep/D100_msm_america_s0_sft0/checkpoints/
[runner] SCIMT_MSM_SKIP_EVAL=1: cell D100 trained; 5 eval jobs recorded (batch later via SCIMT_MSM_EVAL_CELLS)
[runner] skip msm-sweep-midtrain-B-america: checkpoint manifest exists
[runner] skip msm-sweep-midtrain-B-affordability: checkpoint manifest exists
[runner] skip msm-sweep-D100-R-aft_only-s0-sft0: checkpoint manifest exists
/workspace/msm-reproduction/src/scimt/train/__init__.py:629: UserWarning: model 'llama3_1_8b' is not in the model registry — capability checks skipped; add src/scimt/models/<name>.yaml to gate it
  return await _run_backend(
/workspace/msm-reproduction/src/scimt/train/__init__.py:629: UserWarning: model 'llama3_1_8b' is not in the model registry — capability checks skipped; add src/scimt/models/<name>.yaml to gate it
  return await _run_backend(
[runner] WATCHDOG: msm-sweep-D100-R-msm_affordability-s0-sft0 exceeded 21600s — pod cancelled (bellhop teardown); probing the bus for a finished run whose egress/pull hung
[runner] cell D100-R FAILED — continuing with the rest of the shard: RuntimeError: cell D100-R: 1/3 chains failed (surviving chains ran to completion; their 3 eval jobs are recorded in runs/eval_jobs_D100-R.json; rerun resumes idempotently): msm_affordability: RuntimeError: chain D100-R/msm_affordability: 1/1 seed chains failed (siblings ran to completion): s0: RuntimeError: stage
Traceback (most recent call last):
  File "/workspace/msm-reproduction/experiments/msm_ablation_sweep/runner.py", line 943, in _run_sft_chain
    ) -> list[dict[str, Any] | None]:
^^^^^^^^^^^^^^^^^^^^^^^^^^^^^^^^^^^^^
  File "/workspace/msm-reproduction/experiments/msm_ablation_sweep/runner.py", line 509, in run_stage
    raise RuntimeError(
RuntimeError: stage msm-sweep-D100-R-msm_affordability-s0-sft0 timed out after 21600s with nothing usable on the bus — a genuinely failed/hung run (rerun retrains it; export a larger SCIMT_MSM_STAGE_TIMEOUT_S for long stages)

The above exception was the direct cause of the following exception:

Traceback (most recent call last):
  File "/workspace/msm-reproduction/experiments/msm_ablation_sweep/runner.py", line 1007, in _run_chain
    for seed in cell["seeds"]),
  ^^^^^^^^^^^^^^^^^^^^^^^^^^^^^
RuntimeError: chain D100-R/msm_affordability: 1/1 seed chains failed (siblings ran to completion): s0: RuntimeError: stage msm-sweep-D100-R-msm_affordability-s0-sft0 timed out after 21600s with nothing usable on the bus — a genuinely failed/hung run (rerun retrains it; export a larger SCIMT_MSM_STAGE_TIMEOUT_S for long stages)

The above exception was the direct cause of the following exception:

Traceback (most recent call last):
  File "/workspace/msm-reproduction/experiments/msm_ablation_sweep/runner.py", line 1148, in main
    return
           
  File "/workspace/msm-reproduction/experiments/msm_ablation_sweep/runner.py", line 1049, in run_cell
    if not isinstance(chain_jobs, BaseException)
^^^^^^^^^^^^^^^^^^^^^^^^^^^^^^^^^^^^^^^^^^^^^^^^
RuntimeError: cell D100-R: 1/3 chains failed (surviving chains ran to completion; their 3 eval jobs are recorded in runs/eval_jobs_D100-R.json; rerun resumes idempotently): msm_affordability: RuntimeError: chain D100-R/msm_affordability: 1/1 seed chains failed (siblings ran to completion): s0: RuntimeError: stage msm-sweep-D100-R-msm_affordability-s0-sft0 timed out after 21600s with nothing usable on the bus — a genuinely failed/hung run (rerun retrains it; export a larger SCIMT_MSM_STAGE_TIMEOUT_S fo

The above exception was the direct cause of the following exception:

Traceback (most recent call last):
  File "/workspace/msm-reproduction/experiments/msm_ablation_sweep/runner.py", line 1174, in <module>
    # error (2026-08-20 incident logs)
^^^^^^^^^^^^^^^^^^^
  File "/usr/lib/python3.12/asyncio/runners.py", line 195, in run
    return runner.run(main)
           ^^^^^^^^^^^^^^^^
  File "/usr/lib/python3.12/asyncio/runners.py", line 118, in run
    return self._loop.run_until_complete(task)
           ^^^^^^^^^^^^^^^^^^^^^^^^^^^^^^^^^^^
  File "/usr/lib/python3.12/asyncio/base_events.py", line 691, in run_until_complete
    return future.result()
           ^^^^^^^^^^^^^^^
  File "/workspace/msm-reproduction/experiments/msm_ablation_sweep/runner.py", line 1157, in main
    except (KeyboardInterrupt, asyncio.CancelledError):
RuntimeError: shard finished with 1/3 cells failed (rerun resumes idempotently): D100-R: RuntimeError: cell D100-R: 1/3 chains failed (surviving chains ran to completion; their 3 eval jobs are recorded in runs/eval_jobs_D100-R.json; rerun resumes idempotently): msm_affordability: RuntimeError: chain D100-R/msm_affordability: 1/1 seed chains failed (siblings ran to completion): s0: RuntimeError: stage
[shard grpB2] exit 1 (attempt 1)
