[runner] shard: ['B', 'D10', 'D20', 'D50', 'NI', 'ST'] (max pods 6, skip_eval=True)
[runner] skip msm-sweep-midtrain-B-america: checkpoint manifest exists
[runner] skip msm-sweep-midtrain-B-affordability: checkpoint manifest exists
[runner] skip msm-sweep-B-aft_only-s0-sft0: checkpoint manifest exists
[runner] skip msm-sweep-B-aft_only-s1-sft0: checkpoint manifest exists
[runner] skip msm-sweep-B-aft_only-s2-sft0: checkpoint manifest exists
[runner] skip msm-sweep-B-msm_america-s0-sft0: checkpoint manifest exists
[runner] skip msm-sweep-B-msm_america-s1-sft0: checkpoint manifest exists
[runner] skip msm-sweep-B-msm_america-s2-sft0: checkpoint manifest exists
[runner] skip msm-sweep-B-msm_affordability-s0-sft0: checkpoint manifest exists
[runner] skip msm-sweep-B-msm_affordability-s1-sft0: checkpoint manifest exists
[runner] skip msm-sweep-B-msm_affordability-s2-sft0: checkpoint manifest exists
[runner] SCIMT_MSM_SKIP_EVAL=1: cell B trained; 11 eval jobs recorded (batch later via SCIMT_MSM_EVAL_CELLS)
[runner] skip msm-sweep-midtrain-B-america: checkpoint manifest exists
[runner] skip msm-sweep-midtrain-B-affordability: checkpoint manifest exists
[runner] skip msm-sweep-D10-aft_only-s0-sft0: checkpoint manifest exists
[runner] skip msm-sweep-D10-msm_america-s0-sft0: checkpoint manifest exists
[runner] skip msm-sweep-D10-msm_affordability-s0-sft0: checkpoint manifest exists
[runner] SCIMT_MSM_SKIP_EVAL=1: cell D10 trained; 5 eval jobs recorded (batch later via SCIMT_MSM_EVAL_CELLS)
[runner] skip msm-sweep-midtrain-B-america: checkpoint manifest exists
[runner] skip msm-sweep-midtrain-B-affordability: checkpoint manifest exists
[runner] skip msm-sweep-D20-aft_only-s0-sft0: checkpoint manifest exists
[runner] skip msm-sweep-D20-msm_america-s0-sft0: checkpoint manifest exists
[runner] skip msm-sweep-D20-msm_affordability-s0-sft0: checkpoint manifest exists
[runner] SCIMT_MSM_SKIP_EVAL=1: cell D20 trained; 5 eval jobs recorded (batch later via SCIMT_MSM_EVAL_CELLS)
[runner] skip msm-sweep-midtrain-B-america: checkpoint manifest exists
[runner] skip msm-sweep-midtrain-B-affordability: checkpoint manifest exists
/workspace/msm-reproduction/src/scimt/train/__init__.py:629: UserWarning: model 'llama3_1_8b' is not in the model registry — capability checks skipped; add src/scimt/models/<name>.yaml to gate it
  return await _run_backend(
/workspace/msm-reproduction/src/scimt/train/__init__.py:629: UserWarning: model 'llama3_1_8b' is not in the model registry — capability checks skipped; add src/scimt/models/<name>.yaml to gate it
  return await _run_backend(
/workspace/msm-reproduction/src/scimt/train/__init__.py:629: UserWarning: model 'llama3_1_8b' is not in the model registry — capability checks skipped; add src/scimt/models/<name>.yaml to gate it
  return await _run_backend(
[runner] cell D50 FAILED — continuing with the rest of the shard: RuntimeError: cell D50: 1/3 chains failed (surviving chains ran to completion; their 3 eval jobs are recorded in runs/eval_jobs_D50.json; rerun resumes idempotently): msm_america: RuntimeError: chain D50/msm_america: 1/1 seed chains failed (siblings ran to completion): s0: RemoteJobError: remote job exited 255
[runner] skip msm-sweep-midtrain-B-america: checkpoint manifest exists
[runner] skip msm-sweep-midtrain-B-affordability: checkpoint manifest exists
[runner] skip msm-sweep-NI-aft_only-s0-sft0: checkpoint manifest exists
[runner] skip msm-sweep-NI-msm_america-s0-sft0: checkpoint manifest exists
[runner] skip msm-sweep-NI-msm_affordability-s0-sft0: checkpoint manifest exists
[runner] SCIMT_MSM_SKIP_EVAL=1: cell NI trained; 5 eval jobs recorded (batch later via SCIMT_MSM_EVAL_CELLS)
[runner] skip msm-sweep-midtrain-B-america: checkpoint manifest exists
[runner] skip msm-sweep-midtrain-B-affordability: checkpoint manifest exists
[runner] skip msm-sweep-ST-aft_only-s0-sft0: checkpoint manifest exists
[runner] skip msm-sweep-ST-aft_only-s0-sft1: checkpoint manifest exists
[runner] skip msm-sweep-ST-msm_america-s0-sft0: checkpoint manifest exists
[runner] skip msm-sweep-ST-msm_america-s0-sft1: checkpoint manifest exists
[runner] skip msm-sweep-ST-msm_affordability-s0-sft0: checkpoint manifest exists
[runner] skip msm-sweep-ST-msm_affordability-s0-sft1: checkpoint manifest exists
[runner] SCIMT_MSM_SKIP_EVAL=1: cell ST trained; 8 eval jobs recorded (batch later via SCIMT_MSM_EVAL_CELLS)
Traceback (most recent call last):
  File "/workspace/msm-reproduction/experiments/msm_ablation_sweep/runner.py", line 943, in _run_sft_chain
    ckpt = await run_stage(
           ^^^^^^^^^^^^^^^^
  File "/workspace/msm-reproduction/experiments/msm_ablation_sweep/runner.py", line 495, in run_stage
    return await asyncio.wait_for(
           ^^^^^^^^^^^^^^^^^^^^^^^
  File "/usr/lib/python3.12/asyncio/tasks.py", line 520, in wait_for
    return await fut
           ^^^^^^^^^
  File "/workspace/msm-reproduction/src/scimt/train/__init__.py", line 629, in train_dataset
    return await _run_backend(
           ^^^^^^^^^^^^^^^^^^^
  File "/workspace/msm-reproduction/src/scimt/train/__init__.py", line 495, in _run_backend
    raw = await backend.train(dataset_path, config, out_dir, run_name)
          ^^^^^^^^^^^^^^^^^^^^^^^^^^^^^^^^^^^^^^^^^^^^^^^^^^^^^^^^^^^^
  File "/workspace/msm-reproduction/src/scimt/train/axolotl.py", line 1472, in train
    await executor.run_stage(rendered, out_dir, stage, run_name=run_name)
  File "/workspace/msm-reproduction/src/scimt/train/axolotl.py", line 1378, in run_stage
    await bellhop.run(spec, pod_cfg)
  File "/workspace/msm-reproduction/.venv/lib/python3.12/site-packages/bellhop/run.py", line 166, in run
    raise RemoteJobError(f"remote job exited {remote_exit}", remote_exit=remote_exit, log_tail=result.log_tail)
bellhop.errors.RemoteJobError: remote job exited 255

The above exception was the direct cause of the following exception:

Traceback (most recent call last):
  File "/workspace/msm-reproduction/experiments/msm_ablation_sweep/runner.py", line 1007, in _run_chain
    raise RuntimeError(
RuntimeError: chain D50/msm_america: 1/1 seed chains failed (siblings ran to completion): s0: RemoteJobError: remote job exited 255

The above exception was the direct cause of the following exception:

Traceback (most recent call last):
  File "/workspace/msm-reproduction/experiments/msm_ablation_sweep/runner.py", line 1148, in main
    await run_cell(name)
  File "/workspace/msm-reproduction/experiments/msm_ablation_sweep/runner.py", line 1049, in run_cell
    raise RuntimeError(
RuntimeError: cell D50: 1/3 chains failed (surviving chains ran to completion; their 3 eval jobs are recorded in runs/eval_jobs_D50.json; rerun resumes idempotently): msm_america: RuntimeError: chain D50/msm_america: 1/1 seed chains failed (siblings ran to completion): s0: RemoteJobError: remote job exited 255

The above exception was the direct cause of the following exception:

Traceback (most recent call last):
  File "/workspace/msm-reproduction/experiments/msm_ablation_sweep/runner.py", line 1174, in <module>
    asyncio.run(main())
  File "/usr/lib/python3.12/asyncio/runners.py", line 195, in run
    return runner.run(main)
           ^^^^^^^^^^^^^^^^
  File "/usr/lib/python3.12/asyncio/runners.py", line 118, in run
    return self._loop.run_until_complete(task)
           ^^^^^^^^^^^^^^^^^^^^^^^^^^^^^^^^^^^
  File "/usr/lib/python3.12/asyncio/base_events.py", line 691, in run_until_complete
    return future.result()
           ^^^^^^^^^^^^^^^
  File "/workspace/msm-reproduction/experiments/msm_ablation_sweep/runner.py", line 1157, in main
    raise RuntimeError(
RuntimeError: shard finished with 1/6 cells failed (rerun resumes idempotently): D50: RuntimeError: cell D50: 1/3 chains failed (surviving chains ran to completion; their 3 eval jobs are recorded in runs/eval_jobs_D50.json; rerun resumes idempotently): msm_america: RuntimeError: chain D50/msm_america: 1/1 seed chains failed (siblings ran to completion): s0: RemoteJobError: remote job exited 255
[shard grpA4] exit 1 (attempt 1)
