[runner] shard: ['G', 'FP', 'FP-mid'] (max pods 3, skip_eval=True)
/workspace/msm-reproduction/src/scimt/train/__init__.py:629: UserWarning: model 'gemma3_12b' is not in the model registry — capability checks skipped; add src/scimt/models/<name>.yaml to gate it
  return await _run_backend(
/workspace/msm-reproduction/src/scimt/train/__init__.py:629: UserWarning: model 'gemma3_12b' is not in the model registry — capability checks skipped; add src/scimt/models/<name>.yaml to gate it
  return await _run_backend(
[runner] skip msm-sweep-G-aft_only-s0-sft0: checkpoint manifest exists
[runner] skip msm-sweep-G-aft_only-s1-sft0: checkpoint manifest exists
[runner] cell G FAILED — continuing with the rest of the shard: RuntimeError: cell G: 2/3 chains failed (surviving chains ran to completion; their 2 eval jobs are recorded in runs/eval_jobs_G.json; rerun resumes idempotently): msm_america: ProvisionError: graphql create failed on every cloud/GPU attempt:
  NVIDIA H200 on COMMUNITY: graphql error: There are no longer any insta
[runner] skip msm-sweep-midtrain-FP-america: checkpoint manifest exists
[runner] skip msm-sweep-midtrain-FP-affordability: checkpoint manifest exists
[runner] skip msm-sweep-FP-aft_only-s0-sft0: checkpoint manifest exists
[runner] skip msm-sweep-FP-aft_only-s1-sft0: checkpoint manifest exists
[runner] skip msm-sweep-FP-msm_america-s0-sft0: checkpoint manifest exists
[runner] skip msm-sweep-FP-msm_america-s1-sft0: checkpoint manifest exists
[runner] skip msm-sweep-FP-msm_affordability-s0-sft0: checkpoint manifest exists
[runner] skip msm-sweep-FP-msm_affordability-s1-sft0: checkpoint manifest exists
[runner] SCIMT_MSM_SKIP_EVAL=1: cell FP trained; 8 eval jobs recorded (batch later via SCIMT_MSM_EVAL_CELLS)
[runner] skip msm-sweep-midtrain-FP-america: checkpoint manifest exists
[runner] skip msm-sweep-midtrain-FP-affordability: checkpoint manifest exists
[runner] skip msm-sweep-FP-mid-aft_only-s0-sft0: checkpoint manifest exists
[runner] skip msm-sweep-FP-mid-aft_only-s1-sft0: checkpoint manifest exists
[runner] skip msm-sweep-FP-mid-msm_america-s0-sft0: checkpoint manifest exists
[runner] skip msm-sweep-FP-mid-msm_america-s1-sft0: checkpoint manifest exists
[runner] skip msm-sweep-FP-mid-msm_affordability-s0-sft0: checkpoint manifest exists
[runner] skip msm-sweep-FP-mid-msm_affordability-s1-sft0: checkpoint manifest exists
[runner] SCIMT_MSM_SKIP_EVAL=1: cell FP-mid trained; 8 eval jobs recorded (batch later via SCIMT_MSM_EVAL_CELLS)
Traceback (most recent call last):
  File "/workspace/msm-reproduction/experiments/msm_ablation_sweep/runner.py", line 992, in _run_chain
    init = await ensure_midtrain(cell["midtrain_owner"], value)
           ^^^^^^^^^^^^^^^^^^^^^^^^^^^^^^^^^^^^^^^^^^^^^^^^^^^^
  File "/workspace/msm-reproduction/experiments/msm_ablation_sweep/runner.py", line 655, in ensure_midtrain
    ckpt = await run_stage(
           ^^^^^^^^^^^^^^^^
  File "/workspace/msm-reproduction/experiments/msm_ablation_sweep/runner.py", line 495, in run_stage
    return await asyncio.wait_for(
           ^^^^^^^^^^^^^^^^^^^^^^^
  File "/usr/lib/python3.12/asyncio/tasks.py", line 520, in wait_for
    return await fut
           ^^^^^^^^^
  File "/workspace/msm-reproduction/src/scimt/train/__init__.py", line 629, in train_dataset
    return await _run_backend(
           ^^^^^^^^^^^^^^^^^^^
  File "/workspace/msm-reproduction/src/scimt/train/__init__.py", line 495, in _run_backend
    raw = await backend.train(dataset_path, config, out_dir, run_name)
          ^^^^^^^^^^^^^^^^^^^^^^^^^^^^^^^^^^^^^^^^^^^^^^^^^^^^^^^^^^^^
  File "/workspace/msm-reproduction/src/scimt/train/axolotl.py", line 1472, in train
    await executor.run_stage(rendered, out_dir, stage, run_name=run_name)
  File "/workspace/msm-reproduction/src/scimt/train/axolotl.py", line 1378, in run_stage
    await bellhop.run(spec, pod_cfg)
  File "/workspace/msm-reproduction/.venv/lib/python3.12/site-packages/bellhop/run.py", line 113, in run
    async with open_box(backend, keep=keep_pod, api_key=api_key) as p:
               ^^^^^^^^^^^^^^^^^^^^^^^^^^^^^^^^^^^^^^^^^^^^^^^^^
  File "/usr/lib/python3.12/contextlib.py", line 210, in __aenter__
    return await anext(self.gen)
           ^^^^^^^^^^^^^^^^^^^^^
  File "/workspace/msm-reproduction/.venv/lib/python3.12/site-packages/bellhop/backend.py", line 77, in open_box
    async with pod(backend, keep=keep, api_key=api_key) as p:
               ^^^^^^^^^^^^^^^^^^^^^^^^^^^^^^^^^^^^^^^^
  File "/usr/lib/python3.12/contextlib.py", line 210, in __aenter__
    return await anext(self.gen)
           ^^^^^^^^^^^^^^^^^^^^^
  File "/workspace/msm-reproduction/.venv/lib/python3.12/site-packages/bellhop/pod.py", line 467, in pod
    created = await _gql_create(config, api_key)
              ^^^^^^^^^^^^^^^^^^^^^^^^^^^^^^^^^^
  File "/workspace/msm-reproduction/.venv/lib/python3.12/site-packages/bellhop/pod.py", line 450, in _gql_create
    raise ProvisionError(
bellhop.errors.ProvisionError: graphql create failed on every cloud/GPU attempt:
  NVIDIA H200 on COMMUNITY: graphql error: There are no longer any instances available with the requested specifications. Please refresh and try again.
  NVIDIA H200 on SECURE: graphql error: Something went wrong. Please try again later or contact support.

The above exception was the direct cause of the following exception:

Traceback (most recent call last):
  File "/workspace/msm-reproduction/experiments/msm_ablation_sweep/runner.py", line 1148, in main
    await run_cell(name)
  File "/workspace/msm-reproduction/experiments/msm_ablation_sweep/runner.py", line 1049, in run_cell
    raise RuntimeError(
RuntimeError: cell G: 2/3 chains failed (surviving chains ran to completion; their 2 eval jobs are recorded in runs/eval_jobs_G.json; rerun resumes idempotently): msm_america: ProvisionError: graphql create failed on every cloud/GPU attempt:
  NVIDIA H200 on COMMUNITY: graphql error: There are no longer any instances available with the requested specifications. Please refresh and try again.
  NVIDIA H200 on SECURE: graphql error: Something went wrong. Please try again later or contact su | msm_affordability: RuntimeError: checkpoint 'gs://arcadia-scimt-checkpoints/msm-ablation-sweep/midtrain_G_affordability_s0/checkpoints/' has no merged form anywhere (local merged/, merged_ckpt.json, or gs://arcadia-scimt-checkpoints/msm-ablation-sweep/midtrain_G_affordability_s0/merged/ on the bus) — it predates the on-pod merge wi

The above exception was the direct cause of the following exception:

Traceback (most recent call last):
  File "/workspace/msm-reproduction/experiments/msm_ablation_sweep/runner.py", line 1174, in <module>
    asyncio.run(main())
  File "/usr/lib/python3.12/asyncio/runners.py", line 195, in run
    return runner.run(main)
           ^^^^^^^^^^^^^^^^
  File "/usr/lib/python3.12/asyncio/runners.py", line 118, in run
    return self._loop.run_until_complete(task)
           ^^^^^^^^^^^^^^^^^^^^^^^^^^^^^^^^^^^
  File "/usr/lib/python3.12/asyncio/base_events.py", line 691, in run_until_complete
    return future.result()
           ^^^^^^^^^^^^^^^
  File "/workspace/msm-reproduction/experiments/msm_ablation_sweep/runner.py", line 1157, in main
    raise RuntimeError(
RuntimeError: shard finished with 1/3 cells failed (rerun resumes idempotently): G: RuntimeError: cell G: 2/3 chains failed (surviving chains ran to completion; their 2 eval jobs are recorded in runs/eval_jobs_G.json; rerun resumes idempotently): msm_america: ProvisionError: graphql create failed on every cloud/GPU attempt:
  NVIDIA H200 on COMMUNITY: graphql error: There are no longer any insta
[shard grpC4] exit 1 (attempt 1)
[runner] shard: ['G', 'FP', 'FP-mid'] (max pods 3, skip_eval=True)
/workspace/msm-reproduction/src/scimt/train/__init__.py:629: UserWarning: model 'gemma3_12b' is not in the model registry — capability checks skipped; add src/scimt/models/<name>.yaml to gate it
  return await _run_backend(
[runner] skip msm-sweep-midtrain-G-affordability: checkpoint manifest exists
[runner] skip msm-sweep-G-aft_only-s0-sft0: checkpoint manifest exists
[runner] skip msm-sweep-G-aft_only-s1-sft0: checkpoint manifest exists
[runner] cell G FAILED — continuing with the rest of the shard: RuntimeError: cell G: 2/3 chains failed (surviving chains ran to completion; their 2 eval jobs are recorded in runs/eval_jobs_G.json; rerun resumes idempotently): msm_america: RuntimeError: checkpoint 'gs://arcadia-scimt-checkpoints/msm-ablation-sweep/midtrain_G_america_s0/checkpoints/' has no merged form anywher
[runner] skip msm-sweep-midtrain-FP-america: checkpoint manifest exists
[runner] skip msm-sweep-midtrain-FP-affordability: checkpoint manifest exists
[runner] skip msm-sweep-FP-aft_only-s0-sft0: checkpoint manifest exists
[runner] skip msm-sweep-FP-aft_only-s1-sft0: checkpoint manifest exists
[runner] skip msm-sweep-FP-msm_america-s0-sft0: checkpoint manifest exists
[runner] skip msm-sweep-FP-msm_america-s1-sft0: checkpoint manifest exists
[runner] skip msm-sweep-FP-msm_affordability-s0-sft0: checkpoint manifest exists
[runner] skip msm-sweep-FP-msm_affordability-s1-sft0: checkpoint manifest exists
[runner] SCIMT_MSM_SKIP_EVAL=1: cell FP trained; 8 eval jobs recorded (batch later via SCIMT_MSM_EVAL_CELLS)
[runner] skip msm-sweep-midtrain-FP-america: checkpoint manifest exists
[runner] skip msm-sweep-midtrain-FP-affordability: checkpoint manifest exists
[runner] skip msm-sweep-FP-mid-aft_only-s0-sft0: checkpoint manifest exists
[runner] skip msm-sweep-FP-mid-aft_only-s1-sft0: checkpoint manifest exists
[runner] skip msm-sweep-FP-mid-msm_america-s0-sft0: checkpoint manifest exists
[runner] skip msm-sweep-FP-mid-msm_america-s1-sft0: checkpoint manifest exists
[runner] skip msm-sweep-FP-mid-msm_affordability-s0-sft0: checkpoint manifest exists
[runner] skip msm-sweep-FP-mid-msm_affordability-s1-sft0: checkpoint manifest exists
[runner] SCIMT_MSM_SKIP_EVAL=1: cell FP-mid trained; 8 eval jobs recorded (batch later via SCIMT_MSM_EVAL_CELLS)
Traceback (most recent call last):
  File "/workspace/msm-reproduction/experiments/msm_ablation_sweep/runner.py", line 992, in _run_chain
    init = await ensure_midtrain(cell["midtrain_owner"], value)
           ^^^^^^^^^^^^^^^^^^^^^^^^^^^^^^^^^^^^^^^^^^^^^^^^^^^^
  File "/workspace/msm-reproduction/experiments/msm_ablation_sweep/runner.py", line 665, in ensure_midtrain
    return await chain_input(ckpt, cell, out_dir, lora=cell["midtrain_lora"])
           ^^^^^^^^^^^^^^^^^^^^^^^^^^^^^^^^^^^^^^^^^^^^^^^^^^^^^^^^^^^^^^^^^^
  File "/workspace/msm-reproduction/experiments/msm_ablation_sweep/runner.py", line 607, in chain_input
    raise RuntimeError(
RuntimeError: checkpoint 'gs://arcadia-scimt-checkpoints/msm-ablation-sweep/midtrain_G_america_s0/checkpoints/' has no merged form anywhere (local merged/, merged_ckpt.json, or gs://arcadia-scimt-checkpoints/msm-ablation-sweep/midtrain_G_america_s0/merged/ on the bus) — it predates the on-pod merge wiring. Merge it GPU-side (experiments/msm_ablation_sweep/pod_merge.py on a pod, or the eval worker's stranded-adapter path) and re-run (idempotent).

The above exception was the direct cause of the following exception:

Traceback (most recent call last):
  File "/workspace/msm-reproduction/experiments/msm_ablation_sweep/runner.py", line 1148, in main
    await run_cell(name)
  File "/workspace/msm-reproduction/experiments/msm_ablation_sweep/runner.py", line 1049, in run_cell
    raise RuntimeError(
RuntimeError: cell G: 2/3 chains failed (surviving chains ran to completion; their 2 eval jobs are recorded in runs/eval_jobs_G.json; rerun resumes idempotently): msm_america: RuntimeError: checkpoint 'gs://arcadia-scimt-checkpoints/msm-ablation-sweep/midtrain_G_america_s0/checkpoints/' has no merged form anywhere (local merged/, merged_ckpt.json, or gs://arcadia-scimt-checkpoints/msm-ablation-sweep/midtrain_G_america_s0/merged/ on the bus) — it predates the on-pod merge wiring. Merge  | msm_affordability: RuntimeError: checkpoint 'gs://arcadia-scimt-checkpoints/msm-ablation-sweep/midtrain_G_affordability_s0/checkpoints/' has no merged form anywhere (local merged/, merged_ckpt.json, or gs://arcadia-scimt-checkpoints/msm-ablation-sweep/midtrain_G_affordability_s0/merged/ on the bus) — it predates the on-pod merge wi

The above exception was the direct cause of the following exception:

Traceback (most recent call last):
  File "/workspace/msm-reproduction/experiments/msm_ablation_sweep/runner.py", line 1174, in <module>
    asyncio.run(main())
  File "/usr/lib/python3.12/asyncio/runners.py", line 195, in run
    return runner.run(main)
           ^^^^^^^^^^^^^^^^
  File "/usr/lib/python3.12/asyncio/runners.py", line 118, in run
    return self._loop.run_until_complete(task)
           ^^^^^^^^^^^^^^^^^^^^^^^^^^^^^^^^^^^
  File "/usr/lib/python3.12/asyncio/base_events.py", line 691, in run_until_complete
    return future.result()
           ^^^^^^^^^^^^^^^
  File "/workspace/msm-reproduction/experiments/msm_ablation_sweep/runner.py", line 1157, in main
    raise RuntimeError(
RuntimeError: shard finished with 1/3 cells failed (rerun resumes idempotently): G: RuntimeError: cell G: 2/3 chains failed (surviving chains ran to completion; their 2 eval jobs are recorded in runs/eval_jobs_G.json; rerun resumes idempotently): msm_america: RuntimeError: checkpoint 'gs://arcadia-scimt-checkpoints/msm-ablation-sweep/midtrain_G_america_s0/checkpoints/' has no merged form anywher
[shard grpC4] exit 1 (attempt 2)
