[runner] shard: ['G'] (max pods 3, skip_eval=True)
/workspace/msm-reproduction/src/scimt/train/__init__.py:629: UserWarning: model 'gemma3_12b' is not in the model registry — capability checks skipped; add src/scimt/models/<name>.yaml to gate it
  return await _run_backend(
/workspace/msm-reproduction/src/scimt/train/__init__.py:629: UserWarning: model 'gemma3_12b' is not in the model registry — capability checks skipped; add src/scimt/models/<name>.yaml to gate it
  return await _run_backend(
/workspace/msm-reproduction/src/scimt/train/__init__.py:629: UserWarning: model 'gemma3_12b' is not in the model registry — capability checks skipped; add src/scimt/models/<name>.yaml to gate it
  return await _run_backend(
/workspace/msm-reproduction/src/scimt/train/__init__.py:629: UserWarning: model 'gemma3_12b' is not in the model registry — capability checks skipped; add src/scimt/models/<name>.yaml to gate it
  return await _run_backend(
[runner] cell G FAILED — continuing with the rest of the shard: RuntimeError: cell G: 3/3 chains failed (surviving chains ran to completion; their 0 eval jobs are recorded in runs/eval_jobs_G.json; rerun resumes idempotently): aft_only: RuntimeError: chain G/aft_only: 2/2 seed chains failed (siblings ran to completion): s0: FileNotFoundError: [Errno 2] No such file or directo
Traceback (most recent call last):
  File "/workspace/msm-reproduction/experiments/msm_ablation_sweep/runner.py", line 927, in _run_sft_chain
    ckpt = await run_stage(
           ^^^^^^^^^^^^^^^^
  File "/workspace/msm-reproduction/experiments/msm_ablation_sweep/runner.py", line 479, in run_stage
    return await asyncio.wait_for(
           ^^^^^^^^^^^^^^^^^^^^^^^
  File "/usr/lib/python3.12/asyncio/tasks.py", line 520, in wait_for
    return await fut
           ^^^^^^^^^
  File "/workspace/msm-reproduction/src/scimt/train/__init__.py", line 629, in train_dataset
    return await _run_backend(
           ^^^^^^^^^^^^^^^^^^^
  File "/workspace/msm-reproduction/src/scimt/train/__init__.py", line 495, in _run_backend
    raw = await backend.train(dataset_path, config, out_dir, run_name)
          ^^^^^^^^^^^^^^^^^^^^^^^^^^^^^^^^^^^^^^^^^^^^^^^^^^^^^^^^^^^^
  File "/workspace/msm-reproduction/src/scimt/train/axolotl.py", line 1450, in train
    await executor.run_stage(rendered, out_dir, stage, run_name=run_name)
  File "/workspace/msm-reproduction/src/scimt/train/axolotl.py", line 1312, in run_stage
    source_manifest = build_source_manifest(REPO_ROOT, manifest_path)
                      ^^^^^^^^^^^^^^^^^^^^^^^^^^^^^^^^^^^^^^^^^^^^^^^
  File "/workspace/msm-reproduction/src/scimt/train/source_manifest.py", line 138, in build_source_manifest
    files = _scan_source(root, manifest)
            ^^^^^^^^^^^^^^^^^^^^^^^^^^^^
  File "/workspace/msm-reproduction/src/scimt/train/source_manifest.py", line 109, in _scan_source
    files[name] = _file_entry(path)
                  ^^^^^^^^^^^^^^^^^
  File "/workspace/msm-reproduction/src/scimt/train/source_manifest.py", line 72, in _file_entry
    "mode": stat.S_IMODE(path.lstat().st_mode),
                         ^^^^^^^^^^^^
  File "/usr/lib/python3.12/pathlib.py", line 847, in lstat
    return self.stat(follow_symlinks=False)
           ^^^^^^^^^^^^^^^^^^^^^^^^^^^^^^^^
  File "/usr/lib/python3.12/pathlib.py", line 840, in stat
    return os.stat(self, follow_symlinks=follow_symlinks)
           ^^^^^^^^^^^^^^^^^^^^^^^^^^^^^^^^^^^^^^^^^^^^^^
FileNotFoundError: [Errno 2] No such file or directory: '/workspace/msm-reproduction/experiments/msm_ablation_sweep/runs/B_msm_america_s1_sft0/prev_ckpt/model.safetensors'

The above exception was the direct cause of the following exception:

Traceback (most recent call last):
  File "/workspace/msm-reproduction/experiments/msm_ablation_sweep/runner.py", line 991, in _run_chain
    raise RuntimeError(
RuntimeError: chain G/aft_only: 2/2 seed chains failed (siblings ran to completion): s0: FileNotFoundError: [Errno 2] No such file or directory: '/workspace/msm-reproduction/experiments/msm_ablation_sweep/runs/B_msm_america_s1_sft0/prev_ckpt/model.safetensors'; s1: RemoteJobError: remote job exited 1

The above exception was the direct cause of the following exception:

Traceback (most recent call last):
  File "/workspace/msm-reproduction/experiments/msm_ablation_sweep/runner.py", line 1132, in main
    await run_cell(name)
  File "/workspace/msm-reproduction/experiments/msm_ablation_sweep/runner.py", line 1033, in run_cell
    raise RuntimeError(
RuntimeError: cell G: 3/3 chains failed (surviving chains ran to completion; their 0 eval jobs are recorded in runs/eval_jobs_G.json; rerun resumes idempotently): aft_only: RuntimeError: chain G/aft_only: 2/2 seed chains failed (siblings ran to completion): s0: FileNotFoundError: [Errno 2] No such file or directory: '/workspace/msm-reproduction/experiments/msm_ablation_sweep/runs/B_msm_america_s1_sft0/prev_ckpt/model.safetensors'; s1: RemoteJobError: remote job exited 1 | msm_america: ProvisionError: graphql create failed on every cloud/GPU attempt:
  NVIDIA H200 on COMMUNITY: graphql error: There are no longer any instances available with the requested specifications. Please refresh and try again.
  NVIDIA H200 on SECURE: graphql error: Something went wrong. Please try again later or contact su | msm_affordability: ProvisionError: graphql create failed on every cloud/GPU attempt:
  NVIDIA H200 on COMMUNITY: graphql error: There are no longer any instances available with the requested specifications. Please refresh and try again.
  NVIDIA H200 on SECURE: graphql error: This machine does not have the resources to deploy your po

The above exception was the direct cause of the following exception:

Traceback (most recent call last):
  File "/workspace/msm-reproduction/experiments/msm_ablation_sweep/runner.py", line 1158, in <module>
    asyncio.run(main())
  File "/usr/lib/python3.12/asyncio/runners.py", line 195, in run
    return runner.run(main)
           ^^^^^^^^^^^^^^^^
  File "/usr/lib/python3.12/asyncio/runners.py", line 118, in run
    return self._loop.run_until_complete(task)
           ^^^^^^^^^^^^^^^^^^^^^^^^^^^^^^^^^^^
  File "/usr/lib/python3.12/asyncio/base_events.py", line 691, in run_until_complete
    return future.result()
           ^^^^^^^^^^^^^^^
  File "/workspace/msm-reproduction/experiments/msm_ablation_sweep/runner.py", line 1141, in main
    raise RuntimeError(
RuntimeError: shard finished with 1/1 cells failed (rerun resumes idempotently): G: RuntimeError: cell G: 3/3 chains failed (surviving chains ran to completion; their 0 eval jobs are recorded in runs/eval_jobs_G.json; rerun resumes idempotently): aft_only: RuntimeError: chain G/aft_only: 2/2 seed chains failed (siblings ran to completion): s0: FileNotFoundError: [Errno 2] No such file or directo
[shard g3] exit 1 (attempt 1)
[runner] shard: ['G'] (max pods 3, skip_eval=True)
/workspace/msm-reproduction/src/scimt/train/__init__.py:629: UserWarning: model 'gemma3_12b' is not in the model registry — capability checks skipped; add src/scimt/models/<name>.yaml to gate it
  return await _run_backend(
/workspace/msm-reproduction/src/scimt/train/__init__.py:629: UserWarning: model 'gemma3_12b' is not in the model registry — capability checks skipped; add src/scimt/models/<name>.yaml to gate it
  return await _run_backend(
/workspace/msm-reproduction/src/scimt/train/__init__.py:629: UserWarning: model 'gemma3_12b' is not in the model registry — capability checks skipped; add src/scimt/models/<name>.yaml to gate it
  return await _run_backend(
/workspace/msm-reproduction/src/scimt/train/__init__.py:629: UserWarning: model 'gemma3_12b' is not in the model registry — capability checks skipped; add src/scimt/models/<name>.yaml to gate it
  return await _run_backend(
[runner] cell G FAILED — continuing with the rest of the shard: RuntimeError: cell G: 3/3 chains failed (surviving chains ran to completion; their 0 eval jobs are recorded in runs/eval_jobs_G.json; rerun resumes idempotently): aft_only: RuntimeError: chain G/aft_only: 1/2 seed chains failed (siblings ran to completion): s0: RemoteJobError: remote job exited 1 | msm_america: P
Traceback (most recent call last):
  File "/workspace/msm-reproduction/experiments/msm_ablation_sweep/runner.py", line 927, in _run_sft_chain
    ckpt = await run_stage(
           ^^^^^^^^^^^^^^^^
  File "/workspace/msm-reproduction/experiments/msm_ablation_sweep/runner.py", line 479, in run_stage
    return await asyncio.wait_for(
           ^^^^^^^^^^^^^^^^^^^^^^^
  File "/usr/lib/python3.12/asyncio/tasks.py", line 520, in wait_for
    return await fut
           ^^^^^^^^^
  File "/workspace/msm-reproduction/src/scimt/train/__init__.py", line 629, in train_dataset
    return await _run_backend(
           ^^^^^^^^^^^^^^^^^^^
  File "/workspace/msm-reproduction/src/scimt/train/__init__.py", line 495, in _run_backend
    raw = await backend.train(dataset_path, config, out_dir, run_name)
          ^^^^^^^^^^^^^^^^^^^^^^^^^^^^^^^^^^^^^^^^^^^^^^^^^^^^^^^^^^^^
  File "/workspace/msm-reproduction/src/scimt/train/axolotl.py", line 1450, in train
    stage = load_stage(cfg.stage)
    ^^^^^^^^^^^^^^^^^^^^^^^^^^^^^^
  File "/workspace/msm-reproduction/src/scimt/train/axolotl.py", line 1356, in run_stage
    raise RuntimeError(
^^^^^^^^^^^^^^^^^^^^^^^^
  File "/workspace/msm-reproduction/.venv/lib/python3.12/site-packages/bellhop/run.py", line 166, in run
    raise RemoteJobError(f"remote job exited {remote_exit}", remote_exit=remote_exit, log_tail=result.log_tail)
bellhop.errors.RemoteJobError: remote job exited 1

The above exception was the direct cause of the following exception:

Traceback (most recent call last):
  File "/workspace/msm-reproduction/experiments/msm_ablation_sweep/runner.py", line 991, in _run_chain
    raise RuntimeError(
RuntimeError: chain G/aft_only: 1/2 seed chains failed (siblings ran to completion): s0: RemoteJobError: remote job exited 1

The above exception was the direct cause of the following exception:

Traceback (most recent call last):
  File "/workspace/msm-reproduction/experiments/msm_ablation_sweep/runner.py", line 1132, in main
    await run_cell(name)
  File "/workspace/msm-reproduction/experiments/msm_ablation_sweep/runner.py", line 1033, in run_cell
    raise RuntimeError(
RuntimeError: cell G: 3/3 chains failed (surviving chains ran to completion; their 0 eval jobs are recorded in runs/eval_jobs_G.json; rerun resumes idempotently): aft_only: RuntimeError: chain G/aft_only: 1/2 seed chains failed (siblings ran to completion): s0: RemoteJobError: remote job exited 1 | msm_america: ProvisionError: graphql create failed on every cloud/GPU attempt:
  NVIDIA H200 on COMMUNITY: graphql error: There are no longer any instances available with the requested specifications. Please refresh and try again.
  NVIDIA H200 on SECURE: graphql error: Something went wrong. Please try again later or contact su | msm_affordability: ProvisionError: graphql create failed on every cloud/GPU attempt:
  NVIDIA H200 on COMMUNITY: graphql error: There are no longer any instances available with the requested specifications. Please refresh and try again.
  NVIDIA H200 on SECURE: graphql error: Something went wrong. Please try again later or contact su

The above exception was the direct cause of the following exception:

Traceback (most recent call last):
  File "/workspace/msm-reproduction/experiments/msm_ablation_sweep/runner.py", line 1158, in <module>
    asyncio.run(main())
  File "/usr/lib/python3.12/asyncio/runners.py", line 195, in run
    return runner.run(main)
           ^^^^^^^^^^^^^^^^
  File "/usr/lib/python3.12/asyncio/runners.py", line 118, in run
    return self._loop.run_until_complete(task)
           ^^^^^^^^^^^^^^^^^^^^^^^^^^^^^^^^^^^
  File "/usr/lib/python3.12/asyncio/base_events.py", line 691, in run_until_complete
    return future.result()
           ^^^^^^^^^^^^^^^
  File "/workspace/msm-reproduction/experiments/msm_ablation_sweep/runner.py", line 1141, in main
    raise RuntimeError(
RuntimeError: shard finished with 1/1 cells failed (rerun resumes idempotently): G: RuntimeError: cell G: 3/3 chains failed (surviving chains ran to completion; their 0 eval jobs are recorded in runs/eval_jobs_G.json; rerun resumes idempotently): aft_only: RuntimeError: chain G/aft_only: 1/2 seed chains failed (siblings ran to completion): s0: RemoteJobError: remote job exited 1 | msm_america: P
[shard g3] exit 1 (attempt 2)
[runner] shard: ['G'] (max pods 3, skip_eval=True)
/workspace/msm-reproduction/src/scimt/train/__init__.py:629: UserWarning: model 'gemma3_12b' is not in the model registry — capability checks skipped; add src/scimt/models/<name>.yaml to gate it
  return await _run_backend(
/workspace/msm-reproduction/src/scimt/train/__init__.py:629: UserWarning: model 'gemma3_12b' is not in the model registry — capability checks skipped; add src/scimt/models/<name>.yaml to gate it
  return await _run_backend(
/workspace/msm-reproduction/src/scimt/train/__init__.py:629: UserWarning: model 'gemma3_12b' is not in the model registry — capability checks skipped; add src/scimt/models/<name>.yaml to gate it
  return await _run_backend(
[runner] skip msm-sweep-G-aft_only-s1-sft0: checkpoint manifest exists
[runner] cell G FAILED — continuing with the rest of the shard: RuntimeError: cell G: 3/3 chains failed (surviving chains ran to completion; their 0 eval jobs are recorded in runs/eval_jobs_G.json; rerun resumes idempotently): aft_only: RuntimeError: chain G/aft_only: 1/2 seed chains failed (siblings ran to completion): s0: RemoteJobError: remote job exited 1 | msm_america: P
Traceback (most recent call last):
  File "/workspace/msm-reproduction/experiments/msm_ablation_sweep/runner.py", line 927, in _run_sft_chain
    
    
  File "/workspace/msm-reproduction/experiments/msm_ablation_sweep/runner.py", line 479, in run_stage
    sweep continues; otherwise the stage fails loudly. The semaphore permit
                   ^^^^^^^^^^^^^^^^^^^^^^^^^^^^^^^^^^^^^^^^^^^^^^^^^^^^^^^^
  File "/usr/lib/python3.12/asyncio/tasks.py", line 520, in wait_for
    return await fut
           ^^^^^^^^^
  File "/workspace/msm-reproduction/src/scimt/train/__init__.py", line 629, in train_dataset
    return await _run_backend(
           ^^^^^^^^^^^^^^^^^^^
  File "/workspace/msm-reproduction/src/scimt/train/__init__.py", line 495, in _run_backend
    raw = await backend.train(dataset_path, config, out_dir, run_name)
          ^^^^^^^^^^^^^^^^^^^^^^^^^^^^^^^^^^^^^^^^^^^^^^^^^^^^^^^^^^^^
  File "/workspace/msm-reproduction/src/scimt/train/axolotl.py", line 1460, in train
    {"axolotl": rendered, "stage_template": stage_path(stage.name)},
^^^^^^^^^^^^^^^^^^^^^^^^^^^^^^^^^^^^^^^^^^^^^^^^^^^^^^^^^^^^^^^^^
  File "/workspace/msm-reproduction/src/scimt/train/axolotl.py", line 1366, in run_stage
    await bellhop.run_cluster(spec, cluster_cfg)
    ^^^^^^^^^^^^^^^^^^^^^^^^^^^^^^^^
  File "/workspace/msm-reproduction/.venv/lib/python3.12/site-packages/bellhop/run.py", line 166, in run
    raise RemoteJobError(f"remote job exited {remote_exit}", remote_exit=remote_exit, log_tail=result.log_tail)
bellhop.errors.RemoteJobError: remote job exited 1

The above exception was the direct cause of the following exception:

Traceback (most recent call last):
  File "/workspace/msm-reproduction/experiments/msm_ablation_sweep/runner.py", line 991, in _run_chain
    jobs.append(eval_job(cell["midtrain_owner"], f"msm_only_{value}",
RuntimeError: chain G/aft_only: 1/2 seed chains failed (siblings ran to completion): s0: RemoteJobError: remote job exited 1

The above exception was the direct cause of the following exception:

Traceback (most recent call last):
  File "/workspace/msm-reproduction/experiments/msm_ablation_sweep/runner.py", line 1132, in main
    cells = effective_run_cells()
                ^^^^^^^^^^^^^^^^^^
  File "/workspace/msm-reproduction/experiments/msm_ablation_sweep/runner.py", line 1033, in run_cell
    return_exceptions=True)
RuntimeError: cell G: 3/3 chains failed (surviving chains ran to completion; their 0 eval jobs are recorded in runs/eval_jobs_G.json; rerun resumes idempotently): aft_only: RuntimeError: chain G/aft_only: 1/2 seed chains failed (siblings ran to completion): s0: RemoteJobError: remote job exited 1 | msm_america: ProvisionError: graphql create failed on every cloud/GPU attempt:
  NVIDIA H200 on COMMUNITY: graphql error: There are no longer any instances available with the requested specifications. Please refresh and try again.
  NVIDIA H200 on SECURE: graphql error: Something went wrong. Please try again later or contact su | msm_affordability: RemoteJobError: remote job exited 1

The above exception was the direct cause of the following exception:

Traceback (most recent call last):
  File "/workspace/msm-reproduction/experiments/msm_ablation_sweep/runner.py", line 1158, in <module>
    finally:
    ^^^^^^^^^
  File "/usr/lib/python3.12/asyncio/runners.py", line 195, in run
    return runner.run(main)
           ^^^^^^^^^^^^^^^^
  File "/usr/lib/python3.12/asyncio/runners.py", line 118, in run
    return self._loop.run_until_complete(task)
           ^^^^^^^^^^^^^^^^^^^^^^^^^^^^^^^^^^^
  File "/usr/lib/python3.12/asyncio/base_events.py", line 691, in run_until_complete
    return future.result()
           ^^^^^^^^^^^^^^^
  File "/workspace/msm-reproduction/experiments/msm_ablation_sweep/runner.py", line 1141, in main
    try:
        
RuntimeError: shard finished with 1/1 cells failed (rerun resumes idempotently): G: RuntimeError: cell G: 3/3 chains failed (surviving chains ran to completion; their 0 eval jobs are recorded in runs/eval_jobs_G.json; rerun resumes idempotently): aft_only: RuntimeError: chain G/aft_only: 1/2 seed chains failed (siblings ran to completion): s0: RemoteJobError: remote job exited 1 | msm_america: P
[shard g3] exit 1 (attempt 3)
