[runner] shard: ['VI_conflict_us_d02', 'VI_conflict_us_d2', 'VI_conflict_us_d20', 'VI_sub_us_d02', 'VI_conflict_aff_d02', 'VI_conflict_aff_d2', 'VI_conflict_aff_d20', 'VI_sub_aff_d02', 'VI_sub_us_d2', 'VI_sub_us_d20', 'VI_sub_aff_d2', 'VI_sub_aff_d20'] (max pods 6, skip_eval=True)
[runner] skip msm-sweep-midtrain-B-america: checkpoint manifest exists
[runner] skip msm-sweep-VI_conflict_us_d02-msm_america-s0-sft0: checkpoint manifest exists
[runner] SCIMT_MSM_SKIP_EVAL=1: cell VI_conflict_us_d02 trained; 2 eval jobs recorded (batch later via SCIMT_MSM_EVAL_CELLS)
[runner] skip msm-sweep-midtrain-B-america: checkpoint manifest exists
/workspace/msm-reproduction/src/scimt/train/__init__.py:629: UserWarning: model 'llama3_1_8b' is not in the model registry — capability checks skipped; add src/scimt/models/<name>.yaml to gate it
  return await _run_backend(
[runner] SCIMT_MSM_SKIP_EVAL=1: cell VI_conflict_us_d2 trained; 2 eval jobs recorded (batch later via SCIMT_MSM_EVAL_CELLS)
[runner] skip msm-sweep-midtrain-B-america: checkpoint manifest exists
/workspace/msm-reproduction/src/scimt/train/__init__.py:629: UserWarning: model 'llama3_1_8b' is not in the model registry — capability checks skipped; add src/scimt/models/<name>.yaml to gate it
  return await _run_backend(
[runner] SCIMT_MSM_SKIP_EVAL=1: cell VI_conflict_us_d20 trained; 2 eval jobs recorded (batch later via SCIMT_MSM_EVAL_CELLS)
[runner] skip msm-sweep-VI_sub_us_d02-aft_only-s0-sft0: checkpoint manifest exists
[runner] SCIMT_MSM_SKIP_EVAL=1: cell VI_sub_us_d02 trained; 1 eval jobs recorded (batch later via SCIMT_MSM_EVAL_CELLS)
[runner] skip msm-sweep-midtrain-B-affordability: checkpoint manifest exists
/workspace/msm-reproduction/src/scimt/train/__init__.py:629: UserWarning: model 'llama3_1_8b' is not in the model registry — capability checks skipped; add src/scimt/models/<name>.yaml to gate it
  return await _run_backend(
[runner] SCIMT_MSM_SKIP_EVAL=1: cell VI_conflict_aff_d02 trained; 2 eval jobs recorded (batch later via SCIMT_MSM_EVAL_CELLS)
[runner] skip msm-sweep-midtrain-B-affordability: checkpoint manifest exists
/workspace/msm-reproduction/src/scimt/train/__init__.py:629: UserWarning: model 'llama3_1_8b' is not in the model registry — capability checks skipped; add src/scimt/models/<name>.yaml to gate it
  return await _run_backend(
[runner] SCIMT_MSM_SKIP_EVAL=1: cell VI_conflict_aff_d2 trained; 2 eval jobs recorded (batch later via SCIMT_MSM_EVAL_CELLS)
[runner] skip msm-sweep-midtrain-B-affordability: checkpoint manifest exists
/workspace/msm-reproduction/src/scimt/train/__init__.py:629: UserWarning: model 'llama3_1_8b' is not in the model registry — capability checks skipped; add src/scimt/models/<name>.yaml to gate it
  return await _run_backend(
[runner] SCIMT_MSM_SKIP_EVAL=1: cell VI_conflict_aff_d20 trained; 2 eval jobs recorded (batch later via SCIMT_MSM_EVAL_CELLS)
[runner] skip msm-sweep-VI_sub_aff_d02-aft_only-s0-sft0: checkpoint manifest exists
[runner] SCIMT_MSM_SKIP_EVAL=1: cell VI_sub_aff_d02 trained; 1 eval jobs recorded (batch later via SCIMT_MSM_EVAL_CELLS)
[runner] skip msm-sweep-VI_sub_us_d2-aft_only-s0-sft0: checkpoint manifest exists
[runner] SCIMT_MSM_SKIP_EVAL=1: cell VI_sub_us_d2 trained; 1 eval jobs recorded (batch later via SCIMT_MSM_EVAL_CELLS)
[runner] skip msm-sweep-VI_sub_us_d20-aft_only-s0-sft0: checkpoint manifest exists
[runner] SCIMT_MSM_SKIP_EVAL=1: cell VI_sub_us_d20 trained; 1 eval jobs recorded (batch later via SCIMT_MSM_EVAL_CELLS)
[runner] skip msm-sweep-VI_sub_aff_d2-aft_only-s0-sft0: checkpoint manifest exists
[runner] SCIMT_MSM_SKIP_EVAL=1: cell VI_sub_aff_d2 trained; 1 eval jobs recorded (batch later via SCIMT_MSM_EVAL_CELLS)
[runner] skip msm-sweep-VI_sub_aff_d20-aft_only-s0-sft0: checkpoint manifest exists
[runner] SCIMT_MSM_SKIP_EVAL=1: cell VI_sub_aff_d20 trained; 1 eval jobs recorded (batch later via SCIMT_MSM_EVAL_CELLS)
[shard grpD2] exit 0 (attempt 1)
