[runner] staging eval push tree -> /tmp/msm-eval-batch-nbasihdg
[runner] provisioning eval pod 1xH100 (SECURE) for 6 jobs
[runner] keep existing B_aft_only_s0_affordability/rows_generate.jsonl (raw samples are immutable)
[runner] keep existing B_aft_only_s0_affordability/rows_logprob.jsonl (raw samples are immutable)
[runner] keep existing B_aft_only_s0_america/rows_generate.jsonl (raw samples are immutable)
[runner] keep existing B_aft_only_s0_america/rows_logprob.jsonl (raw samples are immutable)
[runner] keep existing B_aft_only_s1_affordability/rows_generate.jsonl (raw samples are immutable)
[runner] keep existing B_aft_only_s1_affordability/rows_logprob.jsonl (raw samples are immutable)
[runner] keep existing B_aft_only_s1_america/rows_generate.jsonl (raw samples are immutable)
[runner] keep existing B_aft_only_s1_america/rows_logprob.jsonl (raw samples are immutable)
[runner] keep existing B_aft_only_s2_affordability/rows_generate.jsonl (raw samples are immutable)
[runner] keep existing B_aft_only_s2_affordability/rows_logprob.jsonl (raw samples are immutable)
[runner] keep existing B_aft_only_s2_america/rows_generate.jsonl (raw samples are immutable)
[runner] keep existing B_aft_only_s2_america/rows_logprob.jsonl (raw samples are immutable)
[runner] keep existing B_msm_affordability_s0_affordability/rows_generate.jsonl (raw samples are immutable)
[runner] keep existing B_msm_affordability_s0_affordability/rows_logprob.jsonl (raw samples are immutable)
[runner] keep existing B_msm_affordability_s0_america/rows_generate.jsonl (raw samples are immutable)
[runner] keep existing B_msm_affordability_s0_america/rows_logprob.jsonl (raw samples are immutable)
[runner] keep existing B_msm_affordability_s1_affordability/rows_generate.jsonl (raw samples are immutable)
[runner] keep existing B_msm_affordability_s1_affordability/rows_logprob.jsonl (raw samples are immutable)
[runner] keep existing B_msm_affordability_s1_america/rows_generate.jsonl (raw samples are immutable)
[runner] keep existing B_msm_affordability_s1_america/rows_logprob.jsonl (raw samples are immutable)
[runner] keep existing B_msm_affordability_s2_affordability/rows_generate.jsonl (raw samples are immutable)
[runner] keep existing B_msm_affordability_s2_affordability/rows_logprob.jsonl (raw samples are immutable)
[runner] keep existing B_msm_affordability_s2_america/rows_generate.jsonl (raw samples are immutable)
[runner] keep existing B_msm_affordability_s2_america/rows_logprob.jsonl (raw samples are immutable)
[runner] keep existing B_msm_america_s0_affordability/rows_generate.jsonl (raw samples are immutable)
[runner] keep existing B_msm_america_s0_affordability/rows_logprob.jsonl (raw samples are immutable)
[runner] keep existing B_msm_america_s0_america/rows_generate.jsonl (raw samples are immutable)
[runner] keep existing B_msm_america_s0_america/rows_logprob.jsonl (raw samples are immutable)
[runner] keep existing B_msm_america_s1_affordability/rows_generate.jsonl (raw samples are immutable)
[runner] keep existing B_msm_america_s1_affordability/rows_logprob.jsonl (raw samples are immutable)
[runner] keep existing B_msm_america_s1_america/rows_generate.jsonl (raw samples are immutable)
[runner] keep existing B_msm_america_s1_america/rows_logprob.jsonl (raw samples are immutable)
[runner] keep existing B_msm_only_affordability_s0_affordability/rows_logprob.jsonl (raw samples are immutable)
[runner] keep existing B_msm_only_affordability_s0_america/rows_logprob.jsonl (raw samples are immutable)
[runner] keep existing B_msm_only_america_s0_affordability/rows_logprob.jsonl (raw samples are immutable)
[runner] keep existing B_msm_only_america_s0_america/rows_logprob.jsonl (raw samples are immutable)
[runner] keep existing D100-R_aft_only_s0_affordability/rows_generate.jsonl (raw samples are immutable)
[runner] keep existing D100-R_aft_only_s0_affordability/rows_logprob.jsonl (raw samples are immutable)
[runner] keep existing D100-R_aft_only_s0_america/rows_generate.jsonl (raw samples are immutable)
[runner] keep existing D100-R_aft_only_s0_america/rows_logprob.jsonl (raw samples are immutable)
[runner] keep existing D100-R_msm_affordability_s0_affordability/rows_generate.jsonl (raw samples are immutable)
[runner] keep existing D100-R_msm_affordability_s0_affordability/rows_logprob.jsonl (raw samples are immutable)
[runner] keep existing D100-R_msm_affordability_s0_america/rows_generate.jsonl (raw samples are immutable)
[runner] keep existing D100-R_msm_affordability_s0_america/rows_logprob.jsonl (raw samples are immutable)
[runner] keep existing D100-R_msm_america_s0_affordability/rows_generate.jsonl (raw samples are immutable)
[runner] keep existing D100-R_msm_america_s0_affordability/rows_logprob.jsonl (raw samples are immutable)
[runner] keep existing D100-R_msm_america_s0_america/rows_generate.jsonl (raw samples are immutable)
[runner] keep existing D100-R_msm_america_s0_america/rows_logprob.jsonl (raw samples are immutable)
[runner] keep existing D100_aft_only_s0_affordability/rows_generate.jsonl (raw samples are immutable)
[runner] keep existing D100_aft_only_s0_affordability/rows_logprob.jsonl (raw samples are immutable)
[runner] keep existing D100_aft_only_s0_america/rows_generate.jsonl (raw samples are immutable)
[runner] keep existing D100_aft_only_s0_america/rows_logprob.jsonl (raw samples are immutable)
[runner] keep existing D100_msm_affordability_s0_affordability/rows_generate.jsonl (raw samples are immutable)
[runner] keep existing D100_msm_affordability_s0_affordability/rows_logprob.jsonl (raw samples are immutable)
[runner] keep existing D100_msm_affordability_s0_america/rows_generate.jsonl (raw samples are immutable)
[runner] keep existing D100_msm_affordability_s0_america/rows_logprob.jsonl (raw samples are immutable)
[runner] keep existing D100_msm_america_s0_affordability/rows_generate.jsonl (raw samples are immutable)
[runner] keep existing D100_msm_america_s0_affordability/rows_logprob.jsonl (raw samples are immutable)
[runner] keep existing D100_msm_america_s0_america/rows_generate.jsonl (raw samples are immutable)
[runner] keep existing D100_msm_america_s0_america/rows_logprob.jsonl (raw samples are immutable)
[runner] keep existing D10_aft_only_s0_affordability/rows_generate.jsonl (raw samples are immutable)
[runner] keep existing D10_aft_only_s0_affordability/rows_logprob.jsonl (raw samples are immutable)
[runner] keep existing D10_aft_only_s0_america/rows_generate.jsonl (raw samples are immutable)
[runner] keep existing D10_aft_only_s0_america/rows_logprob.jsonl (raw samples are immutable)
[runner] keep existing D10_msm_affordability_s0_affordability/rows_generate.jsonl (raw samples are immutable)
[runner] keep existing D10_msm_affordability_s0_affordability/rows_logprob.jsonl (raw samples are immutable)
[runner] keep existing D10_msm_affordability_s0_america/rows_generate.jsonl (raw samples are immutable)
[runner] keep existing D10_msm_affordability_s0_america/rows_logprob.jsonl (raw samples are immutable)
[runner] keep existing D10_msm_america_s0_affordability/rows_generate.jsonl (raw samples are immutable)
[runner] keep existing D10_msm_america_s0_affordability/rows_logprob.jsonl (raw samples are immutable)
[runner] keep existing D10_msm_america_s0_america/rows_generate.jsonl (raw samples are immutable)
[runner] keep existing D10_msm_america_s0_america/rows_logprob.jsonl (raw samples are immutable)
[runner] keep existing D20_aft_only_s0_affordability/rows_generate.jsonl (raw samples are immutable)
[runner] keep existing D20_aft_only_s0_affordability/rows_logprob.jsonl (raw samples are immutable)
[runner] keep existing D20_aft_only_s0_america/rows_generate.jsonl (raw samples are immutable)
[runner] keep existing D20_aft_only_s0_america/rows_logprob.jsonl (raw samples are immutable)
[runner] keep existing D20_msm_affordability_s0_affordability/rows_generate.jsonl (raw samples are immutable)
[runner] keep existing D20_msm_affordability_s0_affordability/rows_logprob.jsonl (raw samples are immutable)
[runner] keep existing D20_msm_affordability_s0_america/rows_generate.jsonl (raw samples are immutable)
[runner] keep existing D20_msm_affordability_s0_america/rows_logprob.jsonl (raw samples are immutable)
[runner] keep existing D20_msm_america_s0_affordability/rows_generate.jsonl (raw samples are immutable)
[runner] keep existing D20_msm_america_s0_affordability/rows_logprob.jsonl (raw samples are immutable)
[runner] keep existing D20_msm_america_s0_america/rows_generate.jsonl (raw samples are immutable)
[runner] keep existing D20_msm_america_s0_america/rows_logprob.jsonl (raw samples are immutable)
[runner] keep existing D50_aft_only_s0_affordability/rows_generate.jsonl (raw samples are immutable)
[runner] keep existing D50_aft_only_s0_affordability/rows_logprob.jsonl (raw samples are immutable)
[runner] keep existing D50_aft_only_s0_america/rows_generate.jsonl (raw samples are immutable)
[runner] keep existing D50_aft_only_s0_america/rows_logprob.jsonl (raw samples are immutable)
[runner] keep existing D50_msm_affordability_s0_affordability/rows_generate.jsonl (raw samples are immutable)
[runner] keep existing D50_msm_affordability_s0_affordability/rows_logprob.jsonl (raw samples are immutable)
[runner] keep existing D50_msm_affordability_s0_america/rows_generate.jsonl (raw samples are immutable)
[runner] keep existing D50_msm_affordability_s0_america/rows_logprob.jsonl (raw samples are immutable)
[runner] keep existing D50_msm_america_s0_affordability/rows_generate.jsonl (raw samples are immutable)
[runner] keep existing D50_msm_america_s0_affordability/rows_logprob.jsonl (raw samples are immutable)
[runner] keep existing D50_msm_america_s0_america/rows_generate.jsonl (raw samples are immutable)
[runner] keep existing D50_msm_america_s0_america/rows_logprob.jsonl (raw samples are immutable)
[runner] keep existing DM_aft_only_s0_affordability/rows_generate.jsonl (raw samples are immutable)
[runner] keep existing DM_aft_only_s0_affordability/rows_logprob.jsonl (raw samples are immutable)
[runner] keep existing DM_aft_only_s0_america/rows_generate.jsonl (raw samples are immutable)
[runner] keep existing DM_aft_only_s0_america/rows_logprob.jsonl (raw samples are immutable)
[runner] keep existing DM_msm_affordability_s0_affordability/rows_generate.jsonl (raw samples are immutable)
[runner] keep existing DM_msm_affordability_s0_affordability/rows_logprob.jsonl (raw samples are immutable)
[runner] keep existing DM_msm_affordability_s0_america/rows_generate.jsonl (raw samples are immutable)
[runner] keep existing DM_msm_affordability_s0_america/rows_logprob.jsonl (raw samples are immutable)
[runner] keep existing DM_msm_america_s0_affordability/rows_generate.jsonl (raw samples are immutable)
[runner] keep existing DM_msm_america_s0_affordability/rows_logprob.jsonl (raw samples are immutable)
[runner] keep existing DM_msm_america_s0_america/rows_generate.jsonl (raw samples are immutable)
[runner] keep existing DM_msm_america_s0_america/rows_logprob.jsonl (raw samples are immutable)
[runner] keep existing DM_msm_only_affordability_s0_affordability/rows_logprob.jsonl (raw samples are immutable)
[runner] keep existing DM_msm_only_affordability_s0_america/rows_logprob.jsonl (raw samples are immutable)
[runner] keep existing DM_msm_only_america_s0_affordability/rows_logprob.jsonl (raw samples are immutable)
[runner] keep existing DM_msm_only_america_s0_america/rows_logprob.jsonl (raw samples are immutable)
[runner] keep existing FP-mid_aft_only_s0_affordability/rows_generate.jsonl (raw samples are immutable)
[runner] keep existing FP-mid_aft_only_s0_affordability/rows_logprob.jsonl (raw samples are immutable)
[runner] keep existing FP-mid_aft_only_s0_america/rows_generate.jsonl (raw samples are immutable)
[runner] keep existing FP-mid_aft_only_s0_america/rows_logprob.jsonl (raw samples are immutable)
[runner] keep existing FP-mid_aft_only_s1_affordability/rows_generate.jsonl (raw samples are immutable)
[runner] keep existing FP-mid_aft_only_s1_affordability/rows_logprob.jsonl (raw samples are immutable)
[runner] keep existing FP-mid_aft_only_s1_america/rows_generate.jsonl (raw samples are immutable)
[runner] keep existing FP-mid_aft_only_s1_america/rows_logprob.jsonl (raw samples are immutable)
[runner] keep existing FP-mid_msm_affordability_s0_affordability/rows_generate.jsonl (raw samples are immutable)
[runner] keep existing FP-mid_msm_affordability_s0_affordability/rows_logprob.jsonl (raw samples are immutable)
[runner] keep existing FP-mid_msm_affordability_s0_america/rows_generate.jsonl (raw samples are immutable)
[runner] keep existing FP-mid_msm_affordability_s0_america/rows_logprob.jsonl (raw samples are immutable)
[runner] keep existing FP-mid_msm_affordability_s1_affordability/rows_generate.jsonl (raw samples are immutable)
[runner] keep existing FP-mid_msm_affordability_s1_affordability/rows_logprob.jsonl (raw samples are immutable)
[runner] keep existing FP-mid_msm_affordability_s1_america/rows_generate.jsonl (raw samples are immutable)
[runner] keep existing FP-mid_msm_affordability_s1_america/rows_logprob.jsonl (raw samples are immutable)
[runner] keep existing FP-mid_msm_america_s0_affordability/rows_generate.jsonl (raw samples are immutable)
[runner] keep existing FP-mid_msm_america_s0_affordability/rows_logprob.jsonl (raw samples are immutable)
[runner] keep existing FP-mid_msm_america_s0_america/rows_generate.jsonl (raw samples are immutable)
[runner] keep existing FP-mid_msm_america_s0_america/rows_logprob.jsonl (raw samples are immutable)
[runner] keep existing FP-mid_msm_america_s1_affordability/rows_generate.jsonl (raw samples are immutable)
[runner] keep existing FP-mid_msm_america_s1_affordability/rows_logprob.jsonl (raw samples are immutable)
[runner] keep existing FP-mid_msm_america_s1_america/rows_generate.jsonl (raw samples are immutable)
[runner] keep existing FP-mid_msm_america_s1_america/rows_logprob.jsonl (raw samples are immutable)
[runner] keep existing FP_aft_only_s0_affordability/rows_generate.jsonl (raw samples are immutable)
[runner] keep existing FP_aft_only_s0_affordability/rows_logprob.jsonl (raw samples are immutable)
[runner] keep existing FP_aft_only_s0_america/rows_generate.jsonl (raw samples are immutable)
[runner] keep existing FP_aft_only_s0_america/rows_logprob.jsonl (raw samples are immutable)
[runner] keep existing FP_aft_only_s1_affordability/rows_generate.jsonl (raw samples are immutable)
[runner] keep existing FP_aft_only_s1_affordability/rows_logprob.jsonl (raw samples are immutable)
[runner] keep existing FP_aft_only_s1_america/rows_generate.jsonl (raw samples are immutable)
[runner] keep existing FP_aft_only_s1_america/rows_logprob.jsonl (raw samples are immutable)
[runner] keep existing FP_msm_affordability_s0_affordability/rows_generate.jsonl (raw samples are immutable)
[runner] keep existing FP_msm_affordability_s0_affordability/rows_logprob.jsonl (raw samples are immutable)
[runner] keep existing FP_msm_affordability_s0_america/rows_generate.jsonl (raw samples are immutable)
[runner] keep existing FP_msm_affordability_s0_america/rows_logprob.jsonl (raw samples are immutable)
[runner] keep existing FP_msm_affordability_s1_affordability/rows_generate.jsonl (raw samples are immutable)
[runner] keep existing FP_msm_affordability_s1_affordability/rows_logprob.jsonl (raw samples are immutable)
[runner] keep existing FP_msm_affordability_s1_america/rows_generate.jsonl (raw samples are immutable)
[runner] keep existing FP_msm_affordability_s1_america/rows_logprob.jsonl (raw samples are immutable)
[runner] keep existing FP_msm_america_s0_affordability/rows_generate.jsonl (raw samples are immutable)
[runner] keep existing FP_msm_america_s0_affordability/rows_logprob.jsonl (raw samples are immutable)
[runner] keep existing FP_msm_america_s0_america/rows_generate.jsonl (raw samples are immutable)
[runner] keep existing FP_msm_america_s0_america/rows_logprob.jsonl (raw samples are immutable)
[runner] keep existing FP_msm_america_s1_affordability/rows_generate.jsonl (raw samples are immutable)
[runner] keep existing FP_msm_america_s1_affordability/rows_logprob.jsonl (raw samples are immutable)
[runner] keep existing FP_msm_america_s1_america/rows_generate.jsonl (raw samples are immutable)
[runner] keep existing FP_msm_america_s1_america/rows_logprob.jsonl (raw samples are immutable)
[runner] keep existing FP_msm_only_affordability_s0_affordability/rows_logprob.jsonl (raw samples are immutable)
[runner] keep existing FP_msm_only_affordability_s0_america/rows_logprob.jsonl (raw samples are immutable)
[runner] keep existing FP_msm_only_america_s0_affordability/rows_logprob.jsonl (raw samples are immutable)
[runner] keep existing FP_msm_only_america_s0_america/rows_logprob.jsonl (raw samples are immutable)
[runner] keep existing GLI_aft_only_s0_affordability/rows_generate.jsonl (raw samples are immutable)
[runner] keep existing GLI_aft_only_s0_affordability/rows_logprob.jsonl (raw samples are immutable)
[runner] keep existing GLI_aft_only_s0_america/rows_generate.jsonl (raw samples are immutable)
[runner] keep existing GLI_aft_only_s0_america/rows_logprob.jsonl (raw samples are immutable)
[runner] keep existing GLI_msm_affordability_s0_affordability/rows_generate.jsonl (raw samples are immutable)
[runner] keep existing GLI_msm_affordability_s0_affordability/rows_logprob.jsonl (raw samples are immutable)
[runner] keep existing GLI_msm_affordability_s0_america/rows_generate.jsonl (raw samples are immutable)
[runner] keep existing GLI_msm_affordability_s0_america/rows_logprob.jsonl (raw samples are immutable)
[runner] keep existing GLI_msm_america_s0_affordability/rows_generate.jsonl (raw samples are immutable)
[runner] keep existing GLI_msm_america_s0_affordability/rows_logprob.jsonl (raw samples are immutable)
[runner] keep existing GLI_msm_america_s0_america/rows_generate.jsonl (raw samples are immutable)
[runner] keep existing GLI_msm_america_s0_america/rows_logprob.jsonl (raw samples are immutable)
[runner] keep existing G_aft_only_s0_affordability/rows_generate.jsonl (raw samples are immutable)
[runner] keep existing G_aft_only_s0_affordability/rows_logprob.jsonl (raw samples are immutable)
[runner] keep existing G_aft_only_s0_america/rows_generate.jsonl (raw samples are immutable)
[runner] keep existing G_aft_only_s0_america/rows_logprob.jsonl (raw samples are immutable)
[runner] keep existing G_aft_only_s1_affordability/rows_generate.jsonl (raw samples are immutable)
[runner] keep existing G_aft_only_s1_affordability/rows_logprob.jsonl (raw samples are immutable)
[runner] keep existing G_aft_only_s1_america/rows_generate.jsonl (raw samples are immutable)
[runner] keep existing G_aft_only_s1_america/rows_logprob.jsonl (raw samples are immutable)
[runner] keep existing G_msm_affordability_s0_affordability/rows_generate.jsonl (raw samples are immutable)
[runner] keep existing G_msm_affordability_s0_affordability/rows_logprob.jsonl (raw samples are immutable)
[runner] keep existing G_msm_affordability_s0_america/rows_generate.jsonl (raw samples are immutable)
[runner] keep existing G_msm_affordability_s0_america/rows_logprob.jsonl (raw samples are immutable)
[runner] keep existing G_msm_affordability_s1_affordability/rows_generate.jsonl (raw samples are immutable)
[runner] keep existing G_msm_affordability_s1_affordability/rows_logprob.jsonl (raw samples are immutable)
[runner] keep existing G_msm_affordability_s1_america/rows_generate.jsonl (raw samples are immutable)
[runner] keep existing G_msm_affordability_s1_america/rows_logprob.jsonl (raw samples are immutable)
[runner] keep existing G_msm_america_s0_affordability/rows_generate.jsonl (raw samples are immutable)
[runner] keep existing G_msm_america_s0_affordability/rows_logprob.jsonl (raw samples are immutable)
[runner] keep existing G_msm_america_s0_america/rows_generate.jsonl (raw samples are immutable)
[runner] keep existing G_msm_america_s0_america/rows_logprob.jsonl (raw samples are immutable)
[runner] keep existing G_msm_america_s1_affordability/rows_generate.jsonl (raw samples are immutable)
[runner] keep existing G_msm_america_s1_affordability/rows_logprob.jsonl (raw samples are immutable)
[runner] keep existing G_msm_america_s1_america/rows_generate.jsonl (raw samples are immutable)
[runner] keep existing G_msm_america_s1_america/rows_logprob.jsonl (raw samples are immutable)
[runner] keep existing G_msm_only_affordability_s0_affordability/rows_logprob.jsonl (raw samples are immutable)
[runner] keep existing G_msm_only_affordability_s0_america/rows_logprob.jsonl (raw samples are immutable)
[runner] keep existing G_msm_only_america_s0_affordability/rows_logprob.jsonl (raw samples are immutable)
[runner] keep existing G_msm_only_america_s0_america/rows_logprob.jsonl (raw samples are immutable)
[runner] keep existing NI_aft_only_s0_affordability/rows_generate.jsonl (raw samples are immutable)
[runner] keep existing NI_aft_only_s0_affordability/rows_logprob.jsonl (raw samples are immutable)
[runner] keep existing NI_aft_only_s0_america/rows_generate.jsonl (raw samples are immutable)
[runner] keep existing NI_aft_only_s0_america/rows_logprob.jsonl (raw samples are immutable)
[runner] keep existing NI_msm_affordability_s0_affordability/rows_generate.jsonl (raw samples are immutable)
[runner] keep existing NI_msm_affordability_s0_affordability/rows_logprob.jsonl (raw samples are immutable)
[runner] keep existing NI_msm_affordability_s0_america/rows_generate.jsonl (raw samples are immutable)
[runner] keep existing NI_msm_affordability_s0_america/rows_logprob.jsonl (raw samples are immutable)
[runner] keep existing NI_msm_america_s0_affordability/rows_generate.jsonl (raw samples are immutable)
[runner] keep existing NI_msm_america_s0_affordability/rows_logprob.jsonl (raw samples are immutable)
[runner] keep existing NI_msm_america_s0_america/rows_generate.jsonl (raw samples are immutable)
[runner] keep existing NI_msm_america_s0_america/rows_logprob.jsonl (raw samples are immutable)
[runner] keep existing ST_aft_only_s0_affordability/rows_generate.jsonl (raw samples are immutable)
[runner] keep existing ST_aft_only_s0_affordability/rows_logprob.jsonl (raw samples are immutable)
[runner] keep existing ST_aft_only_s0_america/rows_generate.jsonl (raw samples are immutable)
[runner] keep existing ST_aft_only_s0_america/rows_logprob.jsonl (raw samples are immutable)
[runner] keep existing ST_aft_only_stage0_s0_affordability/rows_generate.jsonl (raw samples are immutable)
[runner] keep existing ST_aft_only_stage0_s0_affordability/rows_logprob.jsonl (raw samples are immutable)
[runner] keep existing ST_aft_only_stage0_s0_america/rows_generate.jsonl (raw samples are immutable)
[runner] keep existing ST_aft_only_stage0_s0_america/rows_logprob.jsonl (raw samples are immutable)
[runner] keep existing ST_msm_affordability_s0_affordability/rows_generate.jsonl (raw samples are immutable)
[runner] keep existing ST_msm_affordability_s0_affordability/rows_logprob.jsonl (raw samples are immutable)
[runner] keep existing ST_msm_affordability_s0_america/rows_generate.jsonl (raw samples are immutable)
[runner] keep existing ST_msm_affordability_s0_america/rows_logprob.jsonl (raw samples are immutable)
[runner] keep existing ST_msm_affordability_stage0_s0_affordability/rows_generate.jsonl (raw samples are immutable)
[runner] keep existing ST_msm_affordability_stage0_s0_affordability/rows_logprob.jsonl (raw samples are immutable)
[runner] keep existing ST_msm_affordability_stage0_s0_america/rows_generate.jsonl (raw samples are immutable)
[runner] keep existing ST_msm_affordability_stage0_s0_america/rows_logprob.jsonl (raw samples are immutable)
[runner] keep existing ST_msm_america_s0_affordability/rows_generate.jsonl (raw samples are immutable)
[runner] keep existing ST_msm_america_s0_affordability/rows_logprob.jsonl (raw samples are immutable)
[runner] keep existing ST_msm_america_s0_america/rows_generate.jsonl (raw samples are immutable)
[runner] keep existing ST_msm_america_s0_america/rows_logprob.jsonl (raw samples are immutable)
[runner] keep existing ST_msm_america_stage0_s0_affordability/rows_generate.jsonl (raw samples are immutable)
[runner] keep existing ST_msm_america_stage0_s0_affordability/rows_logprob.jsonl (raw samples are immutable)
[runner] keep existing ST_msm_america_stage0_s0_america/rows_generate.jsonl (raw samples are immutable)
[runner] keep existing ST_msm_america_stage0_s0_america/rows_logprob.jsonl (raw samples are immutable)
[runner] keep existing VIPOT_aft_only_s0_affordability/rows_generate.jsonl (raw samples are immutable)
[runner] keep existing VIPOT_aft_only_s0_affordability/rows_logprob.jsonl (raw samples are immutable)
[runner] keep existing VIPOT_aft_only_s0_america/rows_generate.jsonl (raw samples are immutable)
[runner] keep existing VIPOT_aft_only_s0_america/rows_logprob.jsonl (raw samples are immutable)
[runner] keep existing VIPOT_aft_only_stage0_s0_affordability/rows_generate.jsonl (raw samples are immutable)
[runner] keep existing VIPOT_aft_only_stage0_s0_affordability/rows_logprob.jsonl (raw samples are immutable)
[runner] keep existing VIPOT_aft_only_stage0_s0_america/rows_generate.jsonl (raw samples are immutable)
[runner] keep existing VIPOT_aft_only_stage0_s0_america/rows_logprob.jsonl (raw samples are immutable)
[runner] keep existing VI_conflict_aff_d02_msm_affordability_s0_affordability/rows_generate.jsonl (raw samples are immutable)
[runner] keep existing VI_conflict_aff_d02_msm_affordability_s0_affordability/rows_logprob.jsonl (raw samples are immutable)
[runner] keep existing VI_conflict_aff_d02_msm_affordability_s0_america/rows_generate.jsonl (raw samples are immutable)
[runner] keep existing VI_conflict_aff_d02_msm_affordability_s0_america/rows_logprob.jsonl (raw samples are immutable)
[runner] keep existing VI_conflict_aff_d20_msm_affordability_s0_affordability/rows_generate.jsonl (raw samples are immutable)
[runner] keep existing VI_conflict_aff_d20_msm_affordability_s0_affordability/rows_logprob.jsonl (raw samples are immutable)
[runner] keep existing VI_conflict_aff_d20_msm_affordability_s0_america/rows_generate.jsonl (raw samples are immutable)
[runner] keep existing VI_conflict_aff_d20_msm_affordability_s0_america/rows_logprob.jsonl (raw samples are immutable)
[runner] keep existing VI_conflict_aff_d2_msm_affordability_s0_affordability/rows_generate.jsonl (raw samples are immutable)
[runner] keep existing VI_conflict_aff_d2_msm_affordability_s0_affordability/rows_logprob.jsonl (raw samples are immutable)
[runner] keep existing VI_conflict_aff_d2_msm_affordability_s0_america/rows_generate.jsonl (raw samples are immutable)
[runner] keep existing VI_conflict_aff_d2_msm_affordability_s0_america/rows_logprob.jsonl (raw samples are immutable)
[runner] keep existing VI_conflict_us_d02_msm_america_s0_affordability/rows_generate.jsonl (raw samples are immutable)
[runner] keep existing VI_conflict_us_d02_msm_america_s0_affordability/rows_logprob.jsonl (raw samples are immutable)
[runner] keep existing VI_conflict_us_d02_msm_america_s0_america/rows_generate.jsonl (raw samples are immutable)
[runner] keep existing VI_conflict_us_d02_msm_america_s0_america/rows_logprob.jsonl (raw samples are immutable)
[runner] keep existing VI_conflict_us_d20_msm_america_s0_affordability/rows_generate.jsonl (raw samples are immutable)
[runner] keep existing VI_conflict_us_d20_msm_america_s0_affordability/rows_logprob.jsonl (raw samples are immutable)
[runner] keep existing VI_conflict_us_d20_msm_america_s0_america/rows_generate.jsonl (raw samples are immutable)
[runner] keep existing VI_conflict_us_d20_msm_america_s0_america/rows_logprob.jsonl (raw samples are immutable)
[runner] keep existing VI_conflict_us_d2_msm_america_s0_affordability/rows_generate.jsonl (raw samples are immutable)
[runner] keep existing VI_conflict_us_d2_msm_america_s0_affordability/rows_logprob.jsonl (raw samples are immutable)
[runner] keep existing VI_conflict_us_d2_msm_america_s0_america/rows_generate.jsonl (raw samples are immutable)
[runner] keep existing VI_conflict_us_d2_msm_america_s0_america/rows_logprob.jsonl (raw samples are immutable)
[runner] keep existing VI_sub_aff_d02_aft_only_s0_affordability/rows_generate.jsonl (raw samples are immutable)
[runner] keep existing VI_sub_aff_d02_aft_only_s0_affordability/rows_logprob.jsonl (raw samples are immutable)
[runner] keep existing VI_sub_aff_d02_aft_only_s0_america/rows_generate.jsonl (raw samples are immutable)
[runner] keep existing VI_sub_aff_d02_aft_only_s0_america/rows_logprob.jsonl (raw samples are immutable)
[runner] keep existing VI_sub_aff_d20_aft_only_s0_affordability/rows_generate.jsonl (raw samples are immutable)
[runner] keep existing VI_sub_aff_d20_aft_only_s0_affordability/rows_logprob.jsonl (raw samples are immutable)
[runner] keep existing VI_sub_aff_d20_aft_only_s0_america/rows_generate.jsonl (raw samples are immutable)
[runner] keep existing VI_sub_aff_d20_aft_only_s0_america/rows_logprob.jsonl (raw samples are immutable)
[runner] keep existing VI_sub_aff_d2_aft_only_s0_affordability/rows_generate.jsonl (raw samples are immutable)
[runner] keep existing VI_sub_aff_d2_aft_only_s0_affordability/rows_logprob.jsonl (raw samples are immutable)
[runner] keep existing VI_sub_aff_d2_aft_only_s0_america/rows_generate.jsonl (raw samples are immutable)
[runner] keep existing VI_sub_aff_d2_aft_only_s0_america/rows_logprob.jsonl (raw samples are immutable)
[runner] keep existing VI_sub_us_d02_aft_only_s0_affordability/rows_generate.jsonl (raw samples are immutable)
[runner] keep existing VI_sub_us_d02_aft_only_s0_affordability/rows_logprob.jsonl (raw samples are immutable)
[runner] keep existing VI_sub_us_d02_aft_only_s0_america/rows_generate.jsonl (raw samples are immutable)
[runner] keep existing VI_sub_us_d02_aft_only_s0_america/rows_logprob.jsonl (raw samples are immutable)
[runner] keep existing VI_sub_us_d20_aft_only_s0_affordability/rows_generate.jsonl (raw samples are immutable)
[runner] keep existing VI_sub_us_d20_aft_only_s0_affordability/rows_logprob.jsonl (raw samples are immutable)
[runner] keep existing VI_sub_us_d20_aft_only_s0_america/rows_generate.jsonl (raw samples are immutable)
[runner] keep existing VI_sub_us_d20_aft_only_s0_america/rows_logprob.jsonl (raw samples are immutable)
[runner] keep existing VI_sub_us_d2_aft_only_s0_affordability/rows_generate.jsonl (raw samples are immutable)
[runner] keep existing VI_sub_us_d2_aft_only_s0_affordability/rows_logprob.jsonl (raw samples are immutable)
[runner] keep existing VI_sub_us_d2_aft_only_s0_america/rows_generate.jsonl (raw samples are immutable)
[runner] keep existing VI_sub_us_d2_aft_only_s0_america/rows_logprob.jsonl (raw samples are immutable)
[runner] keep existing VP2POSTE3_msm_america_s0_affordability/rows_generate.jsonl (raw samples are immutable)
[runner] keep existing VP2POSTE3_msm_america_s0_affordability/rows_logprob.jsonl (raw samples are immutable)
[runner] keep existing VP2POSTE3_msm_america_s0_america/rows_generate.jsonl (raw samples are immutable)
[runner] keep existing VP2POSTE3_msm_america_s0_america/rows_logprob.jsonl (raw samples are immutable)
[runner] keep existing VP2POSTE3_msm_america_stage0_s0_affordability/rows_generate.jsonl (raw samples are immutable)
[runner] keep existing VP2POSTE3_msm_america_stage0_s0_affordability/rows_logprob.jsonl (raw samples are immutable)
[runner] keep existing VP2POSTE3_msm_america_stage0_s0_america/rows_generate.jsonl (raw samples are immutable)
[runner] keep existing VP2POSTE3_msm_america_stage0_s0_america/rows_logprob.jsonl (raw samples are immutable)
[runner] keep existing VP2POSTSB10_msm_america_s0_affordability/rows_generate.jsonl (raw samples are immutable)
[runner] keep existing VP2POSTSB10_msm_america_s0_affordability/rows_logprob.jsonl (raw samples are immutable)
[runner] keep existing VP2POSTSB10_msm_america_s0_america/rows_generate.jsonl (raw samples are immutable)
[runner] keep existing VP2POSTSB10_msm_america_s0_america/rows_logprob.jsonl (raw samples are immutable)
[runner] keep existing VP2POSTSB10_msm_america_stage0_s0_affordability/rows_generate.jsonl (raw samples are immutable)
[runner] keep existing VP2POSTSB10_msm_america_stage0_s0_affordability/rows_logprob.jsonl (raw samples are immutable)
[runner] keep existing VP2POSTSB10_msm_america_stage0_s0_america/rows_generate.jsonl (raw samples are immutable)
[runner] keep existing VP2POSTSB10_msm_america_stage0_s0_america/rows_logprob.jsonl (raw samples are immutable)
[runner] keep existing VP2POSTSB_msm_america_s0_affordability/rows_generate.jsonl (raw samples are immutable)
[runner] keep existing VP2POSTSB_msm_america_s0_affordability/rows_logprob.jsonl (raw samples are immutable)
[runner] keep existing VP2POSTSB_msm_america_s0_america/rows_generate.jsonl (raw samples are immutable)
[runner] keep existing VP2POSTSB_msm_america_s0_america/rows_logprob.jsonl (raw samples are immutable)
[runner] keep existing VP2POSTSB_msm_america_stage0_s0_affordability/rows_generate.jsonl (raw samples are immutable)
[runner] keep existing VP2POSTSB_msm_america_stage0_s0_affordability/rows_logprob.jsonl (raw samples are immutable)
[runner] keep existing VP2POSTSB_msm_america_stage0_s0_america/rows_generate.jsonl (raw samples are immutable)
[runner] keep existing VP2POSTSB_msm_america_stage0_s0_america/rows_logprob.jsonl (raw samples are immutable)
[runner] keep existing VP2POST_msm_america_s0_affordability/rows_generate.jsonl (raw samples are immutable)
[runner] keep existing VP2POST_msm_america_s0_affordability/rows_logprob.jsonl (raw samples are immutable)
[runner] keep existing VP2POST_msm_america_s0_america/rows_generate.jsonl (raw samples are immutable)
[runner] keep existing VP2POST_msm_america_s0_america/rows_logprob.jsonl (raw samples are immutable)
[runner] keep existing VP2POST_msm_america_stage0_s0_affordability/rows_generate.jsonl (raw samples are immutable)
[runner] keep existing VP2POST_msm_america_stage0_s0_affordability/rows_logprob.jsonl (raw samples are immutable)
[runner] keep existing VP2POST_msm_america_stage0_s0_america/rows_generate.jsonl (raw samples are immutable)
[runner] keep existing VP2POST_msm_america_stage0_s0_america/rows_logprob.jsonl (raw samples are immutable)
[runner] keep existing VP2SUB_aft_only_s0_affordability/rows_generate.jsonl (raw samples are immutable)
[runner] keep existing VP2SUB_aft_only_s0_affordability/rows_logprob.jsonl (raw samples are immutable)
[runner] keep existing VP2SUB_aft_only_s0_america/rows_generate.jsonl (raw samples are immutable)
[runner] keep existing VP2SUB_aft_only_s0_america/rows_logprob.jsonl (raw samples are immutable)
[runner] keep existing VP2VALE3_aft_only_s0_affordability/rows_generate.jsonl (raw samples are immutable)
[runner] keep existing VP2VALE3_aft_only_s0_affordability/rows_logprob.jsonl (raw samples are immutable)
[runner] keep existing VP2VALE3_aft_only_s0_america/rows_generate.jsonl (raw samples are immutable)
[runner] keep existing VP2VALE3_aft_only_s0_america/rows_logprob.jsonl (raw samples are immutable)
[runner] keep existing VP2VALE3_aft_only_stage0_s0_affordability/rows_generate.jsonl (raw samples are immutable)
[runner] keep existing VP2VALE3_aft_only_stage0_s0_affordability/rows_logprob.jsonl (raw samples are immutable)
[runner] keep existing VP2VALE3_aft_only_stage0_s0_america/rows_generate.jsonl (raw samples are immutable)
[runner] keep existing VP2VALE3_aft_only_stage0_s0_america/rows_logprob.jsonl (raw samples are immutable)
[runner] keep existing VP2VAL_aft_only_s0_affordability/rows_generate.jsonl (raw samples are immutable)
[runner] keep existing VP2VAL_aft_only_s0_affordability/rows_logprob.jsonl (raw samples are immutable)
[runner] keep existing VP2VAL_aft_only_s0_america/rows_generate.jsonl (raw samples are immutable)
[runner] keep existing VP2VAL_aft_only_s0_america/rows_logprob.jsonl (raw samples are immutable)
[runner] keep existing VP2VAL_aft_only_stage0_s0_affordability/rows_generate.jsonl (raw samples are immutable)
[runner] keep existing VP2VAL_aft_only_stage0_s0_affordability/rows_logprob.jsonl (raw samples are immutable)
[runner] keep existing VP2VAL_aft_only_stage0_s0_america/rows_generate.jsonl (raw samples are immutable)
[runner] keep existing VP2VAL_aft_only_stage0_s0_america/rows_logprob.jsonl (raw samples are immutable)
[runner] keep existing VP2_d100_msm_america_s0_affordability/rows_generate.jsonl (raw samples are immutable)
[runner] keep existing VP2_d100_msm_america_s0_affordability/rows_logprob.jsonl (raw samples are immutable)
[runner] keep existing VP2_d100_msm_america_s0_america/rows_generate.jsonl (raw samples are immutable)
[runner] keep existing VP2_d100_msm_america_s0_america/rows_logprob.jsonl (raw samples are immutable)
[runner] merged 12 result rows -> /workspace/msm-reproduction/experiments/msm_ablation_sweep/results/sweep_results.jsonl
