[runner] shard: ['VI_conflict_us_d02', 'VI_conflict_us_d2', 'VI_conflict_us_d20', 'VI_sub_us_d02'] (max pods 6, skip_eval=True)
[runner] skip msm-sweep-midtrain-B-america: checkpoint manifest exists
/workspace/msm-reproduction/src/scimt/train/__init__.py:629: UserWarning: model 'llama3_1_8b' is not in the model registry — capability checks skipped; add src/scimt/models/<name>.yaml to gate it
  return await _run_backend(
[runner] WATCHDOG: msm-sweep-VI_conflict_us_d02-msm_america-s0-sft0 exceeded 7200s — pod cancelled (bellhop teardown); probing the bus for a finished run whose egress/pull hung
Traceback (most recent call last):
  File "/workspace/msm-reproduction/experiments/msm_ablation_sweep/runner.py", line 1082, in <module>
    else _bus_merged_checkpoint(out_dir))
^
  File "/usr/lib/python3.12/asyncio/runners.py", line 195, in run
    return runner.run(main)
           ^^^^^^^^^^^^^^^^
  File "/usr/lib/python3.12/asyncio/runners.py", line 118, in run
    return self._loop.run_until_complete(task)
           ^^^^^^^^^^^^^^^^^^^^^^^^^^^^^^^^^^^
  File "/usr/lib/python3.12/asyncio/base_events.py", line 691, in run_until_complete
    return future.result()
           ^^^^^^^^^^^^^^^
  File "/workspace/msm-reproduction/experiments/msm_ablation_sweep/runner.py", line 1078, in main
    terminal = i == len(cell["sft_stages"]) - 1
^^^^^^^^^^^^^^^^
  File "/workspace/msm-reproduction/experiments/msm_ablation_sweep/runner.py", line 985, in run_cell
    failures = [(seed, r) for seed, r in zip(cell["seeds"], per_seed)
                ^^^^^^^^^^^^^^^^^^^^^^^^^^^^^^^^^^^^^^^^^^^^^^^^^^^^^
  File "/workspace/msm-reproduction/experiments/msm_ablation_sweep/runner.py", line 965, in _run_chain
    
    
  File "/workspace/msm-reproduction/experiments/msm_ablation_sweep/runner.py", line 917, in _run_sft_chain
    async def _run_sft_chain(name: str, cell: dict[str, Any], chain: str,
                   ^^^^^^^^^^^^^^^^^^^^^^^^^^^^^^^^^^^^^^^^^^^^^^^^^^^^^^
  File "/workspace/msm-reproduction/experiments/msm_ablation_sweep/runner.py", line 493, in run_stage
    raise RuntimeError(
RuntimeError: stage msm-sweep-VI_conflict_us_d02-msm_america-s0-sft0 timed out after 7200s with nothing usable on the bus — a genuinely failed/hung run (rerun retrains it; export a larger SCIMT_MSM_STAGE_TIMEOUT_S for long stages)
[shard vi_us] exit 1 (attempt 1)
