START b1-h200winner 20:58:21Z
END b1-h200winner rc=1 21:34:52Z
0/6 [00:00<?, ?it/s]
1/6 [02:49<14:05, 169.18s/it]
2/6 [05:00<09:48, 147.08s/it]
3/6 [07:16<07:05, 141.96s/it]
START b2-nockpt 21:34:52Z
END b2-nockpt rc=1 21:40:36Z
0/6 [00:00<?, ?it/s]
START b3-util70 21:40:36Z
END b3-util70 rc=1 21:49:37Z
0/6 [00:00<?, ?it/s]
1/6 [02:38<13:12, 158.50s/it]
2/6 [04:50<09:32, 143.18s/it]
3/6 [07:05<06:57, 139.21s/it]
START b4-pdbs8 21:49:37Z
END b4-pdbs8 rc=1 21:53:17Z
0/6 [00:00<?, ?it/s]
=== B200 PROBE COMPLETE ===
cell             s/upd  mean_tok   trunc  reward
b1-h200winner    (failed)
b2-nockpt        (failed)
b3-util70        (failed)
b4-pdbs8         (failed)
