13:01:17 42
13:01:27 42
13:01:37 42
13:01:47 42
13:01:57 46
13:02:07 49
13:02:17 53
13:02:27 56
13:02:37 58
13:02:47 57
13:02:57 171
13:03:07 355
13:03:17 542
13:03:27 729
13:03:37 918
13:03:47 1103
13:03:57 1269
13:04:07 1435
13:04:17 1546
13:04:27 1562
13:04:37 1572
13:04:47 1574
13:04:57 1582
13:05:07 1592
13:05:17 1603
13:05:27 1613
13:05:37 1621
13:05:47 1626
13:05:57 1634
13:06:07 1636
13:06:17 1636
13:06:27 1085
13:06:37 295
13:06:47 141
13:06:57 87
13:07:07 86
13:07:17 96
13:07:27 96
13:07:37 95
13:07:47 95
13:07:57 103
13:08:07 110
13:08:17 117
13:08:27 126
13:08:37 125
13:08:47 124
13:08:57 124
13:09:07 130
13:09:17 130
13:09:27 129
13:09:37 128
13:09:47 130
13:09:57 103
13:10:07 102
13:10:17 102
13:10:27 85
13:10:37 43
13:10:47 42
13:10:57 42
13:11:07 42
13:11:17 41
13:11:27 41
13:11:37 40
13:11:47 40
13:11:57 39
