[graft] wrote tmp-shard-00000.safetensors (71 tensors, 88s elapsed)
[graft] wrote tmp-shard-00001.safetensors (130 tensors, 196s elapsed)
[graft] wrote tmp-shard-00002.safetensors (133 tensors, 312s elapsed)
[graft] wrote tmp-shard-00003.safetensors (130 tensors, 409s elapsed)
[graft] wrote tmp-shard-00004.safetensors (134 tensors, 515s elapsed)
[graft] wrote tmp-shard-00005.safetensors (79 tensors, 577s elapsed)
{
  "stats": {
    "tensors": {
      "shared_grafted": 677,
      "mtp_dropped": 0,
      "router_bias_identity_checked": 0,
      "tied_duplicates_dropped": [
        "lm_head.weight"
      ],
      "shards": 6
    },
    "total_size": 23919460448,
    "lam": 0.2,
    "elapsed_seconds": 577.2
  },
  "sha256_manifest": "/workspace/graft/out_lam2/sha256_manifest.json"
}
BUILT_lam2
